--------- beginning of system
03-04 09:22:37.929 26409 26409 I wpa_supplicant: Heartbeat 1065
--------- beginning of main
03-04 09:22:37.936  4884  4884 E audit   : type=1400 audit(1772590957.930:2036): avc:  denied  { write } for  pid=13007 comm="ThreadPoolForeg" name="traced_producer" dev="tmpfs" ino=24980 scontext=u:r:gmscore_app:s0:c512,c768 tcontext=u:object_r:traced_producer_socket:s0 tclass=sock_file permissive=0 SEPF_SM-A515F_13_0001 audit_filtered
03-04 09:22:37.936  4884  4884 E audit   : type=1300 audit(1772590957.930:2036): arch=c00000b7 syscall=203 success=no exit=-13 a0=65 a1=74f21b4d80 a2=1e a3=473660372 items=0 ppid=4905 pid=13007 auid=4294967295 uid=10224 gid=10224 euid=10224 suid=10224 fsuid=10224 egid=10224 sgid=10224 fsgid=10224 tty=(none) ses=4294967295 comm="ThreadPoolForeg" exe="/system/bin/app_process64" subj=u:r:gmscore_app:s0:c512,c768 key=(null)
03-04 09:22:37.936  4884  4884 E audit   : type=1327 audit(1772590957.930:2036): proctitle="com.google.android.gms"
03-04 09:22:38.469  4564  4564 D io_stats: !@   8,0 r 443307 13214492 w 841817 200477848 d 0 0 f 0 0 iot 498416 0 th 0 0 0 pt 0 inp 0 0 19116.469
03-04 09:22:39.119  5405 27231 D SemWifiUsabilityStatsMonitor: onWifiUsabilityStats - seqNum 1726, isSameBssidAndFreq true
03-04 09:22:39.122  5405  5679 I SemWifiLinkQualityMonitor: Link Qos Query: 0.041 ms / 195.000 Mbps (390 / 0.000 / 2.000)
03-04 09:22:39.122  5763  5763 D NetworkController.WifiSignalController: notifyListener: visible=true, connected=true, inetCondition=1, isDefault=true, wifiTestReported=true, receivedInetCondition=-1, hideDuringMobileSwitching=false
03-04 09:22:39.126  5763  5865 D Tile.WifiTile: handleUpdateState isTransient=false transientEnabling =false cb.isTransient=false state.state = 2 mStateBeforeClick.value =false enabled =true
03-04 09:22:39.874  5000  5000 E sehhealth-service: Could not open /sys/class/power_supply/battery/lrp
03-04 09:22:40.298 13009 13009 D BoundBrokerSvc: onUnbind: Intent { act=com.google.android.gms.auth.aang.events.services.START dat=chimera-action:/... cmp=com.google.android.gms/.chimera.PersistentApiService }
03-04 09:22:42.187  5405 27231 D SemWifiUsabilityStatsMonitor: onWifiUsabilityStats - seqNum 1727, isSameBssidAndFreq true
03-04 09:22:42.189  5405  5679 I SemWifiLinkQualityMonitor: Link Qos Query: 0.041 ms / 195.000 Mbps (390 / 0.000 / 2.000)
03-04 09:22:42.444  4884  4884 E audit   : type=1400 audit(1772590962.438:2037): avc:  denied  { write } for  pid=13009 comm="ThreadPoolForeg" name="traced_producer" dev="tmpfs" ino=24980 scontext=u:r:gmscore_app:s0:c512,c768 tcontext=u:object_r:traced_producer_socket:s0 tclass=sock_file permissive=0 SEPF_SM-A515F_13_0001 audit_filtered
03-04 09:22:42.444  4884  4884 E audit   : type=1300 audit(1772590962.438:2037): arch=c00000b7 syscall=203 success=no exit=-13 a0=58 a1=74faf1dd60 a2=1e a3=473aace89 items=0 ppid=4905 pid=13009 auid=4294967295 uid=10224 gid=10224 euid=10224 suid=10224 fsuid=10224 egid=10224 sgid=10224 fsgid=10224 tty=(none) ses=4294967295 comm="ThreadPoolForeg" exe="/system/bin/app_process64" subj=u:r:gmscore_app:s0:c512,c768 key=(null)
03-04 09:22:42.444  4884  4884 E audit   : type=1327 audit(1772590962.438:2037): proctitle="com.google.android.gms.persistent"
--------- beginning of system
03-04 09:22:44.474  4564  4564 D io_stats: !@   8,0 r 443307 13214492 w 841818 200477860 d 0 0 f 0 0 iot 498420 0 th 0 0 0 pt 0 inp 0 0 19122.473
--------- beginning of main
03-04 09:22:45.254  5405 27231 D SemWifiUsabilityStatsMonitor: onWifiUsabilityStats - seqNum 1728, isSameBssidAndFreq true
03-04 09:22:45.258  5405  5679 I SemWifiLinkQualityMonitor: Link Qos Query: 0.041 ms / 195.000 Mbps (390 / 0.000 / 2.000)
03-04 09:22:47.789  7525  8838 I SDHMS:D : SIOP:: AP:349 BAT:353 USB:0 CHG:351 WIFI:346 SKIN:347 SKINF:345 SKINB:347 LRP:347 LRF:345 LRB:347 
03-04 09:22:47.940 26409 26409 I wpa_supplicant: Heartbeat 1066
03-04 09:22:48.311  5405 27231 D SemWifiUsabilityStatsMonitor: onWifiUsabilityStats - seqNum 1729, isSameBssidAndFreq true
03-04 09:22:48.314  5405  5679 I SemWifiLinkQualityMonitor: Link Qos Query: 0.041 ms / 195.000 Mbps (390 / 0.000 / 2.000)
--------- beginning of system
03-04 09:22:50.040  5405  5468 D BatteryExternalStatsWorker: update stats : wifi-data: inactive (2)
03-04 09:22:50.060  5405  5468 D BatteryExternalStatsWorker: Fetch WiFi data
03-04 09:22:50.060  5405  5468 D BatteryExternalStatsWorker: Update Rail Energy data
03-04 09:22:50.061  5405  5468 D BatteryExternalStatsWorker: mStats lock released
03-04 09:22:50.102  5405  5468 D BatteryExternalStatsWorker: Update wifi state
03-04 09:22:50.102  5405  5468 D BatteryExternalStatsWorker: done updateExternalStatsLocked
--------- beginning of main
03-04 09:22:51.380  5405 27231 D SemWifiUsabilityStatsMonitor: onWifiUsabilityStats - seqNum 1730, isSameBssidAndFreq true
03-04 09:22:51.382  5405  5679 I SemWifiLinkQualityMonitor: Link Qos Query: 0.041 ms / 195.000 Mbps (390 / 0.000 / 2.000)
03-04 09:22:54.429  5405 27231 D SemWifiUsabilityStatsMonitor: onWifiUsabilityStats - seqNum 1731, isSameBssidAndFreq true
03-04 09:22:54.432  5405  5679 I SemWifiLinkQualityMonitor: Link Qos Query: 0.041 ms / 195.000 Mbps (390 / 0.000 / 2.000)
03-04 09:22:54.481  4564  4564 D io_stats: !@   8,0 r 443307 13214492 w 841818 200477860 d 0 0 f 0 0 iot 498420 0 th 0 0 0 pt 0 inp 0 0 19132.480
--------- beginning of system
03-04 09:22:55.601  5405  5652 D UsbStatsMonitor: 0 0 0 0 4 0 0 0 1 0 0 0 3 0 1 0 0 0 0 0 0 0 0 0 0 0 0 0 0 0 0 0 0 0 0 0 0 0 0 0 0 0 0 0 0 0 0 0 0
--------- beginning of main
03-04 09:22:57.482  5405 27231 D SemWifiUsabilityStatsMonitor: onWifiUsabilityStats - seqNum 1732, isSameBssidAndFreq true
03-04 09:22:57.485  5405  5679 I SemWifiLinkQualityMonitor: Link Qos Query: 0.041 ms / 195.000 Mbps (390 / 0.000 / 2.000)
03-04 09:22:57.944 26409 26409 I wpa_supplicant: Heartbeat 1067
03-04 09:22:58.203  5405  5636 W DeviceStorageMonitorService: updateBroadcasts(/data) oldLevel:0, newLevel:0, seq:1
03-04 09:22:58.206  5405  5636 D DeviceStorageMonitorService: Available File Node Number is [12603931]
03-04 09:22:58.207  5405  5636 W DeviceStorageMonitorService: updateBroadcasts_filenode(/data) fn_oldLevel:0, fn_newLevel:0, seq:1
03-04 09:22:59.243  4884  4884 E audit   : type=1400 audit(1772590979.238:2038): avc:  denied  { write } for  pid=23111 comm="ThreadPoolForeg" name="traced_producer" dev="tmpfs" ino=24980 scontext=u:r:gmscore_app:s0:c512,c768 tcontext=u:object_r:traced_producer_socket:s0 tclass=sock_file permissive=0 SEPF_SM-A515F_13_0001 audit_filtered
03-04 09:22:59.243  4884  4884 E audit   : type=1300 audit(1772590979.238:2038): arch=c00000b7 syscall=203 success=no exit=-13 a0=59 a1=74eef4a640 a2=1e a3=474ab21f9 items=0 ppid=4905 pid=23111 auid=4294967295 uid=10224 gid=10224 euid=10224 suid=10224 fsuid=10224 egid=10224 sgid=10224 fsgid=10224 tty=(none) ses=4294967295 comm="ThreadPoolForeg" exe="/system/bin/app_process64" subj=u:r:gmscore_app:s0:c512,c768 key=(null)
03-04 09:22:59.243  4884  4884 E audit   : type=1327 audit(1772590979.238:2038): proctitle="com.google.android.gms.unstable"
03-04 09:23:00.007  5763  5763 D KeyguardUpdateMonitor: received broadcast android.intent.action.TIME_TICK
03-04 09:23:00.008  5763  6242 D QSClockBellTower: onReceive(android.intent.action.TIME_TICK) mTimeZoneString:null
03-04 09:23:00.025  5763  5763 D KeyguardUpdateMonitor: handleTimeUpdate
03-04 09:23:00.027  5763  5763 D FaceWidgetPagesController: onTimeChanged()
03-04 09:23:00.033  5763  5763 D QSClockBellTower: He is ready to ring the bell. (((QSClockBellSound - TimeText:09:23, TimeContentDescription:09:23, DateText:Wed, 4 March, ShortDateText:Wed, 4 Mar, Demo:false, QuickStar-Second(false|12:34:56))))
03-04 09:23:00.035  5763  5763 D QSClockIndicatorView: Home Indicator status_bar_clock 09:23 notifyTimeChanged(QSClockBellSound - TimeText:09:23, TimeContentDescription:09:23, DateText:Wed, 4 March, ShortDateText:Wed, 4 Mar, Demo:false, QuickStar-Second(false|12:34:56)) ClockVisibleByPolicy:true, ClockVisibleByUser:true, visible?true, parent:android.widget.LinearLayout{6e0da4a V.E...... ......ID 0,0-97,55 #7f0b04f0 app:id/left_clock_container}
03-04 09:23:00.036  5763  5763 D QSClockBellTower: Everyone heard the bell. run(currentTime:1772590980028,   getTime():Wed Mar 04 09:23:00 GMT+07:00 2026,   getTimeZone():libcore.util.ZoneInfo[mDstSavings=0,mUseDst=false,mDelegate=[id="Asia/Bangkok",mRawOffset=25200000,mEarliestRawOffset=24124000,transitions=3]])
03-04 09:23:00.060  5763  5763 I FaceWidgetPositionAlgorithm: getClockContainerHeight() supplier = 270, bottom margin = 0, real height = 333
03-04 09:23:00.061  5763  5763 I FaceWidgetPositionAlgorithm: getClockContainerHeight() supplier = 270, bottom margin = 63, real height = 333
03-04 09:23:00.061  5763  5763 I FaceWidgetPositionAlgorithm: getMediaContainerHeight() height = 0 container Visibility = 8, isValid = false, mIsDozing = false, fraction = 1.0, source = 0, target = 0
03-04 09:23:00.062  5763  5763 I FaceWidgetPositionAlgorithm: getMediaContainerHeight() supplier = 0
03-04 09:23:00.065  5763  5763 V QsExpandAnimator: setQsExpansionPosition 0.0
03-04 09:23:00.076  5763  5763 V QsExpandAnimator: updateAnimators
03-04 09:23:00.076  5763  5763 V QsExpandAnimator: clearAnimationState 
03-04 09:23:00.077  5763  5763 V QsExpandAnimator: updateViews
03-04 09:23:00.082  5763  5763 V QsExpandAnimator: updateTileAnimator
03-04 09:23:00.086  5763  5763 V QsExpandAnimator: updateHeaderAnimator
03-04 09:23:00.087  5763  5763 V QsExpandAnimator: updateBarAnimator
03-04 09:23:00.088  5763  5763 V QsExpandAnimator: setQsExpansionPosition 0.0
03-04 09:23:00.088  5763  5763 V QsExpandAnimator: onAnimationAtStart
03-04 09:23:00.540  5405 27231 D SemWifiUsabilityStatsMonitor: onWifiUsabilityStats - seqNum 1733, isSameBssidAndFreq true
03-04 09:23:00.543  5405  5679 I SemWifiLinkQualityMonitor: Link Qos Query: 0.041 ms / 195.000 Mbps (390 / 0.000 / 2.000)
--------- beginning of system
03-04 09:23:02.137  5405  5454 E Watchdog: !@Sync: 638 heap: 107 / 109 FD: 948 [2026-03-04 09:23:02.135]
--------- beginning of main
03-04 09:23:03.598  5405 27231 D SemWifiUsabilityStatsMonitor: onWifiUsabilityStats - seqNum 1734, isSameBssidAndFreq true
03-04 09:23:03.600  5405  5679 I SemWifiLinkQualityMonitor: Link Qos Query: 0.041 ms / 195.000 Mbps (390 / 0.000 / 2.000)
03-04 09:23:04.489  4564  4564 D io_stats: !@   8,0 r 443307 13214492 w 841818 200477860 d 0 0 f 0 0 iot 498420 0 th 0 0 0 pt 0 inp 0 0 19142.488
03-04 09:23:06.662  5405 27231 D SemWifiUsabilityStatsMonitor: onWifiUsabilityStats - seqNum 1735, isSameBssidAndFreq true
03-04 09:23:06.665  5405  5679 I SemWifiLinkQualityMonitor: Link Qos Query: 0.041 ms / 195.000 Mbps (390 / 0.000 / 2.000)
--------- beginning of main
03-04 09:23:07.939  4884  4884 E audit   : type=1400 audit(1772590987.934:2039): avc:  denied  { write } for  pid=13007 comm="ThreadPoolForeg" name="traced_producer" dev="tmpfs" ino=24980 scontext=u:r:gmscore_app:s0:c512,c768 tcontext=u:object_r:traced_producer_socket:s0 tclass=sock_file permissive=0 SEPF_SM-A515F_13_0001 audit_filtered
03-04 09:23:07.940  4884  4884 E audit   : type=1300 audit(1772590987.934:2039): arch=c00000b7 syscall=203 success=no exit=-13 a0=65 a1=74f21b4cc0 a2=1e a3=4752fd560 items=0 ppid=4905 pid=13007 auid=4294967295 uid=10224 gid=10224 euid=10224 suid=10224 fsuid=10224 egid=10224 sgid=10224 fsgid=10224 tty=(none) ses=4294967295 comm="ThreadPoolForeg" exe="/system/bin/app_process64" subj=u:r:gmscore_app:s0:c512,c768 key=(null)
03-04 09:23:07.940  4884  4884 E audit   : type=1327 audit(1772590987.934:2039): proctitle="com.google.android.gms"
--------- beginning of system
03-04 09:23:07.955 26409 26409 I wpa_supplicant: Heartbeat 1068
03-04 09:23:08.343 13009 24625 I .gms.persistent: Explicit concurrent copying GC freed 8594KB AllocSpace bytes, 12(432KB) LOS objects, 49% free, 18MB/37MB, paused 780us,65us total 292.080ms
03-04 09:23:08.660  5405  5468 D BatteryExternalStatsWorker: update stats : wifi-data: active (2)
03-04 09:23:08.660  5405  5626 D ConnectivityService: reportNetworkActive, notify 1 listeners
03-04 09:23:08.667  5405  5468 D BatteryExternalStatsWorker: Fetch WiFi data
03-04 09:23:08.668  5405  5468 D BatteryExternalStatsWorker: Update Rail Energy data
03-04 09:23:08.668  5405  5468 D BatteryExternalStatsWorker: mStats lock released
03-04 09:23:08.696  5405  5468 D BatteryExternalStatsWorker: Update wifi state
03-04 09:23:08.696  5405  5468 D BatteryExternalStatsWorker: done updateExternalStatsLocked
03-04 09:23:09.697  5405 27231 D SemWifiUsabilityStatsMonitor: onWifiUsabilityStats - seqNum 1736, isSameBssidAndFreq true
03-04 09:23:09.698  5405  5679 I SemWifiLinkQualityMonitor: Link Qos Query: 0.041 ms / 195.000 Mbps (390 / 0.000 / 2.000)
03-04 09:23:09.699  5763  5763 D NetworkController.WifiSignalController: notifyListener: visible=true, connected=true, inetCondition=1, isDefault=true, wifiTestReported=true, receivedInetCondition=-1, hideDuringMobileSwitching=false
03-04 09:23:09.702  5763  5865 D Tile.WifiTile: handleUpdateState isTransient=false transientEnabling =false cb.isTransient=false state.state = 2 mStateBeforeClick.value =false enabled =true
03-04 09:23:09.722  5052  5052 I SurfaceFlinger: SFWD update time=19147722658189
03-04 09:23:09.771 13007 17648 I gle.android.gms: Explicit concurrent copying GC freed 84KB AllocSpace bytes, 0(0B) LOS objects, 25% free, 23MB/31MB, paused 1.005ms,163us total 398.938ms
03-04 09:23:09.927  5000  5000 E sehhealth-service: Could not open /sys/class/power_supply/battery/lrp
03-04 09:23:10.493  4564  4564 D io_stats: !@   8,0 r 443318 13214772 w 841819 200478104 d 0 0 f 0 0 iot 498428 0 th 0 0 0 pt 0 inp 0 0 19148.493
03-04 09:23:11.814 20909 21056 I ContactsProvider_EventLog: cp_s: [CONTACT con(763) dat(6602) acc({sec(6)=5, google(7)=1, google(2)=774}) trash_acc([.google:167])  trash(167) calls([logtype:100 cnt:1804, logtype:300 cnt:500, logtype:500 cnt:1, logtype:1000 cnt:195]) Iso(GB) uId(0) ]
03-04 09:23:11.814 20909 21056 I ContactsProvider_EventLog: cp_s: [ agr({[2 ,6]=1, [6 ,2]=3, [2 ,2]=8, [2]=748, [2 ,6 ,2]=1, [2 ,2 ,2]=1, [7 ,2]=1}) ]
03-04 09:23:11.814 20909 21056 I ContactsProvider_EventLog: cp_s: [ cnt({acore(20909)=1}) ]
03-04 09:23:11.814 20909 21056 I ContactsProvider_EventLog: cp_s: [PROFILE ] [SAPROFILE ]
03-04 09:23:11.814 20909 21056 I ContactsProvider_EventLog: cp_s: [STATE R(F) ]
03-04 09:23:12.448  4884  4884 E audit   : type=1400 audit(1772590992.442:2040): avc:  denied  { write } for  pid=13009 comm="ThreadPoolForeg" name="traced_producer" dev="tmpfs" ino=24980 scontext=u:r:gmscore_app:s0:c512,c768 tcontext=u:object_r:traced_producer_socket:s0 tclass=sock_file permissive=0 SEPF_SM-A515F_13_0001 audit_filtered
03-04 09:23:12.449  4884  4884 E audit   : type=1300 audit(1772590992.442:2040): arch=c00000b7 syscall=203 success=no exit=-13 a0=6 a1=74fae27f20 a2=1e a3=47574a180 items=0 ppid=4905 pid=13009 auid=4294967295 uid=10224 gid=10224 euid=10224 suid=10224 fsuid=10224 egid=10224 sgid=10224 fsgid=10224 tty=(none) ses=4294967295 comm="ThreadPoolForeg" exe="/system/bin/app_process64" subj=u:r:gmscore_app:s0:c512,c768 key=(null)
03-04 09:23:12.449  4884  4884 E audit   : type=1327 audit(1772590992.442:2040): proctitle="com.google.android.gms.persistent"
03-04 09:23:12.495  4564  4564 D io_stats: !@   8,0 r 443318 13214772 w 841821 200478112 d 0 0 f 0 0 iot 498432 0 th 0 0 0 pt 0 inp 0 0 19150.494
03-04 09:23:12.749  5405 27231 D SemWifiUsabilityStatsMonitor: onWifiUsabilityStats - seqNum 1737, isSameBssidAndFreq true
03-04 09:23:12.752  5405  5679 I SemWifiLinkQualityMonitor: Link Qos Query: 0.041 ms / 195.000 Mbps (390 / 0.000 / 2.000)
03-04 09:23:12.753  5763  5763 D NetworkController.WifiSignalController: notifyListener: visible=true, connected=true, inetCondition=1, isDefault=true, wifiTestReported=true, receivedInetCondition=-1, hideDuringMobileSwitching=false
03-04 09:23:12.756  5763  5865 D Tile.WifiTile: handleUpdateState isTransient=false transientEnabling =false cb.isTransient=false state.state = 2 mStateBeforeClick.value =false enabled =true
--------- beginning of main
03-04 09:23:15.804  5405 27231 D SemWifiUsabilityStatsMonitor: onWifiUsabilityStats - seqNum 1738, isSameBssidAndFreq true
03-04 09:23:15.806  5405  5679 I SemWifiLinkQualityMonitor: Link Qos Query: 0.041 ms / 195.000 Mbps (390 / 0.000 / 2.000)
03-04 09:23:15.806  5763  5763 D NetworkController.WifiSignalController: notifyListener: visible=true, connected=true, inetCondition=1, isDefault=true, wifiTestReported=true, receivedInetCondition=-1, hideDuringMobileSwitching=false
03-04 09:23:15.809  5763  5865 D Tile.WifiTile: handleUpdateState isTransient=false transientEnabling =false cb.isTransient=false state.state = 2 mStateBeforeClick.value =false enabled =true
--------- beginning of system
03-04 09:23:16.498  4564  4564 D io_stats: !@   8,0 r 443318 13214772 w 841822 200478116 d 0 0 f 0 0 iot 498436 0 th 0 0 0 pt 0 inp 0 0 19154.498
03-04 09:23:17.786  7525  8838 I SDHMS:D : SIOP:: AP:348 BAT:354 USB:0 CHG:351 WIFI:346 SKIN:347 SKINF:345 SKINB:347 LRP:347 LRF:345 LRB:347 
03-04 09:23:17.965 26409 26409 I wpa_supplicant: Heartbeat 1069
03-04 09:23:18.087  7385  7582 I bbhc    : (REDACTED) getHotwordActive::active query: %s, watch: %s, devices connected: %s
03-04 09:23:18.838  5405 27231 D SemWifiUsabilityStatsMonitor: onWifiUsabilityStats - seqNum 1739, isSameBssidAndFreq true
03-04 09:23:18.841  5405  5679 I SemWifiLinkQualityMonitor: Link Qos Query: 0.041 ms / 195.000 Mbps (390 / 0.000 / 2.000)
--------- beginning of system
03-04 09:23:20.501  4564  4564 D io_stats: !@   8,0 r 443318 13214772 w 841836 200478172 d 0 0 f 0 0 iot 498440 0 th 0 0 0 pt 0 inp 0 0 19158.501
--------- beginning of main
03-04 09:23:21.890  5405 27231 D SemWifiUsabilityStatsMonitor: onWifiUsabilityStats - seqNum 1740, isSameBssidAndFreq true
03-04 09:23:21.894  5763  5763 D NetworkController.WifiSignalController: notifyListener: visible=true, connected=true, inetCondition=1, isDefault=true, wifiTestReported=true, receivedInetCondition=-1, hideDuringMobileSwitching=false
03-04 09:23:21.894  5405  5679 I SemWifiLinkQualityMonitor: Link Qos Query: 0.041 ms / 195.000 Mbps (390 / 0.000 / 2.000)
03-04 09:23:21.898  5763  5865 D Tile.WifiTile: handleUpdateState isTransient=false transientEnabling =false cb.isTransient=false state.state = 2 mStateBeforeClick.value =false enabled =true
03-04 09:23:24.404  5405  5468 D BatteryExternalStatsWorker: update stats : procstate-change (10)
03-04 09:23:24.421  5405  5468 D BatteryExternalStatsWorker: Fetch WiFi data
03-04 09:23:24.421  5405  5468 D BatteryExternalStatsWorker: Update Rail Energy data
03-04 09:23:24.422  5405  5468 D BatteryExternalStatsWorker: Fetch Bluetooth data
03-04 09:23:24.427  5405  7526 W BatteryExternalStatsWorker: error reading Bluetooth stats: 11
03-04 09:23:24.428  5405  5468 D BatteryExternalStatsWorker: mStats lock released
03-04 09:23:24.464  5405  5468 D BatteryExternalStatsWorker: Update wifi state
03-04 09:23:24.464  5405  5468 D BatteryExternalStatsWorker: done updateExternalStatsLocked
03-04 09:23:24.954  5405 27231 D SemWifiUsabilityStatsMonitor: onWifiUsabilityStats - seqNum 1741, isSameBssidAndFreq true
03-04 09:23:24.957  5405  5679 I SemWifiLinkQualityMonitor: Link Qos Query: 0.041 ms / 195.000 Mbps (390 / 0.000 / 2.000)
03-04 09:23:24.958  5763  5763 D NetworkController.WifiSignalController: notifyListener: visible=true, connected=true, inetCondition=1, isDefault=true, wifiTestReported=true, receivedInetCondition=-1, hideDuringMobileSwitching=false
03-04 09:23:24.963  5763  5865 D Tile.WifiTile: handleUpdateState isTransient=false transientEnabling =false cb.isTransient=false state.state = 2 mStateBeforeClick.value =false enabled =true
--------- beginning of system
03-04 09:23:27.969 26409 26409 I wpa_supplicant: Heartbeat 1070
--------- beginning of main
03-04 09:23:28.005  5405 27231 D SemWifiUsabilityStatsMonitor: onWifiUsabilityStats - seqNum 1742, isSameBssidAndFreq true
03-04 09:23:28.009  5405  5679 I SemWifiLinkQualityMonitor: Link Qos Query: 0.041 ms / 195.000 Mbps (390 / 0.000 / 2.000)
03-04 09:23:29.249  4884  4884 E audit   : type=1400 audit(1772591009.242:2041): avc:  denied  { write } for  pid=23111 comm="ThreadPoolForeg" name="traced_producer" dev="tmpfs" ino=24980 scontext=u:r:gmscore_app:s0:c512,c768 tcontext=u:object_r:traced_producer_socket:s0 tclass=sock_file permissive=0 SEPF_SM-A515F_13_0001 audit_filtered
03-04 09:23:29.249  4884  4884 E audit   : type=1300 audit(1772591009.242:2041): arch=c00000b7 syscall=203 success=no exit=-13 a0=59 a1=75793bafa0 a2=1e a3=47674fc20 items=0 ppid=4905 pid=23111 auid=4294967295 uid=10224 gid=10224 euid=10224 suid=10224 fsuid=10224 egid=10224 sgid=10224 fsgid=10224 tty=(none) ses=4294967295 comm="ThreadPoolForeg" exe="/system/bin/app_process64" subj=u:r:gmscore_app:s0:c512,c768 key=(null)
03-04 09:23:29.249  4884  4884 E audit   : type=1327 audit(1772591009.242:2041): proctitle="com.google.android.gms.unstable"
03-04 09:23:30.508  4564  4564 D io_stats: !@   8,0 r 443318 13214772 w 841850 200478236 d 0 0 f 0 0 iot 498444 0 th 0 0 0 pt 0 inp 0 0 19168.508
--------- beginning of main
03-04 09:23:31.063  5405 27231 D SemWifiUsabilityStatsMonitor: onWifiUsabilityStats - seqNum 1743, isSameBssidAndFreq true
03-04 09:23:31.066  5405  5679 I SemWifiLinkQualityMonitor: Link Qos Query: 0.041 ms / 195.000 Mbps (390 / 0.000 / 2.000)
--------- beginning of system
03-04 09:23:32.161  5405  5454 E Watchdog: !@Sync: 639 heap: 108 / 109 FD: 948 [2026-03-04 09:23:32.161]
03-04 09:23:34.121  5405 27231 D SemWifiUsabilityStatsMonitor: onWifiUsabilityStats - seqNum 1744, isSameBssidAndFreq true
03-04 09:23:34.123  5405  5679 I SemWifiLinkQualityMonitor: Link Qos Query: 0.041 ms / 195.000 Mbps (390 / 0.000 / 2.000)
03-04 09:23:35.348  5405  5468 D BatteryExternalStatsWorker: update stats : wifi-data: inactive (2)
03-04 09:23:35.356  5405  5468 D BatteryExternalStatsWorker: Fetch WiFi data
03-04 09:23:35.357  5405  5468 D BatteryExternalStatsWorker: Update Rail Energy data
03-04 09:23:35.357  5405  5468 D BatteryExternalStatsWorker: mStats lock released
03-04 09:23:35.393  5405  5468 D BatteryExternalStatsWorker: Update wifi state
03-04 09:23:35.393  5405  5468 D BatteryExternalStatsWorker: done updateExternalStatsLocked
