--------- beginning of main
03-03 19:54:18.087  7385  8221 I bbhc    : (REDACTED) getHotwordActive::active query: %s, watch: %s, devices connected: %s
03-03 19:54:18.163  6509  7903 I ContactsProvider_EventLog: cp_s: [CONTACT con(623) dat(3473) acc({sec(6)=5, google(7)=2, google(2)=628}) calls([logtype:100 cnt:1804, logtype:300 cnt:500, logtype:500 cnt:1, logtype:1000 cnt:195]) Iso(GB) uId(0) ]
03-03 19:54:18.163  6509  7903 I ContactsProvider_EventLog: cp_s: [ agr({[2 ,6]=1, [6 ,2]=1, [6]=2, [2 ,2]=6, [2]=610, [2 ,2 ,6]=1, [7 ,2]=2}) ]
03-03 19:54:18.163  6509  7903 I ContactsProvider_EventLog: cp_s: [ cnt({acore(6509)=1}) ]
03-03 19:54:18.163  6509  7903 I ContactsProvider_EventLog: cp_s: [PROFILE ] [SAPROFILE ]
03-03 19:54:18.163  6509  7903 I ContactsProvider_EventLog: cp_s: [STATE R(F) ]
--------- beginning of system
03-03 19:54:19.382  4564  4564 D io_stats: !@   8,0 r 250304 9538232 w 397622 188980404 d 0 0 f 0 0 iot 313236 0 th 0 0 0 pt 0 inp 0 0 1267.197
03-03 19:54:19.846  5405  7494 D BatteryService: Sending ACTION_BATTERY_CHANGED: level:46, status:2, health:2, ac:false, usb:true, wireless:false, pogo:false, misc:0x20000, charge_type:1, charger_type:0, voltage:3902, temperature:373, online:19, current_avg:588, ps:false, hvc:false, capacity:280000, current_event:0x18000, current_now:587, mcc:0, mcv:0, cc:1752261, present:true, scale:100, technology:Li-ion
03-03 19:54:19.847  5000  5000 E sehhealth-service: Could not open /sys/class/power_supply/battery/lrp
03-03 19:54:19.852  5405  5405 D PhoneWindowManagerExt: ACTION_BATTERY_CHANGED - Level=46, status=2
03-03 19:54:19.854  5405  5569 D MotionRecognitionService: [SAR]  onReceive : ACTION_BATTERY_CHANGED, Plugged: 2
03-03 19:54:19.856  5405  5712 I DeviceBatteryInfoService: action: android.intent.action.BATTERY_CHANGED
03-03 19:54:19.857  5405  5712 I DeviceBatteryInfoService: phone battery level: 46
03-03 19:54:19.857  5405  5712 I DeviceBatteryInfoService: phone battery status: 2
03-03 19:54:19.858  5405  5405 D AdaptiveBrightnessLongtermModelBuilder: Received android.intent.action.BATTERY_CHANGED
03-03 19:54:19.859  5405  5405 D SemWifiApBroadcastReceiver: Received : android.intent.action.BATTERY_CHANGED
03-03 19:54:19.859  5740  5740 D SemBigDataInfoController: Intent: android.intent.action.BATTERY_CHANGED
03-03 19:54:19.862  5740  5740 D SemBigDataInfoController: Intent: android.intent.action.BATTERY_CHANGED
03-03 19:54:19.864  5763  5763 D KeyguardUpdateMonitor: received broadcast android.intent.action.BATTERY_CHANGED
03-03 19:54:19.867 13984 13984 I [SCPMV2][SystemMonitorReceiver]: onReceive: android.intent.action.BATTERY_CHANGED
03-03 19:54:19.872  5763  5763 D SamsungBatteryMeterDrawable: onBatteryLevelChanged isSomethingChanged: false
03-03 19:54:19.873  5763  5763 D SamsungBatteryMeterDrawable: onBatteryLevelChanged isSomethingChanged: false
03-03 19:54:19.873  5763  5763 D SamsungBatteryMeterDrawable: onBatteryLevelChanged isSomethingChanged: false
03-03 19:54:19.874  5763  5763 D SamsungBatteryMeterDrawable: onBatteryLevelChanged isSomethingChanged: false
03-03 19:54:19.875  5763  5763 I PowerUI : mBootCompleted = true |  mFullyConnected = true
03-03 19:54:19.875  5763  5763 I PowerUI : BATTERY_HEALTH_CHECK extraHealth=2 mBatteryMiscEvent=131072
03-03 19:54:19.875  5763  5763 W PowerUI : Plug reason
03-03 19:54:19.875  5763  5763 W PowerUI : Skip charging animation - by plug status
03-03 19:54:19.875  5763  6585 D SecPowerUI.Notification: dismissing low battery warning: level=46
03-03 19:54:19.875  5763  5763 D PowerUI : priorPlugType = 2 mPlugType = 2 priorBatteryStatus = 2 mBatteryStatus = 2
03-03 19:54:19.876  5763  5763 W PowerUI : Plug reason
03-03 19:54:19.876  5763  6585 D SecPowerUI.Notification: updateNotification mWarning=false mPlaySound=false
03-03 19:54:19.876  5763  6585 D SecPowerUI.Notification: SecBatteryStatsSnapshot{batteryLevel=46, currentBatteryMode=0, chargingTime=6097000, chargingType=11, batteryHealth=2, automaticTestMode=false, isHiccupState=false}
03-03 19:54:19.876  5763  5763 W PowerUI : Skip charging sound - by plug status
03-03 19:54:19.876  5763  5763 I PowerUI : oldMisalign : false, curMisalign : false
03-03 19:54:19.879  5763  6585 D SecPowerUI.Notification: 1. restoreScreenTimeOut - saved_value : :
03-03 19:54:19.879  5763  6585 E SecPowerUI.Notification: no saved value, so we do nothing !!
03-03 19:54:19.880  5763  5763 D SecPowerUI.Notification: showChargingNotice oldChargingType : 11 / currentChargingType : 11, oldChargingTime : 6097000 / mChargingTime : 6083000
03-03 19:54:19.880  5763  5763 D SecPowerUI.Notification: showChargingNotification()
03-03 19:54:19.880  5763  5763 D SecPowerUI.Notification: SecBatteryStatsSnapshot{batteryLevel=46, currentBatteryMode=0, chargingTime=6083000, chargingType=11, batteryHealth=2, automaticTestMode=false, isHiccupState=false}
03-03 19:54:19.885  5405  7621 D ApplicationPolicy: isStatusBarNotificationAllowedAsUser: packageName = com.android.systemui,userId = 0
03-03 19:54:19.886  5405  7621 D ApplicationPolicy: isStatusBarNotificationAllowedAsUser: packageName = com.android.systemui,userId = -1
03-03 19:54:19.886  5405  7621 D ApplicationPolicy: isStatusBarNotificationAllowedAsUser: converting userId from USER_ALLto 0
03-03 19:54:19.888  5763  5763 D PowerUI : Battery swelling mode - priorBatterySwellingMode = 0 mBatterySwellingMode = 0 mBatteryStatus = 2
03-03 19:54:19.888  5763  5763 I PowerUI : mBatteryMiscEvent = 131072
03-03 19:54:19.890  5763  5763 I PowerUI : checkShouldTurnOffProtectBattery : -1, Scheduling start ? : false
03-03 19:54:19.890  5763  5763 I PowerUI : Clear time
03-03 19:54:19.891  5405  7621 D SettingsProvider: isChangeAllowed() : name = charger_connected_time
03-03 19:54:19.891  5405  7621 D SettingsProvider: edmUri: content://com.sec.knox.provider/RestrictionPolicy3
03-03 19:54:19.891  5405  7621 D SettingsProvider: projectionArgs: isSettingsChangesAllowed
03-03 19:54:19.891  5405  7621 D SettingsProvider: selectionArgs: false
03-03 19:54:19.891  5405  7621 D SettingsProvider: selectionArgs: 10052
03-03 19:54:19.892  5405  7621 D SecContentProvider: query(), uri = 17 selection = isSettingsChangesAllowed
03-03 19:54:19.892  5405  7621 D SecContentProvider: called from android.uid.systemui:10052
03-03 19:54:19.892  5405  7621 D RestrictionPolicy: isSettingsChangesAllowedAsUser, userId 0 : true
03-03 19:54:19.892  5405  7621 D SettingsProvider: ret = 1
03-03 19:54:19.894  5763  5763 D KeyguardUpdateMonitor: handleBatteryUpdate
03-03 19:54:19.898  5763  5763 D KeyguardSecIndicationController: addIndicationTimeout() returned - unlocking
03-03 19:54:19.898  5763  5763 D KeyguardSecIndicationController: addIndication() returned - unlocking
03-03 19:54:19.899  5763  5763 D KeyguardSecIndicationController: addIndication() returned - unlocking
03-03 19:54:19.899  5763  5763 D KeyguardSecIndicationController: addBatteryAndOwnerInfoIndication() battery status = BatteryStatus{status=2,level=46,plugged=2,health=2,maxChargingWattage=-1,remaining=6083000ultraFastCharger=0}
03-03 19:54:19.899  5763  5763 I AODBatteryManager: updateBatteryData: ACTION_BATTERY_CHANGED
03-03 19:54:19.900  5763  5763 I AODBatteryManager: saveBatteryData : AOD BatteryData [mBatteryLevel=46, mBatteryStatus=CHARGING, mBatteryPlugType=USB, mBatteryPlugged=true, mRemainingChargeTime=6083000, mBatteryChargingType=1, mBatteryChargerType=NORMAL, mBatteryOnline=NOT_DEFINED, mBatterySwellingMode=NONE, mBatteryProtectMode=false]
03-03 19:54:19.901  5763  5763 I ChargingInfoManager: updateChargingInfo: newState = AOD ChargingInfo [mState=BATTERY_AND_REMAIN_TIME, mIsCharging=true, mIsFullyCharged=false, mIsBatteryProtectMode=false], oldState = AOD ChargingInfo [mState=BATTERY_AND_REMAIN_TIME, mIsCharging=true, mIsFullyCharged=false, mIsBatteryProtectMode=false]
03-03 19:54:20.094  5405  5405 I Telecom:SamsungTelecomServiceImpl: isInManagedCall - callingPackage : android
03-03 19:54:20.112  6173  6173 I Launcher.NotificationListener: onNotificationPosted : com.android.systemui number : 0
03-03 19:54:20.314  5763  5763 D BubblesManager: onEntryUpdated : shouldBubbleUp=false ,key=-1|com.android.systemui|2131428972|charging_state|10052
03-03 19:54:20.371  5763  5763 I FaceWidgetPositionAlgorithm: getMediaContainerHeight() height = 0 container Visibility = 8, isValid = false, mIsDozing = false, fraction = 1.0, source = 0, target = 0
03-03 19:54:20.371  5763  5763 I FaceWidgetPositionAlgorithm: getMediaContainerHeight() supplier = 0
03-03 19:54:20.428  5763  5763 I FaceWidgetPositionAlgorithm: getMediaContainerHeight() height = 0 container Visibility = 8, isValid = false, mIsDozing = false, fraction = 1.0, source = 0, target = 0
03-03 19:54:20.429  5763  5763 I FaceWidgetPositionAlgorithm: getMediaContainerHeight() supplier = 0
03-03 19:54:20.487  5763  5763 I FaceWidgetPositionAlgorithm: getMediaContainerHeight() height = 0 container Visibility = 8, isValid = false, mIsDozing = false, fraction = 1.0, source = 0, target = 0
03-03 19:54:20.487  5763  5763 I FaceWidgetPositionAlgorithm: getMediaContainerHeight() supplier = 0
03-03 19:54:20.549  6565 17506 W honu    : [{0}] Failed to resolve name. status={1}
03-03 19:54:20.837  5405  6722 D FreecessController: com.android.vending(10228) is important[!isUidIdle]
