--------- beginning of system
03-03 19:54:35.845  5405  6722 D FreecessController: com.android.vending(10228) is important[!isUidIdle]
03-03 19:54:37.395  4564  4564 D io_stats: !@   8,0 r 250304 9538232 w 397631 188980592 d 0 0 f 0 0 iot 313248 0 th 0 0 0 pt 0 inp 0 0 1285.211
03-03 19:54:39.660  5405  5468 D BatteryExternalStatsWorker: update stats : procstate-change (10)
03-03 19:54:39.662  5405  5468 D BatteryExternalStatsWorker: Fetch WiFi data
03-03 19:54:39.663  5405  5468 D BatteryExternalStatsWorker: Update Rail Energy data
03-03 19:54:39.665  5405  5468 D BatteryExternalStatsWorker: Fetch Bluetooth data
03-03 19:54:39.670  5405  7494 W BatteryExternalStatsWorker: error reading Bluetooth stats: 11
03-03 19:54:39.671  5405  5468 D BatteryExternalStatsWorker: mStats lock released
03-03 19:54:39.671  5405  5468 D BatteryExternalStatsWorker: done updateExternalStatsLocked
03-03 19:54:40.116  5405  7494 D BatteryService: Sending ACTION_BATTERY_CHANGED: level:46, status:2, health:2, ac:false, usb:true, wireless:false, pogo:false, misc:0x20000, charge_type:1, charger_type:0, voltage:3904, temperature:373, online:19, current_avg:588, ps:false, hvc:false, capacity:280000, current_event:0x18000, current_now:592, mcc:0, mcv:0, cc:1756062, present:true, scale:100, technology:Li-ion
--------- beginning of main
03-03 19:54:40.117  5000  5000 E sehhealth-service: Could not open /sys/class/power_supply/battery/lrp
03-03 19:54:40.122  5405  5569 D MotionRecognitionService: [SAR]  onReceive : ACTION_BATTERY_CHANGED, Plugged: 2
03-03 19:54:40.123  5405  5405 D PhoneWindowManagerExt: ACTION_BATTERY_CHANGED - Level=46, status=2
03-03 19:54:40.126  5405  5712 I DeviceBatteryInfoService: action: android.intent.action.BATTERY_CHANGED
03-03 19:54:40.127  5405  5712 I DeviceBatteryInfoService: phone battery level: 46
03-03 19:54:40.127  5405  5712 I DeviceBatteryInfoService: phone battery status: 2
03-03 19:54:40.129  5405  5405 D AdaptiveBrightnessLongtermModelBuilder: Received android.intent.action.BATTERY_CHANGED
03-03 19:54:40.130  5405  5405 D SemWifiApBroadcastReceiver: Received : android.intent.action.BATTERY_CHANGED
03-03 19:54:40.131  5740  5740 D SemBigDataInfoController: Intent: android.intent.action.BATTERY_CHANGED
03-03 19:54:40.140  5763  5763 I AODBatteryManager: updateBatteryData: ACTION_BATTERY_CHANGED
03-03 19:54:40.142  5740  5740 D SemBigDataInfoController: Intent: android.intent.action.BATTERY_CHANGED
03-03 19:54:40.142 13984 13984 I [SCPMV2][SystemMonitorReceiver]: onReceive: android.intent.action.BATTERY_CHANGED
03-03 19:54:40.143  5763  5763 I AODBatteryManager: saveBatteryData : AOD BatteryData [mBatteryLevel=46, mBatteryStatus=CHARGING, mBatteryPlugType=USB, mBatteryPlugged=true, mRemainingChargeTime=6068000, mBatteryChargingType=1, mBatteryChargerType=NORMAL, mBatteryOnline=NOT_DEFINED, mBatterySwellingMode=NONE, mBatteryProtectMode=false]
03-03 19:54:40.144  5763  5763 I ChargingInfoManager: updateChargingInfo: newState = AOD ChargingInfo [mState=BATTERY_AND_REMAIN_TIME, mIsCharging=true, mIsFullyCharged=false, mIsBatteryProtectMode=false], oldState = AOD ChargingInfo [mState=BATTERY_AND_REMAIN_TIME, mIsCharging=true, mIsFullyCharged=false, mIsBatteryProtectMode=false]
03-03 19:54:40.146  5763  5763 D KeyguardUpdateMonitor: received broadcast android.intent.action.BATTERY_CHANGED
03-03 19:54:40.147  5763  5763 D SamsungBatteryMeterDrawable: onBatteryLevelChanged isSomethingChanged: false
03-03 19:54:40.148  5763  5763 D SamsungBatteryMeterDrawable: onBatteryLevelChanged isSomethingChanged: false
03-03 19:54:40.148  5763  5763 D SamsungBatteryMeterDrawable: onBatteryLevelChanged isSomethingChanged: false
03-03 19:54:40.149  5763  5763 D SamsungBatteryMeterDrawable: onBatteryLevelChanged isSomethingChanged: false
03-03 19:54:40.150  5763  5763 I PowerUI : mBootCompleted = true |  mFullyConnected = true
03-03 19:54:40.150  5763  5763 I PowerUI : BATTERY_HEALTH_CHECK extraHealth=2 mBatteryMiscEvent=131072
03-03 19:54:40.150  5763  5763 W PowerUI : Plug reason
03-03 19:54:40.150  5763  5763 W PowerUI : Skip charging animation - by plug status
03-03 19:54:40.150  5763  5763 D PowerUI : priorPlugType = 2 mPlugType = 2 priorBatteryStatus = 2 mBatteryStatus = 2
03-03 19:54:40.150  5763  5763 W PowerUI : Plug reason
03-03 19:54:40.150  5763  5763 W PowerUI : Skip charging sound - by plug status
03-03 19:54:40.150  5763 11800 D SecPowerUI.Notification: dismissing low battery warning: level=46
03-03 19:54:40.150  5763 11800 D SecPowerUI.Notification: updateNotification mWarning=false mPlaySound=false
03-03 19:54:40.151  5763 11800 D SecPowerUI.Notification: SecBatteryStatsSnapshot{batteryLevel=46, currentBatteryMode=0, chargingTime=6083000, chargingType=11, batteryHealth=2, automaticTestMode=false, isHiccupState=false}
03-03 19:54:40.151  5763  5763 I PowerUI : oldMisalign : false, curMisalign : false
03-03 19:54:40.152  5763 11800 D SecPowerUI.Notification: 1. restoreScreenTimeOut - saved_value : :
03-03 19:54:40.152  5763 11800 E SecPowerUI.Notification: no saved value, so we do nothing !!
03-03 19:54:40.154  5763  5763 D SecPowerUI.Notification: showChargingNotice oldChargingType : 11 / currentChargingType : 11, oldChargingTime : 6083000 / mChargingTime : 6068000
03-03 19:54:40.154  5763  5763 D SecPowerUI.Notification: showChargingNotification()
03-03 19:54:40.154  5763  5763 D SecPowerUI.Notification: SecBatteryStatsSnapshot{batteryLevel=46, currentBatteryMode=0, chargingTime=6068000, chargingType=11, batteryHealth=2, automaticTestMode=false, isHiccupState=false}
03-03 19:54:40.160  5405  5805 D ApplicationPolicy: isStatusBarNotificationAllowedAsUser: packageName = com.android.systemui,userId = 0
03-03 19:54:40.161  5405  5805 D ApplicationPolicy: isStatusBarNotificationAllowedAsUser: packageName = com.android.systemui,userId = -1
03-03 19:54:40.161  5405  5805 D ApplicationPolicy: isStatusBarNotificationAllowedAsUser: converting userId from USER_ALLto 0
03-03 19:54:40.163  5763  5763 D PowerUI : Battery swelling mode - priorBatterySwellingMode = 0 mBatterySwellingMode = 0 mBatteryStatus = 2
03-03 19:54:40.163  5763  5763 I PowerUI : mBatteryMiscEvent = 131072
03-03 19:54:40.166  5763  5763 I PowerUI : checkShouldTurnOffProtectBattery : -1, Scheduling start ? : false
03-03 19:54:40.166  5763  5763 I PowerUI : Clear time
03-03 19:54:40.167  5405  7494 D SettingsProvider: isChangeAllowed() : name = charger_connected_time
03-03 19:54:40.167  5405  7494 D SettingsProvider: edmUri: content://com.sec.knox.provider/RestrictionPolicy3
03-03 19:54:40.167  5405  7494 D SettingsProvider: projectionArgs: isSettingsChangesAllowed
03-03 19:54:40.167  5405  7494 D SettingsProvider: selectionArgs: false
03-03 19:54:40.167  5405  7494 D SettingsProvider: selectionArgs: 10052
03-03 19:54:40.167  5405  7494 D SecContentProvider: query(), uri = 17 selection = isSettingsChangesAllowed
03-03 19:54:40.168  5405  7494 D SecContentProvider: called from android.uid.systemui:10052
03-03 19:54:40.168  5405  7494 D RestrictionPolicy: isSettingsChangesAllowedAsUser, userId 0 : true
03-03 19:54:40.168  5405  7494 D SettingsProvider: ret = 1
03-03 19:54:40.171  5763  5763 D KeyguardUpdateMonitor: handleBatteryUpdate
03-03 19:54:40.178  5763  5763 D KeyguardSecIndicationController: addIndicationTimeout() returned - unlocking
03-03 19:54:40.178  5763  5763 D KeyguardSecIndicationController: addIndication() returned - unlocking
03-03 19:54:40.178  5763  5763 D KeyguardSecIndicationController: addIndication() returned - unlocking
03-03 19:54:40.179  5763  5763 D KeyguardSecIndicationController: addBatteryAndOwnerInfoIndication() battery status = BatteryStatus{status=2,level=46,plugged=2,health=2,maxChargingWattage=-1,remaining=6068000ultraFastCharger=0}
