--------- beginning of main
03-03 20:07:04.453  5000  5000 E sehhealth-service: Could not open /sys/class/power_supply/battery/lrp
--------- beginning of system
03-03 20:07:04.453  5405  5421 D BatteryService: Sending ACTION_BATTERY_CHANGED: level:50, status:2, health:2, ac:false, usb:true, wireless:false, pogo:false, misc:0x20000, charge_type:1, charger_type:0, voltage:3918, temperature:384, online:19, current_avg:594, ps:false, hvc:false, capacity:280000, current_event:0x18000, current_now:596, mcc:0, mcv:0, cc:1892898, present:true, scale:100, technology:Li-ion
03-03 20:07:04.461  5405  5569 D MotionRecognitionService: [SAR]  onReceive : ACTION_BATTERY_CHANGED, Plugged: 2
03-03 20:07:04.463  5405  5405 D PhoneWindowManagerExt: ACTION_BATTERY_CHANGED - Level=50, status=2
03-03 20:07:04.465  5405  5712 I DeviceBatteryInfoService: action: android.intent.action.BATTERY_CHANGED
03-03 20:07:04.466  5405  5712 I DeviceBatteryInfoService: phone battery level: 50
03-03 20:07:04.466  5405  5712 I DeviceBatteryInfoService: phone battery status: 2
03-03 20:07:04.466  5405  5712 D DeviceBatteryInfoService: setBatteryStatus : 2
03-03 20:07:04.470  5405  5405 D AdaptiveBrightnessLongtermModelBuilder: Received android.intent.action.BATTERY_CHANGED
03-03 20:07:04.471  5740  5740 D SemBigDataInfoController: Intent: android.intent.action.BATTERY_CHANGED
03-03 20:07:04.473  5405  5405 D SemWifiApBroadcastReceiver: Received : android.intent.action.BATTERY_CHANGED
03-03 20:07:04.476  5763  5763 D KeyguardUpdateMonitor: received broadcast android.intent.action.BATTERY_CHANGED
03-03 20:07:04.477  5740  5740 D SemBigDataInfoController: Intent: android.intent.action.BATTERY_CHANGED
03-03 20:07:04.477  5763  5763 D SamsungBatteryMeterDrawable: onBatteryLevelChanged isSomethingChanged: true
03-03 20:07:04.478  7525  7525 E SDHMS:SDHMS_UTIL_IO: e = /sys/class/power_supply/battery/chg_type: open failed: ENOENT (No such file or directory)
03-03 20:07:04.479  5763  5763 D SamsungBatteryMeterDrawable: onBatteryLevelChanged isSomethingChanged: true
03-03 20:07:04.480  5763  5763 D SamsungBatteryMeterDrawable: onBatteryLevelChanged isSomethingChanged: true
03-03 20:07:04.482 13984 13984 I [SCPMV2][SystemMonitorReceiver]: onReceive: android.intent.action.BATTERY_CHANGED
03-03 20:07:04.491  5763  5763 D SamsungBatteryMeterDrawable: onBatteryLevelChanged isSomethingChanged: true
03-03 20:07:04.493  5763  5763 I PowerUI : mBootCompleted = true |  mFullyConnected = true
03-03 20:07:04.493  5763  5763 I PowerUI : BATTERY_HEALTH_CHECK extraHealth=2 mBatteryMiscEvent=131072
03-03 20:07:04.493  5763  5763 W PowerUI : Plug reason
03-03 20:07:04.493  5763  5763 W PowerUI : Skip charging animation - by plug status
03-03 20:07:04.494  5763  5763 D PowerUI : priorPlugType = 2 mPlugType = 2 priorBatteryStatus = 2 mBatteryStatus = 2
03-03 20:07:04.494  5763  5763 W PowerUI : Plug reason
03-03 20:07:04.494  5763  5763 W PowerUI : Skip charging sound - by plug status
03-03 20:07:04.494  5763  5763 I PowerUI : oldMisalign : false, curMisalign : false
03-03 20:07:04.494  5763 12012 D SecPowerUI.Notification: dismissing low battery warning: level=50
03-03 20:07:04.494  5763 12012 D SecPowerUI.Notification: updateNotification mWarning=false mPlaySound=false
03-03 20:07:04.494  5763 12012 D SecPowerUI.Notification: SecBatteryStatsSnapshot{batteryLevel=50, currentBatteryMode=0, chargingTime=5525000, chargingType=11, batteryHealth=2, automaticTestMode=false, isHiccupState=false}
03-03 20:07:04.496  5763  5763 D SecPowerUI.Notification: showChargingNotice oldChargingType : 11 / currentChargingType : 11, oldChargingTime : 5525000 / mChargingTime : 5492000
03-03 20:07:04.496  5763  5763 D SecPowerUI.Notification: showChargingNotification()
03-03 20:07:04.496  5763  5763 D SecPowerUI.Notification: SecBatteryStatsSnapshot{batteryLevel=50, currentBatteryMode=0, chargingTime=5492000, chargingType=11, batteryHealth=2, automaticTestMode=false, isHiccupState=false}
03-03 20:07:04.496  5763 12012 D SecPowerUI.Notification: 1. restoreScreenTimeOut - saved_value : :
03-03 20:07:04.496  5763 12012 E SecPowerUI.Notification: no saved value, so we do nothing !!
03-03 20:07:04.499  5405  5421 D ApplicationPolicy: isStatusBarNotificationAllowedAsUser: packageName = com.android.systemui,userId = 0
03-03 20:07:04.500  5405  5421 D ApplicationPolicy: isStatusBarNotificationAllowedAsUser: packageName = com.android.systemui,userId = -1
03-03 20:07:04.500  5405  5421 D ApplicationPolicy: isStatusBarNotificationAllowedAsUser: converting userId from USER_ALLto 0
03-03 20:07:04.501  5763  5763 D PowerUI : Battery swelling mode - priorBatterySwellingMode = 0 mBatterySwellingMode = 0 mBatteryStatus = 2
03-03 20:07:04.501  5763  5763 I PowerUI : mBatteryMiscEvent = 131072
03-03 20:07:04.503  5763  5763 I PowerUI : checkShouldTurnOffProtectBattery : -1, Scheduling start ? : false
03-03 20:07:04.503  5763  5763 I PowerUI : Clear time
03-03 20:07:04.503  5405  5421 D SettingsProvider: isChangeAllowed() : name = charger_connected_time
03-03 20:07:04.503  5405  5421 D SettingsProvider: edmUri: content://com.sec.knox.provider/RestrictionPolicy3
03-03 20:07:04.503  5405  5421 D SettingsProvider: projectionArgs: isSettingsChangesAllowed
03-03 20:07:04.503  5405  5421 D SettingsProvider: selectionArgs: false
03-03 20:07:04.503  5405  5421 D SettingsProvider: selectionArgs: 10052
03-03 20:07:04.504  5405  5421 D SecContentProvider: query(), uri = 17 selection = isSettingsChangesAllowed
03-03 20:07:04.504  5405  5421 D SecContentProvider: called from android.uid.systemui:10052
03-03 20:07:04.504  5405  5421 D RestrictionPolicy: isSettingsChangesAllowedAsUser, userId 0 : true
03-03 20:07:04.504  5405  5421 D SettingsProvider: ret = 1
03-03 20:07:04.506  5763  5763 D KeyguardUpdateMonitor: handleBatteryUpdate
03-03 20:07:04.511  5763  5763 D KeyguardSecIndicationController: addIndicationTimeout() returned - unlocking
03-03 20:07:04.511  5763  5763 D KeyguardSecIndicationController: addIndication() returned - unlocking
03-03 20:07:04.511  5763  5763 D KeyguardSecIndicationController: addIndication() returned - unlocking
03-03 20:07:04.511  5763  5763 D KeyguardSecIndicationController: addBatteryAndOwnerInfoIndication() battery status = BatteryStatus{status=2,level=50,plugged=2,health=2,maxChargingWattage=-1,remaining=5492000ultraFastCharger=0}
03-03 20:07:04.512  5763  5763 I AODBatteryManager: updateBatteryData: ACTION_BATTERY_CHANGED
03-03 20:07:04.513  5763  5763 I AODBatteryManager: saveBatteryData : AOD BatteryData [mBatteryLevel=50, mBatteryStatus=CHARGING, mBatteryPlugType=USB, mBatteryPlugged=true, mRemainingChargeTime=5492000, mBatteryChargingType=1, mBatteryChargerType=NORMAL, mBatteryOnline=NOT_DEFINED, mBatterySwellingMode=NONE, mBatteryProtectMode=false]
03-03 20:07:04.513  5763  5763 I ChargingInfoManager: updateChargingInfo: newState = AOD ChargingInfo [mState=BATTERY_AND_REMAIN_TIME, mIsCharging=true, mIsFullyCharged=false, mIsBatteryProtectMode=false], oldState = AOD ChargingInfo [mState=BATTERY_AND_REMAIN_TIME, mIsCharging=true, mIsFullyCharged=false, mIsBatteryProtectMode=false]
03-03 20:07:04.520  5763  5763 I FaceWidgetPositionAlgorithm: getMediaContainerHeight() height = 0 container Visibility = 8, isValid = false, mIsDozing = false, fraction = 1.0, source = 0, target = 0
03-03 20:07:04.520  5763  5763 I FaceWidgetPositionAlgorithm: getMediaContainerHeight() supplier = 0
03-03 20:07:04.522  5763  5763 V QsExpandAnimator: setQsExpansionPosition 0.0
03-03 20:07:04.707  5405  5405 I Telecom:SamsungTelecomServiceImpl: isInManagedCall - callingPackage : android
03-03 20:07:04.719  6173  6173 I Launcher.NotificationListener: onNotificationPosted : com.android.systemui number : 0
03-03 20:07:04.921  5763  5763 D BubblesManager: onEntryUpdated : shouldBubbleUp=false ,key=-1|com.android.systemui|2131428972|charging_state|10052
03-03 20:07:04.979  5763  5763 I FaceWidgetPositionAlgorithm: getMediaContainerHeight() height = 0 container Visibility = 8, isValid = false, mIsDozing = false, fraction = 1.0, source = 0, target = 0
03-03 20:07:04.980  5763  5763 I FaceWidgetPositionAlgorithm: getMediaContainerHeight() supplier = 0
03-03 20:07:05.058  5763  5763 I FaceWidgetPositionAlgorithm: getMediaContainerHeight() height = 0 container Visibility = 8, isValid = false, mIsDozing = false, fraction = 1.0, source = 0, target = 0
03-03 20:07:05.059  5763  5763 I FaceWidgetPositionAlgorithm: getMediaContainerHeight() supplier = 0
03-03 20:07:05.128  5763  5763 I FaceWidgetPositionAlgorithm: getMediaContainerHeight() height = 0 container Visibility = 8, isValid = false, mIsDozing = false, fraction = 1.0, source = 0, target = 0
03-03 20:07:05.129  5763  5763 I FaceWidgetPositionAlgorithm: getMediaContainerHeight() supplier = 0
03-03 20:07:07.980  4564  4564 D io_stats: !@   8,0 r 253388 9632868 w 399822 189050408 d 0 0 f 0 0 iot 315412 0 th 0 0 0 pt 0 inp 0 0 2035.796
