03-04 19:20:53.841  6173  8626 I ViewRootImpl@e012360[LauncherActivity]: mWNT: t=0x74dbf0e400 mBlastBufferQueue=0x7509188e00 fn= 115 caller= com.android.systemui.shared.launcher.ViewRootImplCompat.mergeWithNextTransaction:2 com.android.quickstep.util.SurfaceTransactionApplier.lambda$scheduleApply$0:2 com.android.quickstep.util.SurfaceTransactionApplier.b:0 
03-04 19:20:53.853  6173  8625 I ViewRootImpl@e012360[LauncherActivity]: mWNT: t=0x74dbf1a000 mBlastBufferQueue=0x7509188e00 fn= 116 caller= com.android.systemui.shared.launcher.ViewRootImplCompat.mergeWithNextTransaction:2 com.android.quickstep.util.SurfaceTransactionApplier.lambda$scheduleApply$0:2 com.android.quickstep.util.SurfaceTransactionApplier.b:0 
03-04 19:20:53.853  6173  8625 I ViewRootImpl@e012360[LauncherActivity]: mWNT: t=0x74dbf1a600 mBlastBufferQueue=0x7509188e00 fn= 116 caller= com.android.systemui.shared.launcher.ViewRootImplCompat.mergeWithNextTransaction:2 com.android.quickstep.util.SurfaceTransactionApplier.lambda$scheduleApply$0:2 com.android.quickstep.util.SurfaceTransactionApplier.b:0 
03-04 19:20:53.854  4625  4625 I vaultkeeper: runCommand Success.(TA ret = 0)
03-04 19:20:53.855  5405  6729 I Vaultkeeper_MGR_system: ~VaultKeeperManager
03-04 19:20:53.855  5405  6729 D KG.Utils: getRlcState rlcState : 
03-04 19:20:53.872  6173  6173 I AnimationResult: AnimationResult finish : onAnimationEnd
03-04 19:20:53.872  6173  6173 I AnimationResult: finish : false, com.android.launcher3.g@afb2344
03-04 19:20:53.872  6173  6386 I AnimationResult: finish callback : com.android.launcher3.g@afb2344
03-04 19:20:53.872  5405  6729 D WindowManager: app-onAnimationFinished(): mOuter=RemoteAnimationController@b28c789
03-04 19:20:53.872  5405  6729 D WindowManager: onAnimationFinished(RemoteAnimationController@b28c789): mPendingAnimations=2, caller=
03-04 19:20:53.872  5405  6729 D WindowManager: app-release(): mOuter=RemoteAnimationController@b28c789
03-04 19:20:53.872  5405  6729 D WindowManager: onAnimationFinished(): Notify animation finished:
03-04 19:20:53.873  5405  6729 I WindowManager: Reparenting to original parent: Surface(name=DefaultTaskDisplayArea)/@0xd2ce90e, destroy=true, surface=Surface(name=Task=9)/@0x3721fcc
03-04 19:20:53.873  5740  5740 E PhoneInterfaceManager: [PhoneIntfMgr] getAllowedCarriers: CommandException: com.android.internal.telephony.CommandException: REQUEST_NOT_SUPPORTED
03-04 19:20:53.873  6173  8626 I ViewRootImpl@e012360[LauncherActivity]: mWNT: t=0x74dbf1a900 mBlastBufferQueue=0x7509188e00 fn= 117 caller= com.android.systemui.shared.launcher.ViewRootImplCompat.mergeWithNextTransaction:2 com.android.quickstep.util.SurfaceTransactionApplier.lambda$scheduleApply$0:2 com.android.quickstep.util.SurfaceTransactionApplier.b:0 
03-04 19:20:53.874  6173  8626 I ViewRootImpl@e012360[LauncherActivity]: mWNT: t=0x74dbf1aa00 mBlastBufferQueue=0x7509188e00 fn= 117 caller= com.android.systemui.shared.launcher.ViewRootImplCompat.mergeWithNextTransaction:2 com.android.quickstep.util.SurfaceTransactionApplier.lambda$scheduleApply$0:2 com.android.quickstep.util.SurfaceTransactionApplier.b:0 
03-04 19:20:53.874  6173  6173 I StateManager: goToState Normal delay : 0
03-04 19:20:53.874  6173  6173 I StateManager: goToStateAnimated mStateChanged is True
03-04 19:20:53.875  6173  6173 I StateManager: createAnimationToNewWorkspaceInternal : Normal
03-04 19:20:53.875  6173  6173 I AppsTransitionController: setStateWithAnimation - toState : Normal
03-04 19:20:53.875  6173  6173 I HomeStateTransitionController: workspace child count: 2
03-04 19:20:53.876  6173  6173 I CapturePreview: notifyCaptureIfNecessary
03-04 19:20:53.876  6173  6173 I CapturePreview: sendMessageForCapture
03-04 19:20:53.877  6173  6173 I SuggestedAppsAnimationCreator: createAnimator: show = false
03-04 19:20:53.877  6173  6173 I SuggestedAppsAnimationCreator: resetAnimatorProperty: return already toAlpha
03-04 19:20:53.877  6173  6173 I SuggestedAppsAnimationCreator: cancelAnimator
03-04 19:20:53.878  6173  6173 I FolderTransitionController: setStateWithAnimation : Normal
03-04 19:20:53.878  6173  6173 I FolderTransitionController: setFolderProperty : Normal,Overview,Normal
03-04 19:20:53.878  6173  6173 I PageEditTransitionController: setStateWithAnimation - from : Overview to : Normal
03-04 19:20:53.878  6173  6173 I StateManager: goToStateAnimated to Normal
03-04 19:20:53.878  6173  6173 I StateManager: reapplyState mStateChanged is false
03-04 19:20:53.878  6173  6173 I RecentsView: unregisterExtraTaskLaunchAnimation
03-04 19:20:53.879  5405  6729 D WindowManager: 	container=Task{9904272 #9 type=standard A=1000:com.android.settings.root U=0 visible=true visibleRequested=true mode=fullscreen translucent=false sz=2}
03-04 19:20:53.879  5405  6729 I WindowManager: Reparenting to original parent: Surface(name=DefaultTaskDisplayArea)/@0xd2ce90e, destroy=true, surface=Surface(name=Task=1)/@0x83d7309
03-04 19:20:53.880  5405  6729 V WindowManager: Setting visibility of Window{b3dadce u0 com.sec.android.app.launcher/com.sec.android.app.launcher.activities.LauncherActivity}: false, caller=com.android.server.wm.WindowContainer.sendAppVisibilityToClients:1246 com.android.server.wm.WindowToken.setClientVisible:431 com.android.server.wm.ActivityRecord.setClientVisible:7691 com.android.server.wm.ActivityRecord.onAnimationFinished:8590 com.android.server.wm.WindowContainer.doAnimationFinished:3483 
03-04 19:20:53.880  5405  6729 D WindowManager: 	container=Task{4a5e2dd #1 type=home ?? U=0 visible=false visibleRequested=false mode=fullscreen translucent=true sz=1}
03-04 19:20:53.880  5405  6729 I WindowManager: Reparenting to original parent: Surface(name=Leaf:0:1)/@0x852881a, destroy=true, surface=Surface(name=WallpaperWindowToken{ae637d8 token=android.os.Binder@e1d753e})/@0xec136c5
03-04 19:20:53.880  5405  6729 D WindowManager: 	wallpaper=WallpaperWindowToken{ae637d8 token=android.os.Binder@e1d753e}
03-04 19:20:53.881  5405  6729 I WindowManager: Reparenting to original parent: Surface(name=Leaf:24:25)/@0x36f9b2a, destroy=true, surface=Surface(name=WindowToken{e8b08ba type=2019 android.os.BinderProxy@29840dc})/@0x9bb45e6
03-04 19:20:53.881  5405  6729 D WindowManager: 	nonApp=WindowToken{e8b08ba type=2019 android.os.BinderProxy@29840dc}
03-04 19:20:53.881  5405  6729 I WindowManager: Finishing remote animation
03-04 19:20:53.884  5405  5464 W libprocessgroup: Failed to open /dev/blkio//cgroup.procs: No such file or directory
03-04 19:20:53.886  5405  5452 V WindowManager: Setting visibility of Window{f5d9b79 u0 com.android.systemui.ImageWallpaper}: false, caller=com.android.server.wm.WindowContainer.sendAppVisibilityToClients:1246 com.android.server.wm.WindowToken.setClientVisible:431 com.android.server.wm.WallpaperWindowToken.setVisible:160 com.android.server.wm.WallpaperWindowToken.updateWallpaperWindows:154 com.android.server.wm.WallpaperController.updateWallpaperTokens:676 
03-04 19:20:53.886  5763  6743 D WallpaperService: dispatchAppVisibility onVisibilityChanged(): false
03-04 19:20:53.886  5763  5763 D WallpaperService: reportVisibility onVisibilityChanged visible: false
03-04 19:20:53.886  5763  5907 I ImageWallpaper[GLEngine]:  onVisibilityChanged false , 0
03-04 19:20:53.894  5740  5740 E PhoneInterfaceManager: [PhoneIntfMgr] getAllowedCarriers: CommandException: com.android.internal.telephony.CommandException: REQUEST_NOT_SUPPORTED
03-04 19:20:53.894  6173  6173 W PageOverlayMover: isMoving : false
03-04 19:20:53.894  6173  6173 I SPayUpdater: updateSpayHandler launcher activity is paused true
03-04 19:20:53.895  5405  6729 D KG.Utils: getRlcState.
03-04 19:20:53.895  5405  6729 I KgvManager: query(void)
03-04 19:20:53.895  5405  6729 I VaultKeeperService: read
03-04 19:20:53.895  5405  6729 I VaultKeeperService: Get service instance by (6106/1000)
03-04 19:20:53.896  5405  6729 I VaultKeeperService: Client info : com.android.settings
03-04 19:20:53.896  5405  6729 I Vaultkeeper_MGR_system: Got instance of VaultKeeperManager
03-04 19:20:53.898  5405  6729 I Vaultkeeper_MGR_system: Got service of ISehVaultKeeper
03-04 19:20:53.898  4626  4626 I VaultKeeper_HIDL_Service: System client (//1000/5405)
03-04 19:20:53.898  5052  5052 I Layer   : id=7096 removeFromCurrentState Surface(name=Task=9)/@0x3721fcc - animation-leash of app_transition#7096 (126)
03-04 19:20:53.899  5052  5052 I Layer   : id=7095 removeFromCurrentState Surface(name=Task=1)/@0x83d7309 - animation-leash of app_transition#7095 (126)
03-04 19:20:53.899  5052  5052 I Layer   : id=7097 removeFromCurrentState Surface(name=WallpaperWindowToken{ae637d8 token=android.os.Binder@e1d753e})/@0xec136c5 - animation-leash of window_animation#7097 (126)
03-04 19:20:53.899  5052  5052 I Layer   : id=7098 removeFromCurrentState Surface(name=WindowToken{e8b08ba type=2019 android.os.BinderProxy@29840dc})/@0x9bb45e6 - animation-leash of window_animation#7098 (126)
03-04 19:20:53.899  5052  5052 I Layer   : Layer [com.sec.android.app.launcher/com.sec.android.app.launcher.activities.LauncherActivity$_6173#7087] hidden!! flag(1)
03-04 19:20:53.899  5052  5052 I SurfaceFlinger: id=7097 Removed Surface(name=WallpaperWindowToken{ae637d8 token=android.os.Binder@e1d753e})/@0xec136c5 - animation-leash of window_animation#7097 (126)
03-04 19:20:53.899  4625  4625 I VaultKeeper_COMMON: VK 4.4.2 [Client] com.android.settings. => [Vault] KnoxGuard. [CMD NO.] 5464
03-04 19:20:53.899  4625  4625 I VaultKeeper_COMMON: [CMD:CHECK_CLIENT_REGISTERED]
03-04 19:20:53.899  4625  4625 I vaultkeeper: runCommand Success.(TA ret = 0)
03-04 19:20:53.899  5052  5052 I Layer   : id=7097 Destroyed Surface(name=WallpaperWindowToken{ae637d8 token=android.os.Binder@e1d753e})/@0xec136c5 - animation-leash of window_animation#7097
03-04 19:20:53.900  4625  4625 I VaultKeeper_COMMON: VK 4.4.2 [Client] com.android.settings. => [Vault] KnoxGuard. [CMD NO.] 24
03-04 19:20:53.900  4625  4625 I VaultKeeper_COMMON: [CMD:READ_UNSHELTERED]
03-04 19:20:53.906  5052  5052 D SurfaceFlinger: Display 0 HWC layers:
03-04 19:20:53.906  5052  5052 D SurfaceFlinger:      DEVICE | 0x7c2f9893c0 | 0000 | RGBA_8888    |    0.0    0.0 1080.0 2400.0 |    0    0 1080 2400 | SnapshotStartingWindow for taskId=9$_5763#7094
03-04 19:20:53.906  5052  5052 D SurfaceFlinger:      DEVICE | 0x7c6c8a6e00 | 0100 | RGBA_8888    |    0.0    0.0 1080.0   88.0 |    0    0 1080   88 | StatusBar$_5763#90
03-04 19:20:53.906  5052  5052 D SurfaceFlinger:      DEVICE | 0x7c6c8a8200 | 0100 | RGBA_8888    |    0.0    0.0 1080.0  126.0 |    0 2274 1080 2400 | NavigationBar0$_5763#85
03-04 19:20:53.906  5052  5052 D SurfaceFlinger:      DEVICE | 0x7c6c8a5780 | 0140 | RGBA_8888    |    0.0    0.0 1080.0  100.0 |    0    0 1080  100 | ScreenDecorOverlay$_5763#95
03-04 19:20:53.906  5052  5052 D SurfaceFlinger:      DEVICE | 0x7c6c8a8480 | 0140 | RGBA_8888    |    0.0    0.0 1080.0  100.0 |    0 2300 1080 2400 | ScreenDecorOverlayBottom$_5763#96
03-04 19:20:53.906  5052  5052 D SurfaceFlinger: 
03-04 19:20:53.918  6173  6173 I StateManager: onAnimationStart state : Normal
03-04 19:20:53.918  6173  6173 I StateManager: onStateTransitionStart mState = Normal
03-04 19:20:53.920  6173  6173 I Launcher: onStateSetEnd for widget host, state : Normal
03-04 19:20:53.920  6173  6173 W LauncherAppWidgetHost: setShouldListenFlag, mFlags:7 flag:resume on:true isFront:false
03-04 19:20:53.920  6173  6173 I BaseActivity: addActivityFlags, flags : 64
03-04 19:20:53.921  6173  6173 I RecentsView: setOverviewStateEnabled false
03-04 19:20:53.921  6173  6173 I RecentsOrientedStateCallbacksImpl: setFlag
03-04 19:20:53.921  5052  5096 I SurfaceFlinger: id=7095 Removed Surface(name=Task=1)/@0x83d7309 - animation-leash of app_transition#7095 (125)
03-04 19:20:53.921  5052  5096 I SurfaceFlinger: id=7096 Removed Surface(name=Task=9)/@0x3721fcc - animation-leash of app_transition#7096 (125)
03-04 19:20:53.921  5052  5096 I SurfaceFlinger: id=7098 Removed Surface(name=WindowToken{e8b08ba type=2019 android.os.BinderProxy@29840dc})/@0x9bb45e6 - animation-leash of window_animation#7098 (125)
03-04 19:20:53.921  6173  6173 I RecentsOrientedState: current RecentsOrientedState: [this=RecentsOrientedState@21055968 mOrientationHandler=PortraitPagedViewHandler@9364633 mDisplayRotation=0 mTouchRotation=0 mRecentsActivityRotation=0 mRecentsRotation=0 isRecentsActivityRotationAllowed=false mSystemRotation=true mStateId=46464 mFlags=299]
03-04 19:20:53.921  5405  7590 D SensorService: Calling activate off 27
03-04 19:20:53.922  4953  4953 I SensorsHub: batch: handle=27 period=66667000 timeout=0
03-04 19:20:53.924  6173  6173 I WhiteBgColorNotifier: changeWhiteBgSystemUIColor type = 4 supportWhiteBg : true forced : false mStatusBarColorIsDark true mNavigationBarColorIsDark true
03-04 19:20:53.924  6173  6173 I WhiteBgColorNotifier: changeWhiteBgSystemUIColor type = 5 supportWhiteBg : true forced : false mStatusBarColorIsDark true mNavigationBarColorIsDark true
03-04 19:20:53.925  6173  6173 I ViewRootImpl@e012360[LauncherActivity]: handleAppVisibility mAppVisible = true visible = false
03-04 19:20:53.932  5052  5052 I Layer   : id=7095 Destroyed Surface(name=Task=1)/@0x83d7309 - animation-leash of app_transition#7095
03-04 19:20:53.932  5052  5052 I Layer   : id=7096 Destroyed Surface(name=Task=9)/@0x3721fcc - animation-leash of app_transition#7096
03-04 19:20:53.932  5052  5052 I Layer   : id=7098 Destroyed Surface(name=WindowToken{e8b08ba type=2019 android.os.BinderProxy@29840dc})/@0x9bb45e6 - animation-leash of window_animation#7098
03-04 19:20:53.961  6173  6173 I ViewRootImpl@e012360[LauncherActivity]: performTraversals params={(0,0)(fillxfill) sim={adjust=nothing} layoutInDisplayCutoutMode=shortEdges ty=BASE_APPLICATION fmt=TRANSPARENT wanim=0x10302f4
03-04 19:20:53.961  6173  6173 I ViewRootImpl@e012360[LauncherActivity]:   fl=81910100
03-04 19:20:53.961  6173  6173 I ViewRootImpl@e012360[LauncherActivity]:   pfl=1e020040
03-04 19:20:53.961  6173  6173 I ViewRootImpl@e012360[LauncherActivity]:   vsysui=1700
03-04 19:20:53.961  6173  6173 I ViewRootImpl@e012360[LauncherActivity]:   apr=LIGHT_STATUS_BARS LIGHT_NAVIGATION_BARS
03-04 19:20:53.961  6173  6173 I ViewRootImpl@e012360[LauncherActivity]:   bhv=SHOW_TRANSIENT_BARS_BY_SWIPE
03-04 19:20:53.961  6173  6173 I ViewRootImpl@e012360[LauncherActivity]:   fitSides= naviIconColor=0}
03-04 19:20:53.963  6173  6173 I ViewRootImpl@e012360[LauncherActivity]: performTraversals mFirst=false windowShouldResize=false viewVisibilityChanged=true mForceNextWindowRelayout=false params={(0,0)(fillxfill) sim={adjust=nothing} layoutInDisplayCutoutMode=shortEdges ty=BASE_APPLICATION fmt=TRANSPARENT wanim=0x10302f4
03-04 19:20:53.963  6173  6173 I ViewRootImpl@e012360[LauncherActivity]:   fl=81910100
03-04 19:20:53.963  6173  6173 I ViewRootImpl@e012360[LauncherActivity]:   pfl=1e020040
03-04 19:20:53.963  6173  6173 I ViewRootImpl@e012360[LauncherActivity]:   vsysui=1700
03-04 19:20:53.963  6173  6173 I ViewRootImpl@e012360[LauncherActivity]:   apr=LIGHT_STATUS_BARS LIGHT_NAVIGATION_BARS
03-04 19:20:53.963  6173  6173 I ViewRootImpl@e012360[LauncherActivity]:   bhv=SHOW_TRANSIENT_BARS_BY_SWIPE
03-04 19:20:53.963  6173  6173 I ViewRootImpl@e012360[LauncherActivity]:   fitSides= naviIconColor=0}
03-04 19:20:53.963  5405  7590 V WindowManager: Relayout Window{b3dadce u0 com.sec.android.app.launcher/com.sec.android.app.launcher.activities.LauncherActivity}: viewVisibility=8 req=1080x2400 d0
03-04 19:20:53.967  5405  7590 V WindowManager: Relayout hash=b3dadce, pid=6173, syncId=-1: mAttrs={(0,0)(fillxfill) sim={adjust=nothing} layoutInDisplayCutoutMode=shortEdges ty=BASE_APPLICATION fmt=TRANSPARENT wanim=0x10302f4
03-04 19:20:53.967  5405  7590 V WindowManager:   fl=81910100
03-04 19:20:53.967  5405  7590 V WindowManager:   pfl=1e020040
03-04 19:20:53.967  5405  7590 V WindowManager:   vsysui=1700
03-04 19:20:53.967  5405  7590 V WindowManager:   apr=LIGHT_STATUS_BARS LIGHT_NAVIGATION_BARS
03-04 19:20:53.967  5405  7590 V WindowManager:   bhv=SHOW_TRANSIENT_BARS_BY_SWIPE
03-04 19:20:53.967  5405  7590 V WindowManager:   fitSides= naviIconColor=0}
03-04 19:20:53.975  5405  7494 I ProcessStatsService: Added stats: 2026-03-04-15-12-03, over +3h1m49s18ms
03-04 19:20:53.996  6173  6173 I ViewRootImpl@e012360[LauncherActivity]: Relayout returned: old=(0,0,1080,2400) new=(0,0,1080,2400) req=(1080,2400)8 dur=5 res=0x2 s={false 0x0} ch=true seqId=0
03-04 19:20:53.997  6173  6173 W FrameTracker: Missed App frame:UNKNOWN: 136, 935163, 19929566, CUJ=J<LAUNCHER_APP_LAUNCH_FROM_RECENTS>
03-04 19:20:53.997  6173  6173 W FrameTracker: Missed App frame:JANK_APP_DEADLINE_MISSED, 935178, 27469066, CUJ=J<LAUNCHER_APP_LAUNCH_FROM_RECENTS>
03-04 19:20:53.997  6173  6173 W FrameTracker: Missing HWUI jank callback for vsyncId: 935346, CUJ=J<LAUNCHER_APP_LAUNCH_FROM_RECENTS>
03-04 19:20:53.997  6173  6173 W FrameTracker: Missing HWUI jank callback for vsyncId: 935354, CUJ=J<LAUNCHER_APP_LAUNCH_FROM_RECENTS>
03-04 19:20:53.998 11605 11605 I cnhq    : onPause
03-04 19:20:54.029  6106 17879 W SparseMappingTable: Invalid stats at index 0 -- SparseMappingTable.Table{mSequence=5 mParent.mSequence=6 mParent.mLongs.size()=2 mSize=3 mTable=[0x9/0x2/0x0, 0xf/0x2/0x1, 0x4f/0x2/0x2] clazz=com.android.internal.app.procstats.DurationsTable}
03-04 19:20:54.059  4625  4625 I vaultkeeper: runCommand Success.(TA ret = 0)
03-04 19:20:54.059  5405  6729 I Vaultkeeper_MGR_system: ~VaultKeeperManager
03-04 19:20:54.059  5405  6729 D KG.Utils: getRlcState rlcState : 
03-04 19:20:54.061  5405  6729 D SecContentProvider: query(), uri = 16 selection = isFirmwareRecoveryAllowed
03-04 19:20:54.061  5405  6729 D SecContentProvider: called from android.uid.system:1000
03-04 19:20:54.062  4391  4403 I vold    : Read from block
03-04 19:20:54.063  5405  6729 D RestrictionPolicy: readParamData : [0, 0, 0, 0, 0, 0, 0, 0, 0, 0, 0, 0, 0, 0, 0, 0, 0, 0, 0, 0, 0, 0, 0, 0, 0, 0, 0, 0, 0, 0, 0, 0]
03-04 19:20:54.063  5405  6729 D RestrictionPolicy: readParamData : index - 7 ret - true
03-04 19:20:54.063  5405  6729 D RestrictionPolicy: isFirmwareRecoveryAllowed(): ret -  true param - true
03-04 19:20:54.067  5405  5468 D BatteryExternalStatsWorker: update stats : wifi-data: inactive (2)
03-04 19:20:54.067  5405  6729 D SecContentProvider: query(), uri = 15 selection = isFactoryResetAllowed
03-04 19:20:54.067  5405  6729 D SecContentProvider: called from android.uid.system:1000
03-04 19:20:54.068  5405  6729 D RestrictionPolicy: isExistEFSFile : false
03-04 19:20:54.068  5405  6729 D RestrictionPolicy: isFactoryResetAllowed(): isExistEFSFile - false DB - true
03-04 19:20:54.075  5405  7494 D SecContentProvider: query(), uri = 15 selection = isBackgroundProcessLimitEnabled
03-04 19:20:54.076  5405  7494 D SecContentProvider: called from android.uid.system:1000
03-04 19:20:54.076  5405  7494 D RestrictionPolicy: isBackgroundProcessLimitAllowed : true
03-04 19:20:54.078  6106  6106 W SettingsEdm: projectionArgs:isBackgroundProcessLimitEnabled/1
03-04 19:20:54.079  6106  6106 D AbstractBtDlgCtr: Unable to get current config index. Current codec Config is null.
03-04 19:20:54.082  5405  5468 D BatteryExternalStatsWorker: Fetch WiFi data
03-04 19:20:54.082  5405  5468 D BatteryExternalStatsWorker: Update Rail Energy data
03-04 19:20:54.083  5405  5468 D BatteryExternalStatsWorker: mStats lock released
03-04 19:20:54.084  6106  6106 I BluetoothHfpRvpCodecPreferenceController: isAvailable :: rvpCapa : false, debug : false
03-04 19:20:54.087  6106  6106 D AbstractBtDlgCtr: Unable to get current config index. Current codec Config is null.
03-04 19:20:54.087  5405  6729 D SettingsProvider: isChangeAllowed() : name = debug_app
03-04 19:20:54.087  5405  6729 D SettingsProvider: isChangeAllowed() : name = wait_for_debugger
03-04 19:20:54.087  5405  6729 D SettingsProvider: edmUri: content://com.sec.knox.provider/RestrictionPolicy1
03-04 19:20:54.087  5405  6729 D SettingsProvider: projectionArgs: isDeveloperModeAllowed
03-04 19:20:54.087  5405  6729 D SecContentProvider: query(), uri = 15 selection = isDeveloperModeAllowed
03-04 19:20:54.088  5405  6729 D SecContentProvider: called from android.uid.system:1000
03-04 19:20:54.088  5405  6729 D RestrictionPolicy: isDeveloperModeAllowed : true
03-04 19:20:54.088  5405  6729 D SettingsProvider: ret = 1
03-04 19:20:54.089  5405  6729 W ActivityManager: cgroup.freeze not present
03-04 19:20:54.092  5405  6729 D SecContentProvider: query(), uri = 15 selection = isDeveloperModeAllowed
03-04 19:20:54.093  5405  6729 D SecContentProvider: called from android.uid.system:1000
03-04 19:20:54.093  5405  6729 D RestrictionPolicy: isDeveloperModeAllowed : true
03-04 19:20:54.095  6106  6106 W SettingsEdm: projectionArgs:isDeveloperModeAllowed/1
03-04 19:20:54.095  5405  5468 D BatteryExternalStatsWorker: Update wifi state
03-04 19:20:54.095  5405  5468 D BatteryExternalStatsWorker: done updateExternalStatsLocked
03-04 19:20:54.096  5405  6729 D SecContentProvider: query(), uri = 16 selection = isGoogleCrashReportedAllowed
03-04 19:20:54.096  5405  6729 D SecContentProvider: called from android.uid.system:1000
03-04 19:20:54.096  5405  6729 D RestrictionPolicy: isGoogleCrashReportAllowed : ret=true userId =0
03-04 19:20:54.099  6106  6106 W SettingsEdm: projectionArgs:isGoogleCrashReportedAllowed/1
03-04 19:20:54.107  6106  6106 I DecorView: notifyKeepScreenOnChanged: keepScreenOn=false
03-04 19:20:54.108  6106  6106 I MSHandlerLifeCycle: check: return. Multi-window not supported pkg=com.android.settings
03-04 19:20:54.108  6106  6106 I MSHandlerLifeCycle: removeMultiSplitHandler: no exist. decor=DecorView@62e145e[SubSettings]
03-04 19:20:54.108  6106  6106 I Choreographer: Skipped 35 frames!  The application may be doing too much work on its main thread.
03-04 19:20:54.110  6106  6106 I ViewRootImpl@c9b830a[SubSettings]: performTraversals params={(0,0)(fillxfill) sim={adjust=resize forwardNavigation} layoutInDisplayCutoutMode=shortEdges ty=BASE_APPLICATION wanim=0x10302f4
03-04 19:20:54.110  6106  6106 I ViewRootImpl@c9b830a[SubSettings]:   fl=81810100
03-04 19:20:54.110  6106  6106 I ViewRootImpl@c9b830a[SubSettings]:   pfl=120a0040
03-04 19:20:54.110  6106  6106 I ViewRootImpl@c9b830a[SubSettings]:   vsysui=2010
03-04 19:20:54.110  6106  6106 I ViewRootImpl@c9b830a[SubSettings]:   apr=LIGHT_STATUS_BARS LIGHT_NAVIGATION_BARS
03-04 19:20:54.110  6106  6106 I ViewRootImpl@c9b830a[SubSettings]:   bhv=DEFAULT
03-04 19:20:54.110  6106  6106 I ViewRootImpl@c9b830a[SubSettings]:   fitSides= naviIconColor=0
03-04 19:20:54.110  6106  6106 I ViewRootImpl@c9b830a[SubSettings]:   sfl=1}
03-04 19:20:54.111  6106  6106 I ViewRootImpl@c9b830a[SubSettings]: performTraversals mFirst=false windowShouldResize=false viewVisibilityChanged=true mForceNextWindowRelayout=false params={(0,0)(fillxfill) sim={adjust=resize forwardNavigation} layoutInDisplayCutoutMode=shortEdges ty=BASE_APPLICATION wanim=0x10302f4
03-04 19:20:54.111  6106  6106 I ViewRootImpl@c9b830a[SubSettings]:   fl=81810100
03-04 19:20:54.111  6106  6106 I ViewRootImpl@c9b830a[SubSettings]:   pfl=120a0040
03-04 19:20:54.111  6106  6106 I ViewRootImpl@c9b830a[SubSettings]:   vsysui=2010
03-04 19:20:54.111  6106  6106 I ViewRootImpl@c9b830a[SubSettings]:   apr=LIGHT_STATUS_BARS LIGHT_NAVIGATION_BARS
03-04 19:20:54.111  6106  6106 I ViewRootImpl@c9b830a[SubSettings]:   bhv=DEFAULT
03-04 19:20:54.111  6106  6106 I ViewRootImpl@c9b830a[SubSettings]:   fitSides= naviIconColor=0
03-04 19:20:54.111  6106  6106 I ViewRootImpl@c9b830a[SubSettings]:   sfl=1}
03-04 19:20:54.111  5405  6729 V WindowManager: Relayout Window{1fdacec u0 com.android.settings/com.android.settings.SubSettings}: viewVisibility=0 req=1080x2400 d0
03-04 19:20:54.112  5405  6729 D RestrictionPolicy: isScreenCaptureEnabled : ret=true userId=0
03-04 19:20:54.112  5052  5844 I SurfaceFlinger: id=7099 createSurf flag=40004, com.android.settings/com.android.settings.SubSettings$_6106#7099
03-04 19:20:54.113  5405  6729 D WindowManager: makeSurface duration=1 name=com.android.settings/com.android.settings.SubSettings$_6106
03-04 19:20:54.113  6106 31369 I SecTileUtils: loadTilesForAction com.android.settings.action.SETTINGS
03-04 19:20:54.116  5405  6729 V WindowManager: Changing focus from null to Window{1fdacec u0 com.android.settings/com.android.settings.SubSettings} displayId=0 Callers=com.android.server.wm.RootWindowContainer.updateFocusedWindowLocked:595 com.android.server.wm.WindowManagerService.updateFocusedWindowLocked:6803 com.android.server.wm.WindowManagerService.relayoutWindow:2813 com.android.server.wm.Session.relayout:274 
03-04 19:20:54.116  5405  6729 D MARsPolicyManager: onPackageResumedFG pkgName = com.android.settings, userId = 0
03-04 19:20:54.117  5405  6729 I WindowManager: Cancelling animation restarting=true, leash=Surface(name=Surface(name=55d54e7 StatusBar)/@0xf50212f - animation-leash of insets_animation)/@0x3fa80f6
03-04 19:20:54.117  5405  6729 I WindowManager: Reparenting to original parent: Surface(name=WindowToken{3a025e8 type=2000 android.os.BinderProxy@2e1c2da})/@0x894a33c, destroy=false, surface=Surface(name=55d54e7 StatusBar)/@0xf50212f
03-04 19:20:54.117  5405  6729 I WindowManager: Reparenting to leash, surface=Surface(name=55d54e7 StatusBar)/@0xf50212f, leashParent=Surface(name=WindowToken{3a025e8 type=2000 android.os.BinderProxy@2e1c2da})/@0x894a33c
03-04 19:20:54.117  5052  5844 I SurfaceFlinger: id=7100 createSurf flag=24000, Surface(name=55d54e7 StatusBar)/@0xf50212f - animation-leash of insets_animation#7100
03-04 19:20:54.118  5405  6729 D WindowManager: makeSurface duration=1 leash=Surface(name=Surface(name=55d54e7 StatusBar)/@0xf50212f - animation-leash of insets_animation)/@0x7e08b71
03-04 19:20:54.118  5405  6729 I WindowManager: Cancelling animation restarting=true, leash=Surface(name=Surface(name=7b7936b NavigationBar0)/@0x3ba5c41 - animation-leash of insets_animation)/@0xedaf764
03-04 19:20:54.118  5405  6729 I WindowManager: Reparenting to original parent: Surface(name=WindowToken{e8b08ba type=2019 android.os.BinderProxy@29840dc})/@0x9bb45e6, destroy=false, surface=Surface(name=7b7936b NavigationBar0)/@0x3ba5c41
03-04 19:20:54.118  5405  6729 I WindowManager: Reparenting to leash, surface=Surface(name=7b7936b NavigationBar0)/@0x3ba5c41, leashParent=Surface(name=WindowToken{e8b08ba type=2019 android.os.BinderProxy@29840dc})/@0x9bb45e6
03-04 19:20:54.119  5052  5844 I SurfaceFlinger: id=7101 createSurf flag=24000, Surface(name=7b7936b NavigationBar0)/@0x3ba5c41 - animation-leash of insets_animation#7101
03-04 19:20:54.119  5405  6729 D WindowManager: makeSurface duration=1 leash=Surface(name=Surface(name=7b7936b NavigationBar0)/@0x3ba5c41 - animation-leash of insets_animation)/@0x25941d7
03-04 19:20:54.120  5405  6729 D WindowManager: updateSystemBarAttributes: displayId=0, win=Window{1fdacec u0 com.android.settings/com.android.settings.SubSettings}, navColorWin=Window{2999739 u0 SnapshotStartingWindow for taskId=9}, focusedCanBeNavColorWin=false, behavior=1, appearance=24, statusBarAppearanceRegions=[AppearanceRegion{LIGHT_STATUS_BARS bounds=[0,0][1080,2400]}], requestedVisibilities=, from=com.android.server.wm.DisplayPolicy.focusChangedLw:3247 com.android.server.wm.DisplayContent.updateFocusedWindowLocked:4632 com.android.server.wm.RootWindowContainer.updateFocusedWindowLocked:595 
03-04 19:20:54.120  5405  6729 D StatusBarManagerService: notifyRequestedSystemKey recent=false home=false
03-04 19:20:54.121  5405  6729 V WindowManager: Relayout hash=1fdacec, pid=6106, syncId=-1: mAttrs={(0,0)(fillxfill) sim={adjust=resize forwardNavigation} layoutInDisplayCutoutMode=shortEdges ty=BASE_APPLICATION wanim=0x10302f4
03-04 19:20:54.121  5405  6729 V WindowManager:   fl=81810100
03-04 19:20:54.121  5405  6729 V WindowManager:   pfl=120a0040
03-04 19:20:54.121  5405  6729 V WindowManager:   vsysui=2010
03-04 19:20:54.121  5405  6729 V WindowManager:   apr=LIGHT_STATUS_BARS LIGHT_NAVIGATION_BARS
03-04 19:20:54.121  5405  6729 V WindowManager:   bhv=DEFAULT
03-04 19:20:54.121  5405  6729 V WindowManager:   fitSides= naviIconColor=0
03-04 19:20:54.121  5405  6729 V WindowManager:   sfl=1}
03-04 19:20:54.122  5763  5763 D SamsungLightBarControlHelper: onStatusBarAppearanceChanged() -  sbModeChanged:false, statusBarMode:MODE_TRANSPARENT, barState:SHADE, isKeyguardShowing:false, navbarColorManagedByIme:false, stackAppearancesChanged:true, (AppearanceRegion{LIGHT_STATUS_BARS bounds=[0,0][1080,2400]}, ), packageName:com.android.settings
03-04 19:20:54.123  5763  5763 D NavigationBar: onSystemBarAttributesChanged() -  displayId:0, appearance:24, packageName: com.android.settings (APPEARANCE_LIGHT_STATUS_BARS APPEARANCE_LIGHT_NAVIGATION_BARS ), navbarColorManagedByIme:false
03-04 19:20:54.123  6173 11035 I TouchInteractionService: onSystemUiStateChanged, stateFlags : 131072 |allow_gesture|
03-04 19:20:54.124  6106  6106 I ViewRootImpl@c9b830a[SubSettings]: updateBlastSurfaceIfNeeded mBlastBufferQueue=null isSameSurfaceControl=false
03-04 19:20:54.124  5763  5763 D SamsungLightBarControlHelper: updateStatus(BLACK icon) NumStacks:1, StatusBarMode:MODE_TRANSPARENT, lightBarBounds:[Rect(0, 0 - 1080, 2400)], StatusBarState:SHADE, packageName:com.android.settings, isWhiteKeyguardStatusBarBySettings:true
03-04 19:20:54.125  6106  6106 I BLASTBufferQueue: new BLASTBufferQueue, mName= ViewRootImpl@c9b830a[SubSettings] mNativeObject= 0x7513a8c900 sc.mNativeObject= 0x756d9685a0 caller= android.view.ViewRootImpl.updateBlastSurfaceIfNeeded:2909 android.view.ViewRootImpl.relayoutWindow:9847 android.view.ViewRootImpl.performTraversals:3884 android.view.ViewRootImpl.doTraversal:3116 android.view.ViewRootImpl$TraversalRunnable.run:10885 android.view.Choreographer$CallbackRecord.run:1301 android.view.Choreographer$CallbackRecord.run:1309 android.view.Choreographer.doCallbacks:923 android.view.Choreographer.doFrame:852 android.view.Choreographer$FrameDisplayEventReceiver.run:1283 
03-04 19:20:54.125  6106  6106 I BLASTBufferQueue: update, w= 1080 h= 2400 mName = ViewRootImpl@c9b830a[SubSettings] mNativeObject= 0x7513a8c900 sc.mNativeObject= 0x756d9685a0 format= -1 caller= android.graphics.BLASTBufferQueue.<init>:84 android.view.ViewRootImpl.updateBlastSurfaceIfNeeded:2909 android.view.ViewRootImpl.relayoutWindow:9847 android.view.ViewRootImpl.performTraversals:3884 android.view.ViewRootImpl.doTraversal:3116 android.view.ViewRootImpl$TraversalRunnable.run:10885 
03-04 19:20:54.126  6106  6106 I ViewRootImpl@c9b830a[SubSettings]: Relayout returned: old=(0,0,1080,2400) new=(0,0,1080,2400) req=(1080,2400)0 dur=13 res=0x3 s={true 0x7513a87000} ch=true seqId=0
03-04 19:20:54.127  6106  6106 I ViewRootImpl@c9b830a[SubSettings]: mThreadedRenderer.initialize() mSurface={isValid=true 0x7513a87000} hwInitialized=true
03-04 19:20:54.127  6106  6200 D OpenGLRenderer: eglCreateWindowSurface
03-04 19:20:54.129  6106  6106 I ViewRootImpl@c9b830a[SubSettings]: reportNextDraw android.view.ViewRootImpl.performTraversals:4438 android.view.ViewRootImpl.doTraversal:3116 android.view.ViewRootImpl$TraversalRunnable.run:10885 android.view.Choreographer$CallbackRecord.run:1301 android.view.Choreographer$CallbackRecord.run:1309 
03-04 19:20:54.129  6106  6106 I ViewRootImpl@c9b830a[SubSettings]: Setup new sync id=4
03-04 19:20:54.129  6106  6106 I ViewRootImpl@c9b830a[SubSettings]: Setting syncFrameCallback
03-04 19:20:54.129  6106  6106 I ViewRootImpl@c9b830a[SubSettings]: registerCallbacksForSync syncBuffer=false
03-04 19:20:54.134  6106  6240 I ViewRootImpl@c9b830a[SubSettings]: Received frameDrawingCallback syncResult=0 frameNum=1.
03-04 19:20:54.135  6106  6240 I ViewRootImpl@c9b830a[SubSettings]: Setting up sync and frameCommitCallback
03-04 19:20:54.135  6173  6173 I RecentsAnimationDeviceState: setSystemUiFlags, stateFlags : 131072
03-04 19:20:54.135  6173  6173 I TouchInteractionService: onSystemUiFlagsChanged, lastSysUIFlags : 0
03-04 19:20:54.141  5763  5763 I ViewRootImpl@1b8fc88[NotificationShade]: performTraversals mFirst=false windowShouldResize=false viewVisibilityChanged=false mForceNextWindowRelayout=false params={(0,0)(fillxfill) gr=TOP CENTER_VERTICAL sim={adjust=resize} layoutInDisplayCutoutMode=always ty=NOTIFICATION_SHADE fmt=TRANSLUCENT
03-04 19:20:54.141  5763  5763 I ViewRootImpl@1b8fc88[NotificationShade]:   fl=81840048
03-04 19:20:54.141  5763  5763 I ViewRootImpl@1b8fc88[NotificationShade]:   pfl=1b000000
03-04 19:20:54.141  5763  5763 I ViewRootImpl@1b8fc88[NotificationShade]:   vsysui=2000
03-04 19:20:54.141  5763  5763 I ViewRootImpl@1b8fc88[NotificationShade]:   apr=LIGHT_STATUS_BARS
03-04 19:20:54.141  5763  5763 I ViewRootImpl@1b8fc88[NotificationShade]:   bhv=SHOW_TRANSIENT_BARS_BY_SWIPE naviIconColor=0
03-04 19:20:54.141  5763  5763 I ViewRootImpl@1b8fc88[NotificationShade]:   sfl=60000}
03-04 19:20:54.142  5405  7590 V WindowManager: Relayout Window{6d7ee64 u0 NotificationShade}: viewVisibility=4 req=1080x2400 d0
03-04 19:20:54.145  6106  6200 I BLASTBufferQueue: [ViewRootImpl@c9b830a[SubSettings]#139](f:0,a:0) onFrameAvailable the first frame is available
03-04 19:20:54.146  6106  6200 I ViewRootImpl@c9b830a[SubSettings]: Received frameCommittedCallback lastAttemptedDrawFrameNum=1 didProduceBuffer=true
03-04 19:20:54.147  5405  7590 V WindowManager: Relayout hash=6d7ee64, pid=5763, syncId=-1: mAttrs={(0,0)(fillxfill) gr=TOP CENTER_VERTICAL sim={adjust=resize} layoutInDisplayCutoutMode=always ty=NOTIFICATION_SHADE fmt=TRANSLUCENT
03-04 19:20:54.147  5405  7590 V WindowManager:   fl=81840048
03-04 19:20:54.147  5405  7590 V WindowManager:   pfl=1b000000
03-04 19:20:54.147  5405  7590 V WindowManager:   vsysui=2000
03-04 19:20:54.147  5405  7590 V WindowManager:   apr=LIGHT_STATUS_BARS
03-04 19:20:54.147  5405  7590 V WindowManager:   bhv=SHOW_TRANSIENT_BARS_BY_SWIPE naviIconColor=0
03-04 19:20:54.147  5405  7590 V WindowManager:   sfl=60000}
03-04 19:20:54.147  6106  6106 I ViewRootImpl@c9b830a[SubSettings]: onSyncComplete
03-04 19:20:54.147  6106  6106 I ViewRootImpl@c9b830a[SubSettings]: setupSync seqId=0 mSyncId=4 fn=1 caller=android.view.ViewRootImpl$$ExternalSyntheticLambda11.accept:6 android.window.SurfaceSyncer.lambda$setupSync$1$android-window-SurfaceSyncer:128 android.window.SurfaceSyncer$$ExternalSyntheticLambda1.accept:8 android.window.SurfaceSyncer$SyncSet.checkIfSyncIsComplete:382 android.window.SurfaceSyncer$SyncSet.markSyncReady:359 android.window.SurfaceSyncer.markSyncReady:151 android.view.ViewRootImpl.performTraversals:4503 
03-04 19:20:54.148  6106  6106 I ViewRootImpl@c9b830a[SubSettings]: reportDrawFinished seqId=0 mSyncId=-1 fn=1 mSurfaceChangedTransaction=0x74e0dc1d00
03-04 19:20:54.148  5405  6729 D WindowManager: finishDrawingWindow: Window{1fdacec u0 com.android.settings/com.android.settings.SubSettings} mDrawState=DRAW_PENDING seqId=0
03-04 19:20:54.150  5052  5052 I Layer   : id=7090 removeFromCurrentState Surface(name=55d54e7 StatusBar)/@0xf50212f - animation-leash of insets_animation#7090 (125)
03-04 19:20:54.150  5052  5052 I Layer   : id=7091 removeFromCurrentState Surface(name=7b7936b NavigationBar0)/@0x3ba5c41 - animation-leash of insets_animation#7091 (125)
03-04 19:20:54.150  5052  5052 D SurfaceFlinger: [input] inputWindowCommands.focusRequests size is 1
03-04 19:20:54.152  5405  5452 V WindowManager: Finish starting ActivityRecord{ec8f361 u0 com.android.settings/.SubSettings} t9}: first real window is shown, no animation
03-04 19:20:54.153  5052  5144 D SurfaceFlinger: [input] setFocusedWindow: 1fdacec com.android.settings/com.android.settings.SubSettings
03-04 19:20:54.153  5405  5452 V WindowManager: Schedule remove starting ActivityRecord{ec8f361 u0 com.android.settings/.SubSettings} t9} startingWindow=null startingView=null Callers=com.android.server.wm.ActivityRecord.removeStartingWindow:3233 com.android.server.wm.ActivityRecord.onFirstWindowDrawn:7460 com.android.server.wm.WindowState.performShowLocked:5491 com.android.server.wm.WindowStateAnimator.commitFinishDrawingLocked:351 com.android.server.wm.DisplayContent.lambda$new$8:1189 
03-04 19:20:54.153  5405  5452 V WindowManager: Removing startingView=com.android.server.wm.StartingSurfaceController$StartingSurface@d72f583
03-04 19:20:54.153  5405  6729 D InputDispatcher: Focus request (0): 1fdacec com.android.settings/com.android.settings.SubSettings but waiting because NO_WINDOW
03-04 19:20:54.153  5405  5452 D ActivityManagerPerformance: AMP_release() ACT_RESUME
03-04 19:20:54.154  5763  5763 I ViewRootImpl@1b8fc88[NotificationShade]: Relayout returned: old=(0,0,1080,2400) new=(0,0,1080,2400) req=(1080,2400)4 dur=8 res=0x0 s={false 0x0} ch=false seqId=6
03-04 19:20:54.154  5405  5452 V WindowManager: performShowLocked: mDrawState=HAS_DRAWN in Window{1fdacec u0 com.android.settings/com.android.settings.SubSettings}
03-04 19:20:54.157  5405  5452 D ActivityTaskManager: mStartingWindow and mStartingData is null for token=ActivityRecord{ec8f361 u0 com.android.settings/.SubSettings} t9}
03-04 19:20:54.158  4967  5044 I HYPER-HAL: [RequestManager.cpp]releaseLocked(): Released ID : 14761489
03-04 19:20:54.165  5405  5464 W libprocessgroup: Failed to open /dev/blkio//cgroup.procs: No such file or directory
03-04 19:20:54.165  5405  5451 I AppOps  : updateUidProcState uid: 10232 procState: 5 capability:15
03-04 19:20:54.165  5405  5451 I AppOps  : updateUidProcState uid: 10224 procState: 5 capability:15
03-04 19:20:54.165  5405  5451 I ActivityManager: Changes in 10135 2 to 5, 15 to 8
03-04 19:20:54.166  5052  5052 I Layer   : Layer [com.android.settings/com.android.settings.SubSettings$_6106#7099] hidden!! flag(0)
03-04 19:20:54.169  5405  7590 D InputDispatcher: Focus entered window (0): 1fdacec com.android.settings/com.android.settings.SubSettings
03-04 19:20:54.170  6106  6106 I ViewRootImpl@c9b830a[SubSettings]: MSG_WINDOW_FOCUS_CHANGED 1 0
03-04 19:20:54.171  6106  6106 I ViewRootImpl@c9b830a[SubSettings]: mThreadedRenderer.initializeIfNeeded()#2 mSurface={isValid=true 0x7513a87000}
03-04 19:20:54.172  6106  6106 D InputMethodManager: startInputInner - Id : 0
03-04 19:20:54.172  6106  6106 I InputMethodManager: startInputInner - mService.startInputOrWindowGainedFocus
03-04 19:20:54.174  5145  6266 I CameraService: onUidStateChanged: uid=10232, procState is changed. (3 -> 5)
03-04 19:20:54.175  5052  5052 D SurfaceFlinger: Display 0 HWC layers:
03-04 19:20:54.175  5052  5052 D SurfaceFlinger:      DEVICE | 0x7c44fbd280 | 0102 | RGBA_8888    |    0.0    0.0 1080.0 2400.0 |    0    0 1080 2400 | com.android.settings/com.android.settings.SubSettings$_6106#7099
03-04 19:20:54.175  5052  5052 D SurfaceFlinger:      DEVICE | 0x7c2f9893c0 | 0000 | RGBA_8888    |    0.0    0.0 1080.0 2400.0 |    0    0 1080 2400 | SnapshotStartingWindow for taskId=9$_5763#7094
03-04 19:20:54.175  5052  5052 D SurfaceFlinger:      DEVICE | 0x7c6c8a80c0 | 0100 | RGBA_8888    |    0.0    0.0 1080.0   88.0 |    0    0 1080   88 | StatusBar$_5763#90
03-04 19:20:54.175  5052  5052 D SurfaceFlinger:      DEVICE | 0x7c6c8a8200 | 0100 | RGBA_8888    |    0.0    0.0 1080.0  126.0 |    0 2274 1080 2400 | NavigationBar0$_5763#85
03-04 19:20:54.175  5052  5052 D SurfaceFlinger:      DEVICE | 0x7c6c8a5780 | 0140 | RGBA_8888    |    0.0    0.0 1080.0  100.0 |    0    0 1080  100 | ScreenDecorOverlay$_5763#95
03-04 19:20:54.175  5052  5052 D SurfaceFlinger:      DEVICE | 0x7c6c8a8480 | 0140 | RGBA_8888    |    0.0    0.0 1080.0  100.0 |    0 2300 1080 2400 | ScreenDecorOverlayBottom$_5763#96
03-04 19:20:54.175  5052  5052 D SurfaceFlinger: 
03-04 19:20:54.177  5405  7590 V InputMethodManagerService: Unspecified window will hide input
03-04 19:20:54.177  5405  7590 V InputMethodManagerService: hideCurrentInputLocked : canceled, shouldHideSoftInput=false, mInputShown=false, mImeWindowVis=0
03-04 19:20:54.177  5405  7590 I InputMethodBindingController: setCurrentMethodNotVisible: mVisibleBound=false, mHasConnection=true, caller = com.android.server.inputmethod.InputMethodManagerService.hideCurrentInputLocked:4356 com.android.server.inputmethod.InputMethodManagerService.startInputOrWindowGainedFocusInternalLocked:4662 com.android.server.inputmethod.InputMethodManagerService.startInputOrWindowGainedFocusInternal:4440 com.android.server.inputmethod.InputMethodManagerService.startInputOrWindowGainedFocus:4379 com.android.internal.view.IInputMethodManager$Stub.onTransact:518 com.android.server.inputmethod.InputMethodManagerService.onTransact:2302 android.os.Binder.execTransactInternal:1316 android.os.Binder.execTransact:1280 <bottom of call stack> <bottom of call stack> 
03-04 19:20:54.177  5405  7590 D InputMethodManagerService: mDesktopModeManager null!
03-04 19:20:54.177  5405  7590 V InputMethodManagerService: getDisplayIdOfInputMethodWindowToBeAdded: displayId=0
03-04 19:20:54.178  5405  7590 D InputMethodManagerService: isImeSwitcherDisabledPackage : false
03-04 19:20:54.178  5405  7590 D InputMethodManagerService: shouldShowImeSwitcherLocked : checking vis : 3
03-04 19:20:54.180  5405  7590 D InputMethodManagerService: checkDisplayOfStartInputAndUpdateKeyboard: displayId=0, mFocusedDisplayId=0
03-04 19:20:54.180  5405  7590 D InputTransport: Input channel constructed: 'ClientS', fd=791
03-04 19:20:54.180  5405  7590 D InputTransport: Input channel destroyed: 'ClientS', fd=791
03-04 19:20:54.181  8662  8662 I HBD     : HoneyBoardService onFinishInput 
03-04 19:20:54.181  5405  7590 D RestrictionPolicy: isScreenCaptureEnabled : ret=true userId=0
03-04 19:20:54.181  8662  8662 I HBD     : a IC have been unbinding,  RemoteInputConnection{idHash=#1b8ca43}
03-04 19:20:54.181  8662  8662 I HBD     : HoneyBoardService [PF_CL][onFinishInput]  0 ms 
03-04 19:20:54.182  5405  7590 I WindowManager: Cancelling animation restarting=true, leash=Surface(name=Surface(name=488322e InputMethod)/@0xb04575c - animation-leash of insets_animation)/@0x22bcefc
03-04 19:20:54.182  8662  8662 I HBD     : HoneyBoardService [IMI] onStartInput - caller pid : 6106 , caller uid : 1000 
03-04 19:20:54.182  8662  8662 I HBD     : j updateConfigs 
03-04 19:20:54.182  8662  8662 I HBD     : j isEnabledNightMode : false 
03-04 19:20:54.182  8662  8662 I HBD     : a IC have been binding, RemoteInputConnection{idHash=#c20b8c0} 
03-04 19:20:54.182  8662  8662 I HBD     : h [EditorInputType]setPrivateImeOptionsToTable privateImeOptions ( null )
03-04 19:20:54.183  6106 31369 W SecTileUtils: Found com.android.settings.Settings$LockscreenSettingsActivity for intent Intent { act=com.android.settings.action.SETTINGS pkg=com.android.settings } missing metadata com.android.settings.category
03-04 19:20:54.182  8662  8662 I HBD     : b incognitoMode : false 
03-04 19:20:54.183  6106 31369 I SecTileUtils: Found com.android.settings.Settings$BluetoothSettingsActivity for intent Intent { act=com.android.settings.action.SETTINGS pkg=com.android.settings } metadata Bundle[{com.android.settings.support=KNOXCUSTOM_KIOSK, com.samsung.android.settings.menu.group.mpsm=group1, com.android.settings.FRAGMENT_CLASS=com.samsung.android.settings.bluetooth.BluetoothSettings, voicecommand=2131887601, com.android.settings.TOP_LEVEL_TILE_ID=connections_settings, com.android.settings.tileid=bluetooth_settings, com.sec.android.PRIMARY_KNOX_CONTROLLED=true, com.android.settings.category=com.android.settings.category.ia.homepage, com.android.settings.HIGHLIGHT_MENU_KEY=top_level_connections, com.android.settings.icon=2131232765}]
03-04 19:20:54.183  6106 31369 D SecTileUtils: setMetaData key : Pair{com.android.settings com.android.settings.Settings$BluetoothSettingsActivity} , categoryKey com.android.settings.category.ia.homepage
03-04 19:20:54.183  8662  8662 I HBD     : b needOff = true , isForceOff = false, isNullInputClass : true 
03-04 19:20:54.183  6106 31369 D SecTileUtils: META_DATA_TILE_ID tile.tileId : bluetooth_settings
03-04 19:20:54.183  6106 31369 D SecTileUtils: META_DATA_PREFERENCE_SUPPORT tile.support : KNOXCUSTOM_KIOSK
03-04 19:20:54.183  6106 31369 W SecTileUtils: Found com.android.settings.Settings$CloudAccountSettingsActivity for intent Intent { act=com.android.settings.action.SETTINGS pkg=com.android.settings } missing metadata com.android.settings.category
03-04 19:20:54.183  8662  8662 I HBD     : h getDefaultInputRange : UNKNOWN 
03-04 19:20:54.183  6106 31369 W SecTileUtils: Found com.android.settings.Settings$UsefulFeatureMainActivity for intent Intent { act=com.android.settings.action.SETTINGS pkg=com.android.settings } missing metadata com.android.settings.category
03-04 19:20:54.183  8662  8662 I HBD     : h getDefaultInputRange : UNKNOWN 
03-04 19:20:54.183  8662  8662 I HBD     : h getDefaultInputRange : UNKNOWN 
03-04 19:20:54.183  6106 31369 I SecTileUtils: Found com.android.settings.Settings$DevelopmentSettingsDashboardActivity for intent Intent { act=com.android.settings.action.SETTINGS pkg=com.android.settings } metadata Bundle[{com.android.settings.PRIMARY_PROFILE_CONTROLLED=true, com.android.settings.summary=2131888625, com.android.settings.support=Common, com.android.settings.FRAGMENT_CLASS=com.android.settings.development.DevelopmentSettingsDashboardFragment, com.android.settings.keyhint=top_level_developer_options, com.android.settings.TOP_LEVEL_TILE_ID=development_settings, com.android.settings.order=500000, com.android.settings.title=2131888625, com.android.settings.tileid=development_settings, com.sec.android.PRIMARY_KNOX_CONTROLLED=true, com.android.settings.category=com.android.settings.category.ia.homepage, com.android.settings.icon=2131231754}]
03-04 19:20:54.184  6106 31369 D SecTileUtils: setMetaData key : Pair{com.android.settings com.android.settings.Settings$DevelopmentSettingsDashboardActivity} , categoryKey com.android.settings.category.ia.homepage
03-04 19:20:54.184  6106 31369 D SecTileUtils: META_DATA_TILE_ID tile.tileId : development_settings
03-04 19:20:54.184  6106 31369 D SecTileUtils: META_DATA_PREFERENCE_SUPPORT tile.support : Common
03-04 19:20:54.186  5763  5763 I FaceWidgetPositionAlgorithm: getClockContainerHeight() supplier = 610, bottom margin = 0, real height = 673
03-04 19:20:54.190  5052  5729 I SurfaceFlinger: id=7091 Removed Surface(name=7b7936b NavigationBar0)/@0x3ba5c41 - animation-leash of insets_animation#7091 (125)
03-04 19:20:54.190  5052  5729 I SurfaceFlinger: id=7090 Removed Surface(name=55d54e7 StatusBar)/@0xf50212f - animation-leash of insets_animation#7090 (125)
03-04 19:20:54.196  5763  5763 I FaceWidgetPositionAlgorithm: getClockContainerHeight() supplier = 610, bottom margin = 63, real height = 673
03-04 19:20:54.196  5763  5763 I FaceWidgetPositionAlgorithm: getMediaContainerHeight() height = 0 container Visibility = 8, isValid = false, mIsDozing = false, fraction = 1.0, source = 0, target = 0
03-04 19:20:54.196  8662  8662 I HBD     : b needOff = true , isForceOff = false, isNullInputClass : true 
03-04 19:20:54.196  5763  5763 I FaceWidgetPositionAlgorithm: getMediaContainerHeight() supplier = 0
03-04 19:20:54.197  8662  8662 I HBD     : b update cached prediction status : false 
03-04 19:20:54.197  8662  8662 I HBD     : h getDefaultInputRange : UNKNOWN 
03-04 19:20:54.197  8662  8662 I HBD     : a currentState : 0 
03-04 19:20:54.197  8662  8662 I HBD     : a [UpdatePolicy] [post] a: 0 cl: 65538 kit: [0/0] vt: 0 ir: 1 
03-04 19:20:54.197  8662  8662 I HBD     : a [NRIC] resetNoResponseState 
03-04 19:20:54.197  8662  8662 I HBD     : b needOff = true , isForceOff = false, isNullInputClass : true 
03-04 19:20:54.197  8662  8662 I HBD     : b update cached prediction status : false 
03-04 19:20:54.198  8662  8662 I HBD     : HoneyBoardService [PF_OP][onStartInput]  16 ms 
03-04 19:20:54.200  5052  5052 I Layer   : id=7090 Destroyed Surface(name=55d54e7 StatusBar)/@0xf50212f - animation-leash of insets_animation#7090
03-04 19:20:54.200  5052  5052 I Layer   : id=7091 Destroyed Surface(name=7b7936b NavigationBar0)/@0x3ba5c41 - animation-leash of insets_animation#7091
03-04 19:20:54.208  6173  6173 I SearchBarManager: alpha value: [1.0, 0.0, 0.73913044, 1.0, 1.0]
03-04 19:20:54.208  6173  6173 I HsClearAllManager: alpha value: [1.0, 0.0, 0.73913044, 1.0, 1.0]
03-04 19:20:54.208  6173  6173 I HandOffManager: alpha value: [1.0, 0.0, 0.73913044, 1.0, 1.0, 0.0, 1.0]
03-04 19:20:54.208  6173  6173 I FgsManager: alpha value: [1.0, 0.0, 0.73913044, 1.0, 1.0]
03-04 19:20:54.209  6173  6173 I SearchBarManager: alpha value: [1.0, 0.0, 1.0, 1.0, 1.0]
03-04 19:20:54.209  6173  6173 I SuggestedAppsManager: alpha value: [1.0, 0.0, 1.0, 0.0, 1.0]
03-04 19:20:54.209  6173  6173 I HsClearAllManager: alpha value: [1.0, 0.0, 1.0, 1.0, 1.0]
03-04 19:20:54.209  6173  6173 I HandOffManager: alpha value: [1.0, 0.0, 1.0, 1.0, 1.0, 0.0, 1.0]
03-04 19:20:54.209  6173  6173 I SplitViewManager: alpha value: [1.0, 1.0, 1.0, 0.0, 1.0, 1.0, 1.0, 1.0]
03-04 19:20:54.209  6173  6173 I FgsManager: alpha value: [1.0, 0.0, 1.0, 1.0, 1.0]
03-04 19:20:54.210  6173  6173 I ViewRootImpl@e012360[LauncherActivity]: stopped(true) old = false
03-04 19:20:54.210  6173  6173 I ViewRootImpl@e012360[LauncherActivity]: WindowStopped on com.sec.android.app.launcher/com.sec.android.app.launcher.activities.LauncherActivity set to true
03-04 19:20:54.224  5405  7590 I WindowManager: Reparenting to original parent: Surface(name=WindowToken{f1086dd type=2011 android.os.Binder@57ebab4})/@0x9f6a65, destroy=false, surface=Surface(name=488322e InputMethod)/@0xb04575c
03-04 19:20:54.224  5405  7590 I WindowManager: Reparenting to leash, surface=Surface(name=488322e InputMethod)/@0xb04575c, leashParent=Surface(name=WindowToken{f1086dd type=2011 android.os.Binder@57ebab4})/@0x9f6a65
03-04 19:20:54.225  5052  5844 I SurfaceFlinger: id=7102 createSurf flag=24004, Surface(name=488322e InputMethod)/@0xb04575c - animation-leash of insets_animation#7102
