03-04 19:20:51.488  6173  6173 W PagedView: mScroller.getCurrX() = 570, 55009487
03-04 19:20:51.505  6173  6173 W PagedView: mScroller.getCurrX() = 390, 55009504
03-04 19:20:51.525  6173  6173 W PagedView: mScroller.getCurrX() = 266, 55009520
03-04 19:20:51.533  5405 11222 D SGM:GameManager: identifyGamePackage. com.sec.android.app.launcher, mCurrentUserId: 0, callerUserId: 0, callingMethodInfo: com.android.server.ssrm.SortingMachine.isGame(SortingMachine.java:162)
03-04 19:20:51.533  5405 11222 D SGM:PkgDataHelper: getGamePkgData(). com.sec.android.app.launcher
03-04 19:20:51.539  6173  6173 W PagedView: mScroller.getCurrX() = 170, 55009537
03-04 19:20:51.556  6173  6173 W PagedView: mScroller.getCurrX() = 105, 55009554
03-04 19:20:51.573  6173  6173 W PagedView: mScroller.getCurrX() = 61, 55009571
03-04 19:20:51.589  6173  6173 W PagedView: mScroller.getCurrX() = 35, 55009587
03-04 19:20:51.605  6173  6389 I QuickstepModelDelegate: Widget predictions updated
03-04 19:20:51.608  6173  6173 W PagedView: mScroller.getCurrX() = 17, 55009604
03-04 19:20:51.623  6173  6173 W PagedView: mScroller.getCurrX() = 8, 55009621
03-04 19:20:51.640  6173  6173 W PagedView: mScroller.getCurrX() = 3, 55009638
03-04 19:20:51.656  6173  6173 W PagedView: mScroller.getCurrX() = 1, 55009654
03-04 19:20:51.673  6173  6173 W PagedView: mScroller.getCurrX() = 0, 55009671
03-04 19:20:51.723  6173  8544 I DvfsUtil: releasePageSwipe : takenTime = 298
03-04 19:20:51.725  4967  5044 I HYPER-HAL: [RequestManager.cpp]releaseLocked(): Released ID : 19062226
03-04 19:20:51.725  6173  6173 W PageOverlayMover: isMoving : false
03-04 19:20:51.744  6173  6173 W PagedView: Scroll Pos : (1055, 55009420)-(947, 55009437)-(796, 55009453)-(661, 55009470)-(570, 55009487)-(390, 55009504)-(266, 55009520)-(170, 55009537)-(105, 55009554)-(61, 55009571)-(35, 55009587)-(17, 55009604)-(8, 55009621)-(3, 55009638)-(1, 55009654)-(0, 55009671)-End
03-04 19:20:51.746  5405  5405 I Pageboost: package null
03-04 19:20:51.747  6724  6724 E pageboostd: Received HALT command code 2
03-04 19:20:51.755  6173  6389 I SPayUpdater: updateSpayHandler, show = true, defaultPage = true
03-04 19:20:51.891  5405  5667 I ChimeraAggressivePolicyHandler: executePolicy() - triggerSource: TRIGGER_SOURCE_HOME_IDLE
03-04 19:20:51.892  5405  5667 I ChimeraAggressivePolicyHandler: available memory: 4727208, free memory target: 2201600, quit chimera
03-04 19:20:51.968  7525  7692 I R0      : limitGPUFreq:: freq = 683000
03-04 19:20:51.968  7525  7692 I SemDvfsHyPerManager: acquire hyper - SIOP_GPU_FREQ_MAX/7525@4, type = 536875010
03-04 19:20:51.968  7525  7692 I R0      : limitCPUFreq:: freq = 1664000
03-04 19:20:51.968  7525  7692 I SemDvfsHyPerManager: acquire hyper - SIOP_ARM_MAX/7525@2, type = 301993986
03-04 19:20:51.969  4967  5044 I HYPER-HAL: [RequestManager.cpp]acquire(): Acquired ID : 28346689  [7525 / 4]    HINT :      list : [GPUMaxFreq / 683000] 
03-04 19:20:51.970  4967  5044 I HYPER-HAL: [RequestManager.cpp]acquire(): Acquired ID : 28331630  [7525 / 2]    HINT :      list : [CPUMaxFreq / 1664000] 
03-04 19:20:52.010  5405  5581 D InputReader: Btn_touch(9): value=1 when=55010.010447
03-04 19:20:52.010  5405  5581 I InputReader: Touch event's action is 0x0 (id=3, t=0) [pCnt=1, s=0.508 ] when=55010.010447
03-04 19:20:52.011  5405  5580 I InputDispatcher: Delivering touch to (5763): action: 0x4, f=0x0, d=0, '7b7936b', t=1 
03-04 19:20:52.011  5405  5580 I InputDispatcher: Delivering touch to (6173): action: 0x0, f=0x0, d=0, 'b3dadce', t=1 
03-04 19:20:52.011  6173  6173 I ViewRootImpl@e012360[LauncherActivity]: ViewPostIme pointer 0
03-04 19:20:52.012  6173  6173 W BaseDragLayer: dispatchTouchEvent, ACTION_DOWN - mTouchDispatchState = 11
03-04 19:20:52.012  6173  6173 W BaseDragLayer: findActiveController return false mTouchDispatchState = 11
03-04 19:20:52.013  6173  6173 I TouchInteractionService: createGestureState, gestureId : 988
03-04 19:20:52.013  6173  6173 I TopTaskTracker: getCachedTopTask : filterOnlyVisibleRecents = false
03-04 19:20:52.013  6173  6173 I TopTaskTracker: getCachedTopTask : tasks = [TaskInfo{userId=0 taskId=7 displayId=0 isRunning=true baseIntent=Intent { act=android.intent.action.MAIN cat=[android.intent.category.HOME] flg=0x10000100 cmp=com.sec.android.app.launcher/.activities.LauncherActivity } baseActivity=ComponentInfo{com.sec.android.app.launcher/com.sec.android.app.launcher.activities.LauncherActivity} topActivity=ComponentInfo{com.sec.android.app.launcher/com.android.launcher3.uioverrides.QuickstepLauncher} origActivity=ComponentInfo{com.sec.android.app.launcher/com.sec.android.app.launcher.activities.LauncherActivity} realActivity=ComponentInfo{com.sec.android.app.launcher/com.android.launcher3.uioverrides.QuickstepLauncher} numActivities=1 lastActiveTime=85657818 supportsSplitScreenMultiWindow=false supportsMultiWindow=false resizeMode=2 isResizeable=true minWidth=-1 minHeight=-1 defaultMinSize=220 token=WCT{android.window.IWindowContainerToken$Stub$Proxy@ee01545} topActivityType=2 pictureInPictureParams=null shouldDockBigOverlays=false launchIntoPipHostTaskId=0 displayCutoutSafeInsets=null topActivityInfo=ActivityInfo{442449a com.sec.android.app.launcher.activities.LauncherActivity} launchCookies=[] positionInParent=Point(0, 0) parentTaskId=-1 isFocused=false isVisible=true isSleeping=false topActivityInSizeCompat=false topActivityEligibleForLetterboxEducation= false locusId=LocusId[17_chars] displayAreaFeatureId=1 cameraCompatControlState=hidden originallySupportedSplitScreen=true hasWallpaper=true isTopTransparentActivity=true topActivityInFixedAspectRatio=false topActivityInDisplayCompat=false topActivityInBoundsCompat=false topActivityBounds=null}, TaskInfo{userId=0 taskId=9 displayId=0 isRunning=true baseIntent=Intent { act=android.intent.action.MAIN cat=[android.intent.category.LAUNCHER] flg=0x10200000 cmp=com.android.settings/.Settings } baseActivity=ComponentInfo{com.android.settings/com.android.settings.Settings} topActivity=ComponentInfo{com.android.settings/com.android.settings.SubSettings} origActivity=ComponentInfo{com.android.settings/com.android.settings.Settings} realActivity=ComponentInfo{com.android.settings/com.android.settings.homepage.SettingsHomepageActivity} numActivities=2 lastActiveTime=64475946 supportsSplitScreenMultiWindow=true supportsMultiWindow=true resizeMode=1 isResizeable=true minWidth=-1 minHeight=-1 defaultMinSize=220 token=WCT{android.window.IWindowContainerToken$Stub$Proxy@7b0103c} topActivityType=1 pictureInPictureParams=null shouldDockBigOverlays=false launchIntoPipHostTaskId=0 displayCutoutSafeInsets=Rect(0, 88 - 0, 0) topActivityInfo=ActivityInfo{55161c5 com.android.settings.SubSettings} launchCookies=[com.android.launcher3.util.ObjectWrapper@2ced71a] positionInParent=Point(0, 0) parentTaskId=-1 isFocused=false isVisible=false isSleeping=false topActivityInSizeCompat=false topActivityEligibleForLetterboxEducation= false locusId=null displayAreaFeatureId=1 cameraCompatControlState=hidden originallySupportedSplitScreen=true hasWallpaper=false isTopTransparentActivity=false topActivityInFixedAspectRatio=false topActivityInDisplayCompat=false topActivityInBoundsCompat=false topActivityBounds=null}, TaskInfo{userId=0 taskId=196 displayId=0 isRunning=true baseIntent=Intent { act=android.intent.action.MAIN cat=[android.intent.category.LAUNCHER] flg=0x10808000 cmp=com.android.settings/.Settings$UsbDetailsActivity } baseActivity=ComponentInfo{com.android.settings/com.android.settings.Settings$UsbDetailsActivity} topActivity=ComponentInfo{com.android.settings/com.android.settings.Settings$UsbDetailsActivity} origActivity=null realActivity=ComponentInfo{com.android.settings/com.android.settings.Settings$UsbDetailsActivity} numActivities=1 lastActiveTime=81892499 supportsSplitScreenMultiWindow=true supportsMultiWindow=true resizeMode=1 isResizeable=true minWidth=-1 minHeight=-1 defaultMinSize=220 token=WCT{android.window.IWindowContainerToken$Stub$Proxy@5787d26} topActivityType=1 pictureInPictureParams=null shouldDockBigOverlays=false launchIntoPipHostTaskId=0 displayCutoutSafeInsets=Rec
03-04 19:20:52.013  6173  6173 I GestureState: updateRunningTask, runningTask : 7, previousRunningTask : null
03-04 19:20:52.013  6173  6173 W RecentsAnimationDeviceState: canStartSystemGesture, return true by !isHomeDisabled
03-04 19:20:52.013  6173  6173 I TouchInteractionService: newConsumer, canStartSystemGesture : true
03-04 19:20:52.014  6173  6173 I OverviewInputConsumer: OverviewInputConsumer, startingInActivityBounds : false
03-04 19:20:52.014  6173  6173 I TouchInteractionService: newConsumer, base : com.android.quickstep.inputconsumers.OverviewInputConsumer@a3a51cb
03-04 19:20:52.014  6173  6173 I TwoFingerGestureInputConsumer: TwoFingerGestureInputConsumer
03-04 19:20:52.014  6173  6173 I TouchInteractionService: onInputEvent, inputConsumer = com.android.quickstep.inputconsumers.TwoFingerGestureInputConsumer@dc2dda8
03-04 19:20:52.015  5763  5897 V Navbar.Store: handleEvent(0) StartBottomGestureHintVI(hintId=0) [Module] 
03-04 19:20:52.015  5763  5897 V Navbar.Store: --[Band]GESTURE_PACK_START_HINT_VI
03-04 19:20:52.015  5763  5897 V Navbar.Store: ----apply(0) StartHintVI
03-04 19:20:52.015  6173  6173 W StatusBarController: onControllerInterceptTouchEvent return false by setting value
03-04 19:20:52.016  6173  6173 I HsTaskBooster: tick TASK_BOOST: 6173/800
03-04 19:20:52.028  5405  5449 I GestureDetector: obtain mCurrentDownEvent. id: 652878678 caller: com.android.server.wm.SystemGesturesPointerEventListener.onPointerEvent:203 com.android.server.wm.PointerEventDispatcher.onInputEvent:53 android.view.InputEventReceiver.dispatchInputEvent:285 
03-04 19:20:52.029  5405  5449 I GestureDetector: obtain mCurrentDownEvent. id: 652878678 caller: com.android.server.wm.SystemPerformancePointerEventListener.onPointerEvent:89 com.android.server.wm.PointerEventDispatcher.onInputEvent:53 android.view.InputEventReceiver.dispatchInputEvent:285 
03-04 19:20:52.044  5405  5449 I GestureDetector: obtain mCurrentMotionEventRaw. action: 2 id: 808341124
03-04 19:20:52.044  5405  5449 I GestureDetector: obtain mCurrentMotionEventRaw. action: 2 id: 808341124
03-04 19:20:52.057  6173  6173 W BaseDragLayer: findActiveController return false mTouchDispatchState = 15
03-04 19:20:52.059  6173  6173 W StatusBarController: onControllerInterceptTouchEvent return false by setting value
03-04 19:20:52.074  6173  6173 W BaseDragLayer: findActiveController return false mTouchDispatchState = 15
03-04 19:20:52.075  6173  6173 W StatusBarController: onControllerInterceptTouchEvent return false by setting value
03-04 19:20:52.091  6173  6173 W BaseDragLayer: findActiveController return false mTouchDispatchState = 15
03-04 19:20:52.092  6173  6173 W SGestureHintAnimationHelper: onDragStart
03-04 19:20:52.093  6173  6173 I StateManager: createAnimationToNewWorkspaceInternal : Hint
03-04 19:20:52.093  6173  6173 I AppsTransitionController: setStateWithAnimation - toState : Hint
03-04 19:20:52.094  6173  6173 I HomeStateTransitionController: workspace child count: 2
03-04 19:20:52.096  6173  6173 I SuggestedAppsAnimationCreator: createAnimator: show = false
03-04 19:20:52.096  6173  6173 I SuggestedAppsAnimationCreator: resetAnimatorProperty: return already toAlpha
03-04 19:20:52.096  6173  6173 I SuggestedAppsAnimationCreator: cancelAnimator
03-04 19:20:52.096  6173  6173 I FolderTransitionController: setStateWithAnimation : Hint
03-04 19:20:52.096  6173  6173 I FolderTransitionController: setFolderProperty : Hint,Normal,Normal
03-04 19:20:52.096  6173  6173 I PageEditTransitionController: setStateWithAnimation - from : Normal to : Hint
03-04 19:20:52.097  6173  6173 I StateManager: onAnimationStart state : Hint
03-04 19:20:52.097  6173  6173 I StateManager: onStateTransitionStart mState = Hint
03-04 19:20:52.097  6173  6173 I Launcher: onStateSetEnd for widget host, state : Hint
03-04 19:20:52.097  6173  6173 W LauncherAppWidgetHost: setShouldListenFlag, mFlags:15 flag:resume on:false isFront:false
03-04 19:20:52.097  6173  6173 I BaseActivity: addActivityFlags, flags : 64
03-04 19:20:52.098  6173  6173 I RecentsView: setOverviewStateEnabled false
03-04 19:20:52.098  6173  6173 I RecentsOrientedState: current RecentsOrientedState: [this=RecentsOrientedState@21055968 mOrientationHandler=PortraitPagedViewHandler@9364633 mDisplayRotation=0 mTouchRotation=0 mRecentsActivityRotation=0 mRecentsRotation=0 isRecentsActivityRotationAllowed=false mSystemRotation=true mStateId=38272 mFlags=299]
03-04 19:20:52.099  6173  6173 I WhiteBgColorNotifier: changeWhiteBgSystemUIColor type = 4 supportWhiteBg : true forced : false mStatusBarColorIsDark true mNavigationBarColorIsDark true
03-04 19:20:52.099  6173  6173 I WhiteBgColorNotifier: changeWhiteBgSystemUIColor type = 5 supportWhiteBg : true forced : false mStatusBarColorIsDark true mNavigationBarColorIsDark true
03-04 19:20:52.099  6173  6173 I BaseDragLayer: founded touch controller : com.android.launcher3.uioverrides.touchcontrollers.NoButtonNavbarToOverviewTouchController@841c7b4
03-04 19:20:52.105  5405  7494 D InputDispatcher: Cancel for 'b3dadce': input channel stole pointer stream, m=1
03-04 19:20:52.105  5405  7494 I InputDispatcher: Delivering touch to (6173): action: 0x3, f=0x0, d=0, 'b3dadce', t=1 
03-04 19:20:52.105  5405  7494 D InputDispatcher: Cancel for '[Gestur': input channel stole pointer stream, m=1
03-04 19:20:52.105  5405  7494 D InputDispatcher: Cancel for '[Gestur': input channel stole pointer stream, m=1
03-04 19:20:52.106  5405  7494 D InputDispatcher: Cancel for 'f5d9b79': input channel stole pointer stream, m=1
03-04 19:20:52.106  5405  7494 I InputDispatcher: Channel [Gesture Monitor] swipe-up (server) is stealing touch from [b3dadce com.sec.android.app.launcher/com.sec.android.app.launcher.activities.LauncherActivity (server), [Gesture Monitor] PalmMotion (server), [Gesture Monitor] edge-swipe (server), f5d9b79 com.android.systemui.ImageWallpaper (server)]
03-04 19:20:52.106  6173  6173 W BaseDragLayer: findActiveController return false mTouchDispatchState = 4
03-04 19:20:52.107  6173  6389 I SPayUpdater: updateSpayHandler, show = false, defaultPage = false
03-04 19:20:52.116  5405  5449 D WindowManager: requestTransientBars: swipeTarget=Window{7b7936b u0 NavigationBar0}, controlTarget=Window{b3dadce u0 com.sec.android.app.launcher/com.sec.android.app.launcher.activities.LauncherActivity}, canShowTransient=true, restorePositionTypes=0x3, from=com.android.server.wm.DisplayPolicy.-$$Nest$mrequestTransientBars:0 com.android.server.wm.DisplayPolicy$1.onSwipeFromBottom:608 
03-04 19:20:52.126  6173  6173 I StateManager: Animation is canceled. mStateChanged is changed to False : Hint
03-04 19:20:52.128  6173  6173 I DecorView: notifyKeepScreenOnChanged: keepScreenOn=false
03-04 19:20:52.128  6173  6173 I StateManager: Animation is canceled. mStateChanged is changed to False : Hint
03-04 19:20:52.128  6173  6173 I SuggestedAppsAnimationCreator: setCancelListener: initHiddenAlpha
03-04 19:20:52.128  6173  6173 I SuggestedAppsAnimationCreator: initProperties: alpha = 0.0
03-04 19:20:52.128  6173  6173 I StateManager: End animation. mStateChanged is changed to False : Hint
03-04 19:20:52.128  6173  6173 I StateManager: goToState Overview delay : 0
03-04 19:20:52.128  6173  6173 I StateManager: goToStateAnimated mStateChanged is True
03-04 19:20:52.128  6173  6173 I StateManager: createAnimationToNewWorkspaceInternal : Overview
03-04 19:20:52.129  6173  6173 I AppsTransitionController: setStateWithAnimation - toState : Overview
03-04 19:20:52.129  6173  6173 I HomeStateTransitionController: workspace child count: 2
03-04 19:20:52.134  6173  6173 I SuggestedAppsManager: updateItems, filterHotseat : true
03-04 19:20:52.134  6173  6173 W SuggestedAppsManager: Disabled. Skip this request.
03-04 19:20:52.135  6173  6173 I RecentsView: Skip loading task enabled : false  changeId : -1
03-04 19:20:52.135  6173  6173 I FolderTransitionController: setStateWithAnimation : Overview
03-04 19:20:52.135  6173  6173 I FolderTransitionController: setFolderProperty : Overview,Hint,Normal
03-04 19:20:52.135  6173  6173 I PageEditTransitionController: setStateWithAnimation - from : Hint to : Overview
03-04 19:20:52.135  6173  6173 I CapturedBlurTransitionController: setStateWithAnimation : isLand=false, mPreviousOrientation=1, mLauncher.orientation=1
03-04 19:20:52.136  6173  6173 I CapturedBlur: shouldTakeScreenshot : needTakeScreenshot=false, mWallpaperChanged=false, mWallpaperDrawCompleted=false, mCapture=nonNull, isOrientationChanged()=false, isDisplayChanged()=false
03-04 19:20:52.136  6173  6173 I CapturedBlur: takeScreenShot() shouldTakeScreenshot: false
03-04 19:20:52.136  6173  6173 I StateManager: goToStateAnimated to Overview
03-04 19:20:52.136  6173  6173 I SuggestedAppsAnimationCreator: setCancelListener: initHiddenAlpha
03-04 19:20:52.136  6173  6173 I SuggestedAppsAnimationCreator: initProperties: alpha = 0.0
03-04 19:20:52.138  6173  6173 I ViewRootImpl@e012360[LauncherActivity]: performTraversals params={(0,0)(fillxfill) sim={adjust=nothing} layoutInDisplayCutoutMode=shortEdges ty=BASE_APPLICATION fmt=TRANSPARENT wanim=0x10302f4
03-04 19:20:52.138  6173  6173 I ViewRootImpl@e012360[LauncherActivity]:   fl=81910100
03-04 19:20:52.138  6173  6173 I ViewRootImpl@e012360[LauncherActivity]:   pfl=1e020040
03-04 19:20:52.138  6173  6173 I ViewRootImpl@e012360[LauncherActivity]:   vsysui=1700
03-04 19:20:52.138  6173  6173 I ViewRootImpl@e012360[LauncherActivity]:   apr=LIGHT_STATUS_BARS LIGHT_NAVIGATION_BARS
03-04 19:20:52.138  6173  6173 I ViewRootImpl@e012360[LauncherActivity]:   bhv=SHOW_TRANSIENT_BARS_BY_SWIPE
03-04 19:20:52.138  6173  6173 I ViewRootImpl@e012360[LauncherActivity]:   fitSides= naviIconColor=0}
03-04 19:20:52.138  5405  7590 D VibratorManagerService: vibrate - uid: 10135, opPkg: com.sec.android.app.launcher, effect: Mono{mEffect=Composed{segments=[SemHaptic{mType=50124}], repeat=-1, mMagnitudeType=TYPE_TOUCH}}, attrs: VibrationAttributes: Usage=TOUCH Audio Usage= USAGE_ASSISTANCE_SONIFICATION tags= Flags=0, reason: null, token: android.os.BinderProxy@ac7e9a3
03-04 19:20:52.138  5405  7590 D VibratorManagerService: converted usage = TOUCH(18)
03-04 19:20:52.138  5405  7590 D VibratorManagerService: magnitude value is under 0
03-04 19:20:52.138  5405  7590 D VibratorManagerService: Canceling vibration
03-04 19:20:52.138  5405  7590 D VibratorManagerService: The vibration was not generated normally.
03-04 19:20:52.138  6173  6173 I ViewRootImpl@e012360[LauncherActivity]: performTraversals mFirst=false windowShouldResize=false viewVisibilityChanged=false mForceNextWindowRelayout=false params={(0,0)(fillxfill) sim={adjust=nothing} layoutInDisplayCutoutMode=shortEdges ty=BASE_APPLICATION fmt=TRANSPARENT wanim=0x10302f4
03-04 19:20:52.138  6173  6173 I ViewRootImpl@e012360[LauncherActivity]:   fl=81910100
03-04 19:20:52.138  6173  6173 I ViewRootImpl@e012360[LauncherActivity]:   pfl=1e020040
03-04 19:20:52.138  6173  6173 I ViewRootImpl@e012360[LauncherActivity]:   vsysui=1700
03-04 19:20:52.138  6173  6173 I ViewRootImpl@e012360[LauncherActivity]:   apr=LIGHT_STATUS_BARS LIGHT_NAVIGATION_BARS
03-04 19:20:52.138  6173  6173 I ViewRootImpl@e012360[LauncherActivity]:   bhv=SHOW_TRANSIENT_BARS_BY_SWIPE
03-04 19:20:52.138  6173  6173 I ViewRootImpl@e012360[LauncherActivity]:   fitSides= naviIconColor=0}
03-04 19:20:52.139  5405  7621 V WindowManager: Relayout Window{b3dadce u0 com.sec.android.app.launcher/com.sec.android.app.launcher.activities.LauncherActivity}: viewVisibility=0 req=1080x2400 d0
03-04 19:20:52.141  5763  5763 D PopupUI.PopupUI: PopupUIReceiver.onReceive() action : android.intent.action.CLOSE_SYSTEM_DIALOGS
03-04 19:20:52.142  5763  5763 D LocationControllerImpl: onReceive() = android.intent.action.CLOSE_SYSTEM_DIALOGS
03-04 19:20:52.143  5405  7621 V WindowManager: Relayout hash=b3dadce, pid=6173, syncId=-1: mAttrs={(0,0)(fillxfill) sim={adjust=nothing} layoutInDisplayCutoutMode=shortEdges ty=BASE_APPLICATION fmt=TRANSPARENT wanim=0x10302f4
03-04 19:20:52.143  5405  7621 V WindowManager:   fl=81910100
03-04 19:20:52.143  5405  7621 V WindowManager:   pfl=1e020040
03-04 19:20:52.143  5405  7621 V WindowManager:   vsysui=1700
03-04 19:20:52.143  5405  7621 V WindowManager:   apr=LIGHT_STATUS_BARS LIGHT_NAVIGATION_BARS
03-04 19:20:52.143  5405  7621 V WindowManager:   bhv=SHOW_TRANSIENT_BARS_BY_SWIPE
03-04 19:20:52.143  5405  7621 V WindowManager:   fitSides= naviIconColor=0}
03-04 19:20:52.144  5763  5763 V ShadeControllerImpl: NotificationShadeWindow: com.android.systemui.statusbar.phone.NotificationShadeWindowView{51575b2 I.E...... ......ID 0,0-1080,2400} canPanelBeCollapsed(): false
03-04 19:20:52.144  6173  6173 I ViewRootImpl@e012360[LauncherActivity]: updateBlastSurfaceIfNeeded mBlastBufferQueue=0x7509188e00 isSameSurfaceControl=true
03-04 19:20:52.144  6173  6173 I BLASTBufferQueue: update, w= 1080 h= 2400 mName = ViewRootImpl@e012360[LauncherActivity] mNativeObject= 0x7509188e00 sc.mNativeObject= 0x7508572d20 format= -2 caller= android.view.ViewRootImpl.updateBlastSurfaceIfNeeded:2898 android.view.ViewRootImpl.relayoutWindow:9847 android.view.ViewRootImpl.performTraversals:3884 android.view.ViewRootImpl.doTraversal:3116 android.view.ViewRootImpl$TraversalRunnable.run:10885 android.view.Choreographer$CallbackRecord.run:1301 
03-04 19:20:52.144  6173  6173 I ViewRootImpl@e012360[LauncherActivity]: Relayout returned: old=(0,0,1080,2400) new=(0,0,1080,2400) req=(1080,2400)0 dur=6 res=0x0 s={true 0x74f3905000} ch=false seqId=0
03-04 19:20:52.148  5763  5763 D QSMoreButton: action:android.intent.action.CLOSE_SYSTEM_DIALOGS
03-04 19:20:52.148  5763  5763 D QSButtonsContainer: action:android.intent.action.CLOSE_SYSTEM_DIALOGS
03-04 19:20:52.149  5763  5763 D SecQSLayoutDetail: action:android.intent.action.CLOSE_SYSTEM_DIALOGS
03-04 19:20:52.149  5763  5763 D Tile.MobileDataTile: action:android.intent.action.CLOSE_SYSTEM_DIALOGS
03-04 19:20:52.149  5763  5763 D SecVolume.SecVolumeStore: dispatch [ACTION_DISMISS_REQUESTED] with [STATE_NO_DISPATCH]
03-04 19:20:52.152  6173  6173 I RecentsView: Skip loading task enabled : false  changeId : -1
03-04 19:20:52.152  6173  6173 I RecentsView: Skip loading task enabled : false  changeId : -1
03-04 19:20:52.152  6173  6173 I StateManager: onAnimationStart state : Overview
03-04 19:20:52.152  6173  6173 I StateManager: onStateTransitionStart mState = Overview
03-04 19:20:52.153  6173  6173 I Launcher: onStateSetEnd for widget host, state : Overview
03-04 19:20:52.153  6173  6173 W LauncherAppWidgetHost: setShouldListenFlag, mFlags:7 flag:resume on:false isFront:false
03-04 19:20:52.153  6173  6173 I BaseActivity: addActivityFlags, flags : 64
03-04 19:20:52.153  6173  6173 I RecentsView: setOverviewStateEnabled true
03-04 19:20:52.153  6173  6173 I RecentsOrientedStateCallbacksImpl: setRotationWatcherEnabled
03-04 19:20:52.153  6173  6173 I RecentsOrientedStateCallbacksImpl: setFlag
03-04 19:20:52.153  6173  6173 I RecentsOrientedState: current RecentsOrientedState: [this=RecentsOrientedState@21055968 mOrientationHandler=PortraitPagedViewHandler@9364633 mDisplayRotation=0 mTouchRotation=0 mRecentsActivityRotation=0 mRecentsRotation=0 isRecentsActivityRotationAllowed=false mSystemRotation=true mStateId=38272 mFlags=363]
03-04 19:20:52.154  6173  6173 I WhiteBgColorNotifier: changeWhiteBgSystemUIColor type = 4 supportWhiteBg : false forced : false mStatusBarColorIsDark true mNavigationBarColorIsDark true
03-04 19:20:52.154  6173  6173 I WhiteBgColorNotifier: changeWhiteBgSystemUIColor type = 5 supportWhiteBg : false forced : false mStatusBarColorIsDark true mNavigationBarColorIsDark true
03-04 19:20:52.158  6173  6389 I SPayUpdater: updateSpayHandler, show = false, defaultPage = false
03-04 19:20:52.163  6173  6173 I ViewRootImpl@e012360[LauncherActivity]: performTraversals params={(0,0)(fillxfill) sim={adjust=nothing} layoutInDisplayCutoutMode=shortEdges ty=BASE_APPLICATION fmt=TRANSPARENT wanim=0x10302f4
03-04 19:20:52.163  6173  6173 I ViewRootImpl@e012360[LauncherActivity]:   fl=81910100
03-04 19:20:52.163  6173  6173 I ViewRootImpl@e012360[LauncherActivity]:   pfl=1e020040
03-04 19:20:52.163  6173  6173 I ViewRootImpl@e012360[LauncherActivity]:   vsysui=1700
03-04 19:20:52.163  6173  6173 I ViewRootImpl@e012360[LauncherActivity]:   bhv=SHOW_TRANSIENT_BARS_BY_SWIPE
03-04 19:20:52.163  6173  6173 I ViewRootImpl@e012360[LauncherActivity]:   fitSides= naviIconColor=0}
03-04 19:20:52.163  6173  6173 I ViewRootImpl@e012360[LauncherActivity]: performTraversals mFirst=false windowShouldResize=false viewVisibilityChanged=false mForceNextWindowRelayout=false params={(0,0)(fillxfill) sim={adjust=nothing} layoutInDisplayCutoutMode=shortEdges ty=BASE_APPLICATION fmt=TRANSPARENT wanim=0x10302f4
03-04 19:20:52.163  6173  6173 I ViewRootImpl@e012360[LauncherActivity]:   fl=81910100
03-04 19:20:52.163  6173  6173 I ViewRootImpl@e012360[LauncherActivity]:   pfl=1e020040
03-04 19:20:52.163  6173  6173 I ViewRootImpl@e012360[LauncherActivity]:   vsysui=1700
03-04 19:20:52.163  6173  6173 I ViewRootImpl@e012360[LauncherActivity]:   bhv=SHOW_TRANSIENT_BARS_BY_SWIPE
03-04 19:20:52.163  6173  6173 I ViewRootImpl@e012360[LauncherActivity]:   fitSides= naviIconColor=0}
03-04 19:20:52.164  5405  7590 V WindowManager: Relayout Window{b3dadce u0 com.sec.android.app.launcher/com.sec.android.app.launcher.activities.LauncherActivity}: viewVisibility=0 req=1080x2400 d0
03-04 19:20:52.164  6173  6386 I RecentTasksList: loadTasksInBackground : groupTask = GroupTask{task1=[id=175 windowingMode=1 user=0 lastActiveTime=81892553] null, task2=null, task3=null, mStagedSplitBounds=null}
03-04 19:20:52.164  6173  6386 I RecentTasksList: loadTasksInBackground : groupTask = GroupTask{task1=[id=9 windowingMode=1 user=0 lastActiveTime=85658265] null, task2=null, task3=null, mStagedSplitBounds=null}
03-04 19:20:52.166  5405  7590 D WindowManager: updateSystemBarAttributes: displayId=0, win=Window{b3dadce u0 com.sec.android.app.launcher/com.sec.android.app.launcher.activities.LauncherActivity}, navColorWin=Window{b3dadce u0 com.sec.android.app.launcher/com.sec.android.app.launcher.activities.LauncherActivity}, focusedCanBeNavColorWin=false, behavior=2, appearance=0, statusBarAppearanceRegions=[AppearanceRegion{ bounds=[0,0][1080,2400]}], requestedVisibilities=ITYPE_STATUS_BAR: visible, ITYPE_CLIMATE_BAR: visible, from=com.android.server.wm.DisplayPolicy.finishPostLayoutPolicyLw:2527 com.android.server.wm.DisplayContent.applySurfaceChangesTransaction:5713 com.android.server.wm.RootWindowContainer.applySurfaceChangesTransaction:1234 
03-04 19:20:52.167  5763  5763 D SecVolume.SecVolumeStore:   > New State : [STATE_NO_DISPATCH]
03-04 19:20:52.168  5405  7590 V WindowManager: Relayout hash=b3dadce, pid=6173, syncId=-1: mAttrs={(0,0)(fillxfill) sim={adjust=nothing} layoutInDisplayCutoutMode=shortEdges ty=BASE_APPLICATION fmt=TRANSPARENT wanim=0x10302f4
03-04 19:20:52.168  5405  7590 V WindowManager:   fl=81910100
03-04 19:20:52.168  5405  7590 V WindowManager:   pfl=1e020040
03-04 19:20:52.168  5405  7590 V WindowManager:   vsysui=1700
03-04 19:20:52.168  5405  7590 V WindowManager:   bhv=SHOW_TRANSIENT_BARS_BY_SWIPE
03-04 19:20:52.168  5405  7590 V WindowManager:   fitSides= naviIconColor=0}
03-04 19:20:52.170  6173  6173 I ViewRootImpl@e012360[LauncherActivity]: updateBlastSurfaceIfNeeded mBlastBufferQueue=0x7509188e00 isSameSurfaceControl=true
03-04 19:20:52.170  6173  6173 I BLASTBufferQueue: update, w= 1080 h= 2400 mName = ViewRootImpl@e012360[LauncherActivity] mNativeObject= 0x7509188e00 sc.mNativeObject= 0x74f3b9fba0 format= -2 caller= android.view.ViewRootImpl.updateBlastSurfaceIfNeeded:2898 android.view.ViewRootImpl.relayoutWindow:9847 android.view.ViewRootImpl.performTraversals:3884 android.view.ViewRootImpl.doTraversal:3116 android.view.ViewRootImpl$TraversalRunnable.run:10885 android.view.Choreographer$CallbackRecord.run:1301 
03-04 19:20:52.170  6173  6173 I ViewRootImpl@e012360[LauncherActivity]: Relayout returned: old=(0,0,1080,2400) new=(0,0,1080,2400) req=(1080,2400)0 dur=7 res=0x0 s={true 0x74f3905000} ch=false seqId=0
03-04 19:20:52.174  6173  6173 I SuggestedItemsFacade: updateTaskList : 2
03-04 19:20:52.174  6173  6173 I ApplyLoadPlanOperationImpl: load [
03-04 19:20:52.174  6173  6173 I ApplyLoadPlanOperationImpl: taskId = 175, ComponentInfo{com.samsung.android.lool/com.samsung.android.sm.score.ui.ScoreBoardActivity}
03-04 19:20:52.174  6173  6173 I ApplyLoadPlanOperationImpl: taskId = 9, ComponentInfo{com.android.settings/com.android.settings.Settings} ]
03-04 19:20:52.175  6173  6173 I HsClearAllManager: alpha value: [1.0, 0.0, 1.0, 0.0, 1.0]
03-04 19:20:52.175  6173  6173 I RecentsView: runOnPageScrollsInitialized() called with: callback = [com.android.launcher3.j5@bd5b67f]
03-04 19:20:52.175  6173  6173 I RecentsView: pageScrollsInitialized: false
03-04 19:20:52.175  6173  6173 I RecentsView: runOnPageScrollsInitialized() called with: callback = [com.android.launcher3.j5@cd3964c]
03-04 19:20:52.175  6173  6173 I RecentsView: pageScrollsInitialized: false
03-04 19:20:52.177  5763  5763 D SamsungLightBarControlHelper: onStatusBarAppearanceChanged() -  sbModeChanged:false, statusBarMode:MODE_TRANSPARENT, barState:SHADE, isKeyguardShowing:false, navbarColorManagedByIme:false, stackAppearancesChanged:true, (AppearanceRegion{ bounds=[0,0][1080,2400]}, ), packageName:com.sec.android.app.launcher
03-04 19:20:52.177  5763  5763 D NavigationBar: onSystemBarAttributesChanged() -  displayId:0, appearance:0, packageName: com.sec.android.app.launcher, navbarColorManagedByIme:false
03-04 19:20:52.180  6173  6173 I RecentsViewCallbacksImpl: updateGridProperties
03-04 19:20:52.181  6173  6173 I RecentsView: resetTaskVisuals
03-04 19:20:52.181  6173  6173 I RecentsViewCallbacksImpl: onTaskStackUpdated
03-04 19:20:52.181  6173  6173 I HsClearAllManager: alpha value: [1.0, 0.0, 1.0, 1.0, 1.0]
03-04 19:20:52.182  6173  6173 I RecentsView: applyLoadPlan taskGroups : 2
03-04 19:20:52.186  6173  6173 I RecentsView: pageScrollsInitialized: true
03-04 19:20:52.186  6173  6173 I RecentsViewCallbacksImpl: computeMinScroll
03-04 19:20:52.209  5763  5763 D SamsungLightBarControlHelper: updateStatus(WHITE icon) NumStacks:1, StatusBarMode:MODE_TRANSPARENT, lightBarBounds:[], StatusBarState:SHADE, packageName:com.sec.android.app.launcher, isWhiteKeyguardStatusBarBySettings:true
03-04 19:20:52.213  6173 17842 I TaskIconCache: getCacheEntry: taskId = 9, icon null
03-04 19:20:52.221  6173  6173 I TaskThumbnailCache: handleResult: taskId = 9, taskThumbnail = android.graphics.Bitmap@a324749
03-04 19:20:52.228  6173 17842 I LauncherActivityInfo: packageName: com.android.settings, useThemeIcon: true, height: 126, width: 126, density: 420
03-04 19:20:52.234  5763  5763 I ViewRootImpl@1b8fc88[NotificationShade]: performTraversals mFirst=false windowShouldResize=false viewVisibilityChanged=false mForceNextWindowRelayout=false params={(0,0)(fillxfill) gr=TOP CENTER_VERTICAL sim={adjust=resize} layoutInDisplayCutoutMode=always ty=NOTIFICATION_SHADE fmt=TRANSLUCENT
03-04 19:20:52.234  5763  5763 I ViewRootImpl@1b8fc88[NotificationShade]:   fl=81840048
03-04 19:20:52.234  5763  5763 I ViewRootImpl@1b8fc88[NotificationShade]:   pfl=1b000000
03-04 19:20:52.234  5763  5763 I ViewRootImpl@1b8fc88[NotificationShade]:   bhv=SHOW_TRANSIENT_BARS_BY_SWIPE naviIconColor=0
03-04 19:20:52.234  5763  5763 I ViewRootImpl@1b8fc88[NotificationShade]:   sfl=60000}
03-04 19:20:52.235  5405  7590 V WindowManager: Relayout Window{6d7ee64 u0 NotificationShade}: viewVisibility=4 req=1080x2400 d0
03-04 19:20:52.239  6173 17842 I GetBitmapInfoOperationImpl: getBitmapInfo: userId = [0], primaryColor = [-6191520 -> #A18660], isInstantApp = [false], isSecureFolderApp = [false]
03-04 19:20:52.240  5405  7590 V WindowManager: Relayout hash=6d7ee64, pid=5763, syncId=-1: mAttrs={(0,0)(fillxfill) gr=TOP CENTER_VERTICAL sim={adjust=resize} layoutInDisplayCutoutMode=always ty=NOTIFICATION_SHADE fmt=TRANSLUCENT
03-04 19:20:52.240  5405  7590 V WindowManager:   fl=81840048
03-04 19:20:52.240  5405  7590 V WindowManager:   pfl=1b000000
03-04 19:20:52.240  5405  7590 V WindowManager:   bhv=SHOW_TRANSIENT_BARS_BY_SWIPE naviIconColor=0
03-04 19:20:52.240  5405  7590 V WindowManager:   sfl=60000}
03-04 19:20:52.261  5763  5763 I ViewRootImpl@1b8fc88[NotificationShade]: Relayout returned: old=(0,0,1080,2400) new=(0,0,1080,2400) req=(1080,2400)4 dur=27 res=0x0 s={false 0x0} ch=false seqId=6
03-04 19:20:52.265  5763  5763 I FaceWidgetPositionAlgorithm: getClockContainerHeight() supplier = 610, bottom margin = 0, real height = 673
03-04 19:20:52.265  5763  5763 I FaceWidgetPositionAlgorithm: getClockContainerHeight() supplier = 610, bottom margin = 63, real height = 673
03-04 19:20:52.265  5763  5763 I FaceWidgetPositionAlgorithm: getMediaContainerHeight() height = 0 container Visibility = 8, isValid = false, mIsDozing = false, fraction = 1.0, source = 0, target = 0
03-04 19:20:52.265  5763  5763 I FaceWidgetPositionAlgorithm: getMediaContainerHeight() supplier = 0
03-04 19:20:52.378  6173  6173 I SearchBarManager: alpha value: [1.0, 1.0, 1.0, 1.0, 1.0]
03-04 19:20:52.378  6173  6173 I HsClearAllManager: alpha value: [1.0, 1.0, 1.0, 1.0, 1.0]
03-04 19:20:52.378  6173  6173 I FgsManager: alpha value: [1.0, 1.0, 1.0, 1.0, 1.0]
03-04 19:20:52.378  6173  6173 I StateManager: onAnimationSuccess state : Overview
03-04 19:20:52.378  6173  6173 I StateManager: onStateTransitionEnd mState : Overview
03-04 19:20:52.378  6173  6173 I BaseActivity: removeActivityFlags, flags : 64
03-04 19:20:52.379  6173  6173 I HandOffManager: updateButtonVisibility, idx = 1
03-04 19:20:52.379  6173  6173 I HandOffManager: isOverviewState = true
03-04 19:20:52.379  6173  6173 I HandOffManager: needAnimateButton: idx = 1, isEnabled = true, needAnimate = true
03-04 19:20:52.379  6173  6173 I HandOffManager: animateButton, show = true, idx = 1
03-04 19:20:52.379  6173  6173 I HandOffManager: isOverviewState = true
03-04 19:20:52.381  6173  9035 I EventInserter: showedHandoffApp
03-04 19:20:52.381  6173  9035 I EventInserter: sendLoggingOfHandoffApp
03-04 19:20:52.381  6173  6173 I StateManager: goToStateAnimated mStateChanged is false
03-04 19:20:52.382  6173  6173 I StateManager: End animation. mStateChanged is changed to False : Overview
03-04 19:20:52.391  6173  6389 I SPayUpdater: updateSpayHandler, show = false, defaultPage = false
03-04 19:20:52.463  5405  5580 D PowerManagerService: [api] userActivityFromNative :  (event: 2 flags: 0 displayId: 0) eventTime = 55010462
03-04 19:20:52.487  5405  5581 D InputReader: Btn_touch(9): value=0 when=55010.487415
03-04 19:20:52.487  5405  5581 I InputReader: Touch event's action is 0x1 (id=3, t=0) [pCnt=1, s=] when=55010.487415
03-04 19:20:52.489  6173  6173 W SGestureHintAnimationHelper: onDragEnd
03-04 19:20:52.489  5763  6557 V Navbar.Store: handleEvent(0) ResetBottomGestureHintVI(noArguments=true) [Module] 
03-04 19:20:52.489  5763  6557 V Navbar.Store: --[Band]GESTURE_PACK_RESET_HINT_VI
03-04 19:20:52.489  5763  6557 V Navbar.Store: ----apply(0) ResetHintVI
03-04 19:20:52.491  6173  6173 W BaseDragLayer: proxyTouchEvent, action = 1, mTouchDispatchState = 0, allowViewDispatch = false, handled = true
03-04 19:20:52.491  6173  6173 I TouchInteractionService: reset
03-04 19:20:52.491  5763  6557 V Navbar.Store: handleEvent(0) ResetBottomGestureHintVI(noArguments=true) [Module] 
03-04 19:20:52.491  5763  6557 V Navbar.Store: --[Band]GESTURE_PACK_RESET_HINT_VI
03-04 19:20:52.491  5763  6557 V Navbar.Store: ----apply(0) ResetHintVI
03-04 19:20:52.595  6173  6173 W PortraitStatesTouchCtrl: onSwipeInteractionCompleted, targetState = Overview
03-04 19:20:52.643  6173  6173 I HandOffManager: alpha value: [1.0, 1.0, 1.0, 1.0, 1.0, 0.0, 1.0]
03-04 19:20:52.799  6173  6173 I HsTaskBooster: tick TASK_BOOST: 6173/800
03-04 19:20:52.811  4953  4953 I SensorsHub: batch: handle=27 period=20000000 timeout=0
03-04 19:20:53.063  5405  5416 I system_server: Background concurrent copying GC freed 23MB AllocSpace bytes, 59(2380KB) LOS objects, 21% free, 86MB/110MB, paused 788us,637us total 2.508s
03-04 19:20:53.063  4564  4564 D io_stats: !@   8,0 r 524879 15554716 w 1179804 230075904 d 0 0 f 0 0 iot 687104 0 th 0 0 0 pt 0 inp 0 0 55011.063
03-04 19:20:53.406  5405  5581 D InputReader: Btn_touch(9): value=1 when=55011.406237
03-04 19:20:53.406  5405  5581 I InputReader: Touch event's action is 0x0 (id=3, t=0) [pCnt=1, s=0.509 ] when=55011.406237
03-04 19:20:53.407  5405  5580 I InputDispatcher: Delivering touch to (5763): action: 0x4, f=0x0, d=0, '7b7936b', t=1 
03-04 19:20:53.408  5405  5580 I InputDispatcher: Delivering touch to (6173): action: 0x0, f=0x0, d=0, 'b3dadce', t=1 
03-04 19:20:53.408  6173  6173 I ViewRootImpl@e012360[LauncherActivity]: ViewPostIme pointer 0
03-04 19:20:53.408  6173  6173 W BaseDragLayer: dispatchTouchEvent, ACTION_DOWN - mTouchDispatchState = 9
03-04 19:20:53.409  6173  6173 W StatusBarController: onControllerInterceptTouchEvent return false by setting value
03-04 19:20:53.409  6173  6173 W BaseDragLayer: findActiveController return false mTouchDispatchState = 9
03-04 19:20:53.410  5405  5449 I GestureDetector: obtain mCurrentDownEvent. id: 1036483449 caller: com.android.server.wm.SystemGesturesPointerEventListener.onPointerEvent:203 com.android.server.wm.PointerEventDispatcher.onInputEvent:53 android.view.InputEventReceiver.dispatchInputEvent:285 
03-04 19:20:53.410  6173  6173 I TouchInteractionService: onInputEvent, inputConsumer = com.android.quickstep.l2@37e2711
03-04 19:20:53.410  5405  5449 I GestureDetector: obtain mCurrentDownEvent. id: 1036483449 caller: com.android.server.wm.SystemPerformancePointerEventListener.onPointerEvent:89 com.android.server.wm.PointerEventDispatcher.onInputEvent:53 android.view.InputEventReceiver.dispatchInputEvent:285 
03-04 19:20:53.416  6173  6173 I CapturePreview: canCapture status : false false false false false false
03-04 19:20:53.416  6173  6173 I CapturePreview: startCaptureScreen fail : com.android.launcher3.LauncherRootView{23f310f V.E...... ........ 0,0-1080,2400 #7f0a025e app:id/launcher}
03-04 19:20:53.444  5405  5741 I Pageboost: Launcher App Execution
03-04 19:20:53.449  5405  5449 I GestureDetector: obtain mCurrentMotionEventRaw. action: 2 id: 402178052
03-04 19:20:53.449  5405  5449 I GestureDetector: obtain mCurrentMotionEventRaw. action: 2 id: 402178052
03-04 19:20:53.463  6173  6173 W StatusBarController: onControllerInterceptTouchEvent return false by setting value
03-04 19:20:53.463  6173  6173 W BaseDragLayer: findActiveController return false mTouchDispatchState = 9
03-04 19:20:53.464  5405  5581 D InputReader: Btn_touch(9): value=0 when=55011.464506
03-04 19:20:53.465  5405  5581 I InputReader: Touch event's action is 0x1 (id=3, t=0) [pCnt=1, s=] when=55011.464506
03-04 19:20:53.465  5405  5580 I InputDispatcher: Delivering touch to (6173): action: 0x1, f=0x0, d=0, 'b3dadce', t=1 
03-04 19:20:53.465  6173  6173 I ViewRootImpl@e012360[LauncherActivity]: ViewPostIme pointer 1
03-04 19:20:53.465  6173  6173 W StatusBarController: onControllerInterceptTouchEvent return false by setting value
03-04 19:20:53.465  6173  6173 W BaseDragLayer: findActiveController return false mTouchDispatchState = 0
03-04 19:20:53.466  6173  6173 I TaskView: onClick : id=9 windowingMode=1 user=0 lastActiveTime=85658265
03-04 19:20:53.466  6173  6173 I RecentsView: registerExtraTaskLaunchAnimation
03-04 19:20:53.468  6173  6173 I TaskView: launchTaskAnimated, startActivityFromRecents
03-04 19:20:53.469  5405  7443 D ActivityTaskManager: SafeActivityOptions created, mOriginalCallingPid=6173, mOriginalCallingUid=10135, options=ActivityOptions(46986301), mPackageName=null, mAnimationType=13, mStartX=0, mStartY=0, mWidth=0, mHeight=0, caller=com.android.server.wm.SafeActivityOptions.fromBundle:82 com.android.server.wm.ActivityTaskManagerService.startActivityFromRecents:2462 android.app.IActivityTaskManager$Stub.onTransact:1533 com.android.server.wm.ActivityTaskManagerService.onTransact:6588 android.os.Binder.execTransactInternal:1316 android.os.Binder.execTransact:1280 <bottom of call stack> 
03-04 19:20:53.470  5405  5451 I ChimeraSystemEventListener: appLaunchIntent package name is: com.android.settings
03-04 19:20:53.470  5405  7443 I Pageboost: moveTaskToFront : 1000:com.android.settings.root
03-04 19:20:53.471  6724  6724 E pageboostd: Received HALT command code 2
03-04 19:20:53.471  5405  7443 D ActivityTaskManager: scheduleTopResumedActivityChanged, onTop=false r=ActivityRecord{f610b8d u0 com.sec.android.app.launcher/.activities.LauncherActivity} t7} caller=com.android.server.wm.ActivityTaskSupervisor.updateTopResumedActivityIfNeeded:2510 com.android.server.wm.TaskDisplayArea.positionChildTaskAt:602 com.android.server.wm.TaskDisplayArea.positionChildAt:537 com.android.server.wm.Task.moveToFrontInner:6053 com.android.server.wm.Task.moveToFront:6019 com.android.server.wm.ActivityRecord.moveFocusableActivityToTop:3871 
03-04 19:20:53.472  5405  7443 D InputDispatcher: Focused application(0): ActivityRecord{ec8f361 u0 com.android.settings/.SubSettings} t9}
03-04 19:20:53.472  5405  7443 V WindowManager: Changing focus from Window{b3dadce u0 com.sec.android.app.launcher/com.sec.android.app.launcher.activities.LauncherActivity} to null displayId=0 Callers=com.android.server.wm.RootWindowContainer.updateFocusedWindowLocked:595 com.android.server.wm.WindowManagerService.updateFocusedWindowLocked:6803 com.android.server.wm.ActivityTaskManagerService.setResumedActivityUncheckLocked:5755 com.android.server.wm.ActivityRecord.moveFocusableActivityToTop:3874 
03-04 19:20:53.472  5405  7443 D MARsPolicyManager: onPackageResumedFG pkgName = com.sec.android.app.launcher, userId = 0
03-04 19:20:53.473  5405  7443 D StatusBarManagerService: notifyRequestedSystemKey recent=false home=false
03-04 19:20:53.473  5405  7443 D SGM:FgCheckThread: TaskStackListener.onTaskFocusChanged(), taskId=7, focused=false
03-04 19:20:53.473  5405  7443 D SGM:FgCheckThread: TaskStackListener.onTaskFocusChanged(), taskId=9, focused=true
03-04 19:20:53.473  5405  7443 D SGM:FgCheckThread:   sendRunningComponentFocus(), pkgName: com.android.settings, userId: 0
03-04 19:20:53.474  5405  5597 D SGM:FgCheckThread: onLooperPrepared(), msg: MSG_TASK_FOCUSED, pkgName: com.android.settings, userId: 0
03-04 19:20:53.474  5405  5597 D SGM:FgCheckThread: handleTaskFocused().
03-04 19:20:53.474  5405  5597 D SGM:FgCheckThread: sendFocusOutConditionally() - mPrevNotiPkg: (unknown), userId: 0
03-04 19:20:53.474  5405  5597 D SGM:FgCheckThread:   handleTaskFocused(), pkgName: com.android.settings, userID:0 mResumedPkgMap does not containsKey.
03-04 19:20:53.474  5405  7443 W WindowManager: Prepare app transition: mNextAppTransitionRequests=[TRANSIT_TO_FRONT], mNextAppTransitionFlags=, displayId: 0 Callers=com.android.server.wm.DisplayContent.prepareAppTransition:6493 com.android.server.wm.DisplayContent.prepareAppTransition:6484 com.android.server.wm.Task.updateTransitLocked:7050 com.android.server.wm.Task.moveTaskToFront:7148 com.android.server.wm.Task.moveTaskToFront:7055 
03-04 19:20:53.474  5405  5641 D AS.MultiSoundManager: mForegroundUid = 1000
03-04 19:20:53.477  5405  7443 V WindowManager: Checking theme of starting window: 0x7f1304c8
03-04 19:20:53.477  5405  7443 V WindowManager: Translucent=false Floating=false ShowWallpaper=false Disable=false
03-04 19:20:53.477  5405  7443 V WindowManager: rotationForOrientation(orient=SCREEN_ORIENTATION_UNSPECIFIED (-1), last=ROTATION_0 (0)); user=ROTATION_0 (0) 
03-04 19:20:53.477  5405  7443 D WindowManager: rotationForOrientation, orientationSource=ActivityRecord{f610b8d u0 com.sec.android.app.launcher/.activities.LauncherActivity} t7}
03-04 19:20:53.477  5405  7443 V WindowManager: Creating SnapshotStartingData
03-04 19:20:53.477  5405  7443 D ActivityTaskManager: Add starting com.android.server.wm.ActivityRecord$AddStartingWindow@bd4deb8: typeParam=94
03-04 19:20:53.477  5405  7443 V WindowManager: Add starting com.android.server.wm.ActivityRecord$AddStartingWindow@bd4deb8: startingData=com.android.server.wm.SnapshotStartingData@7dcc432
03-04 19:20:53.478  5405  7443 V WindowManager: Added starting ActivityRecord{ec8f361 u0 com.android.settings/.SubSettings} t9}: startingWindow=null startingView=com.android.server.wm.StartingSurfaceController$StartingSurface@d72f583
03-04 19:20:53.478  5405  7443 I SemDvfsHyPerManager: acquire hyper - AMS_APP_LAUNCH/5405@15, type = -999
03-04 19:20:53.478  5405  7443 D CompatibilityChangeReporter: Compat change id reported: 194833441; UID 1000; state: ENABLED
03-04 19:20:53.482  6173  6173 I TaskView: startActivityFromRecents success : com.android.launcher3.util.RunnableList@da04d14
03-04 19:20:53.484  5052  5729 I SurfaceFlinger: id=7093 createSurf flag=80004, 2999739 SnapshotStartingWindow for taskId=9#7093
03-04 19:20:53.484  5405  7443 V WindowManager: addWindow: ActivityRecord{ec8f361 u0 com.android.settings/.SubSettings} t9} startingWindow=Window{2999739 u0 SnapshotStartingWindow for taskId=9}
03-04 19:20:53.485  5405  7443 V WindowManager: Relayout Window{2999739 u0 SnapshotStartingWindow for taskId=9}: viewVisibility=0 req=-1x-1 d0
03-04 19:20:53.485  5405  7443 D RestrictionPolicy: isScreenCaptureEnabled : ret=true userId=0
03-04 19:20:53.486  5052  5729 I SurfaceFlinger: id=7094 createSurf flag=40004, SnapshotStartingWindow for taskId=9$_5763#7094
03-04 19:20:53.486  5405  7443 D WindowManager: makeSurface duration=1 name=SnapshotStartingWindow for taskId=9$_5763
03-04 19:20:53.489  6173  6173 I TouchInteractionService: reset
03-04 19:20:53.489  5763  7207 V Navbar.Store: handleEvent(0) ResetBottomGestureHintVI(noArguments=true) [Module] 
03-04 19:20:53.489  5763  7207 V Navbar.Store: --[Band]GESTURE_PACK_RESET_HINT_VI
03-04 19:20:53.489  5763  7207 V Navbar.Store: ----apply(0) ResetHintVI
03-04 19:20:53.490  5405  7443 V WindowManager: Relayout hash=2999739, pid=5763, syncId=-1: mAttrs={(0,0)(fillxfill) layoutInDisplayCutoutMode=shortEdges ty=APPLICATION_STARTING fmt=RGBA_8888 wanim=0x10302f4 if=INPUT_FEATURE_NO_INPUT_CHANNEL
03-04 19:20:53.490  5405  7443 V WindowManager:   fl=80010118
03-04 19:20:53.490  5405  7443 V WindowManager:   pfl=32020000
03-04 19:20:53.490  5405  7443 V WindowManager:   apr=LIGHT_STATUS_BARS LIGHT_NAVIGATION_BARS
03-04 19:20:53.490  5405  7443 V WindowManager:   bhv=DEFAULT
03-04 19:20:53.490  5405  7443 V WindowManager:   fitSides= naviIconColor=0}
03-04 19:20:53.491  5763  5821 D ShellStartingWindow: Relayout returned: frame=ClientWindowFrames{frame=[0,0][1080,2400] display=[0,0][1080,2400] parentFrame=[0,0][0,0] parentClippedByDisplayCutout=false} topInset=InsetsState: {mDisplayFrame=Rect(0, 0 - 1080, 2400), mDisplayCutout=DisplayCutout{insets=Rect(0, 88 - 0, 0) waterfall=Insets{left=0, top=0, right=0, bottom=0} boundingRect={Bounds=[Rect(0, 0 - 0, 0), Rect(512, 0 - 568, 88), Rect(0, 0 - 0, 0), Rect(0, 0 - 0, 0)]} cutoutPathParserInfo={CutoutPathParserInfo{displayWidth=1080 displayHeight=2400 physicalDisplayWidth=1080 physicalDisplayHeight=2400 density={2.625} cutoutSpec={M 0,0 M 0,12.25101276465640 a 10.60613009248640,10.60613009248640 0 1,0 0,21.21226018497290 a 10.60613009248640,10.60613009248640 0 1,0 0,-21.21226018497290 Z @dp} rotation={0} scale={1.0} physicalPixelDisplaySizeRatio={1.0}}}}, mRoundedCorners=RoundedCorners{[RoundedCorner{position=TopLeft, radius=84, center=Point(84, 84)}, RoundedCorner{position=TopRight, radius=84, center=Point(996, 84)}, RoundedCorner{position=BottomRight, radius=84, center=Point(996, 2316)}, RoundedCorner{position=BottomLeft, radius=84, center=Point(84, 2316)}]}  mRoundedCornerFrame=Rect(0, 0 - 1080, 2400), mPrivacyIndicatorBounds=PrivacyIndicatorBounds {static bounds=Rect(964, 0 - 1080, 88) rotation=0}, mSources= { InsetsSource: {mType=ITYPE_STATUS_BAR, mFrame=[0,0][1080,88], mVisible=true, mInsetsRoundedCornerFrame=false}, InsetsSource: {mType=ITYPE_NAVIGATION_BAR, mFrame=[0,2361][1080,2400], mVisible=true, mInsetsRoundedCornerFrame=false}, InsetsSource: {mType=ITYPE_LEFT_GESTURES, mFrame=[0,0][59,2400], mVisible=true, mInsetsRoundedCornerFrame=false}, InsetsSource: {mType=ITYPE_RIGHT_GESTURES, mFrame=[1002,0][1080,2400], mVisible=true, mInsetsRoundedCornerFrame=false}, InsetsSource: {mType=ITYPE_TOP_MANDATORY_GESTURES, mFrame=[0,0][1080,120], mVisible=true, mInsetsRoundedCornerFrame=false}, InsetsSource: {mType=ITYPE_BOTTOM_MANDATORY_GESTURES, mFrame=[0,2316][1080,2400], mVisible=true, mInsetsRoundedCornerFrame=false}, InsetsSource: {mType=ITYPE_LEFT_DISPLAY_CUTOUT, mFrame=[0,0][-100000,2400], mVisible=true, mInsetsRoundedCornerFrame=false}, InsetsSource: {mType=ITYPE_TOP_DISPLAY_CUTOUT, mFrame=[0,0][1080,88], mVisible=true, mInsetsRoundedCornerFrame=false}, InsetsSource: {mType=ITYPE_RIGHT_DISPLAY_CUTOUT, mFrame=[100000,0][1080,2400], mVisible=true, mInsetsRoundedCornerFrame=false}, InsetsSource: {mType=ITYPE_BOTTOM_DISPLAY_CUTOUT, mFrame=[0,100000][1080,2400], mVisible=true, mInsetsRoundedCornerFrame=false}, InsetsSource: {mType=ITYPE_TOP_TAPPABLE_ELEMENT, mFrame=[0,0][1080,88], mVisible=true, mInsetsRoundedCornerFrame=false}, InsetsSource: {mType=ITYPE_BOTTOM_TAPPABLE_ELEMENT, mFrame=[0,0][0,0], mVisible=true, mInsetsRoundedCornerFrame=false}, InsetsSource: {mType=ITYPE_IME, mFrame=[0,0][0,0], mVisibleFrame=[0,1409][1080,2400], mVisible=false, mInsetsRoundedCornerFrame=false} }, title=SnapshotStartingWindow for taskId=9
03-04 19:20:53.491  6173  6173 I BaseActivity: removeActivityFlags, flags : 16
03-04 19:20:53.491  6173  6173 I BaseActivity: removeActivityFlags, flags : 6
03-04 19:20:53.491  6173  6173 I DragController: endDrag
