03-04 19:27:52.179  5405  7494 D SecContentProvider: called from android.uid.systemui:10052
03-04 19:27:52.179  5405  7494 D RestrictionPolicy: isSettingsChangesAllowedAsUser, userId 0 : true
03-04 19:27:52.179  5405  7494 D SettingsProvider: ret = 1
03-04 19:27:52.181  5763  5763 D KeyguardUpdateMonitor: handleBatteryUpdate
03-04 19:27:52.538  5763  5763 I Tile.HotspotTile: onDataSaverChanged: false
03-04 19:27:52.538  5763  5763 I Tile.HotspotTile: onHotspotChanged: false
03-04 19:27:52.539  5405  5670 I SemWifiApTetheredClientInfo: getWifiApStaListDetail
03-04 19:27:52.539  5763  5763 D Tile.HotspotTile: updateItems
03-04 19:27:52.539  5763  5763 D Tile.HotspotTile:  updateConnectedDeviceList mConnectedDevices = []
03-04 19:27:52.624  5763  5865 I Tile.HotspotTile: handleUpdateState
03-04 19:27:52.707  5763  5865 D NetworkController: IsPowerOffServiceState is true
03-04 19:27:52.707  5763  5865 D Tile.AirplaneModeTile:  handleUpdateState: airplane mode is enabled : enter mSetting.getValue() == 1 mIsWiFiOnlyDevice false isNoSimState true isPowerOffServiceState true
03-04 19:27:52.707  5763  5865 D Tile.AirplaneModeTile:  handleUpdateState:  value = true, state = 2
03-04 19:27:52.707  5763  5865 I Tile.HotspotTile: handleUpdateState
03-04 19:27:52.772  5763  5865 I Tile.HotspotTile: handleUpdateState
03-04 19:27:52.984  5405  6308 D SyncManager: userId - 0 auto - true
03-04 19:27:53.042  5763  5865 D Tile.SyncTile: hasUserRestriction: false
03-04 19:27:53.043  5763  5865 I Tile.HotspotTile: handleUpdateState
03-04 19:27:53.192  5763  5865 D Tile.DndTile: handleUpdateState zen 0  state = BooleanState[spec=Dnd,icon=ResourceIcon[resId=0x7f0809c1],iconSupplier=null,label=Do not
03-04 19:27:53.192  5763  5865 D Tile.DndTile: disturb,secondaryLabel=null,contentDescription=null,stateDescription=null,dualLabelContentDescription=null,expandedAccessibilityClassName=null,disabledByPolicy=false,dualTarget=true,isTransient=false,state=1,slash="null",sideViewCustomDrawable=null,tileClassName=null,value=false,forceExpandIcon=false]
03-04 19:27:53.205  5763  5865 D NetworkController.WifiSignalController: notifyListener: visible=true, connected=true, inetCondition=1, isDefault=true, wifiTestReported=true, receivedInetCondition=-1, hideDuringMobileSwitching=false
03-04 19:27:53.207  5763  5865 D MobileSignalController(0/2147483647): notifyListener: enabled=true, connected=false, dataConnected=false, networkType=UNKNOWN (Unknown), emergencyOnly=false, roaming=false, isDefault=false, dataActivity=, level=0, ca=false, mmWave=false, disabledDataIcon=false, simCard=NO_SIM
03-04 19:27:53.222  5763  5763 D Tile.BluetoothTile: onBluetoothStateChange = false
03-04 19:27:53.223  5763  5865 W Settings: Setting all_sound_off has moved from android.provider.Settings.System to android.provider.Settings.Global, returning read-only value.
03-04 19:27:53.227  5763  5865 D Tile.MobileDataTile: handleUpdateState : state false
03-04 19:27:53.231  5763  5865 D Tile.RotationLockTile:  handleUpdateState: true orientation = true
03-04 19:27:53.235  5763  5865 D Tile.RotationLockTile:  handleUpdateState: true orientation = true
03-04 19:27:53.238  5763  5865 D Tile.RotationLockTile:  handleUpdateState: true orientation = true
03-04 19:27:53.240  5763  5865 D Tile.BluetoothTile:  handleUpdateState enabled = false connected = false connecting = false changedState =false bluetoothState = 10 enabledChanging = false state = BooleanState[spec=Bluetooth,icon=ResourceIcon[resId=0x7f0809bd],iconSupplier=null,label=Bluetooth,secondaryLabel=null,contentDescription=Bluetooth,Off,stateDescription=null,dualLabelContentDescription=null,expandedAccessibilityClassName=null,disabledByPolicy=false,dualTarget=true,isTransient=false,state=1,slash="null",sideViewCustomDrawable=null,tileClassName=null,value=false,forceExpandIcon=false]
03-04 19:27:53.242  5763  5865 D Tile.BluetoothTile:  handleUpdateState enabled = false connected = false connecting = false changedState =false bluetoothState = 10 enabledChanging = false state = BooleanState[spec=Bluetooth,icon=ResourceIcon[resId=0x7f0809bd],iconSupplier=null,label=Bluetooth,secondaryLabel=null,contentDescription=Bluetooth,Off,stateDescription=null,dualLabelContentDescription=null,expandedAccessibilityClassName=null,disabledByPolicy=false,dualTarget=true,isTransient=false,state=1,slash="null",sideViewCustomDrawable=null,tileClassName=null,value=false,forceExpandIcon=false]
03-04 19:27:53.943  5405 27231 D SemWifiUsabilityStatsMonitor: onWifiUsabilityStats - seqNum 12488, isSameBssidAndFreq true
03-04 19:27:53.944  5405  5679 I SemWifiLinkQualityMonitor: Link Qos query: inf. ms / 0 Mbps
03-04 19:27:56.974  5405 27231 D SemWifiUsabilityStatsMonitor: onWifiUsabilityStats - seqNum 12489, isSameBssidAndFreq true
03-04 19:27:56.977  5405  5679 I SemWifiLinkQualityMonitor: Link Qos query: inf. ms / 0 Mbps
03-04 19:27:57.152 26409 26409 I wpa_supplicant: Heartbeat 4694
03-04 19:27:57.177  5763  5763 D SecPowerUI.Notification: showChargingNotice oldChargingType : 11 / currentChargingType : 11, oldChargingTime : 0 / mChargingTime : 0
03-04 19:27:57.177  5763  5763 D SecPowerUI.Notification: There is no change about charging status, so return!
03-04 19:27:57.822  4884  4884 E audit   : type=1400 audit(1772627277.818:5116): avc:  denied  { write } for  pid=13007 comm="ThreadPoolForeg" name="traced_producer" dev="tmpfs" ino=24980 scontext=u:r:gmscore_app:s0:c512,c768 tcontext=u:object_r:traced_producer_socket:s0 tclass=sock_file permissive=0 SEPF_SM-A515F_13_0001 audit_filtered
03-04 19:27:57.822  4884  4884 E audit   : type=1300 audit(1772627277.818:5116): arch=c00000b7 syscall=203 success=no exit=-13 a0=72 a1=74f2047420 a2=1e a3=ce83b7ffa items=0 ppid=4905 pid=13007 auid=4294967295 uid=10224 gid=10224 euid=10224 suid=10224 fsuid=10224 egid=10224 sgid=10224 fsgid=10224 tty=(none) ses=4294967295 comm="ThreadPoolForeg" exe="/system/bin/app_process64" subj=u:r:gmscore_app:s0:c512,c768 key=(null)
03-04 19:27:57.822  4884  4884 E audit   : type=1327 audit(1772627277.818:5116): proctitle="com.google.android.gms"
03-04 19:27:59.471  7525  8838 I SDHMS:D : SIOP:: AP:551 BAT:446 USB:0 CHG:524 WIFI:491 SKIN:480 SKINF:471 SKINB:480 LRP:480 LRF:471 LRB:480 
03-04 19:27:59.483  5405  5405 D SemWifiP2pGoPowerSave: GopsReceiver : received : com.samsung.intent.action.CHECK_SIOP_LEVEL
03-04 19:27:59.484  5405  5405 I SemWifiP2pGoPowerSave: siop_level = 6
03-04 19:27:59.488 29221 29245 I SystemBroadcastReceiver: [#CMH#] onReceive completed :  0
03-04 19:27:59.489 29221 29221 I PolicyManager: [#CMH#] onReceive action = EVENT_SIOP
03-04 19:27:59.489 29221 29221 I PolicyManager: [#CMH#] SIOP level is high = 6
03-04 19:27:59.543 27417   498 I [SC]SyncSettingManager: getIsSyncable: com.android.contacts
03-04 19:27:59.549 27417   498 I [SC][SyncApi][1.0][Contacts]: getIsSyncable: 1
03-04 19:27:59.549 27417   498 I [SC][SyncApi][1.0][Contacts]: cancel: 
03-04 19:27:59.550 27417   498 I [SC]SyncSettingManager: getIsSyncable: com.samsung.android.app.notes.sync
03-04 19:27:59.558  5405  7443 I ActivityManager: Changes in 10254 15 to 5, 0 to 8
03-04 19:27:59.561  5405  5759 D PowerManagerService-JNI: Excessive delay in acquiring suspend blocker to PowerManagerService.WakeLocks
03-04 19:27:59.566  5405  5464 W libprocessgroup: Failed to open /dev/blkio//cgroup.procs: No such file or directory
03-04 19:27:59.574 27626 30101 I SENL$SC/@NotesSyncRpcProvider: getIsSyncable() : 1
03-04 19:27:59.574 27626 30101 I [scsettingv2std][2.0.33.0]: getIsSyncable: 1
03-04 19:27:59.575 27417   498 I [SC][DEPENDENCY][STD][Samsung Notes][RPC]: getIsSyncable: 1
03-04 19:27:59.575 27417   498 I [SC][SyncApi][1.0][Samsung Notes]: getIsSyncable: 1
03-04 19:27:59.575 27417   498 I [SC][SyncApi][1.0][Samsung Notes]: cancel: 
03-04 19:27:59.576 27417 28787 I [SC][DEPENDENCY][STD][Samsung Notes][RPC]: cancelSync: 
03-04 19:27:59.577 27417   498 I [SC]SyncSettingManager: getIsSyncable: com.samsung.android.samsungpass.scloud
03-04 19:27:59.581 27626 30101 I [scsettingv2std][2.0.33.0]: cancelSync: 
03-04 19:27:59.581 27626 30101 I SENL$SC/@NotesSyncRpcProvider: cancelSync()
03-04 19:27:59.581 27626 30101 I SENL$SenlThreadFactory: newThread# mName RequestCancelSyncBySCloud-1
03-04 19:27:59.589 27417   498 I [SC][SyncApi][1.0][Samsung Pass]: getIsSyncable: 1
03-04 19:27:59.589 27417   498 I [SC][SyncApi][1.0][Samsung Pass]: cancel: 
03-04 19:27:59.592 27417   498 I [SC]SyncSettingManager: getIsSyncable: com.samsung.bt.btservice.btsettingsprovider
03-04 19:27:59.600 27417   498 I [SC][SyncApi][1.0][Bluetooth]: getIsSyncable: 1
03-04 19:27:59.600 27417   498 I [SC][SyncApi][1.0][Bluetooth]: cancel: 
03-04 19:27:59.600 27626   499 I SENL$SC/@SyncOldServiceController: stopSync() : 103
03-04 19:27:59.600 27626   499 I SENL$SC/@SyncOldServiceController: executeAfterServiceReady() : STOPPED
03-04 19:27:59.601 27626   499 I SENL$SC/@SyncOldServiceController: already stopped!
03-04 19:27:59.602 27417   498 I [SC]SyncSettingManager: getIsSyncable: com.android.settings.wifiprofilesync
03-04 19:27:59.611 27417   498 I [SC][SyncApi][1.0][Wi-Fi]: getIsSyncable: 1
03-04 19:27:59.611 27417   498 I [SC][SyncApi][1.0][Wi-Fi]: cancel: 
03-04 19:27:59.612 27417   498 I [SC]SyncSettingManager: getIsSyncable: com.android.calendar
03-04 19:27:59.632 27417   498 I [SC][SyncApi][1.0][Calendar]: getIsSyncable: 1
03-04 19:27:59.632 27417   498 I [SC][SyncApi][1.0][Calendar]: cancel: 
03-04 19:27:59.632 27417   498 I [SC][SyncApi][1.0][Gallery]: getIsSyncable: 0
03-04 19:27:59.633 27417   498 I [SC]AutoBackupController: isAllowed: notAfw: true, mum: true, enabled: true, menu visible : true
03-04 19:27:59.633 27417   498 I [SC]AutoBackupController: automatic backup reg - isAutoBackupOn: true
03-04 19:27:59.634 27417 27546 I [SC]CtbDeviceRepository: updateSiopLevel. siopLevel: 6
03-04 19:27:59.812  5405  5759 D PowerManagerService-JNI: Excessive delay in acquiring suspend blocker to PowerManagerService.WakeLocks
03-04 19:28:00.001  5763  6242 D QSClockBellTower: onReceive(android.intent.action.TIME_TICK) mTimeZoneString:null
03-04 19:28:00.002  5763  5763 D KeyguardUpdateMonitor: received broadcast android.intent.action.TIME_TICK
03-04 19:28:00.005  5763  5763 D QSClockBellTower: He is ready to ring the bell. (((QSClockBellSound - TimeText:19:28, TimeContentDescription:19:28, DateText:Wed, 4 March, ShortDateText:Wed, 4 Mar, Demo:false, QuickStar-Second(false|12:34:56))))
03-04 19:28:00.020  5763  6242 D QSClockBellTower: onReceive(android.intent.action.TIME_TICK) mTimeZoneString:null
03-04 19:28:00.021  5763  5763 D QSClockIndicatorView: Home Indicator status_bar_clock 19:28 notifyTimeChanged(QSClockBellSound - TimeText:19:28, TimeContentDescription:19:28, DateText:Wed, 4 March, ShortDateText:Wed, 4 Mar, Demo:false, QuickStar-Second(false|12:34:56)) ClockVisibleByPolicy:true, ClockVisibleByUser:true, visible?true, parent:android.widget.LinearLayout{6e0da4a V.E...... ......ID 0,0-97,55 #7f0b04f0 app:id/left_clock_container}
03-04 19:28:00.021  5763  5763 D QSClockBellTower: Everyone heard the bell. run(currentTime:1772627280002,   getTime():Wed Mar 04 19:28:00 GMT+07:00 2026,   getTimeZone():libcore.util.ZoneInfo[mDstSavings=0,mUseDst=false,mDelegate=[id="Asia/Bangkok",mRawOffset=25200000,mEarliestRawOffset=24124000,transitions=3]])
03-04 19:28:00.023  5763  5763 D KeyguardUpdateMonitor: handleTimeUpdate
03-04 19:28:00.023  5763  5763 D FaceWidgetPagesController: onTimeChanged()
03-04 19:28:00.032  5763  5763 I FaceWidgetPositionAlgorithm: getClockContainerHeight() supplier = 610, bottom margin = 0, real height = 673
03-04 19:28:00.052  5405 27231 D SemWifiUsabilityStatsMonitor: onWifiUsabilityStats - seqNum 12490, isSameBssidAndFreq true
03-04 19:28:00.053  5763  5763 I FaceWidgetPositionAlgorithm: getClockContainerHeight() supplier = 610, bottom margin = 63, real height = 673
03-04 19:28:00.053  5763  5763 I FaceWidgetPositionAlgorithm: getMediaContainerHeight() height = 0 container Visibility = 8, isValid = false, mIsDozing = false, fraction = 1.0, source = 0, target = 0
03-04 19:28:00.053  5763  5763 I FaceWidgetPositionAlgorithm: getMediaContainerHeight() supplier = 0
03-04 19:28:00.054  5763  5763 V QsExpandAnimator: setQsExpansionPosition 0.0
03-04 19:28:00.056  5405  5679 I SemWifiLinkQualityMonitor: Link Qos query: inf. ms / 0 Mbps
03-04 19:28:00.080  5763  5763 D KeyguardUpdateMonitor: received broadcast android.intent.action.TIME_TICK
03-04 19:28:00.083  5763  5763 D QSClockBellTower: He is ready to ring the bell. (((QSClockBellSound - TimeText:19:28, TimeContentDescription:19:28, DateText:Wed, 4 March, ShortDateText:Wed, 4 Mar, Demo:false, QuickStar-Second(false|12:34:56))))
03-04 19:28:00.083  5763  5763 D QSClockIndicatorView: Home Indicator status_bar_clock 19:28 notifyTimeChanged(QSClockBellSound - TimeText:19:28, TimeContentDescription:19:28, DateText:Wed, 4 March, ShortDateText:Wed, 4 Mar, Demo:false, QuickStar-Second(false|12:34:56)) ClockVisibleByPolicy:true, ClockVisibleByUser:true, visible?true, parent:android.widget.LinearLayout{6e0da4a V.E...... ......ID 0,0-97,55 #7f0b04f0 app:id/left_clock_container}
03-04 19:28:00.084  5763  5763 D QSClockBellTower: Everyone heard the bell. run(currentTime:1772627280081,   getTime():Wed Mar 04 19:28:00 GMT+07:00 2026,   getTimeZone():libcore.util.ZoneInfo[mDstSavings=0,mUseDst=false,mDelegate=[id="Asia/Bangkok",mRawOffset=25200000,mEarliestRawOffset=24124000,transitions=3]])
03-04 19:28:00.085  5763  5763 V QsExpandAnimator: updateAnimators
03-04 19:28:00.085  5763  5763 V QsExpandAnimator: clearAnimationState 
03-04 19:28:00.086  5763  5763 V QsExpandAnimator: updateViews
03-04 19:28:00.090  5763  5763 V QsExpandAnimator: updateTileAnimator
03-04 19:28:00.092  5763  5763 V QsExpandAnimator: updateHeaderAnimator
03-04 19:28:00.093  5052  5052 I SurfaceFlinger: SFWD update time=55438093039578
03-04 19:28:00.095  5763  5763 V QsExpandAnimator: updateBarAnimator
03-04 19:28:00.095  5763  5763 V QsExpandAnimator: setQsExpansionPosition 0.0
03-04 19:28:00.095  5763  5763 V QsExpandAnimator: onAnimationAtStart
03-04 19:28:00.109  5763  5763 I FaceWidgetPositionAlgorithm: getClockContainerHeight() supplier = 610, bottom margin = 0, real height = 673
03-04 19:28:00.109  5763  5763 I FaceWidgetPositionAlgorithm: getClockContainerHeight() supplier = 610, bottom margin = 63, real height = 673
03-04 19:28:00.109  5763  5763 I FaceWidgetPositionAlgorithm: getMediaContainerHeight() height = 0 container Visibility = 8, isValid = false, mIsDozing = false, fraction = 1.0, source = 0, target = 0
03-04 19:28:00.109  5763  5763 I FaceWidgetPositionAlgorithm: getMediaContainerHeight() supplier = 0
03-04 19:28:00.111  5763  5763 V QsExpandAnimator: setQsExpansionPosition 0.0
03-04 19:28:00.121  5763  5763 D KeyguardUpdateMonitor: handleTimeUpdate
03-04 19:28:00.122  5763  5763 D FaceWidgetPagesController: onTimeChanged()
03-04 19:28:00.122  5763  5763 V QsExpandAnimator: updateAnimators
03-04 19:28:00.122  5763  5763 V QsExpandAnimator: clearAnimationState 
03-04 19:28:00.123  5763  5763 V QsExpandAnimator: updateViews
03-04 19:28:00.130  5763  5763 V QsExpandAnimator: updateTileAnimator
03-04 19:28:00.133  5763  5763 V QsExpandAnimator: updateHeaderAnimator
03-04 19:28:00.134  5763  5763 V QsExpandAnimator: updateBarAnimator
03-04 19:28:00.135  5763  5763 V QsExpandAnimator: setQsExpansionPosition 0.0
03-04 19:28:00.135  5763  5763 V QsExpandAnimator: onAnimationAtStart
03-04 19:28:00.719  5405  5454 E Watchdog: !@Sync: 1847 heap: 97 / 110 FD: 928 [2026-03-04 19:28:00.718]
03-04 19:28:01.216  4564  4564 D io_stats: !@   8,0 r 528676 15624116 w 1184372 230120612 d 0 0 f 0 0 iot 689352 0 th 0 0 0 pt 0 inp 0 0 55439.215
03-04 19:28:02.219  5405  7518 D BatteryService: Sending ACTION_BATTERY_CHANGED: level:31, status:2, health:2, ac:false, usb:true, wireless:false, pogo:false, misc:0x20000, charge_type:1, charger_type:0, voltage:3810, temperature:445, online:19, current_avg:642, ps:false, hvc:false, capacity:280000, current_event:0x10020, current_now:636, mcc:0, mcv:0, cc:1197315, present:true, scale:100, technology:Li-ion
03-04 19:28:02.220  5000  5000 E sehhealth-service: Could not open /sys/class/power_supply/battery/lrp
03-04 19:28:02.220  5405  5569 D MotionRecognitionService: [SAR]  onReceive : ACTION_BATTERY_CHANGED, Plugged: 2
03-04 19:28:02.221  5405  5712 I DeviceBatteryInfoService: action: android.intent.action.BATTERY_CHANGED
03-04 19:28:02.221  5405  5712 I DeviceBatteryInfoService: phone battery level: 31
03-04 19:28:02.221  5405  5405 D PhoneWindowManagerExt: ACTION_BATTERY_CHANGED - Level=31, status=2
03-04 19:28:02.221  5405  5712 I DeviceBatteryInfoService: phone battery status: 2
03-04 19:28:02.221  5405  5405 D AdaptiveBrightnessLongtermModelBuilder: Received android.intent.action.BATTERY_CHANGED
03-04 19:28:02.221  5405  5405 D SemWifiApBroadcastReceiver: Received : android.intent.action.BATTERY_CHANGED
03-04 19:28:02.225  5740  5740 D SemBigDataInfoController: Intent: android.intent.action.BATTERY_CHANGED
03-04 19:28:02.225  5740  5740 D SemBigDataInfoController: Intent: android.intent.action.BATTERY_CHANGED
03-04 19:28:02.226  5763  5763 I AODBatteryManager: updateBatteryData: ACTION_BATTERY_CHANGED
03-04 19:28:02.226  5763  5763 I AODBatteryManager: getChargeEstimateTime: swelling mode
03-04 19:28:02.226  5763  5763 I AODBatteryManager: saveBatteryData : AOD BatteryData [mBatteryLevel=31, mBatteryStatus=CHARGING, mBatteryPlugType=USB, mBatteryPlugged=true, mRemainingChargeTime=0, mBatteryChargingType=1, mBatteryChargerType=NORMAL, mBatteryOnline=NOT_DEFINED, mBatterySwellingMode=HIGH_TEMP, mBatteryProtectMode=false]
03-04 19:28:02.226  5763  5763 D KeyguardUpdateMonitor: received broadcast android.intent.action.BATTERY_CHANGED
03-04 19:28:02.226  5763  5763 D SamsungBatteryMeterDrawable: onBatteryLevelChanged isSomethingChanged: false
03-04 19:28:02.227  5763  5763 D SamsungBatteryMeterDrawable: onBatteryLevelChanged isSomethingChanged: false
03-04 19:28:02.227  5763  5763 D SamsungBatteryMeterDrawable: onBatteryLevelChanged isSomethingChanged: false
03-04 19:28:02.227  5763  5763 D SamsungBatteryMeterDrawable: onBatteryLevelChanged isSomethingChanged: false
03-04 19:28:02.228  5763  5763 I PowerUI : mBootCompleted = true |  mFullyConnected = true
03-04 19:28:02.228  5763  5763 I PowerUI : BATTERY_HEALTH_CHECK extraHealth=2 mBatteryMiscEvent=131072
03-04 19:28:02.228  5763 11800 D SecPowerUI.Notification: dismissing low battery warning: level=31
03-04 19:28:02.228  5763 11800 D SecPowerUI.Notification: updateNotification mWarning=false mPlaySound=false
03-04 19:28:02.228  5763 11800 D SecPowerUI.Notification: SecBatteryStatsSnapshot{batteryLevel=31, currentBatteryMode=0, chargingTime=0, chargingType=11, batteryHealth=2, automaticTestMode=false, isHiccupState=false}
03-04 19:28:02.230  5763  5763 W PowerUI : Plug reason
03-04 19:28:02.230  5763  5763 W PowerUI : Skip charging animation - by plug status
03-04 19:28:02.230  5763  5763 D PowerUI : priorPlugType = 2 mPlugType = 2 priorBatteryStatus = 2 mBatteryStatus = 2
03-04 19:28:02.230  5763  5763 W PowerUI : Plug reason
03-04 19:28:02.230  5763  5763 W PowerUI : Skip charging sound - by plug status
03-04 19:28:02.230  5763  5763 I PowerUI : oldMisalign : false, curMisalign : false
03-04 19:28:02.233  5763 11800 D SecPowerUI.Notification: 1. restoreScreenTimeOut - saved_value : :
03-04 19:28:02.233  5763 11800 E SecPowerUI.Notification: no saved value, so we do nothing !!
03-04 19:28:02.234  5763  5763 D SecPowerUI.Notification: showChargingNotice oldChargingType : 11 / currentChargingType : 11, oldChargingTime : 0 / mChargingTime : 0
03-04 19:28:02.234  5763  5763 D SecPowerUI.Notification: There is no change about charging status, so return!
03-04 19:28:02.234  5763  5763 D PowerUI : Battery swelling mode - priorBatterySwellingMode = 2 mBatterySwellingMode = 2 mBatteryStatus = 2
03-04 19:28:02.234  5763  5763 I PowerUI : mBatteryMiscEvent = 131072
03-04 19:28:02.235  5763  5763 I PowerUI : checkShouldTurnOffProtectBattery : -1, Scheduling start ? : false
03-04 19:28:02.235  5763  5763 I PowerUI : Clear time
03-04 19:28:02.236  5405  5948 D SettingsProvider: isChangeAllowed() : name = charger_connected_time
03-04 19:28:02.236  5405  5948 D SettingsProvider: edmUri: content://com.sec.knox.provider/RestrictionPolicy3
03-04 19:28:02.236  5405  5948 D SettingsProvider: projectionArgs: isSettingsChangesAllowed
03-04 19:28:02.236  5405  5948 D SettingsProvider: selectionArgs: false
03-04 19:28:02.236  5405  5948 D SettingsProvider: selectionArgs: 10052
03-04 19:28:02.237  5405  5948 D SecContentProvider: query(), uri = 17 selection = isSettingsChangesAllowed
03-04 19:28:02.237  5405  5948 D SecContentProvider: called from android.uid.systemui:10052
03-04 19:28:02.237  5405  5948 D RestrictionPolicy: isSettingsChangesAllowedAsUser, userId 0 : true
03-04 19:28:02.237  5405  5948 D SettingsProvider: ret = 1
03-04 19:28:02.240  5763  5763 D KeyguardUpdateMonitor: handleBatteryUpdate
03-04 19:28:03.119  5405 27231 D SemWifiUsabilityStatsMonitor: onWifiUsabilityStats - seqNum 12491, isSameBssidAndFreq true
03-04 19:28:03.120  5405  5679 I SemWifiLinkQualityMonitor: Link Qos query: inf. ms / 0 Mbps
03-04 19:28:03.890  4884  4884 E audit   : type=1400 audit(1772627283.886:5117): avc:  denied  { write } for  pid=13009 comm="ThreadPoolForeg" name="traced_producer" dev="tmpfs" ino=24980 scontext=u:r:gmscore_app:s0:c512,c768 tcontext=u:object_r:traced_producer_socket:s0 tclass=sock_file permissive=0 SEPF_SM-A515F_13_0001 audit_filtered
03-04 19:28:03.890  4884  4884 E audit   : type=1300 audit(1772627283.886:5117): arch=c00000b7 syscall=203 success=no exit=-13 a0=6 a1=74d15130e0 a2=1e a3=ce898172b items=0 ppid=4905 pid=13009 auid=4294967295 uid=10224 gid=10224 euid=10224 suid=10224 fsuid=10224 egid=10224 sgid=10224 fsgid=10224 tty=(none) ses=4294967295 comm="ThreadPoolForeg" exe="/system/bin/app_process64" subj=u:r:gmscore_app:s0:c512,c768 key=(null)
03-04 19:28:03.890  4884  4884 E audit   : type=1327 audit(1772627283.886:5117): proctitle="com.google.android.gms.persistent"
03-04 19:28:05.612  5405  5459 I ActivityManager: Changes in 10254 5 to 15, 8 to 0
03-04 19:28:06.183  5405 27231 D SemWifiUsabilityStatsMonitor: onWifiUsabilityStats - seqNum 12492, isSameBssidAndFreq true
03-04 19:28:06.184  5405  5679 I SemWifiLinkQualityMonitor: Link Qos query: inf. ms / 0 Mbps
03-04 19:28:07.160 26409 26409 I wpa_supplicant: Heartbeat 4695
03-04 19:28:07.237  5763  5763 D SecPowerUI.Notification: showChargingNotice oldChargingType : 11 / currentChargingType : 11, oldChargingTime : 0 / mChargingTime : 0
03-04 19:28:07.237  5763  5763 D SecPowerUI.Notification: There is no change about charging status, so return!
03-04 19:28:08.920  5405  5626 D ConnectivityService: reportNetworkActive, notify 1 listeners
03-04 19:28:09.248  5405 27231 D SemWifiUsabilityStatsMonitor: onWifiUsabilityStats - seqNum 12493, isSameBssidAndFreq true
03-04 19:28:09.250  5763  5763 D NetworkController.WifiSignalController: notifyListener: visible=true, connected=true, inetCondition=1, isDefault=true, wifiTestReported=true, receivedInetCondition=-1, hideDuringMobileSwitching=false
03-04 19:28:09.251  5405  5679 I SemWifiLinkQualityMonitor: Link Qos query: inf. ms / 0 Mbps
03-04 19:28:09.474  7525  8838 I SDHMS:D : SIOP:: AP:558 BAT:445 USB:0 CHG:525 WIFI:493 SKIN:482 SKINF:472 SKINB:482 LRP:482 LRF:472 LRB:482 
03-04 19:28:11.218  4564  4564 D io_stats: !@   8,0 r 528676 15624116 w 1184372 230120612 d 0 0 f 0 0 iot 689352 0 th 0 0 0 pt 0 inp 0 0 55449.218
03-04 19:28:12.229  5405  7518 D BatteryService: Sending ACTION_BATTERY_CHANGED: level:31, status:2, health:2, ac:false, usb:true, wireless:false, pogo:false, misc:0x20000, charge_type:1, charger_type:0, voltage:3810, temperature:445, online:19, current_avg:680, ps:false, hvc:false, capacity:280000, current_event:0x10020, current_now:689, mcc:0, mcv:0, cc:1197315, present:true, scale:100, technology:Li-ion
03-04 19:28:12.231  5405  5569 D MotionRecognitionService: [SAR]  onReceive : ACTION_BATTERY_CHANGED, Plugged: 2
03-04 19:28:12.231  5405  5712 I DeviceBatteryInfoService: action: android.intent.action.BATTERY_CHANGED
03-04 19:28:12.231  5405  5712 I DeviceBatteryInfoService: phone battery level: 31
03-04 19:28:12.231  5405  5712 I DeviceBatteryInfoService: phone battery status: 2
03-04 19:28:12.231  5000  5000 E sehhealth-service: Could not open /sys/class/power_supply/battery/lrp
03-04 19:28:12.236  5405  5405 D PhoneWindowManagerExt: ACTION_BATTERY_CHANGED - Level=31, status=2
03-04 19:28:12.236  5763  5763 D KeyguardUpdateMonitor: received broadcast android.intent.action.BATTERY_CHANGED
03-04 19:28:12.237  5763  5763 D SamsungBatteryMeterDrawable: onBatteryLevelChanged isSomethingChanged: false
03-04 19:28:12.237  5405  5405 D AdaptiveBrightnessLongtermModelBuilder: Received android.intent.action.BATTERY_CHANGED
03-04 19:28:12.237  5405  5405 D SemWifiApBroadcastReceiver: Received : android.intent.action.BATTERY_CHANGED
03-04 19:28:12.237  5763  5763 D SamsungBatteryMeterDrawable: onBatteryLevelChanged isSomethingChanged: false
03-04 19:28:12.237  5763  5763 D SamsungBatteryMeterDrawable: onBatteryLevelChanged isSomethingChanged: false
03-04 19:28:12.238  5763  5763 D SamsungBatteryMeterDrawable: onBatteryLevelChanged isSomethingChanged: false
03-04 19:28:12.238  5740  5740 D SemBigDataInfoController: Intent: android.intent.action.BATTERY_CHANGED
03-04 19:28:12.238  5740  5740 D SemBigDataInfoController: Intent: android.intent.action.BATTERY_CHANGED
03-04 19:28:12.238  5763  5763 I PowerUI : mBootCompleted = true |  mFullyConnected = true
03-04 19:28:12.238  5763  5763 I PowerUI : BATTERY_HEALTH_CHECK extraHealth=2 mBatteryMiscEvent=131072
03-04 19:28:12.238  5763  5763 W PowerUI : Plug reason
03-04 19:28:12.238  5763  5763 W PowerUI : Skip charging animation - by plug status
03-04 19:28:12.238  5763  5763 D PowerUI : priorPlugType = 2 mPlugType = 2 priorBatteryStatus = 2 mBatteryStatus = 2
03-04 19:28:12.238  5763 11872 D SecPowerUI.Notification: dismissing low battery warning: level=31
03-04 19:28:12.239  5763 11872 D SecPowerUI.Notification: updateNotification mWarning=false mPlaySound=false
03-04 19:28:12.239  5763 11872 D SecPowerUI.Notification: SecBatteryStatsSnapshot{batteryLevel=31, currentBatteryMode=0, chargingTime=0, chargingType=11, batteryHealth=2, automaticTestMode=false, isHiccupState=false}
03-04 19:28:12.239  5405  5468 D BatteryStatsImpl: Temperature higher than 40 degrees, writing data to disk, 60103ms have passed
03-04 19:28:12.254  5763 11872 D SecPowerUI.Notification: 1. restoreScreenTimeOut - saved_value : :
03-04 19:28:12.254  5763 11872 E SecPowerUI.Notification: no saved value, so we do nothing !!
03-04 19:28:12.254  5763  5763 W PowerUI : Plug reason
03-04 19:28:12.255  5763  5763 W PowerUI : Skip charging sound - by plug status
03-04 19:28:12.255  5763  5763 I PowerUI : oldMisalign : false, curMisalign : false
03-04 19:28:12.256  5763  5763 D SecPowerUI.Notification: showChargingNotice oldChargingType : 11 / currentChargingType : 11, oldChargingTime : 0 / mChargingTime : 0
03-04 19:28:12.256  5763  5763 D SecPowerUI.Notification: There is no change about charging status, so return!
03-04 19:28:12.256  5763  5763 D PowerUI : Battery swelling mode - priorBatterySwellingMode = 2 mBatterySwellingMode = 2 mBatteryStatus = 2
03-04 19:28:12.256  5763  5763 I PowerUI : mBatteryMiscEvent = 131072
03-04 19:28:12.258  5763  5763 I PowerUI : checkShouldTurnOffProtectBattery : -1, Scheduling start ? : false
03-04 19:28:12.258  5763  5763 I PowerUI : Clear time
03-04 19:28:12.259  5405  5948 D SettingsProvider: isChangeAllowed() : name = charger_connected_time
03-04 19:28:12.259  5405  5948 D SettingsProvider: edmUri: content://com.sec.knox.provider/RestrictionPolicy3
03-04 19:28:12.259  5405  5948 D SettingsProvider: projectionArgs: isSettingsChangesAllowed
03-04 19:28:12.259  5405  5948 D SettingsProvider: selectionArgs: false
03-04 19:28:12.259  5405  5948 D SettingsProvider: selectionArgs: 10052
03-04 19:28:12.259  5405  5948 D SecContentProvider: query(), uri = 17 selection = isSettingsChangesAllowed
03-04 19:28:12.259  5405  5948 D SecContentProvider: called from android.uid.systemui:10052
03-04 19:28:12.259  5405  5948 D RestrictionPolicy: isSettingsChangesAllowedAsUser, userId 0 : true
03-04 19:28:12.259  5405  5948 D SettingsProvider: ret = 1
03-04 19:28:12.261  5763  5763 D KeyguardUpdateMonitor: handleBatteryUpdate
03-04 19:28:12.263  5763  5763 I AODBatteryManager: updateBatteryData: ACTION_BATTERY_CHANGED
03-04 19:28:12.263  5763  5763 I AODBatteryManager: getChargeEstimateTime: swelling mode
03-04 19:28:12.263  5763  5763 I AODBatteryManager: saveBatteryData : AOD BatteryData [mBatteryLevel=31, mBatteryStatus=CHARGING, mBatteryPlugType=USB, mBatteryPlugged=true, mRemainingChargeTime=0, mBatteryChargingType=1, mBatteryChargerType=NORMAL, mBatteryOnline=NOT_DEFINED, mBatterySwellingMode=HIGH_TEMP, mBatteryProtectMode=false]
03-04 19:28:12.293  5405 27231 D SemWifiUsabilityStatsMonitor: onWifiUsabilityStats - seqNum 12494, isSameBssidAndFreq true
03-04 19:28:12.295  5763  5763 D NetworkController.WifiSignalController: notifyListener: visible=true, connected=true, inetCondition=1, isDefault=true, wifiTestReported=true, receivedInetCondition=-1, hideDuringMobileSwitching=false
03-04 19:28:12.317  5405  5679 I SemWifiLinkQualityMonitor: Link Qos Query: 0.205 ms / 39.000 Mbps (351 / 0.000 / 9.000)
03-04 19:28:13.218  4564  4564 D io_stats: !@   8,0 r 528676 15624116 w 1184378 230121068 d 0 0 f 0 0 iot 689356 0 th 0 0 0 pt 0 inp 0 0 55451.218
03-04 19:28:15.356  5405 27231 D SemWifiUsabilityStatsMonitor: onWifiUsabilityStats - seqNum 12495, isSameBssidAndFreq true
03-04 19:28:15.357  5763  5763 D NetworkController.WifiSignalController: notifyListener: visible=true, connected=true, inetCondition=1, isDefault=true, wifiTestReported=true, receivedInetCondition=-1, hideDuringMobileSwitching=false
03-04 19:28:15.358  5405  5679 I SemWifiLinkQualityMonitor: Link Qos Query: 0.205 ms / 39.000 Mbps (351 / 0.000 / 9.000)
03-04 19:28:17.168 26409 26409 I wpa_supplicant: Heartbeat 4696
03-04 19:28:17.260  5763  5763 D SecPowerUI.Notification: showChargingNotice oldChargingType : 11 / currentChargingType : 11, oldChargingTime : 0 / mChargingTime : 0
03-04 19:28:17.260  5763  5763 D SecPowerUI.Notification: There is no change about charging status, so return!
03-04 19:28:18.083  7385  7582 I bbhc    : (REDACTED) getHotwordActive::active query: %s, watch: %s, devices connected: %s
03-04 19:28:18.404  5405 27231 D SemWifiUsabilityStatsMonitor: onWifiUsabilityStats - seqNum 12496, isSameBssidAndFreq true
03-04 19:28:18.406  5405  5679 I SemWifiLinkQualityMonitor: Link Qos Query: 0.205 ms / 39.000 Mbps (351 / 0.000 / 9.000)
03-04 19:28:19.474  7525  8838 I SDHMS:D : SIOP:: AP:557 BAT:445 USB:0 CHG:526 WIFI:493 SKIN:482 SKINF:472 SKINB:482 LRP:482 LRF:472 LRB:482 
03-04 19:28:20.462 27256 27359 W bt_stack: pause_registered_clients()
03-04 19:28:20.462 27256 27359 W bt_stack: le_impl :: OnPause()
03-04 19:28:20.462 27256 27359 W bt_stack: le_impl :: ConnectabilityState is DISARMED. Call AckPause()
03-04 19:28:20.462 27256 27359 W bt_stack: le_scanning_manager :: OnPause()
03-04 19:28:20.462 27256 27359 W bt_stack: Stop LeSetScanEnable
03-04 19:28:20.462 27256 27359 W bt_stack: le_scanning_manager :: OnPause() - call AckPause
03-04 19:28:20.462 27256 27359 W bt_stack: le_address_manager :: ack_pause()
03-04 19:28:20.463 27256 27359 W bt_stack: le_address_manager :: ack_pause() - make sure all client paused. Return
03-04 19:28:20.464 27256 27359 W bt_stack: le_address_manager :: ack_pause()
03-04 19:28:20.464 27256 27359 W bt_stack: le_address_manager :: ack_pause() - handle_next_command
03-04 19:28:20.464 27256 27359 W bt_stack: handle_next_command()
03-04 19:28:20.471 27256 27359 W bt_stack: Received command complete with op_code LE_SET_RANDOM_ADDRESS
03-04 19:28:20.471 27256 27359 W bt_stack: le_impl :: OnResume()
03-04 19:28:20.471 27256 27359 W bt_stack: le_impl :: check_for_unregister()
03-04 19:28:20.471 27256 27359 W bt_stack: le_scanning_manager :: OnResume()
03-04 19:28:20.472 27256 27359 W bt_stack: Start LeSetScan
03-04 19:28:20.472 27256 27359 W bt_stack: le_scanning_manager :: OnResume() - call AckResume
03-04 19:28:20.472 27256 27359 W bt_stack: le_address_manager :: ack_resume()
03-04 19:28:20.472 27256 27359 W bt_stack: le_address_manager :: ack_resume()
03-04 19:28:21.220  4564  4564 D io_stats: !@   8,0 r 528679 15624136 w 1184379 230121084 d 0 0 f 0 0 iot 689360 0 th 0 0 0 pt 0 inp 0 0 55459.220
03-04 19:28:21.434  5405 27231 D SemWifiUsabilityStatsMonitor: onWifiUsabilityStats - seqNum 12497, isSameBssidAndFreq true
03-04 19:28:21.437  5405  5679 I SemWifiLinkQualityMonitor: Link Qos Query: 0.205 ms / 39.000 Mbps (351 / 0.000 / 9.000)
03-04 19:28:21.454  5405  5652 D UsbStatsMonitor: 0 0 0 0 7 0 0 0 1 0 0 0 6 0 1 0 0 0 0 0 0 0 0 0 0 0 0 0 0 0 0 0 0 0 0 0 0 0 0 0 0 0 0 0 0 0 0 0 0
03-04 19:28:21.540  5405  5468 D BatteryExternalStatsWorker: update stats : battery-level (63)
03-04 19:28:21.553  5405  5468 D BatteryExternalStatsWorker: Fetch WiFi data
03-04 19:28:21.553  5405  5468 D BatteryExternalStatsWorker: Update Rail Energy data
03-04 19:28:21.554  5405  5468 D BatteryExternalStatsWorker: Fetch Bluetooth data
03-04 19:28:21.554  5405  5468 D BatteryExternalStatsWorker: Fetch modem data
03-04 19:28:21.562  5405  7518 W BatteryExternalStatsWorker: error reading Bluetooth stats: 11
03-04 19:28:21.571  5405  7494 W TelephonyManager: requestModemActivityInfo: Received an invalid ModemActivityInfo
03-04 19:28:21.571  5405  7494 W BatteryExternalStatsWorker: error reading modem stats:ERROR_INVALID_INFO_RECEIVED
03-04 19:28:21.682  5405  5468 D BatteryExternalStatsWorker: Update CPU state
03-04 19:28:21.683  5405  5468 I KernelWakelockReader: readKernelWakelockStats(false)
03-04 19:28:21.686  4603  4610 W android.system.suspend@1.0-service: getWakeLockStats +
03-04 19:28:21.686  4603  4610 I android.system.suspend@1.0-service: name: PowerManagerService.Display, isActive: 1, LC: 55459686, AC: 834, AT: 631214, TT: 45392828
03-04 19:28:21.686  4603  4610 I android.system.suspend@1.0-service: name: PowerManager.SuspendLockout, isActive: 1, LC: 55459686, AC: 839, AT: 631216, TT: 45388709
03-04 19:28:21.687  4603  4610 W android.system.suspend@1.0-service: getWakeLockStats -
03-04 19:28:21.688  5405  5468 D KernelWakelockReader: name=PowerManagerService.WakeLocks	 isActive=false	 lastChange=55459579	 activeCount=4597	 activeTime=0	 totalTime=5345209	 version=200	 time_delta=97879000
03-04 19:28:21.689  5405  5468 D KernelWakelockReader: name=PowerManagerService.Broadcasts	 isActive=false	 lastChange=54829261	 activeCount=28	 activeTime=0	 totalTime=17049	 version=200	 time_delta=0
03-04 19:28:21.689  5405  5468 D KernelWakelockReader: name=PowerManagerService.Display	 isActive=true	 lastChange=55459686	 activeCount=834	 activeTime=631214	 totalTime=45392828	 version=200	 time_delta=435434000
03-04 19:28:21.689  5405  5468 D KernelWakelockReader: name=PowerManager.SuspendLockout	 isActive=true	 lastChange=55459686	 activeCount=839	 activeTime=631216	 totalTime=45388709	 version=200	 time_delta=435434000
03-04 19:28:21.689  5405  5468 D KernelWakelockReader: name=PowerManagerService.Booting	 isActive=false	 lastChange=46117	 activeCount=1	 activeTime=0	 totalTime=31069	 version=200	 time_delta=0
03-04 19:28:21.690  5405  5468 I BatteryStatsImpl: updateKernelWakelocksLocked:: name=PowerManager.SuspendLockout / totalTime=45388709000 / mCount=839 / version=200
03-04 19:28:21.690  5405  5468 I BatteryStatsImpl: updateKernelWakelocksLocked:: name=PowerManagerService.Display / totalTime=45392828000 / mCount=834 / version=200
03-04 19:28:21.690  5405  5468 I BatteryStatsImpl: updateKernelWakelocksLocked:: name=PowerManagerService.WakeLocks / totalTime=5345209000 / mCount=4597 / version=200
03-04 19:28:21.690  5405  5468 I BatteryStatsImpl: updateKernelWakelocksLocked:: name=PowerManagerService.Broadcasts / totalTime=17049000 / mCount=28 / version=200
03-04 19:28:21.691  5405  5468 I BatteryStatsImpl: updateKernelWakelocksLocked:: name=PowerManagerService.Booting / totalTime=31069000 / mCount=1 / version=200
03-04 19:28:21.692  5405  5468 D BatteryExternalStatsWorker: Update Kernel wakelock & memory state
03-04 19:28:21.692  5405  5468 D BatteryExternalStatsWorker: Update RPM state
03-04 19:28:21.694  5405  5468 D BatteryExternalStatsWorker: mStats lock released
03-04 19:28:21.707  5405  5468 D BatteryExternalStatsWorker: Update wifi state
03-04 19:28:21.707  5405  5468 D BatteryExternalStatsWorker: done updateExternalStatsLocked
03-04 19:28:22.242  5405  7518 D BatteryService: Sending ACTION_BATTERY_CHANGED: level:31, status:2, health:2, ac:false, usb:true, wireless:false, pogo:false, misc:0x20000, charge_type:1, charger_type:0, voltage:3809, temperature:444, online:19, current_avg:722, ps:false, hvc:false, capacity:280000, current_event:0x10020, current_now:729, mcc:0, mcv:0, cc:1201116, present:true, scale:100, technology:Li-ion
03-04 19:28:22.242  5000  5000 E sehhealth-service: Could not open /sys/class/power_supply/battery/lrp
03-04 19:28:22.249  5405  5569 D MotionRecognitionService: [SAR]  onReceive : ACTION_BATTERY_CHANGED, Plugged: 2
03-04 19:28:22.250  5405  5712 I DeviceBatteryInfoService: action: android.intent.action.BATTERY_CHANGED
03-04 19:28:22.250  5405  5712 I DeviceBatteryInfoService: phone battery level: 31
03-04 19:28:22.250  5405  5712 I DeviceBatteryInfoService: phone battery status: 2
03-04 19:28:22.251  5405  5405 D PhoneWindowManagerExt: ACTION_BATTERY_CHANGED - Level=31, status=2
03-04 19:28:22.251  5405  5405 D AdaptiveBrightnessLongtermModelBuilder: Received android.intent.action.BATTERY_CHANGED
03-04 19:28:22.253  5405  5405 D SemWifiApBroadcastReceiver: Received : android.intent.action.BATTERY_CHANGED
03-04 19:28:22.255  5740  5740 D SemBigDataInfoController: Intent: android.intent.action.BATTERY_CHANGED
03-04 19:28:22.258  5740  5740 D SemBigDataInfoController: Intent: android.intent.action.BATTERY_CHANGED
03-04 19:28:22.260  5763  5763 D KeyguardUpdateMonitor: received broadcast android.intent.action.BATTERY_CHANGED
03-04 19:28:22.260  5763  5763 D SamsungBatteryMeterDrawable: onBatteryLevelChanged isSomethingChanged: false
03-04 19:28:22.261  5763  5763 D SamsungBatteryMeterDrawable: onBatteryLevelChanged isSomethingChanged: false
03-04 19:28:22.261  5763  5763 D SamsungBatteryMeterDrawable: onBatteryLevelChanged isSomethingChanged: false
03-04 19:28:22.261  5763  5763 D SamsungBatteryMeterDrawable: onBatteryLevelChanged isSomethingChanged: false
03-04 19:28:22.262  5763  5763 I PowerUI : mBootCompleted = true |  mFullyConnected = true
03-04 19:28:22.262  5763  5763 I PowerUI : BATTERY_HEALTH_CHECK extraHealth=2 mBatteryMiscEvent=131072
03-04 19:28:22.262  5763 11897 D SecPowerUI.Notification: dismissing low battery warning: level=31
03-04 19:28:22.262  5763 11897 D SecPowerUI.Notification: updateNotification mWarning=false mPlaySound=false
03-04 19:28:22.262  5763 11897 D SecPowerUI.Notification: SecBatteryStatsSnapshot{batteryLevel=31, currentBatteryMode=0, chargingTime=0, chargingType=11, batteryHealth=2, automaticTestMode=false, isHiccupState=false}
03-04 19:28:22.263  5763  5763 W PowerUI : Plug reason
03-04 19:28:22.263  5763  5763 W PowerUI : Skip charging animation - by plug status
03-04 19:28:22.263  5763  5763 D PowerUI : priorPlugType = 2 mPlugType = 2 priorBatteryStatus = 2 mBatteryStatus = 2
03-04 19:28:22.263  5763  5763 W PowerUI : Plug reason
03-04 19:28:22.263  5763  5763 W PowerUI : Skip charging sound - by plug status
03-04 19:28:22.263  5763  5763 I PowerUI : oldMisalign : false, curMisalign : false
03-04 19:28:22.265  5763 11897 D SecPowerUI.Notification: 1. restoreScreenTimeOut - saved_value : :
03-04 19:28:22.265  5763 11897 E SecPowerUI.Notification: no saved value, so we do nothing !!
03-04 19:28:22.266  5763  5763 D SecPowerUI.Notification: showChargingNotice oldChargingType : 11 / currentChargingType : 11, oldChargingTime : 0 / mChargingTime : 0
03-04 19:28:22.266  5763  5763 D SecPowerUI.Notification: There is no change about charging status, so return!
03-04 19:28:22.266  5763  5763 D PowerUI : Battery swelling mode - priorBatterySwellingMode = 2 mBatterySwellingMode = 2 mBatteryStatus = 2
03-04 19:28:22.266  5763  5763 I PowerUI : mBatteryMiscEvent = 131072
03-04 19:28:22.267  5763  5763 I PowerUI : checkShouldTurnOffProtectBattery : -1, Scheduling start ? : false
03-04 19:28:22.267  5763  5763 I PowerUI : Clear time
03-04 19:28:22.268  5405  7518 D SettingsProvider: isChangeAllowed() : name = charger_connected_time
03-04 19:28:22.268  5405  7518 D SettingsProvider: edmUri: content://com.sec.knox.provider/RestrictionPolicy3
03-04 19:28:22.268  5405  7518 D SettingsProvider: projectionArgs: isSettingsChangesAllowed
03-04 19:28:22.268  5405  7518 D SettingsProvider: selectionArgs: false
03-04 19:28:22.268  5405  7518 D SettingsProvider: selectionArgs: 10052
03-04 19:28:22.269  5405  7518 D SecContentProvider: query(), uri = 17 selection = isSettingsChangesAllowed
03-04 19:28:22.269  5405  7518 D SecContentProvider: called from android.uid.systemui:10052
03-04 19:28:22.269  5405  7518 D RestrictionPolicy: isSettingsChangesAllowedAsUser, userId 0 : true
03-04 19:28:22.269  5405  7518 D SettingsProvider: ret = 1
03-04 19:28:22.271  5763  5763 D KeyguardUpdateMonitor: handleBatteryUpdate
03-04 19:28:22.279  5763  5763 I AODBatteryManager: updateBatteryData: ACTION_BATTERY_CHANGED
03-04 19:28:22.279  5763  5763 I AODBatteryManager: getChargeEstimateTime: swelling mode
03-04 19:28:22.279  5763  5763 I AODBatteryManager: saveBatteryData : AOD BatteryData [mBatteryLevel=31, mBatteryStatus=CHARGING, mBatteryPlugType=USB, mBatteryPlugged=true, mRemainingChargeTime=0, mBatteryChargingType=1, mBatteryChargerType=NORMAL, mBatteryOnline=NOT_DEFINED, mBatterySwellingMode=HIGH_TEMP, mBatteryProtectMode=false]
03-04 19:28:23.221  4564  4564 D io_stats: !@   8,0 r 528679 15624136 w 1184455 230131240 d 0 0 f 0 0 iot 689384 0 th 0 0 0 pt 0 inp 0 0 55461.221
03-04 19:28:24.469  5405 27231 D SemWifiUsabilityStatsMonitor: onWifiUsabilityStats - seqNum 12498, isSameBssidAndFreq true
03-04 19:28:24.472  5405  5679 I SemWifiLinkQualityMonitor: Link Qos Query: 0.205 ms / 39.000 Mbps (351 / 0.000 / 9.000)
03-04 19:28:25.572  7525  8829 I SDHMS:h : Periodic event 'saveLog' will starts soon.
03-04 19:28:25.584  7525  8829 I SDHMS:m : Polling event syncDatabaseLocked will starts.
03-04 19:28:25.670  7525  8829 I SDHMS:m : Polling event syncDatabaseLocked finished.
03-04 19:28:25.670  7525  8829 I SDHMS:m : Polling event checkDatabaseLocked will starts.
03-04 19:28:25.678  7525  8829 I SDHMS:m : Polling event checkDatabaseLocked finished.
03-04 19:28:25.678  7525  8829 I SDHMS:m : Polling event checkDatabaseOverflow will starts.
03-04 19:28:25.679  7525  8829 I SDHMS:m : Polling event checkDatabaseOverflow finished.
03-04 19:28:27.170 26409 26409 I wpa_supplicant: Heartbeat 4697
03-04 19:28:27.222  4564  4564 D io_stats: !@   8,0 r 528704 15624236 w 1184455 230131240 d 0 0 f 0 0 iot 689400 0 th 0 0 0 pt 0 inp 0 0 55465.222
03-04 19:28:27.269  5763  5763 D SecPowerUI.Notification: showChargingNotice oldChargingType : 11 / currentChargingType : 11, oldChargingTime : 0 / mChargingTime : 0
03-04 19:28:27.269  5763  5763 D SecPowerUI.Notification: There is no change about charging status, so return!
03-04 19:28:27.502  5405 27231 D SemWifiUsabilityStatsMonitor: onWifiUsabilityStats - seqNum 12499, isSameBssidAndFreq true
03-04 19:28:27.505  5405  5679 I SemWifiLinkQualityMonitor: Link Qos Query: 0.205 ms / 39.000 Mbps (351 / 0.000 / 9.000)
03-04 19:28:27.836  4884  4884 E audit   : type=1400 audit(1772627307.830:5118): avc:  denied  { write } for  pid=13007 comm="ThreadPoolForeg" name="traced_producer" dev="tmpfs" ino=24980 scontext=u:r:gmscore_app:s0:c512,c768 tcontext=u:object_r:traced_producer_socket:s0 tclass=sock_file permissive=0 SEPF_SM-A515F_13_0001 audit_filtered
03-04 19:28:27.836  4884  4884 E audit   : type=1300 audit(1772627307.830:5118): arch=c00000b7 syscall=203 success=no exit=-13 a0=72 a1=74f2047440 a2=1e a3=cea057a23 items=0 ppid=4905 pid=13007 auid=4294967295 uid=10224 gid=10224 euid=10224 suid=10224 fsuid=10224 egid=10224 sgid=10224 fsgid=10224 tty=(none) ses=4294967295 comm="ThreadPoolForeg" exe="/system/bin/app_process64" subj=u:r:gmscore_app:s0:c512,c768 key=(null)
03-04 19:28:27.836  4884  4884 E audit   : type=1327 audit(1772627307.830:5118): proctitle="com.google.android.gms"
03-04 19:28:29.473  7525  8838 I SDHMS:D : SIOP:: AP:556 BAT:444 USB:0 CHG:526 WIFI:493 SKIN:482 SKINF:472 SKINB:482 LRP:482 LRF:472 LRB:482 
03-04 19:28:30.531  5405 27231 D SemWifiUsabilityStatsMonitor: onWifiUsabilityStats - seqNum 12500, isSameBssidAndFreq true
03-04 19:28:30.534  5405  5679 I SemWifiLinkQualityMonitor: Link Qos Query: 0.205 ms / 39.000 Mbps (351 / 0.000 / 9.000)
03-04 19:28:30.733  5405  5454 E Watchdog: !@Sync: 1848 heap: 99 / 110 FD: 928 [2026-03-04 19:28:30.732]
03-04 19:28:31.974 27679 27844 I ContactsProvider_EventLog: cp_s: [CONTACT con(763) dat(6602) acc({sec(6)=5, google(7)=1, google(2)=774}) trash_acc([.google:167])  trash(167) calls([logtype:100 cnt:1804, logtype:300 cnt:500, logtype:500 cnt:1, logtype:1000 cnt:195]) Iso(GB) uId(0) ]
03-04 19:28:31.974 27679 27844 I ContactsProvider_EventLog: cp_s: [ agr({[2 ,6]=1, [6 ,2]=3, [2 ,2]=8, [2]=748, [2 ,6 ,2]=1, [2 ,2 ,2]=1, [7 ,2]=1}) ]
03-04 19:28:31.974 27679 27844 I ContactsProvider_EventLog: cp_s: [ cnt({acore(27679)=1}) ]
03-04 19:28:31.974 27679 27844 I ContactsProvider_EventLog: cp_s: [PROFILE ] [SAPROFILE ]
03-04 19:28:31.974 27679 27844 I ContactsProvider_EventLog: cp_s: [STATE R(F) ]
03-04 19:28:32.261  5405  5948 D BatteryService: Sending ACTION_BATTERY_CHANGED: level:31, status:2, health:2, ac:false, usb:true, wireless:false, pogo:false, misc:0x20000, charge_type:1, charger_type:0, voltage:3812, temperature:444, online:19, current_avg:717, ps:false, hvc:false, capacity:280000, current_event:0x10020, current_now:716, mcc:0, mcv:0, cc:1201116, present:true, scale:100, technology:Li-ion
03-04 19:28:32.262  5000  5000 E sehhealth-service: Could not open /sys/class/power_supply/battery/lrp
03-04 19:28:32.269  5405  5569 D MotionRecognitionService: [SAR]  onReceive : ACTION_BATTERY_CHANGED, Plugged: 2
03-04 19:28:32.269  5405  5712 I DeviceBatteryInfoService: action: android.intent.action.BATTERY_CHANGED
03-04 19:28:32.269  5405  5712 I DeviceBatteryInfoService: phone battery level: 31
03-04 19:28:32.269  5405  5712 I DeviceBatteryInfoService: phone battery status: 2
03-04 19:28:32.271  5405  5405 D PhoneWindowManagerExt: ACTION_BATTERY_CHANGED - Level=31, status=2
03-04 19:28:32.271  5405  5405 D AdaptiveBrightnessLongtermModelBuilder: Received android.intent.action.BATTERY_CHANGED
03-04 19:28:32.274  5405  5405 D SemWifiApBroadcastReceiver: Received : android.intent.action.BATTERY_CHANGED
03-04 19:28:32.275  5740  5740 D SemBigDataInfoController: Intent: android.intent.action.BATTERY_CHANGED
03-04 19:28:32.277  5740  5740 D SemBigDataInfoController: Intent: android.intent.action.BATTERY_CHANGED
03-04 19:28:32.279  5763  5763 D KeyguardUpdateMonitor: received broadcast android.intent.action.BATTERY_CHANGED
03-04 19:28:32.279  5763  5763 D SamsungBatteryMeterDrawable: onBatteryLevelChanged isSomethingChanged: false
03-04 19:28:32.280  5763  5763 D SamsungBatteryMeterDrawable: onBatteryLevelChanged isSomethingChanged: false
03-04 19:28:32.280  5763  5763 D SamsungBatteryMeterDrawable: onBatteryLevelChanged isSomethingChanged: false
03-04 19:28:32.281  5763  5763 D SamsungBatteryMeterDrawable: onBatteryLevelChanged isSomethingChanged: false
03-04 19:28:32.281  5763  5763 I PowerUI : mBootCompleted = true |  mFullyConnected = true
03-04 19:28:32.281  5763  5763 I PowerUI : BATTERY_HEALTH_CHECK extraHealth=2 mBatteryMiscEvent=131072
03-04 19:28:32.282  5763 11996 D SecPowerUI.Notification: dismissing low battery warning: level=31
03-04 19:28:32.282  5763 11996 D SecPowerUI.Notification: updateNotification mWarning=false mPlaySound=false
03-04 19:28:32.282  5763 11996 D SecPowerUI.Notification: SecBatteryStatsSnapshot{batteryLevel=31, currentBatteryMode=0, chargingTime=0, chargingType=11, batteryHealth=2, automaticTestMode=false, isHiccupState=false}
03-04 19:28:32.283  5763  5763 W PowerUI : Plug reason
03-04 19:28:32.283  5763  5763 W PowerUI : Skip charging animation - by plug status
03-04 19:28:32.283  5763  5763 D PowerUI : priorPlugType = 2 mPlugType = 2 priorBatteryStatus = 2 mBatteryStatus = 2
03-04 19:28:32.283  5763  5763 W PowerUI : Plug reason
03-04 19:28:32.283  5763  5763 W PowerUI : Skip charging sound - by plug status
03-04 19:28:32.283  5763  5763 I PowerUI : oldMisalign : false, curMisalign : false
03-04 19:28:32.284  5763 11996 D SecPowerUI.Notification: 1. restoreScreenTimeOut - saved_value : :
03-04 19:28:32.284  5763 11996 E SecPowerUI.Notification: no saved value, so we do nothing !!
03-04 19:28:32.286  5763  5763 D SecPowerUI.Notification: showChargingNotice oldChargingType : 11 / currentChargingType : 11, oldChargingTime : 0 / mChargingTime : 0
03-04 19:28:32.286  5763  5763 D SecPowerUI.Notification: There is no change about charging status, so return!
03-04 19:28:32.286  5763  5763 D PowerUI : Battery swelling mode - priorBatterySwellingMode = 2 mBatterySwellingMode = 2 mBatteryStatus = 2
03-04 19:28:32.286  5763  5763 I PowerUI : mBatteryMiscEvent = 131072
03-04 19:28:32.287  5763  5763 I PowerUI : checkShouldTurnOffProtectBattery : -1, Scheduling start ? : false
03-04 19:28:32.287  5763  5763 I PowerUI : Clear time
