03-04 19:29:22.333  5405  7443 D BatteryService: Sending ACTION_BATTERY_CHANGED: level:32, status:2, health:2, ac:false, usb:true, wireless:false, pogo:false, misc:0x20000, charge_type:1, charger_type:0, voltage:3816, temperature:440, online:19, current_avg:679, ps:false, hvc:false, capacity:280000, current_event:0x10020, current_now:675, mcc:0, mcv:0, cc:1212519, present:true, scale:100, technology:Li-ion
03-04 19:29:22.334  5000  5000 E sehhealth-service: Could not open /sys/class/power_supply/battery/lrp
03-04 19:29:22.341  5405  5569 D MotionRecognitionService: [SAR]  onReceive : ACTION_BATTERY_CHANGED, Plugged: 2
03-04 19:29:22.341  5405  5712 I DeviceBatteryInfoService: action: android.intent.action.BATTERY_CHANGED
03-04 19:29:22.341  5405  5712 I DeviceBatteryInfoService: phone battery level: 32
03-04 19:29:22.341  5405  5712 I DeviceBatteryInfoService: phone battery status: 2
03-04 19:29:22.341  5405  5712 D DeviceBatteryInfoService: setBatteryStatus : 2
03-04 19:29:22.344  5740  5740 D SemBigDataInfoController: Intent: android.intent.action.BATTERY_CHANGED
03-04 19:29:22.346  5740  5740 D SemBigDataInfoController: Intent: android.intent.action.BATTERY_CHANGED
03-04 19:29:22.347  5763  5763 D KeyguardUpdateMonitor: received broadcast android.intent.action.BATTERY_CHANGED
03-04 19:29:22.348  5763  5763 D SamsungBatteryMeterDrawable: onBatteryLevelChanged isSomethingChanged: true
03-04 19:29:22.348  5763  5763 D SamsungBatteryMeterDrawable: onBatteryLevelChanged isSomethingChanged: true
03-04 19:29:22.349  5763  5763 D SamsungBatteryMeterDrawable: onBatteryLevelChanged isSomethingChanged: true
03-04 19:29:22.350  5763  5763 D SamsungBatteryMeterDrawable: onBatteryLevelChanged isSomethingChanged: true
03-04 19:29:22.351  5763  5763 I PowerUI : mBootCompleted = true |  mFullyConnected = true
03-04 19:29:22.351  5763  5763 I PowerUI : BATTERY_HEALTH_CHECK extraHealth=2 mBatteryMiscEvent=131072
03-04 19:29:22.351  5763  9282 D SecPowerUI.Notification: dismissing low battery warning: level=32
03-04 19:29:22.351  5763  9282 D SecPowerUI.Notification: updateNotification mWarning=false mPlaySound=false
03-04 19:29:22.351  5763  9282 D SecPowerUI.Notification: SecBatteryStatsSnapshot{batteryLevel=32, currentBatteryMode=0, chargingTime=0, chargingType=11, batteryHealth=2, automaticTestMode=false, isHiccupState=false}
03-04 19:29:22.352  5763  9282 D SecPowerUI.Notification: 1. restoreScreenTimeOut - saved_value : :
03-04 19:29:22.353  5763  9282 E SecPowerUI.Notification: no saved value, so we do nothing !!
03-04 19:29:22.353  5763  5763 W PowerUI : Plug reason
03-04 19:29:22.353  5763  5763 W PowerUI : Skip charging animation - by plug status
03-04 19:29:22.353  5763  5763 D PowerUI : priorPlugType = 2 mPlugType = 2 priorBatteryStatus = 2 mBatteryStatus = 2
03-04 19:29:22.353  5763  5763 W PowerUI : Plug reason
03-04 19:29:22.353  5763  5763 W PowerUI : Skip charging sound - by plug status
03-04 19:29:22.353  5763  5763 I PowerUI : oldMisalign : false, curMisalign : false
03-04 19:29:22.355  5763  5763 D SecPowerUI.Notification: showChargingNotice oldChargingType : 11 / currentChargingType : 11, oldChargingTime : 0 / mChargingTime : 0
03-04 19:29:22.355  5763  5763 D SecPowerUI.Notification: showChargingNotification()
03-04 19:29:22.355  5763  5763 D SecPowerUI.Notification: SecBatteryStatsSnapshot{batteryLevel=32, currentBatteryMode=0, chargingTime=0, chargingType=11, batteryHealth=2, automaticTestMode=false, isHiccupState=false}
03-04 19:29:22.356  5405  5405 D PhoneWindowManagerExt: ACTION_BATTERY_CHANGED - Level=32, status=2
03-04 19:29:22.357  5405  5405 D AdaptiveBrightnessLongtermModelBuilder: Received android.intent.action.BATTERY_CHANGED
03-04 19:29:22.357  5405  5405 D SemWifiApBroadcastReceiver: Received : android.intent.action.BATTERY_CHANGED
03-04 19:29:22.367  7525  7525 E SDHMS:SDHMS_UTIL_IO: e = /sys/class/power_supply/battery/chg_type: open failed: ENOENT (No such file or directory)
03-04 19:29:22.400  5405  7443 D ApplicationPolicy: isStatusBarNotificationAllowedAsUser: packageName = com.android.systemui,userId = 0
03-04 19:29:22.401  5405  7443 D ApplicationPolicy: isStatusBarNotificationAllowedAsUser: packageName = com.android.systemui,userId = -1
03-04 19:29:22.401  5405  7443 D ApplicationPolicy: isStatusBarNotificationAllowedAsUser: converting userId from USER_ALLto 0
03-04 19:29:22.402  5763  5763 D PowerUI : Battery swelling mode - priorBatterySwellingMode = 2 mBatterySwellingMode = 2 mBatteryStatus = 2
03-04 19:29:22.402  5763  5763 I PowerUI : mBatteryMiscEvent = 131072
03-04 19:29:22.409  5763  5763 I PowerUI : checkShouldTurnOffProtectBattery : -1, Scheduling start ? : false
03-04 19:29:22.409  5763  5763 I PowerUI : Clear time
03-04 19:29:22.410  5405  7443 D SettingsProvider: isChangeAllowed() : name = charger_connected_time
03-04 19:29:22.411  5405  7443 D SettingsProvider: edmUri: content://com.sec.knox.provider/RestrictionPolicy3
03-04 19:29:22.411  5405  7443 D SettingsProvider: projectionArgs: isSettingsChangesAllowed
03-04 19:29:22.411  5405  7443 D SettingsProvider: selectionArgs: false
03-04 19:29:22.411  5405  7443 D SettingsProvider: selectionArgs: 10052
03-04 19:29:22.411  5405  7443 D SecContentProvider: query(), uri = 17 selection = isSettingsChangesAllowed
03-04 19:29:22.411  5405  7443 D SecContentProvider: called from android.uid.systemui:10052
03-04 19:29:22.416  5405  7443 D RestrictionPolicy: isSettingsChangesAllowedAsUser, userId 0 : true
03-04 19:29:22.416  5405  7443 D SettingsProvider: ret = 1
03-04 19:29:22.418  5763  5763 D KeyguardUpdateMonitor: handleBatteryUpdate
03-04 19:29:22.422  5763  5763 D KeyguardSecIndicationController: addIndicationTimeout() returned - unlocking
03-04 19:29:22.422  5763  5763 D KeyguardSecIndicationController: addIndication() returned - unlocking
03-04 19:29:22.422  5763  5763 D KeyguardSecIndicationController: addIndication() returned - unlocking
03-04 19:29:22.422  5763  5763 D KeyguardSecIndicationController: addBatteryAndOwnerInfoIndication() battery status = BatteryStatus{status=2,level=32,plugged=2,health=2,maxChargingWattage=-1,remaining=0ultraFastCharger=0}
03-04 19:29:22.430  5763  5763 I FaceWidgetPositionAlgorithm: getClockContainerHeight() supplier = 610, bottom margin = 0, real height = 673
03-04 19:29:22.430  5763  5763 I FaceWidgetPositionAlgorithm: getClockContainerHeight() supplier = 610, bottom margin = 63, real height = 673
03-04 19:29:22.430  5763  5763 I FaceWidgetPositionAlgorithm: getMediaContainerHeight() height = 0 container Visibility = 8, isValid = false, mIsDozing = false, fraction = 1.0, source = 0, target = 0
03-04 19:29:22.430  5763  5763 I FaceWidgetPositionAlgorithm: getMediaContainerHeight() supplier = 0
03-04 19:29:22.436  5763  5763 V QsExpandAnimator: setQsExpansionPosition 0.0
03-04 19:29:22.452  5763  5763 I AODBatteryManager: updateBatteryData: ACTION_BATTERY_CHANGED
03-04 19:29:22.453  5763  5763 I AODBatteryManager: getChargeEstimateTime: swelling mode
03-04 19:29:22.453  5763  5763 I AODBatteryManager: saveBatteryData : AOD BatteryData [mBatteryLevel=32, mBatteryStatus=CHARGING, mBatteryPlugType=USB, mBatteryPlugged=true, mRemainingChargeTime=0, mBatteryChargingType=1, mBatteryChargerType=NORMAL, mBatteryOnline=NOT_DEFINED, mBatterySwellingMode=HIGH_TEMP, mBatteryProtectMode=false]
03-04 19:29:22.453  5763  5763 I ChargingInfoManager: updateChargingInfo: newState = AOD ChargingInfo [mState=BATTERY_AND_REMAIN_TIME, mIsCharging=true, mIsFullyCharged=false, mIsBatteryProtectMode=false], oldState = AOD ChargingInfo [mState=BATTERY_AND_REMAIN_TIME, mIsCharging=true, mIsFullyCharged=false, mIsBatteryProtectMode=false]
03-04 19:29:22.608  5405  5405 I Telecom:SamsungTelecomServiceImpl: isInManagedCall - callingPackage : android
03-04 19:29:22.616  6173  6173 I Launcher.NotificationListener: onNotificationPosted : com.android.systemui number : 0
03-04 19:29:22.820  5763  5763 D BubblesManager: onEntryUpdated : shouldBubbleUp=false ,key=-1|com.android.systemui|2131428972|charging_state|10052
03-04 19:29:22.839  5763  5763 I FaceWidgetPositionAlgorithm: getClockContainerHeight() supplier = 610, bottom margin = 0, real height = 673
03-04 19:29:22.839  5763  5763 I FaceWidgetPositionAlgorithm: getClockContainerHeight() supplier = 610, bottom margin = 63, real height = 673
03-04 19:29:22.839  5763  5763 I FaceWidgetPositionAlgorithm: getMediaContainerHeight() height = 0 container Visibility = 8, isValid = false, mIsDozing = false, fraction = 1.0, source = 0, target = 0
03-04 19:29:22.839  5763  5763 I FaceWidgetPositionAlgorithm: getMediaContainerHeight() supplier = 0
03-04 19:29:22.867  5763  5763 I FaceWidgetPositionAlgorithm: getClockContainerHeight() supplier = 610, bottom margin = 0, real height = 673
03-04 19:29:22.867  5763  5763 I FaceWidgetPositionAlgorithm: getClockContainerHeight() supplier = 610, bottom margin = 63, real height = 673
03-04 19:29:22.868  5763  5763 I FaceWidgetPositionAlgorithm: getMediaContainerHeight() height = 0 container Visibility = 8, isValid = false, mIsDozing = false, fraction = 1.0, source = 0, target = 0
03-04 19:29:22.868  5763  5763 I FaceWidgetPositionAlgorithm: getMediaContainerHeight() supplier = 0
03-04 19:29:22.917  5763  5763 I FaceWidgetPositionAlgorithm: getClockContainerHeight() supplier = 610, bottom margin = 0, real height = 673
03-04 19:29:22.918  5763  5763 I FaceWidgetPositionAlgorithm: getClockContainerHeight() supplier = 610, bottom margin = 63, real height = 673
03-04 19:29:22.918  5763  5763 I FaceWidgetPositionAlgorithm: getMediaContainerHeight() height = 0 container Visibility = 8, isValid = false, mIsDozing = false, fraction = 1.0, source = 0, target = 0
03-04 19:29:22.918  5763  5763 I FaceWidgetPositionAlgorithm: getMediaContainerHeight() supplier = 0
03-04 19:29:23.238  4564  4564 D io_stats: !@   8,0 r 528790 15624852 w 1184490 230132112 d 0 0 f 0 0 iot 689440 0 th 0 0 0 pt 0 inp 0 0 55521.237
03-04 19:29:23.241  5763  5783 I ndroid.systemui: NativeAlloc concurrent copying GC freed 18MB AllocSpace bytes, 4(856KB) LOS objects, 50% free, 21MB/42MB, paused 342us,179us total 351.939ms
03-04 19:29:23.259  5763  5836 D OpenGLRenderer: setSurface called with nullptr
03-04 19:29:23.265  5052  5241 I SurfaceFlinger: id=7130 Removed Surface(name=1ebd8fa com.android.settings/com.android.settings.Settings$UsbDetailsActivity)/@0x2724ad9 - animation-leash of starting_reveal#7130 (118)
03-04 19:29:23.266  5763  5836 D OpenGLRenderer: setSurface called with nullptr
03-04 19:29:23.280  5052  5052 I Layer   : id=7130 Destroyed Surface(name=1ebd8fa com.android.settings/com.android.settings.Settings$UsbDetailsActivity)/@0x2724ad9 - animation-leash of starting_reveal#7130
03-04 19:29:23.302  5763  5785 V MediaPlayer-JNI: native_finalize
03-04 19:29:23.302  5763  5785 V MediaPlayer-JNI: release
03-04 19:29:23.305  5763  5785 W System  : A resource failed to call release. 
03-04 19:29:23.306  5052  5241 I SurfaceFlinger: id=7085 Removed Surface(name=Task=9)/@0x3721fcc - animation-leash of recents_animation#7085 (117)
03-04 19:29:23.310  5763  5785 W System  : A resource failed to call release. 
03-04 19:29:23.310  5052  5241 I SurfaceFlinger: id=6981 Removed Task=196#6981 (117)
03-04 19:29:23.314  5052  5052 I Layer   : id=6981 Destroyed Task=196#6981
03-04 19:29:23.314  5052  5052 I Layer   : id=7085 Destroyed Surface(name=Task=9)/@0x3721fcc - animation-leash of recents_animation#7085
03-04 19:29:25.294  5405 27231 D SemWifiUsabilityStatsMonitor: onWifiUsabilityStats - seqNum 12518, isSameBssidAndFreq true
03-04 19:29:25.298  5405  5679 I SemWifiLinkQualityMonitor: Link Qos Query: 0.037 ms / 216.500 Mbps (433 / 0.000 / 2.000)
03-04 19:29:25.562  5405  5468 D BatteryExternalStatsWorker: update stats : wakelock-change (1)
03-04 19:29:25.656  5405  5459 I ActivityManager: Changes in 10254 5 to 15, 8 to 0
03-04 19:29:25.689  5405  5468 D BatteryExternalStatsWorker: Update CPU state
03-04 19:29:25.691  5405  5468 D BatteryExternalStatsWorker: mStats lock released
03-04 19:29:25.691  5405  5468 D BatteryExternalStatsWorker: done updateExternalStatsLocked
03-04 19:29:27.220 26409 26409 I wpa_supplicant: Heartbeat 4703
03-04 19:29:27.406  5763  5763 D SecPowerUI.Notification: showChargingNotice oldChargingType : 11 / currentChargingType : 11, oldChargingTime : 0 / mChargingTime : 0
03-04 19:29:27.406  5763  5763 D SecPowerUI.Notification: There is no change about charging status, so return!
03-04 19:29:27.886  4884  4884 E audit   : type=1400 audit(1772627367.882:5122): avc:  denied  { write } for  pid=13007 comm="ThreadPoolForeg" name="traced_producer" dev="tmpfs" ino=24980 scontext=u:r:gmscore_app:s0:c512,c768 tcontext=u:object_r:traced_producer_socket:s0 tclass=sock_file permissive=0 SEPF_SM-A515F_13_0001 audit_filtered
03-04 19:29:27.886  4884  4884 E audit   : type=1300 audit(1772627367.882:5122): arch=c00000b7 syscall=203 success=no exit=-13 a0=72 a1=74f2047460 a2=1e a3=ced99c4b8 items=0 ppid=4905 pid=13007 auid=4294967295 uid=10224 gid=10224 euid=10224 suid=10224 fsuid=10224 egid=10224 sgid=10224 fsgid=10224 tty=(none) ses=4294967295 comm="ThreadPoolForeg" exe="/system/bin/app_process64" subj=u:r:gmscore_app:s0:c512,c768 key=(null)
03-04 19:29:27.886  4884  4884 E audit   : type=1327 audit(1772627367.882:5122): proctitle="com.google.android.gms"
03-04 19:29:28.329  5405 27231 D SemWifiUsabilityStatsMonitor: onWifiUsabilityStats - seqNum 12519, isSameBssidAndFreq true
03-04 19:29:28.332  5405  5679 I SemWifiLinkQualityMonitor: Link Qos Query: 0.037 ms / 216.500 Mbps (433 / 0.000 / 2.000)
03-04 19:29:29.474  7525  8838 I SDHMS:D : SIOP:: AP:556 BAT:440 USB:0 CHG:523 WIFI:492 SKIN:480 SKINF:470 SKINB:480 LRP:480 LRF:470 LRB:480 
03-04 19:29:29.486  5405  5405 D SemWifiP2pGoPowerSave: GopsReceiver : received : com.samsung.intent.action.CHECK_SIOP_LEVEL
03-04 19:29:29.486  5405  5405 I SemWifiP2pGoPowerSave: siop_level = 6
03-04 19:29:29.491 29221 29245 I SystemBroadcastReceiver: [#CMH#] onReceive completed :  0
03-04 19:29:29.492 29221 29221 I PolicyManager: [#CMH#] onReceive action = EVENT_SIOP
03-04 19:29:29.492 29221 29221 I PolicyManager: [#CMH#] SIOP level is high = 6
03-04 19:29:29.543 27417   538 I [SC]SyncSettingManager: getIsSyncable: com.android.contacts
03-04 19:29:29.548 27417   538 I [SC][SyncApi][1.0][Contacts]: getIsSyncable: 1
03-04 19:29:29.548 27417   538 I [SC][SyncApi][1.0][Contacts]: cancel: 
03-04 19:29:29.548 27417   538 I [SC]SyncSettingManager: getIsSyncable: com.samsung.android.app.notes.sync
03-04 19:29:29.556  5405  5948 I ActivityManager: Changes in 10254 15 to 5, 0 to 8
03-04 19:29:29.561  5405  5464 W libprocessgroup: Failed to open /dev/blkio//cgroup.procs: No such file or directory
03-04 19:29:29.566 27626 30101 I SENL$SC/@NotesSyncRpcProvider: getIsSyncable() : 1
03-04 19:29:29.566 27626 30101 I [scsettingv2std][2.0.33.0]: getIsSyncable: 1
03-04 19:29:29.576 27417   538 I [SC][DEPENDENCY][STD][Samsung Notes][RPC]: getIsSyncable: 1
03-04 19:29:29.576 27417   538 I [SC][SyncApi][1.0][Samsung Notes]: getIsSyncable: 1
03-04 19:29:29.576 27417   538 I [SC][SyncApi][1.0][Samsung Notes]: cancel: 
03-04 19:29:29.576 27417 28788 I [SC][DEPENDENCY][STD][Samsung Notes][RPC]: cancelSync: 
03-04 19:29:29.577 27417   538 I [SC]SyncSettingManager: getIsSyncable: com.samsung.android.samsungpass.scloud
03-04 19:29:29.577 27626 30101 I [scsettingv2std][2.0.33.0]: cancelSync: 
03-04 19:29:29.577 27626 30101 I SENL$SC/@NotesSyncRpcProvider: cancelSync()
03-04 19:29:29.577 27626 30101 I SENL$SenlThreadFactory: newThread# mName RequestCancelSyncBySCloud-1
03-04 19:29:29.590 27417   538 I [SC][SyncApi][1.0][Samsung Pass]: getIsSyncable: 1
03-04 19:29:29.591 27417   538 I [SC][SyncApi][1.0][Samsung Pass]: cancel: 
03-04 19:29:29.591 27417   538 I [SC]SyncSettingManager: getIsSyncable: com.samsung.bt.btservice.btsettingsprovider
03-04 19:29:29.594 27417   538 I [SC][SyncApi][1.0][Bluetooth]: getIsSyncable: 1
03-04 19:29:29.594 27417   538 I [SC][SyncApi][1.0][Bluetooth]: cancel: 
03-04 19:29:29.597 27417   538 I [SC]SyncSettingManager: getIsSyncable: com.android.settings.wifiprofilesync
03-04 19:29:29.600 27417   538 I [SC][SyncApi][1.0][Wi-Fi]: getIsSyncable: 1
03-04 19:29:29.600 27417   538 I [SC][SyncApi][1.0][Wi-Fi]: cancel: 
03-04 19:29:29.603 27417   538 I [SC]SyncSettingManager: getIsSyncable: com.android.calendar
03-04 19:29:29.604 27626   539 I SENL$SC/@SyncOldServiceController: stopSync() : 103
03-04 19:29:29.604 27626   539 I SENL$SC/@SyncOldServiceController: executeAfterServiceReady() : STOPPED
03-04 19:29:29.604 27626   539 I SENL$SC/@SyncOldServiceController: already stopped!
03-04 19:29:29.618 27417   538 I [SC][SyncApi][1.0][Calendar]: getIsSyncable: 1
03-04 19:29:29.618 27417   538 I [SC][SyncApi][1.0][Calendar]: cancel: 
03-04 19:29:29.618 27417   538 I [SC][SyncApi][1.0][Gallery]: getIsSyncable: 0
03-04 19:29:29.618 27417   538 I [SC]AutoBackupController: isAllowed: notAfw: true, mum: true, enabled: true, menu visible : true
03-04 19:29:29.618 27417   538 I [SC]AutoBackupController: automatic backup reg - isAutoBackupOn: true
03-04 19:29:29.619 27417 27546 I [SC]CtbDeviceRepository: updateSiopLevel. siopLevel: 6
03-04 19:29:29.644  5405  5759 D PowerManagerService-JNI: Excessive delay in acquiring suspend blocker to PowerManagerService.WakeLocks
03-04 19:29:29.764  5405  5759 D PowerManagerService-JNI: Excessive delay in acquiring suspend blocker to PowerManagerService.WakeLocks
03-04 19:29:29.860  5405  5759 D PowerManagerService-JNI: Excessive delay in acquiring suspend blocker to PowerManagerService.WakeLocks
03-04 19:29:29.948  5405  5759 D PowerManagerService-JNI: Excessive delay in acquiring suspend blocker to PowerManagerService.WakeLocks
03-04 19:29:30.771  5405  5454 E Watchdog: !@Sync: 1850 heap: 106 / 110 FD: 929 [2026-03-04 19:29:30.771]
03-04 19:29:31.395  5405 27231 D SemWifiUsabilityStatsMonitor: onWifiUsabilityStats - seqNum 12520, isSameBssidAndFreq true
03-04 19:29:31.399  5405  5679 I SemWifiLinkQualityMonitor: Link Qos Query: 0.037 ms / 216.500 Mbps (433 / 0.000 / 2.000)
03-04 19:29:32.099 27679 27844 I ContactsProvider_EventLog: cp_s: [CONTACT con(763) dat(6602) acc({sec(6)=5, google(7)=1, google(2)=774}) trash_acc([.google:167])  trash(167) calls([logtype:100 cnt:1804, logtype:300 cnt:500, logtype:500 cnt:1, logtype:1000 cnt:195]) Iso(GB) uId(0) ]
03-04 19:29:32.099 27679 27844 I ContactsProvider_EventLog: cp_s: [ agr({[2 ,6]=1, [6 ,2]=3, [2 ,2]=8, [2]=748, [2 ,6 ,2]=1, [2 ,2 ,2]=1, [7 ,2]=1}) ]
03-04 19:29:32.099 27679 27844 I ContactsProvider_EventLog: cp_s: [ cnt({acore(27679)=1}) ]
03-04 19:29:32.099 27679 27844 I ContactsProvider_EventLog: cp_s: [PROFILE ] [SAPROFILE ]
03-04 19:29:32.099 27679 27844 I ContactsProvider_EventLog: cp_s: [STATE R(F) ]
03-04 19:29:32.350  5405  5948 D BatteryService: Sending ACTION_BATTERY_CHANGED: level:32, status:2, health:2, ac:false, usb:true, wireless:false, pogo:false, misc:0x20000, charge_type:1, charger_type:0, voltage:3819, temperature:439, online:19, current_avg:765, ps:false, hvc:false, capacity:280000, current_event:0x10020, current_now:782, mcc:0, mcv:0, cc:1216320, present:true, scale:100, technology:Li-ion
03-04 19:29:32.351  5000  5000 E sehhealth-service: Could not open /sys/class/power_supply/battery/lrp
03-04 19:29:32.355  5405  5569 D MotionRecognitionService: [SAR]  onReceive : ACTION_BATTERY_CHANGED, Plugged: 2
03-04 19:29:32.355  5405  5712 I DeviceBatteryInfoService: action: android.intent.action.BATTERY_CHANGED
03-04 19:29:32.356  5405  5712 I DeviceBatteryInfoService: phone battery level: 32
03-04 19:29:32.356  5405  5712 I DeviceBatteryInfoService: phone battery status: 2
03-04 19:29:32.356  5405  5405 D PhoneWindowManagerExt: ACTION_BATTERY_CHANGED - Level=32, status=2
03-04 19:29:32.357  5405  5405 D AdaptiveBrightnessLongtermModelBuilder: Received android.intent.action.BATTERY_CHANGED
03-04 19:29:32.357  5405  5405 D SemWifiApBroadcastReceiver: Received : android.intent.action.BATTERY_CHANGED
03-04 19:29:32.359  5740  5740 D SemBigDataInfoController: Intent: android.intent.action.BATTERY_CHANGED
03-04 19:29:32.359  5740  5740 D SemBigDataInfoController: Intent: android.intent.action.BATTERY_CHANGED
03-04 19:29:32.361  5763  5763 I AODBatteryManager: updateBatteryData: ACTION_BATTERY_CHANGED
03-04 19:29:32.361  5763  5763 I AODBatteryManager: getChargeEstimateTime: swelling mode
03-04 19:29:32.361  5763  5763 I AODBatteryManager: saveBatteryData : AOD BatteryData [mBatteryLevel=32, mBatteryStatus=CHARGING, mBatteryPlugType=USB, mBatteryPlugged=true, mRemainingChargeTime=0, mBatteryChargingType=1, mBatteryChargerType=NORMAL, mBatteryOnline=NOT_DEFINED, mBatterySwellingMode=HIGH_TEMP, mBatteryProtectMode=false]
03-04 19:29:32.361  5763  5763 D KeyguardUpdateMonitor: received broadcast android.intent.action.BATTERY_CHANGED
03-04 19:29:32.361  5763  5763 D SamsungBatteryMeterDrawable: onBatteryLevelChanged isSomethingChanged: false
03-04 19:29:32.362  5763  5763 D SamsungBatteryMeterDrawable: onBatteryLevelChanged isSomethingChanged: false
03-04 19:29:32.362  5763  5763 D SamsungBatteryMeterDrawable: onBatteryLevelChanged isSomethingChanged: false
03-04 19:29:32.363  5763  5763 D SamsungBatteryMeterDrawable: onBatteryLevelChanged isSomethingChanged: false
03-04 19:29:32.363  5763  5763 I PowerUI : mBootCompleted = true |  mFullyConnected = true
03-04 19:29:32.363  5763  5763 I PowerUI : BATTERY_HEALTH_CHECK extraHealth=2 mBatteryMiscEvent=131072
03-04 19:29:32.363  5763  5763 W PowerUI : Plug reason
03-04 19:29:32.364  5763  5763 W PowerUI : Skip charging animation - by plug status
03-04 19:29:32.364  5763  5763 D PowerUI : priorPlugType = 2 mPlugType = 2 priorBatteryStatus = 2 mBatteryStatus = 2
03-04 19:29:32.364  5763  5763 W PowerUI : Plug reason
03-04 19:29:32.364  5763  5763 W PowerUI : Skip charging sound - by plug status
03-04 19:29:32.364  5763  5763 I PowerUI : oldMisalign : false, curMisalign : false
03-04 19:29:32.364  5763 11800 D SecPowerUI.Notification: dismissing low battery warning: level=32
03-04 19:29:32.364  5763 11800 D SecPowerUI.Notification: updateNotification mWarning=false mPlaySound=false
03-04 19:29:32.364  5763 11800 D SecPowerUI.Notification: SecBatteryStatsSnapshot{batteryLevel=32, currentBatteryMode=0, chargingTime=0, chargingType=11, batteryHealth=2, automaticTestMode=false, isHiccupState=false}
03-04 19:29:32.366  5763 11800 D SecPowerUI.Notification: 1. restoreScreenTimeOut - saved_value : :
03-04 19:29:32.366  5763 11800 E SecPowerUI.Notification: no saved value, so we do nothing !!
03-04 19:29:32.368  5763  5763 D SecPowerUI.Notification: showChargingNotice oldChargingType : 11 / currentChargingType : 11, oldChargingTime : 0 / mChargingTime : 0
03-04 19:29:32.368  5763  5763 D SecPowerUI.Notification: There is no change about charging status, so return!
03-04 19:29:32.368  5763  5763 D PowerUI : Battery swelling mode - priorBatterySwellingMode = 2 mBatterySwellingMode = 2 mBatteryStatus = 2
03-04 19:29:32.368  5763  5763 I PowerUI : mBatteryMiscEvent = 131072
03-04 19:29:32.370  5763  5763 I PowerUI : checkShouldTurnOffProtectBattery : -1, Scheduling start ? : false
03-04 19:29:32.370  5763  5763 I PowerUI : Clear time
03-04 19:29:32.370  5405  7494 D SettingsProvider: isChangeAllowed() : name = charger_connected_time
03-04 19:29:32.370  5405  7494 D SettingsProvider: edmUri: content://com.sec.knox.provider/RestrictionPolicy3
03-04 19:29:32.370  5405  7494 D SettingsProvider: projectionArgs: isSettingsChangesAllowed
03-04 19:29:32.370  5405  7494 D SettingsProvider: selectionArgs: false
03-04 19:29:32.370  5405  7494 D SettingsProvider: selectionArgs: 10052
03-04 19:29:32.371  5405  7494 D SecContentProvider: query(), uri = 17 selection = isSettingsChangesAllowed
03-04 19:29:32.371  5405  7494 D SecContentProvider: called from android.uid.systemui:10052
03-04 19:29:32.371  5405  7494 D RestrictionPolicy: isSettingsChangesAllowedAsUser, userId 0 : true
03-04 19:29:32.371  5405  7494 D SettingsProvider: ret = 1
03-04 19:29:32.373  5763  5763 D KeyguardUpdateMonitor: handleBatteryUpdate
03-04 19:29:33.240  4564  4564 D io_stats: !@   8,0 r 528790 15624852 w 1184492 230132120 d 0 0 f 0 0 iot 689440 0 th 0 0 0 pt 0 inp 0 0 55531.240
03-04 19:29:33.962  4884  4884 E audit   : type=1400 audit(1772627373.958:5123): avc:  denied  { write } for  pid=13009 comm="ThreadPoolForeg" name="traced_producer" dev="tmpfs" ino=24980 scontext=u:r:gmscore_app:s0:c512,c768 tcontext=u:object_r:traced_producer_socket:s0 tclass=sock_file permissive=0 SEPF_SM-A515F_13_0001 audit_filtered
03-04 19:29:33.962  4884  4884 E audit   : type=1300 audit(1772627373.958:5123): arch=c00000b7 syscall=203 success=no exit=-13 a0=6 a1=74d1513120 a2=1e a3=cedf67aec items=0 ppid=4905 pid=13009 auid=4294967295 uid=10224 gid=10224 euid=10224 suid=10224 fsuid=10224 egid=10224 sgid=10224 fsgid=10224 tty=(none) ses=4294967295 comm="ThreadPoolForeg" exe="/system/bin/app_process64" subj=u:r:gmscore_app:s0:c512,c768 key=(null)
03-04 19:29:33.962  4884  4884 E audit   : type=1327 audit(1772627373.958:5123): proctitle="com.google.android.gms.persistent"
03-04 19:29:34.023  5405  7494 D CustomizedBinderCallsStatsInternal: reportCpuUsage() : 0%
03-04 19:29:34.027  5405  5459 I BinderCallsStats: Collected cpu time : 0us, collected call count : 0 for 60237 ms
03-04 19:29:34.418  5405 27231 D SemWifiUsabilityStatsMonitor: onWifiUsabilityStats - seqNum 12521, isSameBssidAndFreq true
03-04 19:29:34.421  5405  5679 I SemWifiLinkQualityMonitor: Link Qos Query: 0.037 ms / 216.500 Mbps (433 / 0.000 / 2.000)
03-04 19:29:35.558  5405  5626 D ConnectivityService: reportNetworkActive, notify 1 listeners
03-04 19:29:35.596  5405  5459 I ActivityManager: Changes in 10254 5 to 15, 8 to 0
03-04 19:29:37.224 26409 26409 I wpa_supplicant: Heartbeat 4704
03-04 19:29:37.373  5763  5763 D SecPowerUI.Notification: showChargingNotice oldChargingType : 11 / currentChargingType : 11, oldChargingTime : 0 / mChargingTime : 0
03-04 19:29:37.373  5763  5763 D SecPowerUI.Notification: There is no change about charging status, so return!
03-04 19:29:37.471  5405 27231 D SemWifiUsabilityStatsMonitor: onWifiUsabilityStats - seqNum 12522, isSameBssidAndFreq true
03-04 19:29:37.473  5763  5763 D NetworkController.WifiSignalController: notifyListener: visible=true, connected=true, inetCondition=1, isDefault=true, wifiTestReported=true, receivedInetCondition=-1, hideDuringMobileSwitching=false
03-04 19:29:37.481  5405  5679 I SemWifiLinkQualityMonitor: Link Qos Query: 0.037 ms / 216.500 Mbps (433 / 0.000 / 2.000)
03-04 19:29:39.477  7525  8838 I SDHMS:D : SIOP:: AP:554 BAT:439 USB:0 CHG:523 WIFI:491 SKIN:479 SKINF:469 SKINB:479 LRP:479 LRF:469 LRB:479 
03-04 19:29:39.486  5405  5405 D SemWifiP2pGoPowerSave: GopsReceiver : received : com.samsung.intent.action.CHECK_SIOP_LEVEL
03-04 19:29:39.486  5405  5405 I SemWifiP2pGoPowerSave: siop_level = 5
03-04 19:29:39.490 29221 29245 I SystemBroadcastReceiver: [#CMH#] onReceive completed :  0
03-04 19:29:39.490 29221 29221 I PolicyManager: [#CMH#] onReceive action = EVENT_SIOP
03-04 19:29:39.490 29221 29221 I PolicyManager: [#CMH#] SIOP level is high = 5
03-04 19:29:39.535 27417   544 I [SC]SyncSettingManager: getIsSyncable: com.android.contacts
03-04 19:29:39.540 27417   544 I [SC][SyncApi][1.0][Contacts]: getIsSyncable: 1
03-04 19:29:39.540 27417   544 I [SC][SyncApi][1.0][Contacts]: cancel: 
03-04 19:29:39.540 27417   544 I [SC]SyncSettingManager: getIsSyncable: com.samsung.android.app.notes.sync
03-04 19:29:39.548  5405  7494 I ActivityManager: Changes in 10254 15 to 5, 0 to 8
03-04 19:29:39.559  5405  5464 W libprocessgroup: Failed to open /dev/blkio//cgroup.procs: No such file or directory
03-04 19:29:39.564 27626 30101 I SENL$SC/@NotesSyncRpcProvider: getIsSyncable() : 1
03-04 19:29:39.564 27626 30101 I [scsettingv2std][2.0.33.0]: getIsSyncable: 1
03-04 19:29:39.568 27417   544 I [SC][DEPENDENCY][STD][Samsung Notes][RPC]: getIsSyncable: 1
03-04 19:29:39.568 27417   544 I [SC][SyncApi][1.0][Samsung Notes]: getIsSyncable: 1
03-04 19:29:39.569 27417   544 I [SC][SyncApi][1.0][Samsung Notes]: cancel: 
03-04 19:29:39.569 27417 30107 I [SC][DEPENDENCY][STD][Samsung Notes][RPC]: cancelSync: 
03-04 19:29:39.570 27626 30101 I [scsettingv2std][2.0.33.0]: cancelSync: 
03-04 19:29:39.570 27626 30101 I SENL$SC/@NotesSyncRpcProvider: cancelSync()
03-04 19:29:39.570 27626 30101 I SENL$SenlThreadFactory: newThread# mName RequestCancelSyncBySCloud-1
03-04 19:29:39.571 27417   544 I [SC]SyncSettingManager: getIsSyncable: com.samsung.android.samsungpass.scloud
03-04 19:29:39.576 27417   544 I [SC][SyncApi][1.0][Samsung Pass]: getIsSyncable: 1
03-04 19:29:39.577 27417   544 I [SC][SyncApi][1.0][Samsung Pass]: cancel: 
03-04 19:29:39.584 27626   545 I SENL$SC/@SyncOldServiceController: stopSync() : 103
03-04 19:29:39.585 27626   545 I SENL$SC/@SyncOldServiceController: executeAfterServiceReady() : STOPPED
03-04 19:29:39.585 27626   545 I SENL$SC/@SyncOldServiceController: already stopped!
03-04 19:29:39.589 27417   544 I [SC]SyncSettingManager: getIsSyncable: com.samsung.bt.btservice.btsettingsprovider
03-04 19:29:39.593 27417   544 I [SC][SyncApi][1.0][Bluetooth]: getIsSyncable: 1
03-04 19:29:39.593 27417   544 I [SC][SyncApi][1.0][Bluetooth]: cancel: 
03-04 19:29:39.596 27417   544 I [SC]SyncSettingManager: getIsSyncable: com.android.settings.wifiprofilesync
03-04 19:29:39.601 27417   544 I [SC][SyncApi][1.0][Wi-Fi]: getIsSyncable: 1
03-04 19:29:39.601 27417   544 I [SC][SyncApi][1.0][Wi-Fi]: cancel: 
03-04 19:29:39.606 27417   544 I [SC]SyncSettingManager: getIsSyncable: com.android.calendar
03-04 19:29:39.621 27417   544 I [SC][SyncApi][1.0][Calendar]: getIsSyncable: 1
03-04 19:29:39.621 27417   544 I [SC][SyncApi][1.0][Calendar]: cancel: 
03-04 19:29:39.621 27417   544 I [SC][SyncApi][1.0][Gallery]: getIsSyncable: 0
03-04 19:29:39.621 27417   544 I [SC]AutoBackupController: isAllowed: notAfw: true, mum: true, enabled: true, menu visible : true
03-04 19:29:39.621 27417   544 I [SC]AutoBackupController: automatic backup reg - isAutoBackupOn: true
03-04 19:29:39.623 27417 27546 I [SC]CtbDeviceRepository: updateSiopLevel. siopLevel: 5
03-04 19:29:40.489  5405 27231 D SemWifiUsabilityStatsMonitor: onWifiUsabilityStats - seqNum 12523, isSameBssidAndFreq true
03-04 19:29:40.493  5763  5763 D NetworkController.WifiSignalController: notifyListener: visible=true, connected=true, inetCondition=1, isDefault=true, wifiTestReported=true, receivedInetCondition=-1, hideDuringMobileSwitching=false
03-04 19:29:40.502  5405  5679 I SemWifiLinkQualityMonitor: Link Qos Query: 0.037 ms / 216.500 Mbps (433 / 0.000 / 2.000)
03-04 19:29:40.503  5405  5636 W DeviceStorageMonitorService: updateBroadcasts(/data) oldLevel:0, newLevel:0, seq:1
03-04 19:29:40.505  5405  5636 D DeviceStorageMonitorService: Available File Node Number is [12602996]
03-04 19:29:40.505  5405  5636 W DeviceStorageMonitorService: updateBroadcasts_filenode(/data) fn_oldLevel:0, fn_newLevel:0, seq:1
03-04 19:29:40.524  5052  5052 I SurfaceFlinger: SFWD update time=55538524176968
03-04 19:29:42.365  5405  7494 D BatteryService: Sending ACTION_BATTERY_CHANGED: level:32, status:2, health:2, ac:false, usb:true, wireless:false, pogo:false, misc:0x20000, charge_type:1, charger_type:0, voltage:3822, temperature:439, online:19, current_avg:786, ps:false, hvc:false, capacity:280000, current_event:0x10020, current_now:788, mcc:0, mcv:0, cc:1216320, present:true, scale:100, technology:Li-ion
03-04 19:29:42.366  5000  5000 E sehhealth-service: Could not open /sys/class/power_supply/battery/lrp
03-04 19:29:42.373  5405  5569 D MotionRecognitionService: [SAR]  onReceive : ACTION_BATTERY_CHANGED, Plugged: 2
03-04 19:29:42.373  5405  5712 I DeviceBatteryInfoService: action: android.intent.action.BATTERY_CHANGED
03-04 19:29:42.373  5405  5712 I DeviceBatteryInfoService: phone battery level: 32
03-04 19:29:42.373  5405  5712 I DeviceBatteryInfoService: phone battery status: 2
03-04 19:29:42.374  5405  5405 D PhoneWindowManagerExt: ACTION_BATTERY_CHANGED - Level=32, status=2
03-04 19:29:42.375  5405  5405 D AdaptiveBrightnessLongtermModelBuilder: Received android.intent.action.BATTERY_CHANGED
03-04 19:29:42.377  5405  5405 D SemWifiApBroadcastReceiver: Received : android.intent.action.BATTERY_CHANGED
03-04 19:29:42.378  5740  5740 D SemBigDataInfoController: Intent: android.intent.action.BATTERY_CHANGED
03-04 19:29:42.380  5740  5740 D SemBigDataInfoController: Intent: android.intent.action.BATTERY_CHANGED
03-04 19:29:42.382  5763  5763 D KeyguardUpdateMonitor: received broadcast android.intent.action.BATTERY_CHANGED
03-04 19:29:42.382  5763  5763 D SamsungBatteryMeterDrawable: onBatteryLevelChanged isSomethingChanged: false
03-04 19:29:42.382  5763  5763 D SamsungBatteryMeterDrawable: onBatteryLevelChanged isSomethingChanged: false
03-04 19:29:42.383  5763  5763 D SamsungBatteryMeterDrawable: onBatteryLevelChanged isSomethingChanged: false
03-04 19:29:42.383  5763  5763 D SamsungBatteryMeterDrawable: onBatteryLevelChanged isSomethingChanged: false
03-04 19:29:42.383  5763  5763 I PowerUI : mBootCompleted = true |  mFullyConnected = true
03-04 19:29:42.383  5763  5763 I PowerUI : BATTERY_HEALTH_CHECK extraHealth=2 mBatteryMiscEvent=131072
03-04 19:29:42.384  5763  5763 W PowerUI : Plug reason
03-04 19:29:42.384  5763  5763 W PowerUI : Skip charging animation - by plug status
03-04 19:29:42.384  5763  5763 D PowerUI : priorPlugType = 2 mPlugType = 2 priorBatteryStatus = 2 mBatteryStatus = 2
03-04 19:29:42.384  5763  5763 W PowerUI : Plug reason
03-04 19:29:42.384  5763  5763 W PowerUI : Skip charging sound - by plug status
03-04 19:29:42.384  5763  5763 I PowerUI : oldMisalign : false, curMisalign : false
03-04 19:29:42.386  5763 11872 D SecPowerUI.Notification: dismissing low battery warning: level=32
03-04 19:29:42.386  5763 11872 D SecPowerUI.Notification: updateNotification mWarning=false mPlaySound=false
03-04 19:29:42.386  5763 11872 D SecPowerUI.Notification: SecBatteryStatsSnapshot{batteryLevel=32, currentBatteryMode=0, chargingTime=0, chargingType=11, batteryHealth=2, automaticTestMode=false, isHiccupState=false}
03-04 19:29:42.387  5763  5763 D SecPowerUI.Notification: showChargingNotice oldChargingType : 11 / currentChargingType : 11, oldChargingTime : 0 / mChargingTime : 0
03-04 19:29:42.387  5763  5763 D SecPowerUI.Notification: There is no change about charging status, so return!
03-04 19:29:42.387  5763  5763 D PowerUI : Battery swelling mode - priorBatterySwellingMode = 2 mBatterySwellingMode = 2 mBatteryStatus = 2
03-04 19:29:42.387  5763  5763 I PowerUI : mBatteryMiscEvent = 131072
03-04 19:29:42.388  5763 11872 D SecPowerUI.Notification: 1. restoreScreenTimeOut - saved_value : :
03-04 19:29:42.389  5763 11872 E SecPowerUI.Notification: no saved value, so we do nothing !!
03-04 19:29:42.389  5763  5763 I PowerUI : checkShouldTurnOffProtectBattery : -1, Scheduling start ? : false
03-04 19:29:42.389  5763  5763 I PowerUI : Clear time
03-04 19:29:42.390  5405  6308 D SettingsProvider: isChangeAllowed() : name = charger_connected_time
03-04 19:29:42.390  5405  6308 D SettingsProvider: edmUri: content://com.sec.knox.provider/RestrictionPolicy3
03-04 19:29:42.390  5405  6308 D SettingsProvider: projectionArgs: isSettingsChangesAllowed
03-04 19:29:42.390  5405  6308 D SettingsProvider: selectionArgs: false
03-04 19:29:42.390  5405  6308 D SettingsProvider: selectionArgs: 10052
03-04 19:29:42.390  5405  6308 D SecContentProvider: query(), uri = 17 selection = isSettingsChangesAllowed
03-04 19:29:42.391  5405  6308 D SecContentProvider: called from android.uid.systemui:10052
03-04 19:29:42.391  5405  6308 D RestrictionPolicy: isSettingsChangesAllowedAsUser, userId 0 : true
03-04 19:29:42.391  5405  6308 D SettingsProvider: ret = 1
03-04 19:29:42.405  5763  5763 D KeyguardUpdateMonitor: handleBatteryUpdate
03-04 19:29:42.411  5763  5763 I AODBatteryManager: updateBatteryData: ACTION_BATTERY_CHANGED
03-04 19:29:42.411  5763  5763 I AODBatteryManager: getChargeEstimateTime: swelling mode
03-04 19:29:42.411  5763  5763 I AODBatteryManager: saveBatteryData : AOD BatteryData [mBatteryLevel=32, mBatteryStatus=CHARGING, mBatteryPlugType=USB, mBatteryPlugged=true, mRemainingChargeTime=0, mBatteryChargingType=1, mBatteryChargerType=NORMAL, mBatteryOnline=NOT_DEFINED, mBatterySwellingMode=HIGH_TEMP, mBatteryProtectMode=false]
03-04 19:29:43.243  4564  4564 D io_stats: !@   8,0 r 528790 15624852 w 1184493 230132124 d 0 0 f 0 0 iot 689440 0 th 0 0 0 pt 0 inp 0 0 55541.243
03-04 19:29:43.522  5405 27231 D SemWifiUsabilityStatsMonitor: onWifiUsabilityStats - seqNum 12524, isSameBssidAndFreq true
03-04 19:29:43.525  5405  5679 I SemWifiLinkQualityMonitor: Link Qos Query: 0.037 ms / 216.500 Mbps (433 / 0.000 / 2.000)
03-04 19:29:45.596  5405  5459 I ActivityManager: Changes in 10254 5 to 15, 8 to 0
03-04 19:29:46.554  5405 27231 D SemWifiUsabilityStatsMonitor: onWifiUsabilityStats - seqNum 12525, isSameBssidAndFreq true
03-04 19:29:46.558  5763  5763 D NetworkController.WifiSignalController: notifyListener: visible=true, connected=true, inetCondition=1, isDefault=true, wifiTestReported=true, receivedInetCondition=-1, hideDuringMobileSwitching=false
03-04 19:29:46.561  5405  5679 I SemWifiLinkQualityMonitor: Link Qos Query: 0.037 ms / 216.500 Mbps (433 / 0.000 / 2.000)
03-04 19:29:47.232 26409 26409 I wpa_supplicant: Heartbeat 4705
03-04 19:29:47.389  5763  5763 D SecPowerUI.Notification: showChargingNotice oldChargingType : 11 / currentChargingType : 11, oldChargingTime : 0 / mChargingTime : 0
03-04 19:29:47.389  5763  5763 D SecPowerUI.Notification: There is no change about charging status, so return!
03-04 19:29:49.477  7525  8838 I SDHMS:D : SIOP:: AP:553 BAT:439 USB:0 CHG:522 WIFI:491 SKIN:479 SKINF:468 SKINB:479 LRP:479 LRF:468 LRB:479 
03-04 19:29:49.578  5405 27231 D SemWifiUsabilityStatsMonitor: onWifiUsabilityStats - seqNum 12526, isSameBssidAndFreq true
03-04 19:29:49.582  5405  5679 I SemWifiLinkQualityMonitor: Link Qos Query: 0.037 ms / 216.500 Mbps (433 / 0.000 / 2.000)
03-04 19:29:52.378  5405  6308 D BatteryService: Sending ACTION_BATTERY_CHANGED: level:32, status:2, health:2, ac:false, usb:true, wireless:false, pogo:false, misc:0x20000, charge_type:1, charger_type:0, voltage:3822, temperature:438, online:19, current_avg:790, ps:false, hvc:false, capacity:280000, current_event:0x10020, current_now:791, mcc:0, mcv:0, cc:1220121, present:true, scale:100, technology:Li-ion
03-04 19:29:52.379  5000  5000 E sehhealth-service: Could not open /sys/class/power_supply/battery/lrp
03-04 19:29:52.386  5405  5569 D MotionRecognitionService: [SAR]  onReceive : ACTION_BATTERY_CHANGED, Plugged: 2
03-04 19:29:52.386  5405  5712 I DeviceBatteryInfoService: action: android.intent.action.BATTERY_CHANGED
03-04 19:29:52.386  5405  5712 I DeviceBatteryInfoService: phone battery level: 32
03-04 19:29:52.386  5405  5712 I DeviceBatteryInfoService: phone battery status: 2
03-04 19:29:52.388  5405  5405 D PhoneWindowManagerExt: ACTION_BATTERY_CHANGED - Level=32, status=2
03-04 19:29:52.388  5405  5405 D AdaptiveBrightnessLongtermModelBuilder: Received android.intent.action.BATTERY_CHANGED
03-04 19:29:52.390  5740  5740 D SemBigDataInfoController: Intent: android.intent.action.BATTERY_CHANGED
03-04 19:29:52.391  5405  5405 D SemWifiApBroadcastReceiver: Received : android.intent.action.BATTERY_CHANGED
03-04 19:29:52.393  5740  5740 D SemBigDataInfoController: Intent: android.intent.action.BATTERY_CHANGED
03-04 19:29:52.394  5763  5763 D KeyguardUpdateMonitor: received broadcast android.intent.action.BATTERY_CHANGED
03-04 19:29:52.395  5763  5763 D SamsungBatteryMeterDrawable: onBatteryLevelChanged isSomethingChanged: false
03-04 19:29:52.395  5763  5763 D SamsungBatteryMeterDrawable: onBatteryLevelChanged isSomethingChanged: false
03-04 19:29:52.396  5763  5763 D SamsungBatteryMeterDrawable: onBatteryLevelChanged isSomethingChanged: false
03-04 19:29:52.396  5763  5763 D SamsungBatteryMeterDrawable: onBatteryLevelChanged isSomethingChanged: false
03-04 19:29:52.396  5763  5763 I PowerUI : mBootCompleted = true |  mFullyConnected = true
03-04 19:29:52.396  5763  5763 I PowerUI : BATTERY_HEALTH_CHECK extraHealth=2 mBatteryMiscEvent=131072
03-04 19:29:52.397  5763 11897 D SecPowerUI.Notification: dismissing low battery warning: level=32
03-04 19:29:52.397  5763 11897 D SecPowerUI.Notification: updateNotification mWarning=false mPlaySound=false
03-04 19:29:52.397  5763 11897 D SecPowerUI.Notification: SecBatteryStatsSnapshot{batteryLevel=32, currentBatteryMode=0, chargingTime=0, chargingType=11, batteryHealth=2, automaticTestMode=false, isHiccupState=false}
03-04 19:29:52.398  5763  5763 W PowerUI : Plug reason
03-04 19:29:52.398  5763  5763 W PowerUI : Skip charging animation - by plug status
03-04 19:29:52.398  5763  5763 D PowerUI : priorPlugType = 2 mPlugType = 2 priorBatteryStatus = 2 mBatteryStatus = 2
03-04 19:29:52.398  5763  5763 W PowerUI : Plug reason
03-04 19:29:52.398  5763  5763 W PowerUI : Skip charging sound - by plug status
03-04 19:29:52.398  5763  5763 I PowerUI : oldMisalign : false, curMisalign : false
03-04 19:29:52.400  5763  5763 D SecPowerUI.Notification: showChargingNotice oldChargingType : 11 / currentChargingType : 11, oldChargingTime : 0 / mChargingTime : 0
03-04 19:29:52.400  5763  5763 D SecPowerUI.Notification: There is no change about charging status, so return!
03-04 19:29:52.400  5763  5763 D PowerUI : Battery swelling mode - priorBatterySwellingMode = 2 mBatterySwellingMode = 2 mBatteryStatus = 2
03-04 19:29:52.400  5763  5763 I PowerUI : mBatteryMiscEvent = 131072
03-04 19:29:52.401  5763 11897 D SecPowerUI.Notification: 1. restoreScreenTimeOut - saved_value : :
03-04 19:29:52.401  5763 11897 E SecPowerUI.Notification: no saved value, so we do nothing !!
03-04 19:29:52.408  5763  5763 I PowerUI : checkShouldTurnOffProtectBattery : -1, Scheduling start ? : false
03-04 19:29:52.408  5763  5763 I PowerUI : Clear time
03-04 19:29:52.409  5405  6308 D SettingsProvider: isChangeAllowed() : name = charger_connected_time
03-04 19:29:52.409  5405  6308 D SettingsProvider: edmUri: content://com.sec.knox.provider/RestrictionPolicy3
03-04 19:29:52.409  5405  6308 D SettingsProvider: projectionArgs: isSettingsChangesAllowed
03-04 19:29:52.409  5405  6308 D SettingsProvider: selectionArgs: false
03-04 19:29:52.409  5405  6308 D SettingsProvider: selectionArgs: 10052
03-04 19:29:52.409  5405  6308 D SecContentProvider: query(), uri = 17 selection = isSettingsChangesAllowed
03-04 19:29:52.409  5405  6308 D SecContentProvider: called from android.uid.systemui:10052
03-04 19:29:52.409  5405  6308 D RestrictionPolicy: isSettingsChangesAllowedAsUser, userId 0 : true
03-04 19:29:52.409  5405  6308 D SettingsProvider: ret = 1
03-04 19:29:52.411  5763  5763 D KeyguardUpdateMonitor: handleBatteryUpdate
03-04 19:29:52.420  5763  5763 I AODBatteryManager: updateBatteryData: ACTION_BATTERY_CHANGED
03-04 19:29:52.420  5763  5763 I AODBatteryManager: getChargeEstimateTime: swelling mode
03-04 19:29:52.421  5763  5763 I AODBatteryManager: saveBatteryData : AOD BatteryData [mBatteryLevel=32, mBatteryStatus=CHARGING, mBatteryPlugType=USB, mBatteryPlugged=true, mRemainingChargeTime=0, mBatteryChargingType=1, mBatteryChargerType=NORMAL, mBatteryOnline=NOT_DEFINED, mBatterySwellingMode=HIGH_TEMP, mBatteryProtectMode=false]
03-04 19:29:52.613  5405 27231 D SemWifiUsabilityStatsMonitor: onWifiUsabilityStats - seqNum 12527, isSameBssidAndFreq true
03-04 19:29:52.616  5405  5679 I SemWifiLinkQualityMonitor: Link Qos Query: 0.037 ms / 216.500 Mbps (433 / 0.000 / 2.000)
03-04 19:29:53.246  4564  4564 D io_stats: !@   8,0 r 528790 15624852 w 1184493 230132124 d 0 0 f 0 0 iot 689440 0 th 0 0 0 pt 0 inp 0 0 55551.245
03-04 19:29:55.646  5405 27231 D SemWifiUsabilityStatsMonitor: onWifiUsabilityStats - seqNum 12528, isSameBssidAndFreq true
03-04 19:29:55.649  5763  5763 D NetworkController.WifiSignalController: notifyListener: visible=true, connected=true, inetCondition=1, isDefault=true, wifiTestReported=true, receivedInetCondition=-1, hideDuringMobileSwitching=false
03-04 19:29:55.657  5405  5679 I SemWifiLinkQualityMonitor: Link Qos Query: 0.037 ms / 216.500 Mbps (433 / 0.000 / 2.000)
03-04 19:29:57.240 26409 26409 I wpa_supplicant: Heartbeat 4706
03-04 19:29:57.402  5763  5763 D SecPowerUI.Notification: showChargingNotice oldChargingType : 11 / currentChargingType : 11, oldChargingTime : 0 / mChargingTime : 0
03-04 19:29:57.402  5763  5763 D SecPowerUI.Notification: There is no change about charging status, so return!
03-04 19:29:57.917  4884  4884 E audit   : type=1400 audit(1772627397.914:5124): avc:  denied  { write } for  pid=13007 comm="ThreadPoolForeg" name="traced_producer" dev="tmpfs" ino=24980 scontext=u:r:gmscore_app:s0:c512,c768 tcontext=u:object_r:traced_producer_socket:s0 tclass=sock_file permissive=0 SEPF_SM-A515F_13_0001 audit_filtered
03-04 19:29:57.917  4884  4884 E audit   : type=1300 audit(1772627397.914:5124): arch=c00000b7 syscall=203 success=no exit=-13 a0=72 a1=7564e86c60 a2=1e a3=cef6404e1 items=0 ppid=4905 pid=13007 auid=4294967295 uid=10224 gid=10224 euid=10224 suid=10224 fsuid=10224 egid=10224 sgid=10224 fsgid=10224 tty=(none) ses=4294967295 comm="ThreadPoolForeg" exe="/system/bin/app_process64" subj=u:r:gmscore_app:s0:c512,c768 key=(null)
03-04 19:29:57.917  4884  4884 E audit   : type=1327 audit(1772627397.914:5124): proctitle="com.google.android.gms"
03-04 19:29:58.704  5405 27231 D SemWifiUsabilityStatsMonitor: onWifiUsabilityStats - seqNum 12529, isSameBssidAndFreq true
03-04 19:29:58.705  5405  5679 I SemWifiLinkQualityMonitor: Link Qos Query: 0.037 ms / 216.500 Mbps (433 / 0.000 / 2.000)
03-04 19:29:59.474  7525  8838 I SDHMS:D : SIOP:: AP:552 BAT:438 USB:0 CHG:522 WIFI:490 SKIN:478 SKINF:468 SKINB:478 LRP:478 LRF:468 LRB:478 
03-04 19:30:00.005  5763  6242 D QSClockBellTower: onReceive(android.intent.action.TIME_TICK) mTimeZoneString:null
03-04 19:30:00.006  5763  5763 D KeyguardUpdateMonitor: received broadcast android.intent.action.TIME_TICK
03-04 19:30:00.010  5763  5763 D QSClockBellTower: He is ready to ring the bell. (((QSClockBellSound - TimeText:19:30, TimeContentDescription:19:30, DateText:Wed, 4 March, ShortDateText:Wed, 4 Mar, Demo:false, QuickStar-Second(false|12:34:56))))
03-04 19:30:00.018  5763  5763 D QSClockIndicatorView: Home Indicator status_bar_clock 19:30 notifyTimeChanged(QSClockBellSound - TimeText:19:30, TimeContentDescription:19:30, DateText:Wed, 4 March, ShortDateText:Wed, 4 Mar, Demo:false, QuickStar-Second(false|12:34:56)) ClockVisibleByPolicy:true, ClockVisibleByUser:true, visible?true, parent:android.widget.LinearLayout{6e0da4a V.E...... ......ID 0,0-97,55 #7f0b04f0 app:id/left_clock_container}
03-04 19:30:00.018  5763  5763 D QSClockBellTower: Everyone heard the bell. run(currentTime:1772627400006,   getTime():Wed Mar 04 19:30:00 GMT+07:00 2026,   getTimeZone():libcore.util.ZoneInfo[mDstSavings=0,mUseDst=false,mDelegate=[id="Asia/Bangkok",mRawOffset=25200000,mEarliestRawOffset=24124000,transitions=3]])
03-04 19:30:00.021  5763  5763 D KeyguardUpdateMonitor: handleTimeUpdate
03-04 19:30:00.022  5763  5763 D FaceWidgetPagesController: onTimeChanged()
03-04 19:30:00.029  5763  5763 I FaceWidgetPositionAlgorithm: getClockContainerHeight() supplier = 610, bottom margin = 0, real height = 673
03-04 19:30:00.029  5763  5763 I FaceWidgetPositionAlgorithm: getClockContainerHeight() supplier = 610, bottom margin = 63, real height = 673
03-04 19:30:00.029  5763  5763 I FaceWidgetPositionAlgorithm: getMediaContainerHeight() height = 0 container Visibility = 8, isValid = false, mIsDozing = false, fraction = 1.0, source = 0, target = 0
03-04 19:30:00.029  5763  5763 I FaceWidgetPositionAlgorithm: getMediaContainerHeight() supplier = 0
03-04 19:30:00.031  5763  5763 V QsExpandAnimator: setQsExpansionPosition 0.0
03-04 19:30:00.043  5763  5763 V QsExpandAnimator: updateAnimators
03-04 19:30:00.043  5763  5763 V QsExpandAnimator: clearAnimationState 
03-04 19:30:00.043  5763  5763 V QsExpandAnimator: updateViews
03-04 19:30:00.052  5763  5763 V QsExpandAnimator: updateTileAnimator
03-04 19:30:00.053  5763  5763 V QsExpandAnimator: updateHeaderAnimator
03-04 19:30:00.054  5763  5763 V QsExpandAnimator: updateBarAnimator
03-04 19:30:00.054  5763  5763 V QsExpandAnimator: setQsExpansionPosition 0.0
03-04 19:30:00.054  5763  5763 V QsExpandAnimator: onAnimationAtStart
03-04 19:30:00.804  5405  5454 E Watchdog: !@Sync: 1851 heap: 110 / 110 FD: 929 [2026-03-04 19:30:00.780]
03-04 19:30:01.785  5405 27231 D SemWifiUsabilityStatsMonitor: onWifiUsabilityStats - seqNum 12530, isSameBssidAndFreq true
03-04 19:30:01.796  5405  5679 I SemWifiLinkQualityMonitor: Link Qos Query: 0.037 ms / 216.500 Mbps (433 / 0.000 / 2.000)
03-04 19:30:02.391  5405  6308 D BatteryService: Sending ACTION_BATTERY_CHANGED: level:32, status:2, health:2, ac:false, usb:true, wireless:false, pogo:false, misc:0x20000, charge_type:1, charger_type:0, voltage:3816, temperature:438, online:19, current_avg:704, ps:false, hvc:false, capacity:280000, current_event:0x10020, current_now:689, mcc:0, mcv:0, cc:1223922, present:true, scale:100, technology:Li-ion
03-04 19:30:02.392  5000  5000 E sehhealth-service: Could not open /sys/class/power_supply/battery/lrp
03-04 19:30:02.395  5405  5569 D MotionRecognitionService: [SAR]  onReceive : ACTION_BATTERY_CHANGED, Plugged: 2
03-04 19:30:02.395  5405  5712 I DeviceBatteryInfoService: action: android.intent.action.BATTERY_CHANGED
03-04 19:30:02.395  5405  5712 I DeviceBatteryInfoService: phone battery level: 32
03-04 19:30:02.395  5405  5712 I DeviceBatteryInfoService: phone battery status: 2
03-04 19:30:02.396  5740  5740 D SemBigDataInfoController: Intent: android.intent.action.BATTERY_CHANGED
