03-04 19:20:53.491  6173  6173 W LauncherAppWidgetHost: setShouldListenFlag, mFlags:7 flag:resume on:false isFront:false
03-04 19:20:53.491  6173  6173 I SPayUpdater: updateSpayHandler launcher activity is paused false
03-04 19:20:53.492  5405  7590 D MARsPolicyManager: onPackageResumedFG pkgName = com.android.settings, userId = 0
03-04 19:20:53.492  5405  7590 I SemDvfsHyPerManager: acquire hyper - AMS_ACT_RESUME/5405@28, type = -999
03-04 19:20:53.492  5405  7590 D ActivityManagerPerformance: AMP_acquire() ACT_RESUME
03-04 19:20:53.493  5405  7590 W WindowManager: Prepare app transition: mNextAppTransitionRequests=[TRANSIT_TO_FRONT, TRANSIT_OPEN], mNextAppTransitionFlags=, displayId: 0 Callers=com.android.server.wm.DisplayContent.prepareAppTransition:6493 com.android.server.wm.TaskFragment.resumeTopActivity:1573 com.android.server.wm.TaskFragment.resumeTopActivity:1307 com.android.server.wm.Task.resumeTopActivityInnerLocked:6451 com.android.server.wm.Task.resumeTopActivityUncheckedLocked:6352 
03-04 19:20:53.494  5405  7590 V WindowManager: Setting visibility of Window{2999739 u0 SnapshotStartingWindow for taskId=9}: true, caller=com.android.server.wm.WindowContainer.sendAppVisibilityToClients:1246 com.android.server.wm.WindowToken.setClientVisible:431 com.android.server.wm.ActivityRecord.setClientVisible:7691 com.android.server.wm.ActivityRecord.setVisibility:6091 com.android.server.wm.ActivityRecord.setVisibility:5984 
03-04 19:20:53.494  5405  7590 V WindowManager: Setting visibility of Window{1fdacec u0 com.android.settings/com.android.settings.SubSettings}: true, caller=com.android.server.wm.WindowContainer.sendAppVisibilityToClients:1246 com.android.server.wm.WindowToken.setClientVisible:431 com.android.server.wm.ActivityRecord.setClientVisible:7691 com.android.server.wm.ActivityRecord.setVisibility:6091 com.android.server.wm.ActivityRecord.setVisibility:5984 
03-04 19:20:53.494  5405  7590 D ActivityTaskManager: scheduleTopResumedActivityChanged, onTop=true r=ActivityRecord{ec8f361 u0 com.android.settings/.SubSettings} t9} caller=com.android.server.wm.ActivityTaskSupervisor.scheduleTopResumedActivityStateIfNeeded:2535 com.android.server.wm.ActivityTaskSupervisor.updateTopResumedActivityIfNeeded:2527 com.android.server.wm.TaskFragment.setResumedActivity:493 com.android.server.wm.TaskFragment.onActivityStateChanged:805 com.android.server.wm.ActivityRecord.setState:6406 com.android.server.wm.TaskFragment.resumeTopActivity:1629 
03-04 19:20:53.495  4967  5044 I HYPER-HAL: [RequestManager.cpp]acquire(): Acquired ID : 14761489  [5405 / 28]    HINT : AMS_ACT_RESUME    list : 
03-04 19:20:53.497  5052  5052 D SurfaceFlinger: [input] inputWindowCommands.focusRequests size is 1
03-04 19:20:53.499  5405  7590 D WindowManagerServiceExt: notifyOccludeChangeNotice: cn=ComponentInfo{com.android.settings/com.android.settings.SubSettings} occludesParent=true inMultiWindow=false styleFloating=false caller=com.android.server.wm.WindowManagerServiceExt.updateOccludeTargetIfNeeded:1402 com.android.server.wm.DisplayContent.ensureActivitiesVisible:7532 com.android.server.wm.RootWindowContainer.ensureActivitiesVisible:2248 com.android.server.wm.RootWindowContainer.ensureVisibilityAndConfig:2126 com.android.server.wm.TaskFragment.resumeTopActivity:1652 
03-04 19:20:53.499  5052  5144 D SurfaceFlinger: [input] setFocusedWindow: <null>
03-04 19:20:53.499  5405  7494 D InputDispatcher: Focus request (0): <null> but waiting because NOT_FOCUSABLE
03-04 19:20:53.499  5405  7494 D InputDispatcher: Focus left window (0): b3dadce com.sec.android.app.launcher/com.sec.android.app.launcher.activities.LauncherActivity
03-04 19:20:53.499  5405  7590 V WindowManager: rotationForOrientation(orient=SCREEN_ORIENTATION_UNSPECIFIED (-1), last=ROTATION_0 (0)); user=ROTATION_0 (0) 
03-04 19:20:53.499  5405  7590 D WindowManager: rotationForOrientation, orientationSource=ActivityRecord{ec8f361 u0 com.android.settings/.SubSettings} t9}
03-04 19:20:53.500  5405  7590 V WindowManager: rotationForOrientation(orient=SCREEN_ORIENTATION_UNSPECIFIED (-1), last=ROTATION_0 (0)); user=ROTATION_0 (0) 
03-04 19:20:53.500  5405  7590 D WindowManager: rotationForOrientation, orientationSource=ActivityRecord{ec8f361 u0 com.android.settings/.SubSettings} t9}
03-04 19:20:53.500  5405  7590 V WindowManager: Computed rotation=ROTATION_0 (0) for display id=0 based on lastOrientation=SCREEN_ORIENTATION_UNSPECIFIED (-1) and oldRotation=ROTATION_0 (0), caller=com.android.server.wm.DisplayRotation.updateOrientation:414 com.android.server.wm.DisplayContent.updateOrientation:1990 com.android.server.wm.DisplayContent.updateOrientation:1891 com.android.server.wm.RootWindowContainer.ensureVisibilityAndConfig:2139 com.android.server.wm.TaskFragment.resumeTopActivity:1652 com.android.server.wm.TaskFragment.resumeTopActivity:1307 
03-04 19:20:53.501  6106  6106 I ViewRootImpl@c9b830a[SubSettings]: handleAppVisibility mAppVisible = false visible = true
03-04 19:20:53.501  5405  7590 D TspStateManager: updateCustomValue customSetting=
03-04 19:20:53.502  5405  7590 V WindowManager: rotationForOrientation(orient=SCREEN_ORIENTATION_UNSPECIFIED (-1), last=ROTATION_0 (0)); user=ROTATION_0 (0) 
03-04 19:20:53.502  5405  7590 D WindowManager: rotationForOrientation, orientationSource=ActivityRecord{ec8f361 u0 com.android.settings/.SubSettings} t9}
03-04 19:20:53.503  5405  7590 D TspStateManager: updateCustomValue customSetting=
03-04 19:20:53.504  5405  7590 W WindowManager: Execute app transition: mNextAppTransitionRequests=[TRANSIT_TO_FRONT, TRANSIT_OPEN], mNextAppTransitionFlags=, displayId: 0 Callers=com.android.server.wm.RootWindowContainer.executeAppTransitionForAllDisplay:2580 com.android.server.wm.ActivityTaskSupervisor.reportResumedActivityLocked:2287 com.android.server.wm.ActivityRecord.completeResumeLocked:6987 com.android.server.wm.TaskFragment.resumeTopActivity:1743 com.android.server.wm.TaskFragment.resumeTopActivity:1307 
03-04 19:20:53.505  6106  6106 I ViewRootImpl@c9b830a[SubSettings]: stopped(false) old = true
03-04 19:20:53.505  6106  6106 I ViewRootImpl@c9b830a[SubSettings]: WindowStopped on com.android.settings/com.android.settings.SubSettings set to false
03-04 19:20:53.507  5405  7621 D WindowManager: finishDrawingWindow: Window{2999739 u0 SnapshotStartingWindow for taskId=9} mDrawState=DRAW_PENDING seqId=2147483647
03-04 19:20:53.508  6173  6173 I TopTaskTracker: onTaskMovedToFront : taskId = 9
03-04 19:20:53.508  6173  6173 I ViewRootImpl@e012360[LauncherActivity]: MSG_WINDOW_FOCUS_CHANGED 0 0
03-04 19:20:53.508  5405  7621 V WindowManager: Finishing drawing window Window{2999739 u0 SnapshotStartingWindow for taskId=9}: mDrawState=DRAW_PENDING
03-04 19:20:53.508  6173  6173 I BaseActivity: removeActivityFlags, flags : 8
03-04 19:20:53.508  5405  7621 V WindowManager: Draw state now committed in Window{2999739 u0 SnapshotStartingWindow for taskId=9}
03-04 19:20:53.510  5405  7590 D RestrictionPolicy: isDeveloperModeAllowed : true
03-04 19:20:53.513  5405  5452 D WindowManager: performShow logReadyForDisplay win=Window{2999739 u0 SnapshotStartingWindow for taskId=9} mToken.waitingToShow:true isTransitionSet:true
03-04 19:20:53.514  5405  5451 D SGM:FgCheckThread: notePauseComponent(), received pkgName: com.sec.android.app.launcher, userId: 0
03-04 19:20:53.517  5405  5405 I CocktailBarManagerServiceContainer: handleMessage: entry what = 6
03-04 19:20:53.517  5405  5405 I CocktailBarManagerServiceImpl: notePauseComponent : no active host
03-04 19:20:53.521  6106  6106 I DecorView: notifyKeepScreenOnChanged: keepScreenOn=false
03-04 19:20:53.521  5405  5452 D WindowManager: createAnimationAdapter(): container=Task{4a5e2dd #1 type=home ?? U=0 visible=false visibleRequested=false mode=fullscreen translucent=true sz=1}
03-04 19:20:53.521  5405  5452 I WindowManager: Reparenting to leash, surface=Surface(name=Task=1)/@0x83d7309, leashParent=Surface(name=DefaultTaskDisplayArea)/@0xd2ce90e
03-04 19:20:53.522  5052  5729 I SurfaceFlinger: id=7095 createSurf flag=24000, Surface(name=Task=1)/@0x83d7309 - animation-leash of app_transition#7095
03-04 19:20:53.522  5405  5452 D WindowManager: makeSurface duration=1 leash=Surface(name=Surface(name=Task=1)/@0x83d7309 - animation-leash of app_transition)/@0x7b17953
03-04 19:20:53.522  5405  5452 D WindowManager: startAnimation
03-04 19:20:53.522  5405  5452 D WindowManager: createAnimationAdapter(): container=Task{9904272 #9 type=standard A=1000:com.android.settings.root U=0 visible=true visibleRequested=true mode=fullscreen translucent=false sz=2}
03-04 19:20:53.522  5405  5452 I WindowManager: Reparenting to leash, surface=Surface(name=Task=9)/@0x3721fcc, leashParent=Surface(name=DefaultTaskDisplayArea)/@0xd2ce90e
03-04 19:20:53.524  5052  5096 I SurfaceFlinger: id=7096 createSurf flag=24004, Surface(name=Task=9)/@0x3721fcc - animation-leash of app_transition#7096
03-04 19:20:53.524  5405  5452 D WindowManager: makeSurface duration=2 leash=Surface(name=Surface(name=Task=9)/@0x3721fcc - animation-leash of app_transition)/@0x2ba2290
03-04 19:20:53.525  5405  5452 D WindowManager: startAnimation
03-04 19:20:53.525  5405  5452 V WindowManager: performShowLocked: mDrawState=HAS_DRAWN in Window{2999739 u0 SnapshotStartingWindow for taskId=9}
03-04 19:20:53.525  5405  5452 D WindowManager: goodToGo(RemoteAnimationController@b28c789)
03-04 19:20:53.526  5405  5452 D WindowManager: createAppAnimations()
03-04 19:20:53.526  5405  5452 D WindowManager: 	Add container=Task{9904272 #9 type=standard A=1000:com.android.settings.root U=0 visible=true visibleRequested=true mode=fullscreen translucent=false sz=2}
03-04 19:20:53.526  5405  5452 D WindowManager: 	Add container=Task{4a5e2dd #1 type=home ?? U=0 visible=false visibleRequested=false mode=fullscreen translucent=true sz=1}
03-04 19:20:53.526  5405  5452 D WindowManager: createWallpaperAnimations()
03-04 19:20:53.526  5405  5452 I WindowManager: Reparenting to leash, surface=Surface(name=WallpaperWindowToken{ae637d8 token=android.os.Binder@e1d753e})/@0xec136c5, leashParent=Surface(name=Leaf:0:1)/@0x852881a
03-04 19:20:53.527  5052  5096 I SurfaceFlinger: id=7097 createSurf flag=24000, Surface(name=WallpaperWindowToken{ae637d8 token=android.os.Binder@e1d753e})/@0xec136c5 - animation-leash of window_animation#7097
03-04 19:20:53.527  5405  5452 D WindowManager: makeSurface duration=1 leash=Surface(name=Surface(name=WallpaperWindowToken{ae637d8 token=android.os.Binder@e1d753e})/@0xec136c5 - animation-leash of window_animation)/@0xa1ee38e
03-04 19:20:53.527  5405  5452 D WindowManager: startAnimation
03-04 19:20:53.527  5405  5452 D WindowManager: createNonAppWindowAnimations()
03-04 19:20:53.527  5405  5452 I WindowManager: Reparenting to leash, surface=Surface(name=WindowToken{e8b08ba type=2019 android.os.BinderProxy@29840dc})/@0x9bb45e6, leashParent=Surface(name=Leaf:24:25)/@0x36f9b2a
03-04 19:20:53.527  5052  5096 I SurfaceFlinger: id=7098 createSurf flag=24000, Surface(name=WindowToken{e8b08ba type=2019 android.os.BinderProxy@29840dc})/@0x9bb45e6 - animation-leash of window_animation#7098
03-04 19:20:53.528  5405  5452 D WindowManager: makeSurface duration=0 leash=Surface(name=Surface(name=WindowToken{e8b08ba type=2019 android.os.BinderProxy@29840dc})/@0x9bb45e6 - animation-leash of window_animation)/@0x65057af
03-04 19:20:53.528  5405  5452 D WindowManager: startAnimation
03-04 19:20:53.530  5405  5451 I SemWifiApAdvancedAutohotspotService: settings app is in foreground
03-04 19:20:53.531  5405  6748 I MediaSessionMonitor: Media session stopped : controllerList empty
03-04 19:20:53.532  5405  5451 D SGM:GameManager: identifyGamePackage. com.android.settings, mCurrentUserId: 0, callerUserId: 0, callingMethodInfo: com.android.server.ssrm.SortingMachine.isGame(SortingMachine.java:162)
03-04 19:20:53.532  5405  5451 D SGM:PkgDataHelper: getGamePkgData(). com.android.settings
03-04 19:20:53.533  5405  5452 D WindowManager: goodToGo(RemoteAnimationController@b28c789): onAnimationStart, transit=TRANSIT_OLD_WALLPAPER_CLOSE, apps=2, wallpapers=1, nonApps=1
03-04 19:20:53.534  5405  5452 D WindowManager: startAnimation(): Notify animation start:
03-04 19:20:53.534  5405  5452 I WindowManager: Starting remote animation
03-04 19:20:53.534  5405  5452 I WindowManager: container=Task{9904272 #9 type=standard A=1000:com.android.settings.root U=0 visible=true visibleRequested=true mode=fullscreen translucent=false sz=2}
03-04 19:20:53.534  5405  5452 I WindowManager: Target:
03-04 19:20:53.534  5405  5452 I WindowManager:   mode=0 taskId=9 isTranslucent=false clipRect=[0,0][0,0] contentInsets=[0,88][0,39] prefixOrderIndex=29 position=[0,0] sourceContainerBounds=[0,0][1080,2400] screenSpaceBounds=[0,0][1080,2400] localBounds=[0,0][1080,2400]
03-04 19:20:53.534  5405  5452 I WindowManager:   windowConfiguration={ mBounds=Rect(0, 0 - 1080, 2400) mAppBounds=Rect(0, 88 - 1080, 2361) mMaxBounds=Rect(0, 0 - 1080, 2400) mDisplayRotation=ROTATION_0 mWindowingMode=fullscreen mDisplayWindowingMode=fullscreen mActivityType=standard mAlwaysOnTop=undefined mRotation=ROTATION_0 mPopOver=undefined mStageConfig=undefined mFreeformTaskPinningState=unpinned mFreeformStashState=undefined}
03-04 19:20:53.534  5405  5452 I WindowManager:   leash=Surface(name=Surface(name=Task=9)/@0x3721fcc - animation-leash of app_transition)/@0x2ba2290
03-04 19:20:53.534  5405  5452 I WindowManager:   taskInfo=TaskInfo{userId=0 taskId=9 displayId=0 isRunning=true baseIntent=Intent { act=android.intent.action.MAIN cat=[android.intent.category.LAUNCHER] flg=0x10200000 cmp=com.android.settings/.Settings } baseActivity=ComponentInfo{com.android.settings/com.android.settings.Settings} topActivity=ComponentInfo{com.android.settings/com.android.settings.SubSettings} origActivity=ComponentInfo{com.android.settings/com.android.settings.Settings} realActivity=ComponentInfo{com.android.settings/com.android.settings.homepage.SettingsHomepageActivity} numActivities=2 lastActiveTime=85661310 supportsSplitScreenMultiWindow=false supportsMultiWindow=false resizeMode=1 isResizeable=true minWidth=-1 minHeight=-1 defaultMinSize=220 token=WCT{RemoteToken{d3b3ecd Task{9904272 #9 type=standard A=1000:com.android.settings.root U=0 visible=true visibleRequested=true mode=fullscreen translucent=false sz=2}}} topActivityType=1 pictureInPictureParams=null shouldDockBigOverlays=false launchIntoPipHostTaskId=0 displayCutoutSafeInsets=null topActivityInfo=ActivityInfo{45cf95 com.android.settings.SubSettings} launchCookies=[android.os.BinderProxy@af97282] positionInParent=Point(0, 0) parentTaskId=-1 isFocused=true isVisible=true isSleeping=false topActivityInSizeCompat=false topActivityEligibleForLetterboxEducation= false locusId=null displayAreaFeatureId=1 cameraCompatControlState=hidden originallySupportedSplitScreen=true hasWallpaper=false isTopTransparentActivity=false topActivityInFixedAspectRatio=false topActivityInDisplayCompat=false topActivityInBoundsCompat=false topActivityBounds=null}
03-04 19:20:53.534  5405  5452 I WindowManager:   allowEnterPip=true
03-04 19:20:53.534  5405  5452 I WindowManager:   windowType=-1  hasAnimatingParent=false  backgroundColor=0container=Task{4a5e2dd #1 type=home ?? U=0 visible=false visibleRequested=false mode=fullscreen translucent=true sz=1}
03-04 19:20:53.534  5405  5452 I WindowManager: Target:
03-04 19:20:53.534  5405  5452 I WindowManager:   mode=1 taskId=7 isTranslucent=false clipRect=[0,0][0,0] contentInsets=[0,88][0,39] prefixOrderIndex=24 position=[0,0] sourceContainerBounds=[0,0][1080,2400] screenSpaceBounds=[0,0][1080,2400] localBounds=[0,0][1080,2400]
03-04 19:20:53.534  5405  5452 I WindowManager:   windowConfiguration={ mBounds=Rect(0, 0 - 1080, 2400) mAppBounds=Rect(0, 88 - 1080, 2361) mMaxBounds=Rect(0, 0 - 1080, 2400) mDisplayRotation=ROTATION_0 mWindowingMode=fullscreen mDisplayWindowingMode=fullscreen mActivityType=home mAlwaysOnTop=undefined mRotation=ROTATION_0 mPopOver=undefined mStageConfig=undefined mFreeformTaskPinningState=unpinned mFreeformStashState=undefined}
03-04 19:20:53.534  5405  5452 I WindowManager:   leash=Surface(name=Surface(name=Task=1)/@0x83d7309 - animation-leash of app_transition)/@0x7b17953
03-04 19:20:53.535  5405  5452 I WindowManager:   taskInfo=TaskInfo{userId=0 taskId=7 displayId=0 isRunning=true baseIntent=Intent { act=android.intent.action.MAIN cat=[android.intent.category.HOME] flg=0x10000100 cmp=com.sec.android.app.launcher/.activities.LauncherActivity } baseActivity=ComponentInfo{com.sec.android.app.launcher/com.sec.android.app.launcher.activities.LauncherActivity} topActivity=ComponentInfo{com.sec.android.app.launcher/com.android.launcher3.uioverrides.QuickstepLauncher} origActivity=ComponentInfo{com.sec.android.app.launcher/com.sec.android.app.launcher.activities.LauncherActivity} realActivity=ComponentInfo{com.sec.android.app.launcher/com.android.launcher3.uioverrides.QuickstepLauncher} numActivities=1 lastActiveTime=85661290 supportsSplitScreenMultiWindow=false supportsMultiWindow=false resizeMode=2 isResizeable=true minWidth=-1 minHeight=-1 defaultMinSize=220 token=WCT{RemoteToken{e1f1ad0 Task{ef5de90 #7 type=home A=10135:com.sec.android.app.launcher.activities.LauncherActivity U=0 rootTaskId=1 visible=false visibleRequested=false mode=fullscreen translucent=true sz=1}}} topActivityType=2 pictureInPictureParams=null shouldDockBigOverlays=false launchIntoPipHostTaskId=0 displayCutoutSafeInsets=Rect(0, 88 - 0, 0) topActivityInfo=ActivityInfo{a49fac9 com.sec.android.app.launcher.activities.LauncherActivity} launchCookies=[] positionInParent=Point(0, 0) parentTaskId=-1 isFocused=false isVisible=false isSleeping=false topActivityInSizeCompat=false topActivityEligibleForLetterboxEducation= false locusId=LocusId[16_chars] displayAreaFeatureId=1 cameraCompatControlState=hidden originallySupportedSplitScreen=true hasWallpaper=false isTopTransparentActivity=false topActivityInFixedAspectRatio=false topActivityInDisplayCompat=false topActivityInBoundsCompat=false topActivityBounds=null}
03-04 19:20:53.535  5405  5452 I WindowManager:   allowEnterPip=true
03-04 19:20:53.535  5405  5452 I WindowManager:   windowType=-1  hasAnimatingParent=false  backgroundColor=0
03-04 19:20:53.536  6173 11035 I LauncherAnimationRunner: onAnimationStart, appTargets : [Lcom.android.systemui.shared.system.RemoteAnimationTargetCompat;@63519bd mStartAtFrontOfQueue : true
03-04 19:20:53.536  6106  6106 I MSHandlerLifeCycle: check: return. Multi-window not supported pkg=com.android.settings
03-04 19:20:53.537  6173  6173 I RemoteAnimationTargets: RemoteAnimationTargets : 9 - 0, 0
03-04 19:20:53.537  6106  6106 I MSHandlerLifeCycle: removeMultiSplitHandler: no exist. decor=DecorView@62e145e[SubSettings]
03-04 19:20:53.537  6173  6173 I RemoteAnimationTargets: RemoteAnimationTargets : 7 - 1, 0
03-04 19:20:53.537  6106  6106 I ViewRootImpl@c9b830a[SubSettings]: stopped(false) old = false
03-04 19:20:53.537  6173  6173 I RecentsOrientedState: current RecentsOrientedState: [this=RecentsOrientedState@180299392 mOrientationHandler=PortraitPagedViewHandler@9364633 mDisplayRotation=0 mTouchRotation=0 mRecentsActivityRotation=0 mRecentsRotation=-1 isRecentsActivityRotationAllowed=true mSystemRotation=false mStateId=0 mFlags=289]
03-04 19:20:53.537  6173  6173 I RecentsOrientedState: current RecentsOrientedState: [this=RecentsOrientedState@180299392 mOrientationHandler=PortraitPagedViewHandler@9364633 mDisplayRotation=0 mTouchRotation=0 mRecentsActivityRotation=0 mRecentsRotation=-1 isRecentsActivityRotationAllowed=true mSystemRotation=true mStateId=36999 mFlags=297]
03-04 19:20:53.537  6173  6173 I RecentsOrientedStateCallbacksImpl: updateHomeRotationSetting
03-04 19:20:53.537  6173  6173 I RecentsOrientedState: current RecentsOrientedState: [this=RecentsOrientedState@180299392 mOrientationHandler=PortraitPagedViewHandler@9364633 mDisplayRotation=0 mTouchRotation=0 mRecentsActivityRotation=0 mRecentsRotation=-1 isRecentsActivityRotationAllowed=true mSystemRotation=true mStateId=38023 mFlags=297]
03-04 19:20:53.538  6173  6173 I RecentsOrientedState: current RecentsOrientedState: [this=RecentsOrientedState@180299392 mOrientationHandler=PortraitPagedViewHandler@9364633 mDisplayRotation=0 mTouchRotation=0 mRecentsActivityRotation=0 mRecentsRotation=-1 isRecentsActivityRotationAllowed=true mSystemRotation=true mStateId=38023 mFlags=41]
03-04 19:20:53.539  6173  6173 I RemoteAnimationTargets: RemoteAnimationTargets : 9 - 0, 0
03-04 19:20:53.539  6173  6173 I RemoteAnimationTargets: RemoteAnimationTargets : 7 - 1, 0
03-04 19:20:53.539  5763  5810 D Bubbles : onLocusVisibilityChanged: LocusId[17_chars] visible=false
03-04 19:20:53.539  6173  6173 I RecentsOrientedState: current RecentsOrientedState: [this=RecentsOrientedState@180299392 mOrientationHandler=PortraitPagedViewHandler@9364633 mDisplayRotation=0 mTouchRotation=0 mRecentsActivityRotation=0 mRecentsRotation=-1 isRecentsActivityRotationAllowed=false mSystemRotation=true mStateId=5255 mFlags=43]
03-04 19:20:53.539  6173  6173 I RecentsOrientedState: current RecentsOrientedState: [this=RecentsOrientedState@180299392 mOrientationHandler=PortraitPagedViewHandler@9364633 mDisplayRotation=0 mTouchRotation=0 mRecentsActivityRotation=0 mRecentsRotation=-1 isRecentsActivityRotationAllowed=false mSystemRotation=true mStateId=5511 mFlags=43]
03-04 19:20:53.537  6106  6106 I DecorView: notifyKeepScreenOnChanged: keepScreenOn=false
03-04 19:20:53.540  6173  6173 I RecentsViewCallbacksImpl: createAdjacentPageAnimForTaskLaunch
03-04 19:20:53.540  6173  6173 I QuickstepTransition: onCreateAnimation : com.android.launcher3.util.RunnableList@da04d14 - com.android.launcher3.g@afb2344
03-04 19:20:53.540  6173  6173 I AnimationResult: setAnimation : com.android.launcher3.g@afb2344
03-04 19:20:53.547  5052  5052 I Layer   : Layer [SnapshotStartingWindow for taskId=9$_5763#7094] hidden!! flag(0)
03-04 19:20:53.550  6173  8625 I ViewRootImpl@e012360[LauncherActivity]: mWNT: t=0x74ceedce00 mBlastBufferQueue=0x7509188e00 fn= 98 caller= com.android.systemui.shared.launcher.ViewRootImplCompat.mergeWithNextTransaction:2 com.android.quickstep.util.SurfaceTransactionApplier.lambda$scheduleApply$0:2 com.android.quickstep.util.SurfaceTransactionApplier.b:0 
03-04 19:20:53.553  5405  5451 D SGM:GameManager: identifyGamePackage. com.android.settings, mCurrentUserId: 0, callerUserId: 0, callingMethodInfo: com.samsung.android.game.SemGameManager.isGamePackage(SemGameManager.java:104)
03-04 19:20:53.553  5405  5451 D SGM:PkgDataHelper: getGamePkgData(). com.android.settings
03-04 19:20:53.553  5405  5451 D SGM:SemGameManager: isGamePackage(), pkgName=com.android.settings, ret=false
03-04 19:20:53.553  5405  5451 D SGM:FgCheckThread: noteResumeComponent(), received pkgName: com.android.settings, userId: 0
03-04 19:20:53.555  6173  8625 I ViewRootImpl@e012360[LauncherActivity]: mWNT: t=0x74ceedf000 mBlastBufferQueue=0x7509188e00 fn= 98 caller= com.android.systemui.shared.launcher.ViewRootImplCompat.mergeWithNextTransaction:2 com.android.quickstep.util.SurfaceTransactionApplier.lambda$scheduleApply$0:2 com.android.quickstep.util.SurfaceTransactionApplier.b:0 
03-04 19:20:53.556  6173  8625 I ViewRootImpl@e012360[LauncherActivity]: mWNT: t=0x74ceedf100 mBlastBufferQueue=0x7509188e00 fn= 98 caller= com.android.systemui.shared.launcher.ViewRootImplCompat.mergeWithNextTransaction:2 com.android.quickstep.util.SurfaceTransactionApplier.lambda$scheduleApply$0:2 com.android.quickstep.util.SurfaceTransactionApplier.b:0 
03-04 19:20:53.557  5405  5597 D SGM:FgCheckThread: onLooperPrepared(), msg: MSG_APP_RESUME, pkgName: com.android.settings, userid: 0
03-04 19:20:53.557  5405  5597 D SGM:FgCheckThread: handleResume().
03-04 19:20:53.557  5405  5597 D SGM:FgCheckThread: sendFocusOutConditionally() - mPrevNotiPkg: (unknown), userId: 0
03-04 19:20:53.557  5405  5597 D SGM:FgCheckThread:   handleResume(). pkgName: com.android.settings, userId: 0, isTunableApp: null
03-04 19:20:53.557  5405  5597 D SGM:FgCheckThread: notifyFocusInOut(). of pkg: com.android.settings, type: 4, isTunableApp: false, userId: 0
03-04 19:20:53.557  5405  5597 D SGM:FgCheckThread:   notifyFocusInOut(). unexpected mPrevNotiType: -1
03-04 19:20:53.557  5405  5597 D SGM:SystemHelper: callReleaseBlock needReleaseBlock:false
03-04 19:20:53.557  6173  8625 I ViewRootImpl@e012360[LauncherActivity]: mWNT: t=0x74ceedf400 mBlastBufferQueue=0x7509188e00 fn= 98 caller= com.android.systemui.shared.launcher.ViewRootImplCompat.mergeWithNextTransaction:2 com.android.quickstep.util.SurfaceTransactionApplier.lambda$scheduleApply$0:2 com.android.quickstep.util.SurfaceTransactionApplier.b:0 
03-04 19:20:53.557  5405  5405 I CocktailBarManagerServiceContainer: handleMessage: entry what = 5
03-04 19:20:53.557  5405  5405 I CocktailBarManagerServiceImpl: noteResumeComponent : no active host
03-04 19:20:53.559  6173  8625 I ViewRootImpl@e012360[LauncherActivity]: mWNT: t=0x74ceedf500 mBlastBufferQueue=0x7509188e00 fn= 98 caller= com.android.systemui.shared.launcher.ViewRootImplCompat.mergeWithNextTransaction:2 com.android.quickstep.util.SurfaceTransactionApplier.lambda$scheduleApply$0:2 com.android.quickstep.util.SurfaceTransactionApplier.b:0 
03-04 19:20:53.560  6173  8625 I ViewRootImpl@e012360[LauncherActivity]: mWNT: t=0x74ceedf600 mBlastBufferQueue=0x7509188e00 fn= 98 caller= com.android.systemui.shared.launcher.ViewRootImplCompat.mergeWithNextTransaction:2 com.android.quickstep.util.SurfaceTransactionApplier.lambda$scheduleApply$0:2 com.android.quickstep.util.SurfaceTransactionApplier.b:0 
03-04 19:20:53.560  6173  8625 I ViewRootImpl@e012360[LauncherActivity]: mWNT: t=0x74ceedf700 mBlastBufferQueue=0x7509188e00 fn= 98 caller= com.android.systemui.shared.launcher.ViewRootImplCompat.mergeWithNextTransaction:2 com.android.quickstep.util.SurfaceTransactionApplier.lambda$scheduleApply$0:2 com.android.quickstep.util.SurfaceTransactionApplier.b:0 
03-04 19:20:53.560  6173  8625 I ViewRootImpl@e012360[LauncherActivity]: mWNT: t=0x74ceedf800 mBlastBufferQueue=0x7509188e00 fn= 98 caller= com.android.systemui.shared.launcher.ViewRootImplCompat.mergeWithNextTransaction:2 com.android.quickstep.util.SurfaceTransactionApplier.lambda$scheduleApply$0:2 com.android.quickstep.util.SurfaceTransactionApplier.b:0 
03-04 19:20:53.561  5405  7621 D SecContentProvider: query(), uri = 17 selection = isUsbDebuggingEnabled
03-04 19:20:53.561  5405  7621 D SecContentProvider: called from android.uid.system:1000
03-04 19:20:53.561  5405  7621 D RestrictionPolicy: isUsbDebuggingEnabled : true
03-04 19:20:53.561  5405  7443 D RestrictionPolicy: isDeveloperModeAllowed : true
03-04 19:20:53.564  6106  6106 W SettingsEdm: projectionArgs:isUsbDebuggingEnabled/1
03-04 19:20:53.570  5405  5451 I GameSDK@LifeCycle: noteResumeComponent(): package name  : com.android.settings
03-04 19:20:53.571  6173  8626 I ViewRootImpl@e012360[LauncherActivity]: mWNT: t=0x74ceedf900 mBlastBufferQueue=0x7509188e00 fn= 99 caller= com.android.systemui.shared.launcher.ViewRootImplCompat.mergeWithNextTransaction:2 com.android.quickstep.util.SurfaceTransactionApplier.lambda$scheduleApply$0:2 com.android.quickstep.util.SurfaceTransactionApplier.b:0 
03-04 19:20:53.571  6173  8626 I ViewRootImpl@e012360[LauncherActivity]: mWNT: t=0x74ceedfa00 mBlastBufferQueue=0x7509188e00 fn= 99 caller= com.android.systemui.shared.launcher.ViewRootImplCompat.mergeWithNextTransaction:2 com.android.quickstep.util.SurfaceTransactionApplier.lambda$scheduleApply$0:2 com.android.quickstep.util.SurfaceTransactionApplier.b:0 
03-04 19:20:53.573  6106  6106 D AbstractBtDlgCtr: Unable to get current config index. Current codec Config is null.
03-04 19:20:53.575  5052  5052 D SurfaceFlinger: Display 0 HWC layers:
03-04 19:20:53.575  5052  5052 D SurfaceFlinger:      CLIENT | 0x7c6c8a7f80 | 0100 | RGBx_8888    |  462.0    0.0 1218.0 1680.0 |    0    0 1080 2400 | Wallpaper BBQ wrapper#78
03-04 19:20:53.575  5052  5052 D SurfaceFlinger:      CLIENT | 0x7c6afef540 | 0100 | RGBA_8888    |    0.0    0.0 1080.0 2400.0 |    0    0 1080 2400 | com.sec.android.app.launcher/com.sec[...]tivities.LauncherActivity$_6173#7087
03-04 19:20:53.575  5052  5052 D SurfaceFlinger:      CLIENT | 0x7c2f9893c0 | 0000 | RGBA_8888    |    0.0   87.0 1080.0 2361.0 |  214  455  866 1829 | SnapshotStartingWindow for taskId=9$_5763#7094
03-04 19:20:53.575  5052  5052 D SurfaceFlinger:      CLIENT | 0x7c6c8a6e00 | 0100 | RGBA_8888    |    0.0    0.0 1080.0   88.0 |    0    0 1080   88 | StatusBar$_5763#90
03-04 19:20:53.575  5052  5052 D SurfaceFlinger:      DEVICE | 0x7c6c8a8200 | 0100 | RGBA_8888    |    0.0    0.0 1080.0  126.0 |    0 2274 1080 2400 | NavigationBar0$_5763#85
03-04 19:20:53.575  5052  5052 D SurfaceFlinger:      DEVICE | 0x7c6c8a5780 | 0140 | RGBA_8888    |    0.0    0.0 1080.0  100.0 |    0    0 1080  100 | ScreenDecorOverlay$_5763#95
03-04 19:20:53.575  5052  5052 D SurfaceFlinger:      DEVICE | 0x7c6c8a8480 | 0140 | RGBA_8888    |    0.0    0.0 1080.0  100.0 |    0 2300 1080 2400 | ScreenDecorOverlayBottom$_5763#96
03-04 19:20:53.575  5052  5052 D SurfaceFlinger: 
03-04 19:20:53.577  5405  5464 W libprocessgroup: Failed to open /dev/blkio//cgroup.procs: No such file or directory
03-04 19:20:53.579  5405  5464 W libprocessgroup: Failed to open /dev/blkio//cgroup.procs: No such file or directory
03-04 19:20:53.582  5405  5464 W libprocessgroup: Failed to open /dev/blkio//cgroup.procs: No such file or directory
03-04 19:20:53.585  5405  5464 W libprocessgroup: Failed to open /dev/blkio//cgroup.procs: No such file or directory
03-04 19:20:53.587  6106  6106 I BluetoothMapNetworkTypePreferenceController: isAvailable :: debug false
03-04 19:20:53.588  5405  5464 W libprocessgroup: Failed to open /dev/blkio//cgroup.procs: No such file or directory
03-04 19:20:53.588  5405  7590 D SecContentProvider: query(), uri = 16 selection = isKillingActivitiesOnLeaveAllowed
03-04 19:20:53.589  5405  7590 D SecContentProvider: called from android.uid.system:1000
03-04 19:20:53.589  5405  7590 D SecContentProvider: isKillingActivitiesOnLeaveAllowed return = true callingUid : 1000
03-04 19:20:53.590  6106  6106 W SettingsEdm: projectionArgs:isKillingActivitiesOnLeaveAllowed/1
03-04 19:20:53.590  6106  6106 I BluetoothHfpDisablePreferenceController: isAvailable :: debug false
03-04 19:20:53.592  6106  6106 D SecSimFeatureProvider: getTelephonyProperty : 0 : 0
03-04 19:20:53.592  6106  6106 D SecSimFeatureProvider: getTelephonyProperty : 1 : 0
03-04 19:20:53.592  6106  6106 D SecSimFeatureProvider: getEnabledSimCnt : 0
03-04 19:20:53.592  6106  6106 D ConnectionsUtils: isNoSIM : 0
03-04 19:20:53.592  6106  6106 D NetworkModeOf5gTypeController: isAvailable : menu disable because of no sim 
03-04 19:20:53.593  6173  8625 I ViewRootImpl@e012360[LauncherActivity]: mWNT: t=0x74ceedfb00 mBlastBufferQueue=0x7509188e00 fn= 100 caller= com.android.systemui.shared.launcher.ViewRootImplCompat.mergeWithNextTransaction:2 com.android.quickstep.util.SurfaceTransactionApplier.lambda$scheduleApply$0:2 com.android.quickstep.util.SurfaceTransactionApplier.b:0 
03-04 19:20:53.593  5405  7590 D RestrictionPolicy: isUsbDebuggingEnabled : true
03-04 19:20:53.593  6173  8625 I ViewRootImpl@e012360[LauncherActivity]: mWNT: t=0x74ceedfc00 mBlastBufferQueue=0x7509188e00 fn= 100 caller= com.android.systemui.shared.launcher.ViewRootImplCompat.mergeWithNextTransaction:2 com.android.quickstep.util.SurfaceTransactionApplier.lambda$scheduleApply$0:2 com.android.quickstep.util.SurfaceTransactionApplier.b:0 
03-04 19:20:53.593  6106  6106 D WirelessDebugPrefCtrl: isUsbDebuggingAllowed = true
03-04 19:20:53.594  5405  5451 I ActivityManager: Changes in 10254 15 to 5, 0 to 8
03-04 19:20:53.594  5405  5451 I ActivityManager: Changes in 5009 15 to 3, 0 to 8
03-04 19:20:53.595  6106 31369 D SettingsActivity: No enabled state changed, skipping updateCategory call
03-04 19:20:53.597  5405  5464 W libprocessgroup: Failed to open /dev/blkio//cgroup.procs: No such file or directory
03-04 19:20:53.603  6106  6106 W Settings: Setting bugreport_in_power_menu has moved from android.provider.Settings.Secure to android.provider.Settings.Global.
03-04 19:20:53.603  6173  8626 I ViewRootImpl@e012360[LauncherActivity]: mWNT: t=0x74ceedfd00 mBlastBufferQueue=0x7509188e00 fn= 101 caller= com.android.systemui.shared.launcher.ViewRootImplCompat.mergeWithNextTransaction:2 com.android.quickstep.util.SurfaceTransactionApplier.lambda$scheduleApply$0:2 com.android.quickstep.util.SurfaceTransactionApplier.b:0 
03-04 19:20:53.603  6173  8626 I ViewRootImpl@e012360[LauncherActivity]: mWNT: t=0x74ceedfe00 mBlastBufferQueue=0x7509188e00 fn= 101 caller= com.android.systemui.shared.launcher.ViewRootImplCompat.mergeWithNextTransaction:2 com.android.quickstep.util.SurfaceTransactionApplier.lambda$scheduleApply$0:2 com.android.quickstep.util.SurfaceTransactionApplier.b:0 
03-04 19:20:53.604  5405  7443 D SecContentProvider: query(), uri = 15 selection = isDeveloperModeAllowed
03-04 19:20:53.604  5405  7443 D SecContentProvider: called from android.uid.system:1000
03-04 19:20:53.605  5405  7443 D RestrictionPolicy: isDeveloperModeAllowed : true
03-04 19:20:53.606  6106  6106 W SettingsEdm: projectionArgs:isDeveloperModeAllowed/1
03-04 19:20:53.607  5405  7443 D SecContentProvider: query(), uri = 16 selection = isGoogleCrashReportedAllowed
03-04 19:20:53.607  5405  7443 D SecContentProvider: called from android.uid.system:1000
03-04 19:20:53.607  5405  7443 D RestrictionPolicy: isGoogleCrashReportAllowed : ret=true userId =0
03-04 19:20:53.608  6106  6106 W SettingsEdm: projectionArgs:isGoogleCrashReportedAllowed/1
03-04 19:20:53.608  6106  6106 D AbstractBtDlgCtr: Unable to get current config index. Current codec Config is null.
03-04 19:20:53.613  6173 11035 I RecentModel: onTaskStackChangedBackground
03-04 19:20:53.614  5405  6729 D SecContentProvider: query(), uri = 16 selection = isMockLocationEnabled
03-04 19:20:53.614  5405  6729 D SecContentProvider: called from android.uid.system:1000
03-04 19:20:53.614  5405  6729 D RestrictionPolicy: isMockLocationEnabled : true
03-04 19:20:53.615  5405  6729 D SecContentProvider: callingUid = 1000
03-04 19:20:53.615  5405  6729 D SecContentProvider: isMockLocationEnabled return = true
03-04 19:20:53.619  6173  8625 I ViewRootImpl@e012360[LauncherActivity]: mWNT: t=0x74ceedff00 mBlastBufferQueue=0x7509188e00 fn= 102 caller= com.android.systemui.shared.launcher.ViewRootImplCompat.mergeWithNextTransaction:2 com.android.quickstep.util.SurfaceTransactionApplier.lambda$scheduleApply$0:2 com.android.quickstep.util.SurfaceTransactionApplier.b:0 
03-04 19:20:53.619  5405  5464 W libprocessgroup: Failed to open /dev/blkio//cgroup.procs: No such file or directory
03-04 19:20:53.619  6173  8625 I ViewRootImpl@e012360[LauncherActivity]: mWNT: t=0x74ceef7200 mBlastBufferQueue=0x7509188e00 fn= 102 caller= com.android.systemui.shared.launcher.ViewRootImplCompat.mergeWithNextTransaction:2 com.android.quickstep.util.SurfaceTransactionApplier.lambda$scheduleApply$0:2 com.android.quickstep.util.SurfaceTransactionApplier.b:0 
03-04 19:20:53.623  6106  6106 W SettingsEdm: projectionArgs:isMockLocationEnabled/1
03-04 19:20:53.624  6106  6106 I BluetoothDualModeDisablePreferenceController: isAvailable :: debug false, support dual mode false
03-04 19:20:53.626  4369  4619 I servicemanager: Found android.hardware.dumpstate.IDumpstateDevice/default in device VINTF manifest.
03-04 19:20:53.627  4369  4619 I servicemanager: Found android.hardware.dumpstate.IDumpstateDevice/default in device VINTF manifest.
03-04 19:20:53.629  6106  6106 D AbstractBtDlgCtr: Unable to get current config index. Current codec Config is null.
03-04 19:20:53.630  6106  6106 D OemUnlockPreferenceController: enableUnlock  : 1 = /dev/block/persistent / 2 = 
03-04 19:20:53.630  5405  6729 D KG.Utils: getRlcState.
03-04 19:20:53.630  5405  6729 I KgvManager: query(void)
03-04 19:20:53.630  5405  6729 I VaultKeeperService: read
03-04 19:20:53.630  5405  6729 I VaultKeeperService: Get service instance by (6106/1000)
03-04 19:20:53.633  5405  5405 I VaultKeeperService: wakelock is acquired!!
03-04 19:20:53.634  6173  8626 I ViewRootImpl@e012360[LauncherActivity]: mWNT: t=0x74ceef7500 mBlastBufferQueue=0x7509188e00 fn= 103 caller= com.android.systemui.shared.launcher.ViewRootImplCompat.mergeWithNextTransaction:2 com.android.quickstep.util.SurfaceTransactionApplier.lambda$scheduleApply$0:2 com.android.quickstep.util.SurfaceTransactionApplier.b:0 
03-04 19:20:53.635  6173  8626 I ViewRootImpl@e012360[LauncherActivity]: mWNT: t=0x74ceef7d00 mBlastBufferQueue=0x7509188e00 fn= 103 caller= com.android.systemui.shared.launcher.ViewRootImplCompat.mergeWithNextTransaction:2 com.android.quickstep.util.SurfaceTransactionApplier.lambda$scheduleApply$0:2 com.android.quickstep.util.SurfaceTransactionApplier.b:0 
03-04 19:20:53.638  6173  6386 I RecentTasksList: loadTasksInBackground : groupTask = GroupTask{task1=[id=175 windowingMode=1 user=0 lastActiveTime=81892553] null, task2=null, task3=null, mStagedSplitBounds=null}
03-04 19:20:53.638  6173  6386 I RecentTasksList: loadTasksInBackground : groupTask = GroupTask{task1=[id=9 windowingMode=1 user=0 lastActiveTime=85661438] null, task2=null, task3=null, mStagedSplitBounds=null}
03-04 19:20:53.639  5405  6729 I VaultKeeperService: Client info : com.android.settings
03-04 19:20:53.640  5405  6729 I Vaultkeeper_MGR_system: Got instance of VaultKeeperManager
03-04 19:20:53.642  5405  6729 I Vaultkeeper_MGR_system: Got service of ISehVaultKeeper
03-04 19:20:53.642  4626  4626 I VaultKeeper_HIDL_Service: System client (//1000/5405)
03-04 19:20:53.643  4625  4625 I VaultKeeper_COMMON: VK 4.4.2 [Client] com.android.settings. => [Vault] KnoxGuard. [CMD NO.] 1449
03-04 19:20:53.643  4625  4625 I VaultKeeper_COMMON: [CMD:CHECK_CLIENT_REGISTERED]
03-04 19:20:53.643  4625  4625 I vaultkeeper: runCommand Success.(TA ret = 0)
03-04 19:20:53.643  4625  4625 I VaultKeeper_COMMON: VK 4.4.2 [Client] com.android.settings. => [Vault] KnoxGuard. [CMD NO.] 9405
03-04 19:20:53.643  4625  4625 I VaultKeeper_COMMON: [CMD:READ_UNSHELTERED]
03-04 19:20:53.656  6173  8625 I ViewRootImpl@e012360[LauncherActivity]: mWNT: t=0x74ceef7e00 mBlastBufferQueue=0x7509188e00 fn= 104 caller= com.android.systemui.shared.launcher.ViewRootImplCompat.mergeWithNextTransaction:2 com.android.quickstep.util.SurfaceTransactionApplier.lambda$scheduleApply$0:2 com.android.quickstep.util.SurfaceTransactionApplier.b:0 
03-04 19:20:53.656  6173  8625 I ViewRootImpl@e012360[LauncherActivity]: mWNT: t=0x74ceef7f00 mBlastBufferQueue=0x7509188e00 fn= 104 caller= com.android.systemui.shared.launcher.ViewRootImplCompat.mergeWithNextTransaction:2 com.android.quickstep.util.SurfaceTransactionApplier.lambda$scheduleApply$0:2 com.android.quickstep.util.SurfaceTransactionApplier.b:0 
03-04 19:20:53.672  6173  8626 I ViewRootImpl@e012360[LauncherActivity]: mWNT: t=0x74cf19d000 mBlastBufferQueue=0x7509188e00 fn= 105 caller= com.android.systemui.shared.launcher.ViewRootImplCompat.mergeWithNextTransaction:2 com.android.quickstep.util.SurfaceTransactionApplier.lambda$scheduleApply$0:2 com.android.quickstep.util.SurfaceTransactionApplier.b:0 
03-04 19:20:53.672  6173  8626 I ViewRootImpl@e012360[LauncherActivity]: mWNT: t=0x74cf19d600 mBlastBufferQueue=0x7509188e00 fn= 105 caller= com.android.systemui.shared.launcher.ViewRootImplCompat.mergeWithNextTransaction:2 com.android.quickstep.util.SurfaceTransactionApplier.lambda$scheduleApply$0:2 com.android.quickstep.util.SurfaceTransactionApplier.b:0 
03-04 19:20:53.688  6173  8625 I ViewRootImpl@e012360[LauncherActivity]: mWNT: t=0x74cf19d700 mBlastBufferQueue=0x7509188e00 fn= 106 caller= com.android.systemui.shared.launcher.ViewRootImplCompat.mergeWithNextTransaction:2 com.android.quickstep.util.SurfaceTransactionApplier.lambda$scheduleApply$0:2 com.android.quickstep.util.SurfaceTransactionApplier.b:0 
03-04 19:20:53.688  6173  8625 I ViewRootImpl@e012360[LauncherActivity]: mWNT: t=0x74cf19d800 mBlastBufferQueue=0x7509188e00 fn= 106 caller= com.android.systemui.shared.launcher.ViewRootImplCompat.mergeWithNextTransaction:2 com.android.quickstep.util.SurfaceTransactionApplier.lambda$scheduleApply$0:2 com.android.quickstep.util.SurfaceTransactionApplier.b:0 
03-04 19:20:53.706  6173  8626 I ViewRootImpl@e012360[LauncherActivity]: mWNT: t=0x74cf19d900 mBlastBufferQueue=0x7509188e00 fn= 107 caller= com.android.systemui.shared.launcher.ViewRootImplCompat.mergeWithNextTransaction:2 com.android.quickstep.util.SurfaceTransactionApplier.lambda$scheduleApply$0:2 com.android.quickstep.util.SurfaceTransactionApplier.b:0 
03-04 19:20:53.706  6173  8626 I ViewRootImpl@e012360[LauncherActivity]: mWNT: t=0x74cf19da00 mBlastBufferQueue=0x7509188e00 fn= 107 caller= com.android.systemui.shared.launcher.ViewRootImplCompat.mergeWithNextTransaction:2 com.android.quickstep.util.SurfaceTransactionApplier.lambda$scheduleApply$0:2 com.android.quickstep.util.SurfaceTransactionApplier.b:0 
03-04 19:20:53.709  5405  5449 I GestureDetector: handleMessage TAP
03-04 19:20:53.710  5405  5405 I GestureDetector: handleMessage TAP
03-04 19:20:53.721  5052  5052 D SurfaceFlinger: Display 0 HWC layers:
03-04 19:20:53.721  5052  5052 D SurfaceFlinger:      CLIENT | 0x7c6c8a7f80 | 0100 | RGBx_8888    |  462.0    0.0 1218.0 1680.0 |    0    0 1080 2400 | Wallpaper BBQ wrapper#78
03-04 19:20:53.721  5052  5052 D SurfaceFlinger:      CLIENT | 0x7c6c8a8840 | 0100 | RGBA_8888    |    0.0    0.0 1080.0 2400.0 |    0    0 1080 2400 | com.sec.android.app.launcher/com.sec[...]tivities.LauncherActivity$_6173#7087
03-04 19:20:53.721  5052  5052 D SurfaceFlinger:      CLIENT | 0x7c2f9893c0 | 0000 | RGBA_8888    |    0.0   23.0 1080.0 2390.0 |   58  124 1022 2235 | SnapshotStartingWindow for taskId=9$_5763#7094
03-04 19:20:53.721  5052  5052 D SurfaceFlinger:      DEVICE | 0x7c6c8a6e00 | 0100 | RGBA_8888    |    0.0    0.0 1080.0   88.0 |    0    0 1080   88 | StatusBar$_5763#90
03-04 19:20:53.721  5052  5052 D SurfaceFlinger:      DEVICE | 0x7c6c8a5780 | 0140 | RGBA_8888    |    0.0    0.0 1080.0  100.0 |    0    0 1080  100 | ScreenDecorOverlay$_5763#95
03-04 19:20:53.721  5052  5052 D SurfaceFlinger:      DEVICE | 0x7c6c8a8480 | 0140 | RGBA_8888    |    0.0    0.0 1080.0  100.0 |    0 2300 1080 2400 | ScreenDecorOverlayBottom$_5763#96
03-04 19:20:53.721  5052  5052 D SurfaceFlinger: 
03-04 19:20:53.726  6173  8625 I ViewRootImpl@e012360[LauncherActivity]: mWNT: t=0x74cf19db00 mBlastBufferQueue=0x7509188e00 fn= 108 caller= com.android.systemui.shared.launcher.ViewRootImplCompat.mergeWithNextTransaction:2 com.android.quickstep.util.SurfaceTransactionApplier.lambda$scheduleApply$0:2 com.android.quickstep.util.SurfaceTransactionApplier.b:0 
03-04 19:20:53.726  6173  8625 I ViewRootImpl@e012360[LauncherActivity]: mWNT: t=0x74cf19dc00 mBlastBufferQueue=0x7509188e00 fn= 108 caller= com.android.systemui.shared.launcher.ViewRootImplCompat.mergeWithNextTransaction:2 com.android.quickstep.util.SurfaceTransactionApplier.lambda$scheduleApply$0:2 com.android.quickstep.util.SurfaceTransactionApplier.b:0 
03-04 19:20:53.727  5405  6035 D MdnieScenarioControlService:  packageName : com.android.settings    className : com.android.settings.SubSettings
03-04 19:20:53.728  5405  6035 V MdnieScenarioControlService: setUIMode from UI function(3)
03-04 19:20:53.739  6173  8626 I ViewRootImpl@e012360[LauncherActivity]: mWNT: t=0x74cf19dd00 mBlastBufferQueue=0x7509188e00 fn= 109 caller= com.android.systemui.shared.launcher.ViewRootImplCompat.mergeWithNextTransaction:2 com.android.quickstep.util.SurfaceTransactionApplier.lambda$scheduleApply$0:2 com.android.quickstep.util.SurfaceTransactionApplier.b:0 
03-04 19:20:53.739  6173  8626 I ViewRootImpl@e012360[LauncherActivity]: mWNT: t=0x74cf19de00 mBlastBufferQueue=0x7509188e00 fn= 109 caller= com.android.systemui.shared.launcher.ViewRootImplCompat.mergeWithNextTransaction:2 com.android.quickstep.util.SurfaceTransactionApplier.lambda$scheduleApply$0:2 com.android.quickstep.util.SurfaceTransactionApplier.b:0 
03-04 19:20:53.741  4967 32508 I HYPER-HAL: [RequestManager.cpp]releaseLocked(): Released ID : 14739759
03-04 19:20:53.755  6173  8625 I ViewRootImpl@e012360[LauncherActivity]: mWNT: t=0x74cf418000 mBlastBufferQueue=0x7509188e00 fn= 110 caller= com.android.systemui.shared.launcher.ViewRootImplCompat.mergeWithNextTransaction:2 com.android.quickstep.util.SurfaceTransactionApplier.lambda$scheduleApply$0:2 com.android.quickstep.util.SurfaceTransactionApplier.b:0 
03-04 19:20:53.755  6173  8625 I ViewRootImpl@e012360[LauncherActivity]: mWNT: t=0x74cf418100 mBlastBufferQueue=0x7509188e00 fn= 110 caller= com.android.systemui.shared.launcher.ViewRootImplCompat.mergeWithNextTransaction:2 com.android.quickstep.util.SurfaceTransactionApplier.lambda$scheduleApply$0:2 com.android.quickstep.util.SurfaceTransactionApplier.b:0 
03-04 19:20:53.772  6173  8626 I ViewRootImpl@e012360[LauncherActivity]: mWNT: t=0x74cf418200 mBlastBufferQueue=0x7509188e00 fn= 111 caller= com.android.systemui.shared.launcher.ViewRootImplCompat.mergeWithNextTransaction:2 com.android.quickstep.util.SurfaceTransactionApplier.lambda$scheduleApply$0:2 com.android.quickstep.util.SurfaceTransactionApplier.b:0 
03-04 19:20:53.772  6173  8626 I ViewRootImpl@e012360[LauncherActivity]: mWNT: t=0x74cf418300 mBlastBufferQueue=0x7509188e00 fn= 111 caller= com.android.systemui.shared.launcher.ViewRootImplCompat.mergeWithNextTransaction:2 com.android.quickstep.util.SurfaceTransactionApplier.lambda$scheduleApply$0:2 com.android.quickstep.util.SurfaceTransactionApplier.b:0 
03-04 19:20:53.788  6173  8625 I ViewRootImpl@e012360[LauncherActivity]: mWNT: t=0x74cf418400 mBlastBufferQueue=0x7509188e00 fn= 112 caller= com.android.systemui.shared.launcher.ViewRootImplCompat.mergeWithNextTransaction:2 com.android.quickstep.util.SurfaceTransactionApplier.lambda$scheduleApply$0:2 com.android.quickstep.util.SurfaceTransactionApplier.b:0 
03-04 19:20:53.788  6173  8625 I ViewRootImpl@e012360[LauncherActivity]: mWNT: t=0x74cf418600 mBlastBufferQueue=0x7509188e00 fn= 112 caller= com.android.systemui.shared.launcher.ViewRootImplCompat.mergeWithNextTransaction:2 com.android.quickstep.util.SurfaceTransactionApplier.lambda$scheduleApply$0:2 com.android.quickstep.util.SurfaceTransactionApplier.b:0 
03-04 19:20:53.789  5052  5052 D SurfaceFlinger: Display 0 HWC layers:
03-04 19:20:53.789  5052  5052 D SurfaceFlinger:      CLIENT | 0x7c6c8a7f80 | 0100 | RGBx_8888    |  462.0    0.0 1218.0 1680.0 |    0    0 1080 2400 | Wallpaper BBQ wrapper#78
03-04 19:20:53.789  5052  5052 D SurfaceFlinger:      CLIENT | 0x7c6afef540 | 0100 | RGBA_8888    |    0.0    0.0 1080.0 2400.0 |    0    0 1080 2400 | com.sec.android.app.launcher/com.sec[...]tivities.LauncherActivity$_6173#7087
03-04 19:20:53.789  5052  5052 D SurfaceFlinger:      CLIENT | 0x7c2f9893c0 | 0000 | RGBA_8888    |    0.0    7.0 1080.0 2397.0 |   18   39 1062 2347 | SnapshotStartingWindow for taskId=9$_5763#7094
03-04 19:20:53.789  5052  5052 D SurfaceFlinger:      CLIENT | 0x7c6c8a6e00 | 0100 | RGBA_8888    |    0.0    0.0 1080.0   88.0 |    0    0 1080   88 | StatusBar$_5763#90
03-04 19:20:53.789  5052  5052 D SurfaceFlinger:      DEVICE | 0x7c6c8a8200 | 0100 | RGBA_8888    |    0.0    0.0 1080.0  123.0 |   18 2228 1062 2347 | NavigationBar0$_5763#85
03-04 19:20:53.789  5052  5052 D SurfaceFlinger:      DEVICE | 0x7c6c8a5780 | 0140 | RGBA_8888    |    0.0    0.0 1080.0  100.0 |    0    0 1080  100 | ScreenDecorOverlay$_5763#95
03-04 19:20:53.789  5052  5052 D SurfaceFlinger:      DEVICE | 0x7c6c8a8480 | 0140 | RGBA_8888    |    0.0    0.0 1080.0  100.0 |    0 2300 1080 2400 | ScreenDecorOverlayBottom$_5763#96
03-04 19:20:53.789  5052  5052 D SurfaceFlinger: 
03-04 19:20:53.806  6173  8626 I ViewRootImpl@e012360[LauncherActivity]: mWNT: t=0x74cf418700 mBlastBufferQueue=0x7509188e00 fn= 113 caller= com.android.systemui.shared.launcher.ViewRootImplCompat.mergeWithNextTransaction:2 com.android.quickstep.util.SurfaceTransactionApplier.lambda$scheduleApply$0:2 com.android.quickstep.util.SurfaceTransactionApplier.b:0 
03-04 19:20:53.806  6173  8626 I ViewRootImpl@e012360[LauncherActivity]: mWNT: t=0x74cf418800 mBlastBufferQueue=0x7509188e00 fn= 113 caller= com.android.systemui.shared.launcher.ViewRootImplCompat.mergeWithNextTransaction:2 com.android.quickstep.util.SurfaceTransactionApplier.lambda$scheduleApply$0:2 com.android.quickstep.util.SurfaceTransactionApplier.b:0 
03-04 19:20:53.826  6173  8625 I ViewRootImpl@e012360[LauncherActivity]: mWNT: t=0x74cf418900 mBlastBufferQueue=0x7509188e00 fn= 114 caller= com.android.systemui.shared.launcher.ViewRootImplCompat.mergeWithNextTransaction:2 com.android.quickstep.util.SurfaceTransactionApplier.lambda$scheduleApply$0:2 com.android.quickstep.util.SurfaceTransactionApplier.b:0 
03-04 19:20:53.826  6173  8625 I ViewRootImpl@e012360[LauncherActivity]: mWNT: t=0x74dbf0e000 mBlastBufferQueue=0x7509188e00 fn= 114 caller= com.android.systemui.shared.launcher.ViewRootImplCompat.mergeWithNextTransaction:2 com.android.quickstep.util.SurfaceTransactionApplier.lambda$scheduleApply$0:2 com.android.quickstep.util.SurfaceTransactionApplier.b:0 
03-04 19:20:53.828  5405  6035 V MdnieScenarioControlService: mAclOffEnabled : false mAclPreviewState : false mAclCompensationState : false
03-04 19:20:53.841  6173  8626 I ViewRootImpl@e012360[LauncherActivity]: mWNT: t=0x74dbf0e300 mBlastBufferQueue=0x7509188e00 fn= 115 caller= com.android.systemui.shared.launcher.ViewRootImplCompat.mergeWithNextTransaction:2 com.android.quickstep.util.SurfaceTransactionApplier.lambda$scheduleApply$0:2 com.android.quickstep.util.SurfaceTransactionApplier.b:0 
