03-04 19:28:32.288  5405  5948 D SettingsProvider: isChangeAllowed() : name = charger_connected_time
03-04 19:28:32.288  5405  5948 D SettingsProvider: edmUri: content://com.sec.knox.provider/RestrictionPolicy3
03-04 19:28:32.288  5405  5948 D SettingsProvider: projectionArgs: isSettingsChangesAllowed
03-04 19:28:32.288  5405  5948 D SettingsProvider: selectionArgs: false
03-04 19:28:32.288  5405  5948 D SettingsProvider: selectionArgs: 10052
03-04 19:28:32.289  5405  5948 D SecContentProvider: query(), uri = 17 selection = isSettingsChangesAllowed
03-04 19:28:32.289  5405  5948 D SecContentProvider: called from android.uid.systemui:10052
03-04 19:28:32.289  5405  5948 D RestrictionPolicy: isSettingsChangesAllowedAsUser, userId 0 : true
03-04 19:28:32.289  5405  5948 D SettingsProvider: ret = 1
03-04 19:28:32.291  5763  5763 D KeyguardUpdateMonitor: handleBatteryUpdate
03-04 19:28:32.309  5763  5763 I AODBatteryManager: updateBatteryData: ACTION_BATTERY_CHANGED
03-04 19:28:32.309  5763  5763 I AODBatteryManager: getChargeEstimateTime: swelling mode
03-04 19:28:32.309  5763  5763 I AODBatteryManager: saveBatteryData : AOD BatteryData [mBatteryLevel=31, mBatteryStatus=CHARGING, mBatteryPlugType=USB, mBatteryPlugged=true, mRemainingChargeTime=0, mBatteryChargingType=1, mBatteryChargerType=NORMAL, mBatteryOnline=NOT_DEFINED, mBatterySwellingMode=HIGH_TEMP, mBatteryProtectMode=false]
03-04 19:28:33.224  4564  4564 D io_stats: !@   8,0 r 528704 15624236 w 1184464 230131532 d 0 0 f 0 0 iot 689404 0 th 0 0 0 pt 0 inp 0 0 55471.224
03-04 19:28:33.554  5405 27231 D SemWifiUsabilityStatsMonitor: onWifiUsabilityStats - seqNum 12501, isSameBssidAndFreq true
03-04 19:28:33.557  5405  5679 I SemWifiLinkQualityMonitor: Link Qos Query: 0.205 ms / 39.000 Mbps (351 / 0.000 / 9.000)
03-04 19:28:33.789  5405  5948 D CustomizedBinderCallsStatsInternal: reportCpuUsage() : 0%
03-04 19:28:33.790  5405  5459 I BinderCallsStats: Collected cpu time : 0us, collected call count : 0 for 60234 ms
03-04 19:28:33.910  4884  4884 E audit   : type=1400 audit(1772627313.906:5119): avc:  denied  { write } for  pid=13009 comm="ThreadPoolForeg" name="traced_producer" dev="tmpfs" ino=24980 scontext=u:r:gmscore_app:s0:c512,c768 tcontext=u:object_r:traced_producer_socket:s0 tclass=sock_file permissive=0 SEPF_SM-A515F_13_0001 audit_filtered
03-04 19:28:33.910  4884  4884 E audit   : type=1300 audit(1772627313.906:5119): arch=c00000b7 syscall=203 success=no exit=-13 a0=6 a1=74d1513100 a2=1e a3=cea622946 items=0 ppid=4905 pid=13009 auid=4294967295 uid=10224 gid=10224 euid=10224 suid=10224 fsuid=10224 egid=10224 sgid=10224 fsgid=10224 tty=(none) ses=4294967295 comm="ThreadPoolForeg" exe="/system/bin/app_process64" subj=u:r:gmscore_app:s0:c512,c768 key=(null)
03-04 19:28:33.910  4884  4884 E audit   : type=1327 audit(1772627313.906:5119): proctitle="com.google.android.gms.persistent"
03-04 19:28:36.589  5405 27231 D SemWifiUsabilityStatsMonitor: onWifiUsabilityStats - seqNum 12502, isSameBssidAndFreq true
03-04 19:28:36.593  5405  5679 I SemWifiLinkQualityMonitor: Link Qos query: inf. ms / 0 Mbps
03-04 19:28:37.180 26409 26409 I wpa_supplicant: Heartbeat 4698
03-04 19:28:37.291  5763  5763 D SecPowerUI.Notification: showChargingNotice oldChargingType : 11 / currentChargingType : 11, oldChargingTime : 0 / mChargingTime : 0
03-04 19:28:37.291  5763  5763 D SecPowerUI.Notification: There is no change about charging status, so return!
03-04 19:28:38.418  5405  5626 D ConnectivityService: reportNetworkActive, notify 1 listeners
03-04 19:28:39.473  7525  8838 I SDHMS:D : SIOP:: AP:555 BAT:444 USB:0 CHG:526 WIFI:493 SKIN:481 SKINF:471 SKINB:481 LRP:481 LRF:471 LRB:481 
03-04 19:28:39.624  5405 27231 D SemWifiUsabilityStatsMonitor: onWifiUsabilityStats - seqNum 12503, isSameBssidAndFreq true
03-04 19:28:39.627  5763  5763 D NetworkController.WifiSignalController: notifyListener: visible=true, connected=true, inetCondition=1, isDefault=true, wifiTestReported=true, receivedInetCondition=-1, hideDuringMobileSwitching=false
03-04 19:28:39.635  5405  5679 I SemWifiLinkQualityMonitor: Link Qos query: inf. ms / 0 Mbps
03-04 19:28:39.658  5052  5052 I SurfaceFlinger: SFWD update time=55477658255204
03-04 19:28:40.420  5405  5636 W DeviceStorageMonitorService: updateBroadcasts(/data) oldLevel:0, newLevel:0, seq:1
03-04 19:28:40.422  5405  5636 D DeviceStorageMonitorService: Available File Node Number is [12602996]
03-04 19:28:40.422  5405  5636 W DeviceStorageMonitorService: updateBroadcasts_filenode(/data) fn_oldLevel:0, fn_newLevel:0, seq:1
03-04 19:28:40.464  7374   518 I LPAutoUpdateWorker: #doWork
03-04 19:28:40.468  7374  7627 I WM-WorkerWrapper: Worker result SUCCESS for Work [ id=5c277204-f12c-4641-be3e-2405eeca58a0, tags={ com.google.android.libraries.speech.modeldownload.languagepacks.backgroundtask.workmanager.LanguagePackAutoUpdateWorker } ]
03-04 19:28:40.472  7374  7522 I LPDownloadSettingsState: Defaulting LP download condition to 2 as user has not edited settings.
03-04 19:28:40.473  7374  7522 I DefaultLPManager: #getAvailablePackages
03-04 19:28:40.477  7374  7522 I iuq     : #getDownloadableLanguagePacks
03-04 19:28:40.478  7374  7522 W SystemLPSourceImpl: #getAvailablePackages: Note there is not reason to call this method, as getInstalledPackages() returns the same LanguagePacks for this impl.
03-04 19:28:40.492  7374  7522 I DefaultLPManager: #getInstalledPackages
03-04 19:28:40.493  7374  7522 I iuq     : #getInstalledPackages
03-04 19:28:40.494  7374  7522 I DefaultLPManager: #getInstalledPackages
03-04 19:28:40.494  7374  7522 I iuq     : #getInstalledPackages
03-04 19:28:40.495  7374  7522 I DefaultLPManager: #getRequestedPackages
03-04 19:28:40.495  7374  7522 I ZipLPPopulator: #addNewFileGroups
03-04 19:28:40.495  7374  7522 I iuq     : #getDownloadableLanguagePacks
03-04 19:28:40.496  7374  7522 W SystemLPSourceImpl: #getRequestedPackages: There is not reason to call this method, as the result is always empty.
03-04 19:28:40.506 27417 27417 I [SC]AutoBackupTriggerJobService: automatic backup trigger - onCreate
03-04 19:28:40.496  7374  7522 I DefaultLPManager: #getAvailablePackages
03-04 19:28:40.521  7374  7522 I iuq     : #getDownloadableLanguagePacks
03-04 19:28:40.521  7374  7522 W SystemLPSourceImpl: #getAvailablePackages: Note there is not reason to call this method, as getInstalledPackages() returns the same LanguagePacks for this impl.
03-04 19:28:40.539 27417 27546 I [SC]AutoBackupController: isAllowed: notAfw: true, mum: true, enabled: true, menu visible : true
03-04 19:28:40.539 27417 27546 I [SC]AutoBackupController: automatic backup reg - isAutoBackupOn: true
03-04 19:28:40.541  5405  7494 D CompatibilityChangeReporter: Compat change id reported: 194532703; UID 5009; state: ENABLED
03-04 19:28:40.545 27417 27417 I [SC]AutoBackupTriggerJobService: auto backup trigger - onStopJob
03-04 19:28:40.548  7374  7522 E VoiceSearchConfigProtoU: Unrecognized recognizer for [ja-JP, 3054]: 23. Ignoring it and its associated features.
03-04 19:28:40.560 27417 27546 I [SC]AutoBackupController: automatic backup reg - registerTriggerJob: Wed Mar 04 20:28:40 GMT+07:00 2026
03-04 19:28:40.561 27417 27546 I [SC]AutoBackupCondition: AutoBackup default condition[1772627320560] : Bundle[{screenOff=false}] [Result: false]
03-04 19:28:40.561  5405  5948 W JobScheduler: Job didn't exist in JobStore: a21f215 #5009/50001 com.samsung.android.scloud/.bnr.ui.service.AutoBackupTriggerJobService
03-04 19:28:40.562 27417 27417 I [SC]AutoBackupTriggerJobService: auto backup trigger - onDestroy
03-04 19:28:40.572  7374  7522 E VoiceSearchConfigProtoU: Unrecognized recognizer for [ja-JP, 3054]: 22. Ignoring it and its associated features.
03-04 19:28:40.572  7374  7522 E VoiceSearchConfigProtoU: Unrecognized recognizer for [ja-JP, 3054]: 23. Ignoring it and its associated features.
03-04 19:28:40.572  7374  7522 E VoiceSearchConfigProtoU: Unrecognized recognizer for [ja-JP, 3054]: 22. Ignoring it and its associated features.
03-04 19:28:40.572  7374  7522 E VoiceSearchConfigProtoU: Unrecognized recognizer for [ja-JP, 3054]: 23. Ignoring it and its associated features.
03-04 19:28:40.573  7374  7522 E VoiceSearchConfigProtoU: Unrecognized recognizer for [ja-JP, 3054]: 22. Ignoring it and its associated features.
03-04 19:28:40.573  7374  7522 E VoiceSearchConfigProtoU: Unrecognized recognizer for [ja-JP, 3054]: 22. Ignoring it and its associated features.
03-04 19:28:40.573  7374  7522 E VoiceSearchConfigProtoU: Unrecognized recognizer for [ja-JP, 3054]: 22. Ignoring it and its associated features.
03-04 19:28:40.585  7374  7629 I SystemLPSourceImpl: Parsed system partition LanguagePack metadata file: /product/usr/srec/en-US/metadata
03-04 19:28:40.601  7374  7522 E VoiceSearchConfigProtoU: Unrecognized recognizer for [ja-JP, 3056]: 23. Ignoring it and its associated features.
03-04 19:28:40.602  7374  7522 E VoiceSearchConfigProtoU: Unrecognized recognizer for [ja-JP, 3056]: 22. Ignoring it and its associated features.
03-04 19:28:40.602  7374  7522 E VoiceSearchConfigProtoU: Unrecognized recognizer for [ja-JP, 3056]: 23. Ignoring it and its associated features.
03-04 19:28:40.602  7374  7522 E VoiceSearchConfigProtoU: Unrecognized recognizer for [ja-JP, 3056]: 22. Ignoring it and its associated features.
03-04 19:28:40.602  7374  7522 E VoiceSearchConfigProtoU: Unrecognized recognizer for [ja-JP, 3056]: 23. Ignoring it and its associated features.
03-04 19:28:40.602  7374  7522 E VoiceSearchConfigProtoU: Unrecognized recognizer for [ja-JP, 3056]: 22. Ignoring it and its associated features.
03-04 19:28:40.602  7374  7522 E VoiceSearchConfigProtoU: Unrecognized recognizer for [ja-JP, 3056]: 22. Ignoring it and its associated features.
03-04 19:28:40.602  7374  7522 E VoiceSearchConfigProtoU: Unrecognized recognizer for [ja-JP, 3056]: 22. Ignoring it and its associated features.
03-04 19:28:40.622  7374  7629 I SystemLPSourceImpl: Parsed system partition LanguagePack metadata file: /product/usr/srec/en-US/metadata
03-04 19:28:40.631  7374  7629 I SystemLPSourceImpl: Parsed system partition LanguagePack metadata file: /product/usr/srec/en-US/metadata
03-04 19:28:40.640  7374  7629 I SystemLPSourceImpl: Parsed system partition LanguagePack metadata file: /product/usr/srec/en-US/metadata
03-04 19:28:40.659  7374  7522 E VoiceSearchConfigProtoU: Unrecognized recognizer for [ja-JP, 3054]: 23. Ignoring it and its associated features.
03-04 19:28:40.659  7374  7522 E VoiceSearchConfigProtoU: Unrecognized recognizer for [ja-JP, 3054]: 22. Ignoring it and its associated features.
03-04 19:28:40.659  7374  7522 E VoiceSearchConfigProtoU: Unrecognized recognizer for [ja-JP, 3054]: 23. Ignoring it and its associated features.
03-04 19:28:40.660  7374  7522 E VoiceSearchConfigProtoU: Unrecognized recognizer for [ja-JP, 3054]: 22. Ignoring it and its associated features.
03-04 19:28:40.660  7374  7522 E VoiceSearchConfigProtoU: Unrecognized recognizer for [ja-JP, 3054]: 23. Ignoring it and its associated features.
03-04 19:28:40.684  7374  7522 E VoiceSearchConfigProtoU: Unrecognized recognizer for [ja-JP, 3054]: 22. Ignoring it and its associated features.
03-04 19:28:40.684  7374  7522 E VoiceSearchConfigProtoU: Unrecognized recognizer for [ja-JP, 3054]: 22. Ignoring it and its associated features.
03-04 19:28:40.684  7374  7522 E VoiceSearchConfigProtoU: Unrecognized recognizer for [ja-JP, 3054]: 22. Ignoring it and its associated features.
03-04 19:28:40.721  7374  7522 E VoiceSearchConfigProtoU: Unrecognized recognizer for [ja-JP, 3056]: 23. Ignoring it and its associated features.
03-04 19:28:40.721  7374  7522 E VoiceSearchConfigProtoU: Unrecognized recognizer for [ja-JP, 3056]: 22. Ignoring it and its associated features.
03-04 19:28:40.721  7374  7522 E VoiceSearchConfigProtoU: Unrecognized recognizer for [ja-JP, 3056]: 23. Ignoring it and its associated features.
03-04 19:28:40.721  7374  7522 E VoiceSearchConfigProtoU: Unrecognized recognizer for [ja-JP, 3056]: 22. Ignoring it and its associated features.
03-04 19:28:40.721  7374  7522 E VoiceSearchConfigProtoU: Unrecognized recognizer for [ja-JP, 3056]: 23. Ignoring it and its associated features.
03-04 19:28:40.721  7374  7522 E VoiceSearchConfigProtoU: Unrecognized recognizer for [ja-JP, 3056]: 22. Ignoring it and its associated features.
03-04 19:28:40.722  7374  7522 E VoiceSearchConfigProtoU: Unrecognized recognizer for [ja-JP, 3056]: 22. Ignoring it and its associated features.
03-04 19:28:40.722  7374  7522 E VoiceSearchConfigProtoU: Unrecognized recognizer for [ja-JP, 3056]: 22. Ignoring it and its associated features.
03-04 19:28:40.770  7374  7522 E VoiceSearchConfigProtoU: Unrecognized recognizer for [ja-JP, 3054]: 23. Ignoring it and its associated features.
03-04 19:28:40.770  7374  7522 E VoiceSearchConfigProtoU: Unrecognized recognizer for [ja-JP, 3054]: 22. Ignoring it and its associated features.
03-04 19:28:40.770  7374  7522 E VoiceSearchConfigProtoU: Unrecognized recognizer for [ja-JP, 3054]: 23. Ignoring it and its associated features.
03-04 19:28:40.770  7374  7522 E VoiceSearchConfigProtoU: Unrecognized recognizer for [ja-JP, 3054]: 22. Ignoring it and its associated features.
03-04 19:28:40.770  7374  7522 E VoiceSearchConfigProtoU: Unrecognized recognizer for [ja-JP, 3054]: 23. Ignoring it and its associated features.
03-04 19:28:40.770  7374  7522 E VoiceSearchConfigProtoU: Unrecognized recognizer for [ja-JP, 3054]: 22. Ignoring it and its associated features.
03-04 19:28:40.771  7374  7522 E VoiceSearchConfigProtoU: Unrecognized recognizer for [ja-JP, 3054]: 22. Ignoring it and its associated features.
03-04 19:28:40.771  7374  7522 E VoiceSearchConfigProtoU: Unrecognized recognizer for [ja-JP, 3054]: 22. Ignoring it and its associated features.
03-04 19:28:40.802  7374  7522 E VoiceSearchConfigProtoU: Unrecognized recognizer for [ja-JP, 3056]: 23. Ignoring it and its associated features.
03-04 19:28:40.802  7374  7522 E VoiceSearchConfigProtoU: Unrecognized recognizer for [ja-JP, 3056]: 22. Ignoring it and its associated features.
03-04 19:28:40.802  7374  7522 E VoiceSearchConfigProtoU: Unrecognized recognizer for [ja-JP, 3056]: 23. Ignoring it and its associated features.
03-04 19:28:40.803  7374  7522 E VoiceSearchConfigProtoU: Unrecognized recognizer for [ja-JP, 3056]: 22. Ignoring it and its associated features.
03-04 19:28:40.803  7374  7522 E VoiceSearchConfigProtoU: Unrecognized recognizer for [ja-JP, 3056]: 23. Ignoring it and its associated features.
03-04 19:28:40.803  7374  7522 E VoiceSearchConfigProtoU: Unrecognized recognizer for [ja-JP, 3056]: 22. Ignoring it and its associated features.
03-04 19:28:40.803  7374  7522 E VoiceSearchConfigProtoU: Unrecognized recognizer for [ja-JP, 3056]: 22. Ignoring it and its associated features.
03-04 19:28:40.803  7374  7522 E VoiceSearchConfigProtoU: Unrecognized recognizer for [ja-JP, 3056]: 22. Ignoring it and its associated features.
03-04 19:28:40.873  7374  7522 I LPRequestState: [ZipfileRequests] #resolveDesiredLanguagePacks
03-04 19:28:40.886  7374  7522 I LPRequestState: [ManagerRequests] #resolveDesiredLanguagePacks
03-04 19:28:40.887  7374  7522 I LPDownloadSettingsState: Defaulting LP download condition to 2 as user has not edited settings.
03-04 19:28:41.226  4564  4564 D io_stats: !@   8,0 r 528779 15624736 w 1184479 230131620 d 0 0 f 0 0 iot 689420 0 th 0 0 0 pt 0 inp 0 0 55479.226
03-04 19:28:41.798  7374  7391 I ogle.android.as: Background concurrent copying GC freed 5930KB AllocSpace bytes, 0(0B) LOS objects, 64% free, 3423KB/9567KB, paused 60.272ms,76us total 994.387ms
03-04 19:28:41.798  7374  7391 W ogle.android.as: Reducing the number of considered missed Gc histogram windows from 835 to 100
03-04 19:28:42.078  7374  7522 I ZipLPPopulator: Updated file group for group 'langpack-domain_en-GB_3054_zipfile' from location: https://dl.google.com/android/voice/soda/en-GB/v3054/soda-en-GB-v3054.zip
03-04 19:28:42.078  7374  7522 I iuq     : #getPendingPackages
03-04 19:28:42.110  7374  7522 I LanguagePackMaintenance: Background downloading 0 packs, for an ideal set of 1 total packs
03-04 19:28:42.111  7374  7522 I LanguagePackMaintenance: Background downloading packs []
03-04 19:28:42.111  7374  7522 I LanguagePackMaintenance: Ideal set: [en-GB_v3054]
03-04 19:28:42.273  5405  7443 D BatteryService: Sending ACTION_BATTERY_CHANGED: level:31, status:2, health:2, ac:false, usb:true, wireless:false, pogo:false, misc:0x20000, charge_type:1, charger_type:0, voltage:3809, temperature:443, online:19, current_avg:690, ps:false, hvc:false, capacity:280000, current_event:0x10020, current_now:686, mcc:0, mcv:0, cc:1204917, present:true, scale:100, technology:Li-ion
03-04 19:28:42.274  5000  5000 E sehhealth-service: Could not open /sys/class/power_supply/battery/lrp
03-04 19:28:42.276  5405  5405 D PhoneWindowManagerExt: ACTION_BATTERY_CHANGED - Level=31, status=2
03-04 19:28:42.277  5405  5405 D AdaptiveBrightnessLongtermModelBuilder: Received android.intent.action.BATTERY_CHANGED
03-04 19:28:42.277  5405  5405 D SemWifiApBroadcastReceiver: Received : android.intent.action.BATTERY_CHANGED
03-04 19:28:42.277  5405  5569 D MotionRecognitionService: [SAR]  onReceive : ACTION_BATTERY_CHANGED, Plugged: 2
03-04 19:28:42.279  5405  5712 I DeviceBatteryInfoService: action: android.intent.action.BATTERY_CHANGED
03-04 19:28:42.279  5405  5712 I DeviceBatteryInfoService: phone battery level: 31
03-04 19:28:42.279  5405  5712 I DeviceBatteryInfoService: phone battery status: 2
03-04 19:28:42.279  5740  5740 D SemBigDataInfoController: Intent: android.intent.action.BATTERY_CHANGED
03-04 19:28:42.280  5740  5740 D SemBigDataInfoController: Intent: android.intent.action.BATTERY_CHANGED
03-04 19:28:42.281  5763  5763 I AODBatteryManager: updateBatteryData: ACTION_BATTERY_CHANGED
03-04 19:28:42.281  5763  5763 I AODBatteryManager: getChargeEstimateTime: swelling mode
03-04 19:28:42.281  5763  5763 I AODBatteryManager: saveBatteryData : AOD BatteryData [mBatteryLevel=31, mBatteryStatus=CHARGING, mBatteryPlugType=USB, mBatteryPlugged=true, mRemainingChargeTime=0, mBatteryChargingType=1, mBatteryChargerType=NORMAL, mBatteryOnline=NOT_DEFINED, mBatterySwellingMode=HIGH_TEMP, mBatteryProtectMode=false]
03-04 19:28:42.283  5763  5763 D KeyguardUpdateMonitor: received broadcast android.intent.action.BATTERY_CHANGED
03-04 19:28:42.283  5763  5763 D SamsungBatteryMeterDrawable: onBatteryLevelChanged isSomethingChanged: false
03-04 19:28:42.283  5763  5763 D SamsungBatteryMeterDrawable: onBatteryLevelChanged isSomethingChanged: false
03-04 19:28:42.284  5763  5763 D SamsungBatteryMeterDrawable: onBatteryLevelChanged isSomethingChanged: false
03-04 19:28:42.284  5763  5763 D SamsungBatteryMeterDrawable: onBatteryLevelChanged isSomethingChanged: false
03-04 19:28:42.285  5763  5763 I PowerUI : mBootCompleted = true |  mFullyConnected = true
03-04 19:28:42.285  5763  5763 I PowerUI : BATTERY_HEALTH_CHECK extraHealth=2 mBatteryMiscEvent=131072
03-04 19:28:42.285  5763  5763 W PowerUI : Plug reason
03-04 19:28:42.285  5763  5763 W PowerUI : Skip charging animation - by plug status
03-04 19:28:42.285  5763  5763 D PowerUI : priorPlugType = 2 mPlugType = 2 priorBatteryStatus = 2 mBatteryStatus = 2
03-04 19:28:42.285  5763 12012 D SecPowerUI.Notification: dismissing low battery warning: level=31
03-04 19:28:42.285  5763 12012 D SecPowerUI.Notification: updateNotification mWarning=false mPlaySound=false
03-04 19:28:42.285  5763 12012 D SecPowerUI.Notification: SecBatteryStatsSnapshot{batteryLevel=31, currentBatteryMode=0, chargingTime=0, chargingType=11, batteryHealth=2, automaticTestMode=false, isHiccupState=false}
03-04 19:28:42.286  5763 12012 D SecPowerUI.Notification: 1. restoreScreenTimeOut - saved_value : :
03-04 19:28:42.287  5763 12012 E SecPowerUI.Notification: no saved value, so we do nothing !!
03-04 19:28:42.292  5763  5763 W PowerUI : Plug reason
03-04 19:28:42.292  5763  5763 W PowerUI : Skip charging sound - by plug status
03-04 19:28:42.292  5763  5763 I PowerUI : oldMisalign : false, curMisalign : false
03-04 19:28:42.294  5763  5763 D SecPowerUI.Notification: showChargingNotice oldChargingType : 11 / currentChargingType : 11, oldChargingTime : 0 / mChargingTime : 0
03-04 19:28:42.294  5763  5763 D SecPowerUI.Notification: There is no change about charging status, so return!
03-04 19:28:42.294  5763  5763 D PowerUI : Battery swelling mode - priorBatterySwellingMode = 2 mBatterySwellingMode = 2 mBatteryStatus = 2
03-04 19:28:42.294  5763  5763 I PowerUI : mBatteryMiscEvent = 131072
03-04 19:28:42.296  5763  5763 I PowerUI : checkShouldTurnOffProtectBattery : -1, Scheduling start ? : false
03-04 19:28:42.296  5763  5763 I PowerUI : Clear time
03-04 19:28:42.297  5405  7443 D SettingsProvider: isChangeAllowed() : name = charger_connected_time
03-04 19:28:42.297  5405  7443 D SettingsProvider: edmUri: content://com.sec.knox.provider/RestrictionPolicy3
03-04 19:28:42.297  5405  7443 D SettingsProvider: projectionArgs: isSettingsChangesAllowed
03-04 19:28:42.297  5405  7443 D SettingsProvider: selectionArgs: false
03-04 19:28:42.297  5405  7443 D SettingsProvider: selectionArgs: 10052
03-04 19:28:42.297  5405  7443 D SecContentProvider: query(), uri = 17 selection = isSettingsChangesAllowed
03-04 19:28:42.297  5405  7443 D SecContentProvider: called from android.uid.systemui:10052
03-04 19:28:42.297  5405  7443 D RestrictionPolicy: isSettingsChangesAllowedAsUser, userId 0 : true
03-04 19:28:42.297  5405  7443 D SettingsProvider: ret = 1
03-04 19:28:42.308  5763  5763 D KeyguardUpdateMonitor: handleBatteryUpdate
03-04 19:28:42.585  7374  7522 I LPRequestState: [ManagerRequests] #resolveUnusedLanguagePacks
03-04 19:28:42.586  7374  7522 I LPRequestState: [ManagerRequests] #resolveDesiredLanguagePacks
03-04 19:28:42.688  5405 27231 D SemWifiUsabilityStatsMonitor: onWifiUsabilityStats - seqNum 12504, isSameBssidAndFreq true
03-04 19:28:42.691  5763  5763 D NetworkController.WifiSignalController: notifyListener: visible=true, connected=true, inetCondition=1, isDefault=true, wifiTestReported=true, receivedInetCondition=-1, hideDuringMobileSwitching=false
03-04 19:28:42.709  5405  5679 I SemWifiLinkQualityMonitor: Link Qos query: inf. ms / 0 Mbps
03-04 19:28:42.734  7374  7522 I LPRequestState: [ManagerRequests] #resolveUnusedLanguagePacks
03-04 19:28:42.734  7374  7522 I LPRequestState: [ManagerRequests] #resolveDesiredLanguagePacks
03-04 19:28:42.735  7374  7522 I DefaultLPManager: #calculateRolledBackPacks
03-04 19:28:42.737  7374  7522 I LanguagePackMaintenance: Background deleting 0 stale packs: 
03-04 19:28:42.738  7374  7522 I LanguagePackMaintenance: Background LanguagePack updates finished successfully
03-04 19:28:42.743  7374  7522 I FakeAppFlowTransport: (TEST) Generic AppFlow event: # ncs@32034766
03-04 19:28:43.227  4564  4564 D io_stats: !@   8,0 r 528786 15624828 w 1184482 230131636 d 0 0 f 0 0 iot 689424 0 th 0 0 0 pt 0 inp 0 0 55481.226
03-04 19:28:45.761  5405 27231 D SemWifiUsabilityStatsMonitor: onWifiUsabilityStats - seqNum 12505, isSameBssidAndFreq true
03-04 19:28:45.772  5405  5679 I SemWifiLinkQualityMonitor: Link Qos query: inf. ms / 0 Mbps
03-04 19:28:47.188 26409 26409 I wpa_supplicant: Heartbeat 4699
03-04 19:28:47.297  5763  5763 D SecPowerUI.Notification: showChargingNotice oldChargingType : 11 / currentChargingType : 11, oldChargingTime : 0 / mChargingTime : 0
03-04 19:28:47.297  5763  5763 D SecPowerUI.Notification: There is no change about charging status, so return!
03-04 19:28:48.793  5405 27231 D SemWifiUsabilityStatsMonitor: onWifiUsabilityStats - seqNum 12506, isSameBssidAndFreq true
03-04 19:28:48.796  5405  5679 I SemWifiLinkQualityMonitor: Link Qos query: inf. ms / 0 Mbps
03-04 19:28:49.473  7525  8838 I SDHMS:D : SIOP:: AP:558 BAT:443 USB:0 CHG:525 WIFI:492 SKIN:482 SKINF:471 SKINB:482 LRP:482 LRF:471 LRB:482 
03-04 19:28:51.817  5405 27231 D SemWifiUsabilityStatsMonitor: onWifiUsabilityStats - seqNum 12507, isSameBssidAndFreq true
03-04 19:28:51.820  5405  5679 I SemWifiLinkQualityMonitor: Link Qos query: inf. ms / 0 Mbps
03-04 19:28:52.284  5405  7443 D BatteryService: Sending ACTION_BATTERY_CHANGED: level:31, status:2, health:2, ac:false, usb:true, wireless:false, pogo:false, misc:0x20000, charge_type:1, charger_type:0, voltage:3819, temperature:442, online:19, current_avg:740, ps:false, hvc:false, capacity:280000, current_event:0x10020, current_now:751, mcc:0, mcv:0, cc:1204917, present:true, scale:100, technology:Li-ion
03-04 19:28:52.291  5405  5569 D MotionRecognitionService: [SAR]  onReceive : ACTION_BATTERY_CHANGED, Plugged: 2
03-04 19:28:52.292  5405  5712 I DeviceBatteryInfoService: action: android.intent.action.BATTERY_CHANGED
03-04 19:28:52.292  5405  5712 I DeviceBatteryInfoService: phone battery level: 31
03-04 19:28:52.292  5405  5712 I DeviceBatteryInfoService: phone battery status: 2
03-04 19:28:52.294  5405  5405 D PhoneWindowManagerExt: ACTION_BATTERY_CHANGED - Level=31, status=2
03-04 19:28:52.294  5405  5405 D AdaptiveBrightnessLongtermModelBuilder: Received android.intent.action.BATTERY_CHANGED
03-04 19:28:52.297  5740  5740 D SemBigDataInfoController: Intent: android.intent.action.BATTERY_CHANGED
03-04 19:28:52.299  5740  5740 D SemBigDataInfoController: Intent: android.intent.action.BATTERY_CHANGED
03-04 19:28:52.301  5763  5763 D KeyguardUpdateMonitor: received broadcast android.intent.action.BATTERY_CHANGED
03-04 19:28:52.301  5763  5763 D SamsungBatteryMeterDrawable: onBatteryLevelChanged isSomethingChanged: false
03-04 19:28:52.302  5763  5763 D SamsungBatteryMeterDrawable: onBatteryLevelChanged isSomethingChanged: false
03-04 19:28:52.302  5763  5763 D SamsungBatteryMeterDrawable: onBatteryLevelChanged isSomethingChanged: false
03-04 19:28:52.302  5763  5763 D SamsungBatteryMeterDrawable: onBatteryLevelChanged isSomethingChanged: false
03-04 19:28:52.302  5763  5763 I PowerUI : mBootCompleted = true |  mFullyConnected = true
03-04 19:28:52.303  5763  5763 I PowerUI : BATTERY_HEALTH_CHECK extraHealth=2 mBatteryMiscEvent=131072
03-04 19:28:52.303  5763  5763 W PowerUI : Plug reason
03-04 19:28:52.303  5763  5763 W PowerUI : Skip charging animation - by plug status
03-04 19:28:52.303  5763  5763 D PowerUI : priorPlugType = 2 mPlugType = 2 priorBatteryStatus = 2 mBatteryStatus = 2
03-04 19:28:52.303  5763  5763 W PowerUI : Plug reason
03-04 19:28:52.303  5763  5763 W PowerUI : Skip charging sound - by plug status
03-04 19:28:52.303  5763  5763 I PowerUI : oldMisalign : false, curMisalign : false
03-04 19:28:52.304  5763 12026 D SecPowerUI.Notification: dismissing low battery warning: level=31
03-04 19:28:52.304  5763 12026 D SecPowerUI.Notification: updateNotification mWarning=false mPlaySound=false
03-04 19:28:52.305  5763 12026 D SecPowerUI.Notification: SecBatteryStatsSnapshot{batteryLevel=31, currentBatteryMode=0, chargingTime=0, chargingType=11, batteryHealth=2, automaticTestMode=false, isHiccupState=false}
03-04 19:28:52.305  5763  5763 D SecPowerUI.Notification: showChargingNotice oldChargingType : 11 / currentChargingType : 11, oldChargingTime : 0 / mChargingTime : 0
03-04 19:28:52.305  5763  5763 D SecPowerUI.Notification: There is no change about charging status, so return!
03-04 19:28:52.305  5763 12026 D SecPowerUI.Notification: 1. restoreScreenTimeOut - saved_value : :
03-04 19:28:52.305  5763 12026 E SecPowerUI.Notification: no saved value, so we do nothing !!
03-04 19:28:52.306  5763  5763 D PowerUI : Battery swelling mode - priorBatterySwellingMode = 2 mBatterySwellingMode = 2 mBatteryStatus = 2
03-04 19:28:52.306  5763  5763 I PowerUI : mBatteryMiscEvent = 131072
03-04 19:28:52.307  5763  5763 I PowerUI : checkShouldTurnOffProtectBattery : -1, Scheduling start ? : false
03-04 19:28:52.307  5763  5763 I PowerUI : Clear time
03-04 19:28:52.308  5405  7518 D SettingsProvider: isChangeAllowed() : name = charger_connected_time
03-04 19:28:52.308  5405  7518 D SettingsProvider: edmUri: content://com.sec.knox.provider/RestrictionPolicy3
03-04 19:28:52.308  5405  7518 D SettingsProvider: projectionArgs: isSettingsChangesAllowed
03-04 19:28:52.308  5405  7518 D SettingsProvider: selectionArgs: false
03-04 19:28:52.308  5405  7518 D SettingsProvider: selectionArgs: 10052
03-04 19:28:52.308  5405  7518 D SecContentProvider: query(), uri = 17 selection = isSettingsChangesAllowed
03-04 19:28:52.309  5405  7518 D SecContentProvider: called from android.uid.systemui:10052
03-04 19:28:52.309  5405  7518 D RestrictionPolicy: isSettingsChangesAllowedAsUser, userId 0 : true
03-04 19:28:52.309  5405  7518 D SettingsProvider: ret = 1
03-04 19:28:52.311  5763  5763 D KeyguardUpdateMonitor: handleBatteryUpdate
03-04 19:28:52.312  5405  5405 D SemWifiApBroadcastReceiver: Received : android.intent.action.BATTERY_CHANGED
03-04 19:28:52.317  5000  5000 E sehhealth-service: Could not open /sys/class/power_supply/battery/lrp
03-04 19:28:52.319  5763  5763 I AODBatteryManager: updateBatteryData: ACTION_BATTERY_CHANGED
03-04 19:28:52.319  5763  5763 I AODBatteryManager: getChargeEstimateTime: swelling mode
03-04 19:28:52.319  5763  5763 I AODBatteryManager: saveBatteryData : AOD BatteryData [mBatteryLevel=31, mBatteryStatus=CHARGING, mBatteryPlugType=USB, mBatteryPlugged=true, mRemainingChargeTime=0, mBatteryChargingType=1, mBatteryChargerType=NORMAL, mBatteryOnline=NOT_DEFINED, mBatterySwellingMode=HIGH_TEMP, mBatteryProtectMode=false]
03-04 19:28:53.229  4564  4564 D io_stats: !@   8,0 r 528786 15624828 w 1184482 230131636 d 0 0 f 0 0 iot 689424 0 th 0 0 0 pt 0 inp 0 0 55491.229
03-04 19:28:54.852  5405 27231 D SemWifiUsabilityStatsMonitor: onWifiUsabilityStats - seqNum 12508, isSameBssidAndFreq true
03-04 19:28:54.855  5405  5679 I SemWifiLinkQualityMonitor: Link Qos query: inf. ms / 0 Mbps
03-04 19:28:57.196 26409 26409 I wpa_supplicant: Heartbeat 4700
03-04 19:28:57.309  5763  5763 D SecPowerUI.Notification: showChargingNotice oldChargingType : 11 / currentChargingType : 11, oldChargingTime : 0 / mChargingTime : 0
03-04 19:28:57.309  5763  5763 D SecPowerUI.Notification: There is no change about charging status, so return!
03-04 19:28:57.866  4884  4884 E audit   : type=1400 audit(1772627337.862:5120): avc:  denied  { write } for  pid=13007 comm="ThreadPoolForeg" name="traced_producer" dev="tmpfs" ino=24980 scontext=u:r:gmscore_app:s0:c512,c768 tcontext=u:object_r:traced_producer_socket:s0 tclass=sock_file permissive=0 SEPF_SM-A515F_13_0001 audit_filtered
03-04 19:28:57.866  4884  4884 E audit   : type=1300 audit(1772627337.862:5120): arch=c00000b7 syscall=203 success=no exit=-13 a0=72 a1=74f22043c0 a2=1e a3=cebcfb2ed items=0 ppid=4905 pid=13007 auid=4294967295 uid=10224 gid=10224 euid=10224 suid=10224 fsuid=10224 egid=10224 sgid=10224 fsgid=10224 tty=(none) ses=4294967295 comm="ThreadPoolForeg" exe="/system/bin/app_process64" subj=u:r:gmscore_app:s0:c512,c768 key=(null)
03-04 19:28:57.866  4884  4884 E audit   : type=1327 audit(1772627337.862:5120): proctitle="com.google.android.gms"
03-04 19:28:57.946  5405 27231 D SemWifiUsabilityStatsMonitor: onWifiUsabilityStats - seqNum 12509, isSameBssidAndFreq true
03-04 19:28:57.956  5405  5679 I SemWifiLinkQualityMonitor: Link Qos query: inf. ms / 0 Mbps
03-04 19:28:59.476  7525  8838 I SDHMS:D : SIOP:: AP:556 BAT:442 USB:0 CHG:525 WIFI:492 SKIN:481 SKINF:471 SKINB:481 LRP:481 LRF:471 LRB:481 
03-04 19:29:00.003  5763  5763 D KeyguardUpdateMonitor: received broadcast android.intent.action.TIME_TICK
03-04 19:29:00.003  5763  6242 D QSClockBellTower: onReceive(android.intent.action.TIME_TICK) mTimeZoneString:null
03-04 19:29:00.003  5763  5763 D KeyguardUpdateMonitor: handleTimeUpdate
03-04 19:29:00.004  5763  5763 D FaceWidgetPagesController: onTimeChanged()
03-04 19:29:00.008  5763  5763 D QSClockBellTower: He is ready to ring the bell. (((QSClockBellSound - TimeText:19:29, TimeContentDescription:19:29, DateText:Wed, 4 March, ShortDateText:Wed, 4 Mar, Demo:false, QuickStar-Second(false|12:34:56))))
03-04 19:29:00.009  5763  5763 D QSClockIndicatorView: Home Indicator status_bar_clock 19:29 notifyTimeChanged(QSClockBellSound - TimeText:19:29, TimeContentDescription:19:29, DateText:Wed, 4 March, ShortDateText:Wed, 4 Mar, Demo:false, QuickStar-Second(false|12:34:56)) ClockVisibleByPolicy:true, ClockVisibleByUser:true, visible?true, parent:android.widget.LinearLayout{6e0da4a V.E...... ......ID 0,0-97,55 #7f0b04f0 app:id/left_clock_container}
03-04 19:29:00.009  5763  5763 D QSClockBellTower: Everyone heard the bell. run(currentTime:1772627340004,   getTime():Wed Mar 04 19:29:00 GMT+07:00 2026,   getTimeZone():libcore.util.ZoneInfo[mDstSavings=0,mUseDst=false,mDelegate=[id="Asia/Bangkok",mRawOffset=25200000,mEarliestRawOffset=24124000,transitions=3]])
03-04 19:29:00.026  5763  5763 I FaceWidgetPositionAlgorithm: getClockContainerHeight() supplier = 610, bottom margin = 0, real height = 673
03-04 19:29:00.026  5763  5763 I FaceWidgetPositionAlgorithm: getClockContainerHeight() supplier = 610, bottom margin = 63, real height = 673
03-04 19:29:00.026  5763  5763 I FaceWidgetPositionAlgorithm: getMediaContainerHeight() height = 0 container Visibility = 8, isValid = false, mIsDozing = false, fraction = 1.0, source = 0, target = 0
03-04 19:29:00.026  5763  5763 I FaceWidgetPositionAlgorithm: getMediaContainerHeight() supplier = 0
03-04 19:29:00.027  5763  5763 V QsExpandAnimator: setQsExpansionPosition 0.0
03-04 19:29:00.067  5763  5763 V QsExpandAnimator: updateAnimators
03-04 19:29:00.067  5763  5763 V QsExpandAnimator: clearAnimationState 
03-04 19:29:00.067  5763  5763 V QsExpandAnimator: updateViews
03-04 19:29:00.071  5763  5763 V QsExpandAnimator: updateTileAnimator
03-04 19:29:00.073  5763  5763 V QsExpandAnimator: updateHeaderAnimator
03-04 19:29:00.075  5763  5763 V QsExpandAnimator: updateBarAnimator
03-04 19:29:00.075  5763  5763 V QsExpandAnimator: setQsExpansionPosition 0.0
03-04 19:29:00.075  5763  5763 V QsExpandAnimator: onAnimationAtStart
03-04 19:29:00.749  5405  5454 E Watchdog: !@Sync: 1849 heap: 101 / 110 FD: 928 [2026-03-04 19:29:00.748]
03-04 19:29:00.978  5405 27231 D SemWifiUsabilityStatsMonitor: onWifiUsabilityStats - seqNum 12510, isSameBssidAndFreq true
03-04 19:29:00.981  5405  5679 I SemWifiLinkQualityMonitor: Link Qos query: inf. ms / 0 Mbps
03-04 19:29:01.754  5405  5626 D ConnectivityService: reportNetworkActive, notify 1 listeners
03-04 19:29:02.305  5000  5000 E sehhealth-service: Could not open /sys/class/power_supply/battery/lrp
03-04 19:29:03.232  4564  4564 D io_stats: !@   8,0 r 528786 15624828 w 1184482 230131636 d 0 0 f 0 0 iot 689424 0 th 0 0 0 pt 0 inp 0 0 55501.231
03-04 19:29:03.941  4884  4884 E audit   : type=1400 audit(1772627343.938:5121): avc:  denied  { write } for  pid=13009 comm="ThreadPoolForeg" name="traced_producer" dev="tmpfs" ino=24980 scontext=u:r:gmscore_app:s0:c512,c768 tcontext=u:object_r:traced_producer_socket:s0 tclass=sock_file permissive=0 SEPF_SM-A515F_13_0001 audit_filtered
03-04 19:29:03.941  4884  4884 E audit   : type=1300 audit(1772627343.938:5121): arch=c00000b7 syscall=203 success=no exit=-13 a0=6 a1=74c2ba6240 a2=1e a3=cec2c676f items=0 ppid=4905 pid=13009 auid=4294967295 uid=10224 gid=10224 euid=10224 suid=10224 fsuid=10224 egid=10224 sgid=10224 fsgid=10224 tty=(none) ses=4294967295 comm="ThreadPoolForeg" exe="/system/bin/app_process64" subj=u:r:gmscore_app:s0:c512,c768 key=(null)
03-04 19:29:03.941  4884  4884 E audit   : type=1327 audit(1772627343.938:5121): proctitle="com.google.android.gms.persistent"
03-04 19:29:04.003  5405 27231 D SemWifiUsabilityStatsMonitor: onWifiUsabilityStats - seqNum 12511, isSameBssidAndFreq true
03-04 19:29:04.006  5763  5763 D NetworkController.WifiSignalController: notifyListener: visible=true, connected=true, inetCondition=1, isDefault=true, wifiTestReported=true, receivedInetCondition=-1, hideDuringMobileSwitching=false
03-04 19:29:04.026  5405  5679 I SemWifiLinkQualityMonitor: Link Qos Query: 0.041 ms / 195.000 Mbps (390 / 0.000 / 2.000)
03-04 19:29:07.053  5405 27231 D SemWifiUsabilityStatsMonitor: onWifiUsabilityStats - seqNum 12512, isSameBssidAndFreq true
03-04 19:29:07.053  5405  5679 I SemWifiLinkQualityMonitor: Link Qos Query: 0.041 ms / 195.000 Mbps (390 / 0.000 / 2.000)
03-04 19:29:07.054  5763  5763 D NetworkController.WifiSignalController: notifyListener: visible=true, connected=true, inetCondition=1, isDefault=true, wifiTestReported=true, receivedInetCondition=-1, hideDuringMobileSwitching=false
03-04 19:29:07.204 26409 26409 I wpa_supplicant: Heartbeat 4701
03-04 19:29:09.473  7525  8838 I SDHMS:D : SIOP:: AP:555 BAT:442 USB:0 CHG:524 WIFI:493 SKIN:481 SKINF:471 SKINB:481 LRP:481 LRF:471 LRB:481 
03-04 19:29:10.084  5405 27231 D SemWifiUsabilityStatsMonitor: onWifiUsabilityStats - seqNum 12513, isSameBssidAndFreq true
03-04 19:29:10.088  5763  5763 D NetworkController.WifiSignalController: notifyListener: visible=true, connected=true, inetCondition=1, isDefault=true, wifiTestReported=true, receivedInetCondition=-1, hideDuringMobileSwitching=false
03-04 19:29:10.107  5405  5679 I SemWifiLinkQualityMonitor: Link Qos Query: 0.037 ms / 216.500 Mbps (433 / 0.000 / 2.000)
03-04 19:29:10.111  5052  5052 I SurfaceFlinger: SFWD update time=55508111109451
03-04 19:29:12.323  5405  7518 D BatteryService: Sending ACTION_BATTERY_CHANGED: level:31, status:2, health:2, ac:false, usb:true, wireless:false, pogo:false, misc:0x20000, charge_type:1, charger_type:0, voltage:3816, temperature:440, online:19, current_avg:712, ps:false, hvc:false, capacity:280000, current_event:0x10020, current_now:706, mcc:0, mcv:0, cc:1212519, present:true, scale:100, technology:Li-ion
03-04 19:29:12.325  5405  5468 D BatteryStatsImpl: Temperature higher than 40 degrees, writing data to disk, 60001ms have passed
03-04 19:29:12.331  5405  5569 D MotionRecognitionService: [SAR]  onReceive : ACTION_BATTERY_CHANGED, Plugged: 2
03-04 19:29:12.332  5405  5712 I DeviceBatteryInfoService: action: android.intent.action.BATTERY_CHANGED
03-04 19:29:12.332  5405  5712 I DeviceBatteryInfoService: phone battery level: 31
03-04 19:29:12.332  5405  5712 I DeviceBatteryInfoService: phone battery status: 2
03-04 19:29:12.333  5405  5405 D PhoneWindowManagerExt: ACTION_BATTERY_CHANGED - Level=31, status=2
03-04 19:29:12.334  5405  5405 D AdaptiveBrightnessLongtermModelBuilder: Received android.intent.action.BATTERY_CHANGED
03-04 19:29:12.336  5405  5405 D SemWifiApBroadcastReceiver: Received : android.intent.action.BATTERY_CHANGED
03-04 19:29:12.338  5740  5740 D SemBigDataInfoController: Intent: android.intent.action.BATTERY_CHANGED
03-04 19:29:12.340  5740  5740 D SemBigDataInfoController: Intent: android.intent.action.BATTERY_CHANGED
03-04 19:29:12.342  5763  5763 D KeyguardUpdateMonitor: received broadcast android.intent.action.BATTERY_CHANGED
03-04 19:29:12.342  5763  5763 D SamsungBatteryMeterDrawable: onBatteryLevelChanged isSomethingChanged: false
03-04 19:29:12.343  5763  5763 D SamsungBatteryMeterDrawable: onBatteryLevelChanged isSomethingChanged: false
03-04 19:29:12.343  5763  5763 D SamsungBatteryMeterDrawable: onBatteryLevelChanged isSomethingChanged: false
03-04 19:29:12.343  5763  5763 D SamsungBatteryMeterDrawable: onBatteryLevelChanged isSomethingChanged: false
03-04 19:29:12.344  5763  5763 I PowerUI : mBootCompleted = true |  mFullyConnected = true
03-04 19:29:12.344  5763  5763 I PowerUI : BATTERY_HEALTH_CHECK extraHealth=2 mBatteryMiscEvent=131072
03-04 19:29:12.344  5763  6585 D SecPowerUI.Notification: dismissing low battery warning: level=31
03-04 19:29:12.344  5763  6585 D SecPowerUI.Notification: updateNotification mWarning=false mPlaySound=false
03-04 19:29:12.344  5763  6585 D SecPowerUI.Notification: SecBatteryStatsSnapshot{batteryLevel=31, currentBatteryMode=0, chargingTime=0, chargingType=11, batteryHealth=2, automaticTestMode=false, isHiccupState=false}
03-04 19:29:12.345  5763  5763 W PowerUI : Plug reason
03-04 19:29:12.345  5763  5763 W PowerUI : Skip charging animation - by plug status
03-04 19:29:12.345  5763  5763 D PowerUI : priorPlugType = 2 mPlugType = 2 priorBatteryStatus = 2 mBatteryStatus = 2
03-04 19:29:12.345  5763  5763 W PowerUI : Plug reason
03-04 19:29:12.345  5763  5763 W PowerUI : Skip charging sound - by plug status
03-04 19:29:12.345  5763  5763 I PowerUI : oldMisalign : false, curMisalign : false
03-04 19:29:12.347  5763  6585 D SecPowerUI.Notification: 1. restoreScreenTimeOut - saved_value : :
03-04 19:29:12.347  5763  6585 E SecPowerUI.Notification: no saved value, so we do nothing !!
03-04 19:29:12.348  5763  5763 D SecPowerUI.Notification: showChargingNotice oldChargingType : 11 / currentChargingType : 11, oldChargingTime : 0 / mChargingTime : 0
03-04 19:29:12.348  5763  5763 D SecPowerUI.Notification: There is no change about charging status, so return!
03-04 19:29:12.348  5763  5763 D PowerUI : Battery swelling mode - priorBatterySwellingMode = 2 mBatterySwellingMode = 2 mBatteryStatus = 2
03-04 19:29:12.348  5763  5763 I PowerUI : mBatteryMiscEvent = 131072
03-04 19:29:12.350  5763  5763 I PowerUI : checkShouldTurnOffProtectBattery : -1, Scheduling start ? : false
03-04 19:29:12.350  5763  5763 I PowerUI : Clear time
03-04 19:29:12.350  5405  7518 D SettingsProvider: isChangeAllowed() : name = charger_connected_time
03-04 19:29:12.350  5405  7518 D SettingsProvider: edmUri: content://com.sec.knox.provider/RestrictionPolicy3
03-04 19:29:12.350  5405  7518 D SettingsProvider: projectionArgs: isSettingsChangesAllowed
03-04 19:29:12.350  5405  7518 D SettingsProvider: selectionArgs: false
03-04 19:29:12.351  5405  7518 D SettingsProvider: selectionArgs: 10052
03-04 19:29:12.351  5405  7518 D SecContentProvider: query(), uri = 17 selection = isSettingsChangesAllowed
03-04 19:29:12.351  5405  7518 D SecContentProvider: called from android.uid.systemui:10052
03-04 19:29:12.351  5405  7518 D RestrictionPolicy: isSettingsChangesAllowedAsUser, userId 0 : true
03-04 19:29:12.351  5405  7518 D SettingsProvider: ret = 1
03-04 19:29:12.352  5000  5000 E sehhealth-service: Could not open /sys/class/power_supply/battery/lrp
03-04 19:29:12.353  5763  5763 D KeyguardUpdateMonitor: handleBatteryUpdate
03-04 19:29:12.365  5763  5763 I AODBatteryManager: updateBatteryData: ACTION_BATTERY_CHANGED
03-04 19:29:12.365  5763  5763 I AODBatteryManager: getChargeEstimateTime: swelling mode
03-04 19:29:12.365  5763  5763 I AODBatteryManager: saveBatteryData : AOD BatteryData [mBatteryLevel=31, mBatteryStatus=CHARGING, mBatteryPlugType=USB, mBatteryPlugged=true, mRemainingChargeTime=0, mBatteryChargingType=1, mBatteryChargerType=NORMAL, mBatteryOnline=NOT_DEFINED, mBatterySwellingMode=HIGH_TEMP, mBatteryProtectMode=false]
03-04 19:29:13.109  5405 27231 D SemWifiUsabilityStatsMonitor: onWifiUsabilityStats - seqNum 12514, isSameBssidAndFreq true
03-04 19:29:13.113  5763  5763 D NetworkController.WifiSignalController: notifyListener: visible=true, connected=true, inetCondition=1, isDefault=true, wifiTestReported=true, receivedInetCondition=-1, hideDuringMobileSwitching=false
03-04 19:29:13.122  5405  5679 I SemWifiLinkQualityMonitor: Link Qos Query: 0.037 ms / 216.500 Mbps (433 / 0.000 / 2.000)
03-04 19:29:13.234  4564  4564 D io_stats: !@   8,0 r 528786 15624828 w 1184489 230132092 d 0 0 f 0 0 iot 689436 0 th 0 0 0 pt 0 inp 0 0 55511.234
03-04 19:29:16.145  5405 27231 D SemWifiUsabilityStatsMonitor: onWifiUsabilityStats - seqNum 12515, isSameBssidAndFreq true
03-04 19:29:16.149  5763  5763 D NetworkController.WifiSignalController: notifyListener: visible=true, connected=true, inetCondition=1, isDefault=true, wifiTestReported=true, receivedInetCondition=-1, hideDuringMobileSwitching=false
03-04 19:29:16.167  5405  5679 I SemWifiLinkQualityMonitor: Link Qos Query: 0.037 ms / 216.500 Mbps (433 / 0.000 / 2.000)
03-04 19:29:17.212 26409 26409 I wpa_supplicant: Heartbeat 4702
03-04 19:29:17.351  5763  5763 D SecPowerUI.Notification: showChargingNotice oldChargingType : 11 / currentChargingType : 11, oldChargingTime : 0 / mChargingTime : 0
03-04 19:29:17.351  5763  5763 D SecPowerUI.Notification: There is no change about charging status, so return!
03-04 19:29:18.083  7385  7582 I bbhc    : (REDACTED) getHotwordActive::active query: %s, watch: %s, devices connected: %s
03-04 19:29:19.233  5405 27231 D SemWifiUsabilityStatsMonitor: onWifiUsabilityStats - seqNum 12516, isSameBssidAndFreq true
03-04 19:29:19.244  5405  5679 I SemWifiLinkQualityMonitor: Link Qos Query: 0.037 ms / 216.500 Mbps (433 / 0.000 / 2.000)
03-04 19:29:19.476  7525  8838 I SDHMS:D : SIOP:: AP:554 BAT:440 USB:0 CHG:524 WIFI:491 SKIN:479 SKINF:469 SKINB:479 LRP:479 LRF:469 LRB:479 
03-04 19:29:19.482  5405  5405 D SemWifiP2pGoPowerSave: GopsReceiver : received : com.samsung.intent.action.CHECK_SIOP_LEVEL
03-04 19:29:19.482  5405  5405 I SemWifiP2pGoPowerSave: siop_level = 5
03-04 19:29:19.483 29221 29245 I SystemBroadcastReceiver: [#CMH#] onReceive completed :  0
03-04 19:29:19.483 29221 29221 I PolicyManager: [#CMH#] onReceive action = EVENT_SIOP
03-04 19:29:19.483 29221 29221 I PolicyManager: [#CMH#] SIOP level is high = 5
03-04 19:29:19.572 27417   533 I [SC]SyncSettingManager: getIsSyncable: com.android.contacts
03-04 19:29:19.578 27417   533 I [SC][SyncApi][1.0][Contacts]: getIsSyncable: 1
03-04 19:29:19.578 27417   533 I [SC][SyncApi][1.0][Contacts]: cancel: 
03-04 19:29:19.582 27417   533 I [SC]SyncSettingManager: getIsSyncable: com.samsung.android.app.notes.sync
03-04 19:29:19.588  5405  7443 I ActivityManager: Changes in 10254 19 to 5, 0 to 8
03-04 19:29:19.628  5405  5759 D PowerManagerService-JNI: Excessive delay in acquiring suspend blocker to PowerManagerService.WakeLocks
03-04 19:29:19.630  5405  5464 W libprocessgroup: Failed to open /dev/blkio//cgroup.procs: No such file or directory
03-04 19:29:19.633 27626 30101 I SENL$SC/@NotesSyncRpcProvider: getIsSyncable() : 1
03-04 19:29:19.634 27626 30101 I [scsettingv2std][2.0.33.0]: getIsSyncable: 1
03-04 19:29:19.635 27417   533 I [SC][DEPENDENCY][STD][Samsung Notes][RPC]: getIsSyncable: 1
03-04 19:29:19.635 27417   533 I [SC][SyncApi][1.0][Samsung Notes]: getIsSyncable: 1
03-04 19:29:19.635 27417   533 I [SC][SyncApi][1.0][Samsung Notes]: cancel: 
03-04 19:29:19.635 27417 30102 I [SC][DEPENDENCY][STD][Samsung Notes][RPC]: cancelSync: 
03-04 19:29:19.637 27626 30101 I [scsettingv2std][2.0.33.0]: cancelSync: 
03-04 19:29:19.637 27626 30101 I SENL$SC/@NotesSyncRpcProvider: cancelSync()
03-04 19:29:19.637 27626 30101 I SENL$SenlThreadFactory: newThread# mName RequestCancelSyncBySCloud-1
03-04 19:29:19.639 27417   533 I [SC]SyncSettingManager: getIsSyncable: com.samsung.android.samsungpass.scloud
03-04 19:29:19.645 27417   533 I [SC][SyncApi][1.0][Samsung Pass]: getIsSyncable: 1
03-04 19:29:19.645 27417   533 I [SC][SyncApi][1.0][Samsung Pass]: cancel: 
03-04 19:29:19.648 27626   534 I SENL$SC/@SyncOldServiceController: stopSync() : 103
03-04 19:29:19.648 27626   534 I SENL$SC/@SyncOldServiceController: executeAfterServiceReady() : STOPPED
03-04 19:29:19.648 27626   534 I SENL$SC/@SyncOldServiceController: already stopped!
03-04 19:29:19.649 27417   533 I [SC]SyncSettingManager: getIsSyncable: com.samsung.bt.btservice.btsettingsprovider
03-04 19:29:19.655 27417   533 I [SC][SyncApi][1.0][Bluetooth]: getIsSyncable: 1
03-04 19:29:19.655 27417   533 I [SC][SyncApi][1.0][Bluetooth]: cancel: 
03-04 19:29:19.657 27417   533 I [SC]SyncSettingManager: getIsSyncable: com.android.settings.wifiprofilesync
03-04 19:29:19.663 27417   533 I [SC][SyncApi][1.0][Wi-Fi]: getIsSyncable: 1
03-04 19:29:19.663 27417   533 I [SC][SyncApi][1.0][Wi-Fi]: cancel: 
03-04 19:29:19.668 27417   533 I [SC]SyncSettingManager: getIsSyncable: com.android.calendar
03-04 19:29:19.674 27417   533 I [SC][SyncApi][1.0][Calendar]: getIsSyncable: 1
03-04 19:29:19.674 27417   533 I [SC][SyncApi][1.0][Calendar]: cancel: 
03-04 19:29:19.674 27417   533 I [SC][SyncApi][1.0][Gallery]: getIsSyncable: 0
03-04 19:29:19.674 27417   533 I [SC]AutoBackupController: isAllowed: notAfw: true, mum: true, enabled: true, menu visible : true
03-04 19:29:19.674 27417   533 I [SC]AutoBackupController: automatic backup reg - isAutoBackupOn: true
03-04 19:29:19.676 27417 27546 I [SC]CtbDeviceRepository: updateSiopLevel. siopLevel: 5
03-04 19:29:19.808  5405  5759 D PowerManagerService-JNI: Excessive delay in acquiring suspend blocker to PowerManagerService.WakeLocks
03-04 19:29:19.884  5405  5759 D PowerManagerService-JNI: Excessive delay in acquiring suspend blocker to PowerManagerService.WakeLocks
03-04 19:29:20.132  5405  5759 D PowerManagerService-JNI: Excessive delay in acquiring suspend blocker to PowerManagerService.WakeLocks
03-04 19:29:20.232  5405  5759 D PowerManagerService-JNI: Excessive delay in acquiring suspend blocker to PowerManagerService.WakeLocks
03-04 19:29:20.331  5405  5759 D PowerManagerService-JNI: Excessive delay in acquiring suspend blocker to PowerManagerService.WakeLocks
03-04 19:29:20.476  5405  5759 D PowerManagerService-JNI: Excessive delay in acquiring suspend blocker to PowerManagerService.WakeLocks
03-04 19:29:20.572  5405  5759 D PowerManagerService-JNI: Excessive delay in acquiring suspend blocker to PowerManagerService.WakeLocks
03-04 19:29:21.514  5405  5652 D UsbStatsMonitor: 0 0 0 0 7 0 0 0 1 0 0 0 6 0 1 0 0 0 0 0 0 0 0 0 0 0 0 0 0 0 0 0 0 0 0 0 0 0 0 0 0 0 0 0 0 0 0 0 0
03-04 19:29:22.266  5405 27231 D SemWifiUsabilityStatsMonitor: onWifiUsabilityStats - seqNum 12517, isSameBssidAndFreq true
03-04 19:29:22.269  5405  5679 I SemWifiLinkQualityMonitor: Link Qos Query: 0.037 ms / 216.500 Mbps (433 / 0.000 / 2.000)
