03-04 19:32:52.848  5763 12012 D SecPowerUI.Notification: SecBatteryStatsSnapshot{batteryLevel=33, currentBatteryMode=0, chargingTime=0, chargingType=11, batteryHealth=2, automaticTestMode=false, isHiccupState=false}
03-04 19:32:52.849  5763 12012 D SecPowerUI.Notification: 1. restoreScreenTimeOut - saved_value : :
03-04 19:32:52.849  5763 12012 E SecPowerUI.Notification: no saved value, so we do nothing !!
03-04 19:32:52.850  5763  5763 I PowerUI : oldMisalign : false, curMisalign : false
03-04 19:32:52.852  5763  5763 D SecPowerUI.Notification: showChargingNotice oldChargingType : 11 / currentChargingType : 11, oldChargingTime : 0 / mChargingTime : 0
03-04 19:32:52.852  5763  5763 D SecPowerUI.Notification: There is no change about charging status, so return!
03-04 19:32:52.852  5763  5763 D PowerUI : Battery swelling mode - priorBatterySwellingMode = 2 mBatterySwellingMode = 2 mBatteryStatus = 2
03-04 19:32:52.852  5763  5763 I PowerUI : mBatteryMiscEvent = 131072
03-04 19:32:52.854  5763  5763 I PowerUI : checkShouldTurnOffProtectBattery : -1, Scheduling start ? : false
03-04 19:32:52.854  5763  5763 I PowerUI : Clear time
03-04 19:32:52.854  5405  7518 D SettingsProvider: isChangeAllowed() : name = charger_connected_time
03-04 19:32:52.855  5405  7518 D SettingsProvider: edmUri: content://com.sec.knox.provider/RestrictionPolicy3
03-04 19:32:52.855  5405  7518 D SettingsProvider: projectionArgs: isSettingsChangesAllowed
03-04 19:32:52.855  5405  7518 D SettingsProvider: selectionArgs: false
03-04 19:32:52.855  5405  7518 D SettingsProvider: selectionArgs: 10052
03-04 19:32:52.855  5405  7518 D SecContentProvider: query(), uri = 17 selection = isSettingsChangesAllowed
03-04 19:32:52.855  5405  7518 D SecContentProvider: called from android.uid.systemui:10052
03-04 19:32:52.855  5405  7518 D RestrictionPolicy: isSettingsChangesAllowedAsUser, userId 0 : true
03-04 19:32:52.856  5405  7518 D SettingsProvider: ret = 1
03-04 19:32:52.858  5763  5763 I AODBatteryManager: updateBatteryData: ACTION_BATTERY_CHANGED
03-04 19:32:52.858  5763  5763 I AODBatteryManager: getChargeEstimateTime: swelling mode
03-04 19:32:52.858  5763  5763 I AODBatteryManager: saveBatteryData : AOD BatteryData [mBatteryLevel=33, mBatteryStatus=CHARGING, mBatteryPlugType=USB, mBatteryPlugged=true, mRemainingChargeTime=0, mBatteryChargingType=1, mBatteryChargerType=NORMAL, mBatteryOnline=NOT_DEFINED, mBatterySwellingMode=HIGH_TEMP, mBatteryProtectMode=false]
03-04 19:32:52.858  5763  5763 D KeyguardUpdateMonitor: handleBatteryUpdate
03-04 19:32:53.313  4564  4564 D io_stats: !@   8,0 r 528797 15625020 w 1184589 230136720 d 0 0 f 0 0 iot 689488 0 th 0 0 0 pt 0 inp 0 0 55731.313
03-04 19:32:54.986  5405 27231 D SemWifiUsabilityStatsMonitor: onWifiUsabilityStats - seqNum 12587, isSameBssidAndFreq true
03-04 19:32:54.987  5405  5679 I SemWifiLinkQualityMonitor: Link Qos Query: 0.068 ms / 117.000 Mbps (351 / 0.000 / 3.000)
03-04 19:32:57.386 26409 26409 I wpa_supplicant: Heartbeat 4724
03-04 19:32:57.859  5763  5763 D SecPowerUI.Notification: showChargingNotice oldChargingType : 11 / currentChargingType : 11, oldChargingTime : 0 / mChargingTime : 0
03-04 19:32:57.859  5763  5763 D SecPowerUI.Notification: There is no change about charging status, so return!
03-04 19:32:58.005  4884  4884 E audit   : type=1400 audit(1772627578.002:5136): avc:  denied  { write } for  pid=13007 comm="ThreadPoolForeg" name="traced_producer" dev="tmpfs" ino=24980 scontext=u:r:gmscore_app:s0:c512,c768 tcontext=u:object_r:traced_producer_socket:s0 tclass=sock_file permissive=0 SEPF_SM-A515F_13_0001 audit_filtered
03-04 19:32:58.006  4884  4884 E audit   : type=1300 audit(1772627578.002:5136): arch=c00000b7 syscall=203 success=no exit=-13 a0=72 a1=7564e86c60 a2=1e a3=cfa1ff1e3 items=0 ppid=4905 pid=13007 auid=4294967295 uid=10224 gid=10224 euid=10224 suid=10224 fsuid=10224 egid=10224 sgid=10224 fsgid=10224 tty=(none) ses=4294967295 comm="ThreadPoolForeg" exe="/system/bin/app_process64" subj=u:r:gmscore_app:s0:c512,c768 key=(null)
03-04 19:32:58.006  4884  4884 E audit   : type=1327 audit(1772627578.002:5136): proctitle="com.google.android.gms"
03-04 19:32:58.017  5405 27231 D SemWifiUsabilityStatsMonitor: onWifiUsabilityStats - seqNum 12588, isSameBssidAndFreq true
03-04 19:32:58.019  5405  5679 I SemWifiLinkQualityMonitor: Link Qos Query: 0.068 ms / 117.000 Mbps (351 / 0.000 / 3.000)
03-04 19:32:58.019  5763  5763 D NetworkController.WifiSignalController: notifyListener: visible=true, connected=true, inetCondition=1, isDefault=true, wifiTestReported=true, receivedInetCondition=-1, hideDuringMobileSwitching=false
03-04 19:32:59.479  7525  8838 I SDHMS:D : SIOP:: AP:528 BAT:428 USB:0 CHG:506 WIFI:475 SKIN:463 SKINF:454 SKINB:463 LRP:463 LRF:454 LRB:463 
03-04 19:33:00.003  5763  6242 D QSClockBellTower: onReceive(android.intent.action.TIME_TICK) mTimeZoneString:null
03-04 19:33:00.003  5763  5763 D KeyguardUpdateMonitor: received broadcast android.intent.action.TIME_TICK
03-04 19:33:00.009  5763  5763 D QSClockBellTower: He is ready to ring the bell. (((QSClockBellSound - TimeText:19:33, TimeContentDescription:19:33, DateText:Wed, 4 March, ShortDateText:Wed, 4 Mar, Demo:false, QuickStar-Second(false|12:34:56))))
03-04 19:33:00.011  5763  5763 D QSClockIndicatorView: Home Indicator status_bar_clock 19:33 notifyTimeChanged(QSClockBellSound - TimeText:19:33, TimeContentDescription:19:33, DateText:Wed, 4 March, ShortDateText:Wed, 4 Mar, Demo:false, QuickStar-Second(false|12:34:56)) ClockVisibleByPolicy:true, ClockVisibleByUser:true, visible?true, parent:android.widget.LinearLayout{6e0da4a V.E...... ......ID 0,0-97,55 #7f0b04f0 app:id/left_clock_container}
03-04 19:33:00.011  5763  5763 D QSClockBellTower: Everyone heard the bell. run(currentTime:1772627580003,   getTime():Wed Mar 04 19:33:00 GMT+07:00 2026,   getTimeZone():libcore.util.ZoneInfo[mDstSavings=0,mUseDst=false,mDelegate=[id="Asia/Bangkok",mRawOffset=25200000,mEarliestRawOffset=24124000,transitions=3]])
03-04 19:33:00.011  5763  5763 D KeyguardUpdateMonitor: handleTimeUpdate
03-04 19:33:00.012  5763  5763 D FaceWidgetPagesController: onTimeChanged()
03-04 19:33:00.019  5763  5763 I FaceWidgetPositionAlgorithm: getClockContainerHeight() supplier = 610, bottom margin = 0, real height = 673
03-04 19:33:00.020  5763  5763 I FaceWidgetPositionAlgorithm: getClockContainerHeight() supplier = 610, bottom margin = 63, real height = 673
03-04 19:33:00.020  5763  5763 I FaceWidgetPositionAlgorithm: getMediaContainerHeight() height = 0 container Visibility = 8, isValid = false, mIsDozing = false, fraction = 1.0, source = 0, target = 0
03-04 19:33:00.020  5763  5763 I FaceWidgetPositionAlgorithm: getMediaContainerHeight() supplier = 0
03-04 19:33:00.021  5763  5763 V QsExpandAnimator: setQsExpansionPosition 0.0
03-04 19:33:00.026  5763  5763 V QsExpandAnimator: updateAnimators
03-04 19:33:00.026  5763  5763 V QsExpandAnimator: clearAnimationState 
03-04 19:33:00.026  5763  5763 V QsExpandAnimator: updateViews
03-04 19:33:00.029  5763  5763 V QsExpandAnimator: updateTileAnimator
03-04 19:33:00.030  5763  5763 V QsExpandAnimator: updateHeaderAnimator
03-04 19:33:00.031  5763  5763 V QsExpandAnimator: updateBarAnimator
03-04 19:33:00.032  5763  5763 V QsExpandAnimator: setQsExpansionPosition 0.0
03-04 19:33:00.032  5763  5763 V QsExpandAnimator: onAnimationAtStart
03-04 19:33:00.906  5405  5454 E Watchdog: !@Sync: 1857 heap: 95 / 110 FD: 929 [2026-03-04 19:33:00.906]
03-04 19:33:01.051  5405 27231 D SemWifiUsabilityStatsMonitor: onWifiUsabilityStats - seqNum 12589, isSameBssidAndFreq true
03-04 19:33:01.052  5405  5679 I SemWifiLinkQualityMonitor: Link Qos Query: 0.123 ms / 65.000 Mbps (390 / 0.000 / 6.000)
03-04 19:33:01.052  5763  5763 D NetworkController.WifiSignalController: notifyListener: visible=true, connected=true, inetCondition=1, isDefault=true, wifiTestReported=true, receivedInetCondition=-1, hideDuringMobileSwitching=false
03-04 19:33:02.840  5000  5000 E sehhealth-service: Could not open /sys/class/power_supply/battery/lrp
03-04 19:33:02.841  5405  7518 D BatteryService: Sending ACTION_BATTERY_CHANGED: level:33, status:2, health:2, ac:false, usb:true, wireless:false, pogo:false, misc:0x20000, charge_type:1, charger_type:0, voltage:3839, temperature:427, online:19, current_avg:840, ps:false, hvc:false, capacity:280000, current_event:0x10020, current_now:849, mcc:0, mcv:0, cc:1265733, present:true, scale:100, technology:Li-ion
03-04 19:33:02.845  5405  5569 D MotionRecognitionService: [SAR]  onReceive : ACTION_BATTERY_CHANGED, Plugged: 2
03-04 19:33:02.846  5405  5712 I DeviceBatteryInfoService: action: android.intent.action.BATTERY_CHANGED
03-04 19:33:02.847  5405  5712 I DeviceBatteryInfoService: phone battery level: 33
03-04 19:33:02.847  5405  5712 I DeviceBatteryInfoService: phone battery status: 2
03-04 19:33:02.848  5405  5405 D PhoneWindowManagerExt: ACTION_BATTERY_CHANGED - Level=33, status=2
03-04 19:33:02.849  5405  5405 D AdaptiveBrightnessLongtermModelBuilder: Received android.intent.action.BATTERY_CHANGED
03-04 19:33:02.849  5405  5405 D SemWifiApBroadcastReceiver: Received : android.intent.action.BATTERY_CHANGED
03-04 19:33:02.852  5763  5763 I AODBatteryManager: updateBatteryData: ACTION_BATTERY_CHANGED
03-04 19:33:02.852  5763  5763 I AODBatteryManager: getChargeEstimateTime: swelling mode
03-04 19:33:02.852  5763  5763 I AODBatteryManager: saveBatteryData : AOD BatteryData [mBatteryLevel=33, mBatteryStatus=CHARGING, mBatteryPlugType=USB, mBatteryPlugged=true, mRemainingChargeTime=0, mBatteryChargingType=1, mBatteryChargerType=NORMAL, mBatteryOnline=NOT_DEFINED, mBatterySwellingMode=HIGH_TEMP, mBatteryProtectMode=false]
03-04 19:33:02.852  5740  5740 D SemBigDataInfoController: Intent: android.intent.action.BATTERY_CHANGED
03-04 19:33:02.852  5740  5740 D SemBigDataInfoController: Intent: android.intent.action.BATTERY_CHANGED
03-04 19:33:02.854  5763  5763 D KeyguardUpdateMonitor: received broadcast android.intent.action.BATTERY_CHANGED
03-04 19:33:02.854  5763  5763 D SamsungBatteryMeterDrawable: onBatteryLevelChanged isSomethingChanged: false
03-04 19:33:02.855  5763  5763 D SamsungBatteryMeterDrawable: onBatteryLevelChanged isSomethingChanged: false
03-04 19:33:02.855  5763  5763 D SamsungBatteryMeterDrawable: onBatteryLevelChanged isSomethingChanged: false
03-04 19:33:02.856  5763  5763 D SamsungBatteryMeterDrawable: onBatteryLevelChanged isSomethingChanged: false
03-04 19:33:02.857  5763  5763 I PowerUI : mBootCompleted = true |  mFullyConnected = true
03-04 19:33:02.857  5763  5763 I PowerUI : BATTERY_HEALTH_CHECK extraHealth=2 mBatteryMiscEvent=131072
03-04 19:33:02.857  5763 12026 D SecPowerUI.Notification: dismissing low battery warning: level=33
03-04 19:33:02.857  5763 12026 D SecPowerUI.Notification: updateNotification mWarning=false mPlaySound=false
03-04 19:33:02.857  5763 12026 D SecPowerUI.Notification: SecBatteryStatsSnapshot{batteryLevel=33, currentBatteryMode=0, chargingTime=0, chargingType=11, batteryHealth=2, automaticTestMode=false, isHiccupState=false}
03-04 19:33:02.857  5763  5763 W PowerUI : Plug reason
03-04 19:33:02.857  5763  5763 W PowerUI : Skip charging animation - by plug status
03-04 19:33:02.857  5763  5763 D PowerUI : priorPlugType = 2 mPlugType = 2 priorBatteryStatus = 2 mBatteryStatus = 2
03-04 19:33:02.858  5763  5763 W PowerUI : Plug reason
03-04 19:33:02.858  5763  5763 W PowerUI : Skip charging sound - by plug status
03-04 19:33:02.858  5763  5763 I PowerUI : oldMisalign : false, curMisalign : false
03-04 19:33:02.858  5763 12026 D SecPowerUI.Notification: 1. restoreScreenTimeOut - saved_value : :
03-04 19:33:02.859  5763 12026 E SecPowerUI.Notification: no saved value, so we do nothing !!
03-04 19:33:02.860  5763  5763 D SecPowerUI.Notification: showChargingNotice oldChargingType : 11 / currentChargingType : 11, oldChargingTime : 0 / mChargingTime : 0
03-04 19:33:02.860  5763  5763 D SecPowerUI.Notification: There is no change about charging status, so return!
03-04 19:33:02.860  5763  5763 D PowerUI : Battery swelling mode - priorBatterySwellingMode = 2 mBatterySwellingMode = 2 mBatteryStatus = 2
03-04 19:33:02.860  5763  5763 I PowerUI : mBatteryMiscEvent = 131072
03-04 19:33:02.862  5763  5763 I PowerUI : checkShouldTurnOffProtectBattery : -1, Scheduling start ? : false
03-04 19:33:02.862  5763  5763 I PowerUI : Clear time
03-04 19:33:02.863  5405  7518 D SettingsProvider: isChangeAllowed() : name = charger_connected_time
03-04 19:33:02.863  5405  7518 D SettingsProvider: edmUri: content://com.sec.knox.provider/RestrictionPolicy3
03-04 19:33:02.863  5405  7518 D SettingsProvider: projectionArgs: isSettingsChangesAllowed
03-04 19:33:02.863  5405  7518 D SettingsProvider: selectionArgs: false
03-04 19:33:02.863  5405  7518 D SettingsProvider: selectionArgs: 10052
03-04 19:33:02.864  5405  7518 D SecContentProvider: query(), uri = 17 selection = isSettingsChangesAllowed
03-04 19:33:02.864  5405  7518 D SecContentProvider: called from android.uid.systemui:10052
03-04 19:33:02.864  5405  7518 D RestrictionPolicy: isSettingsChangesAllowedAsUser, userId 0 : true
03-04 19:33:02.865  5405  7518 D SettingsProvider: ret = 1
03-04 19:33:02.866  5763  5763 D KeyguardUpdateMonitor: handleBatteryUpdate
03-04 19:33:03.316  4564  4564 D io_stats: !@   8,0 r 528797 15625020 w 1184589 230136720 d 0 0 f 0 0 iot 689488 0 th 0 0 0 pt 0 inp 0 0 55741.316
03-04 19:33:04.085  5405 27231 D SemWifiUsabilityStatsMonitor: onWifiUsabilityStats - seqNum 12590, isSameBssidAndFreq true
03-04 19:33:04.087  5405  5679 I SemWifiLinkQualityMonitor: Link Qos Query: 0.123 ms / 65.000 Mbps (390 / 0.000 / 6.000)
03-04 19:33:04.087  5763  5763 D NetworkController.WifiSignalController: notifyListener: visible=true, connected=true, inetCondition=1, isDefault=true, wifiTestReported=true, receivedInetCondition=-1, hideDuringMobileSwitching=false
03-04 19:33:04.121  4884  4884 E audit   : type=1400 audit(1772627584.118:5137): avc:  denied  { write } for  pid=13009 comm="ThreadPoolForeg" name="traced_producer" dev="tmpfs" ino=24980 scontext=u:r:gmscore_app:s0:c512,c768 tcontext=u:object_r:traced_producer_socket:s0 tclass=sock_file permissive=0 SEPF_SM-A515F_13_0001 audit_filtered
03-04 19:33:04.121  4884  4884 E audit   : type=1300 audit(1772627584.118:5137): arch=c00000b7 syscall=203 success=no exit=-13 a0=6 a1=74d1513140 a2=1e a3=cfa7d42a2 items=0 ppid=4905 pid=13009 auid=4294967295 uid=10224 gid=10224 euid=10224 suid=10224 fsuid=10224 egid=10224 sgid=10224 fsgid=10224 tty=(none) ses=4294967295 comm="ThreadPoolForeg" exe="/system/bin/app_process64" subj=u:r:gmscore_app:s0:c512,c768 key=(null)
03-04 19:33:04.121  4884  4884 E audit   : type=1327 audit(1772627584.118:5137): proctitle="com.google.android.gms.persistent"
03-04 19:33:07.108  5405 27231 D SemWifiUsabilityStatsMonitor: onWifiUsabilityStats - seqNum 12591, isSameBssidAndFreq true
03-04 19:33:07.109  5763  5763 D NetworkController.WifiSignalController: notifyListener: visible=true, connected=true, inetCondition=1, isDefault=true, wifiTestReported=true, receivedInetCondition=-1, hideDuringMobileSwitching=false
03-04 19:33:07.109  5405  5679 I SemWifiLinkQualityMonitor: Link Qos Query: 0.123 ms / 65.000 Mbps (390 / 0.000 / 6.000)
03-04 19:33:07.388 26409 26409 I wpa_supplicant: Heartbeat 4725
03-04 19:33:07.863  5763  5763 D SecPowerUI.Notification: showChargingNotice oldChargingType : 11 / currentChargingType : 11, oldChargingTime : 0 / mChargingTime : 0
03-04 19:33:07.863  5763  5763 D SecPowerUI.Notification: There is no change about charging status, so return!
03-04 19:33:09.480  7525  8838 I SDHMS:D : SIOP:: AP:527 BAT:427 USB:0 CHG:506 WIFI:476 SKIN:463 SKINF:453 SKINB:463 LRP:463 LRF:453 LRB:463 
03-04 19:33:10.140  5405 27231 D SemWifiUsabilityStatsMonitor: onWifiUsabilityStats - seqNum 12592, isSameBssidAndFreq true
03-04 19:33:10.142  5405  5679 I SemWifiLinkQualityMonitor: Link Qos Query: 0.037 ms / 216.500 Mbps (433 / 0.000 / 2.000)
03-04 19:33:10.142  5763  5763 D NetworkController.WifiSignalController: notifyListener: visible=true, connected=true, inetCondition=1, isDefault=true, wifiTestReported=true, receivedInetCondition=-1, hideDuringMobileSwitching=false
03-04 19:33:12.862  5000  5000 E sehhealth-service: Could not open /sys/class/power_supply/battery/lrp
03-04 19:33:12.862  5405  7518 D BatteryService: Sending ACTION_BATTERY_CHANGED: level:33, status:2, health:2, ac:false, usb:true, wireless:false, pogo:false, misc:0x20000, charge_type:1, charger_type:0, voltage:3834, temperature:426, online:19, current_avg:803, ps:false, hvc:false, capacity:280000, current_event:0x10020, current_now:796, mcc:0, mcv:0, cc:1269534, present:true, scale:100, technology:Li-ion
03-04 19:33:12.864  5405  5569 D MotionRecognitionService: [SAR]  onReceive : ACTION_BATTERY_CHANGED, Plugged: 2
03-04 19:33:12.866  5405  5712 I DeviceBatteryInfoService: action: android.intent.action.BATTERY_CHANGED
03-04 19:33:12.866  5405  5712 I DeviceBatteryInfoService: phone battery level: 33
03-04 19:33:12.866  5405  5712 I DeviceBatteryInfoService: phone battery status: 2
03-04 19:33:12.868  5740  5740 D SemBigDataInfoController: Intent: android.intent.action.BATTERY_CHANGED
03-04 19:33:12.868  5740  5740 D SemBigDataInfoController: Intent: android.intent.action.BATTERY_CHANGED
03-04 19:33:12.868  5405  5405 D PhoneWindowManagerExt: ACTION_BATTERY_CHANGED - Level=33, status=2
03-04 19:33:12.869  5405  5405 D AdaptiveBrightnessLongtermModelBuilder: Received android.intent.action.BATTERY_CHANGED
03-04 19:33:12.869  5405  5405 D SemWifiApBroadcastReceiver: Received : android.intent.action.BATTERY_CHANGED
03-04 19:33:12.870  5763  5763 D KeyguardUpdateMonitor: received broadcast android.intent.action.BATTERY_CHANGED
03-04 19:33:12.870  5763  5763 D SamsungBatteryMeterDrawable: onBatteryLevelChanged isSomethingChanged: false
03-04 19:33:12.871  5763  5763 D SamsungBatteryMeterDrawable: onBatteryLevelChanged isSomethingChanged: false
03-04 19:33:12.871  5763  5763 D SamsungBatteryMeterDrawable: onBatteryLevelChanged isSomethingChanged: false
03-04 19:33:12.875  5763  5763 D SamsungBatteryMeterDrawable: onBatteryLevelChanged isSomethingChanged: false
03-04 19:33:12.875  5763  5763 I PowerUI : mBootCompleted = true |  mFullyConnected = true
03-04 19:33:12.875  5763  5763 I PowerUI : BATTERY_HEALTH_CHECK extraHealth=2 mBatteryMiscEvent=131072
03-04 19:33:12.876  5763  5763 W PowerUI : Plug reason
03-04 19:33:12.876  5763  5763 W PowerUI : Skip charging animation - by plug status
03-04 19:33:12.876  5763  5763 D PowerUI : priorPlugType = 2 mPlugType = 2 priorBatteryStatus = 2 mBatteryStatus = 2
03-04 19:33:12.876  5763  5763 W PowerUI : Plug reason
03-04 19:33:12.876  5763  5763 W PowerUI : Skip charging sound - by plug status
03-04 19:33:12.876  5763  5763 I PowerUI : oldMisalign : false, curMisalign : false
03-04 19:33:12.876  5763  6585 D SecPowerUI.Notification: dismissing low battery warning: level=33
03-04 19:33:12.876  5763  6585 D SecPowerUI.Notification: updateNotification mWarning=false mPlaySound=false
03-04 19:33:12.876  5763  6585 D SecPowerUI.Notification: SecBatteryStatsSnapshot{batteryLevel=33, currentBatteryMode=0, chargingTime=0, chargingType=11, batteryHealth=2, automaticTestMode=false, isHiccupState=false}
03-04 19:33:12.878  5763  6585 D SecPowerUI.Notification: 1. restoreScreenTimeOut - saved_value : :
03-04 19:33:12.878  5763  6585 E SecPowerUI.Notification: no saved value, so we do nothing !!
03-04 19:33:12.879  5763  5763 D SecPowerUI.Notification: showChargingNotice oldChargingType : 11 / currentChargingType : 11, oldChargingTime : 0 / mChargingTime : 0
03-04 19:33:12.879  5763  5763 D SecPowerUI.Notification: There is no change about charging status, so return!
03-04 19:33:12.879  5763  5763 D PowerUI : Battery swelling mode - priorBatterySwellingMode = 2 mBatterySwellingMode = 2 mBatteryStatus = 2
03-04 19:33:12.880  5763  5763 I PowerUI : mBatteryMiscEvent = 131072
03-04 19:33:12.881  5763  5763 I PowerUI : checkShouldTurnOffProtectBattery : -1, Scheduling start ? : false
03-04 19:33:12.882  5763  5763 I PowerUI : Clear time
03-04 19:33:12.882  5405  7518 D SettingsProvider: isChangeAllowed() : name = charger_connected_time
03-04 19:33:12.882  5405  7518 D SettingsProvider: edmUri: content://com.sec.knox.provider/RestrictionPolicy3
03-04 19:33:12.882  5405  7518 D SettingsProvider: projectionArgs: isSettingsChangesAllowed
03-04 19:33:12.883  5405  7518 D SettingsProvider: selectionArgs: false
03-04 19:33:12.883  5405  7518 D SettingsProvider: selectionArgs: 10052
03-04 19:33:12.883  5405  7518 D SecContentProvider: query(), uri = 17 selection = isSettingsChangesAllowed
03-04 19:33:12.883  5405  7518 D SecContentProvider: called from android.uid.systemui:10052
03-04 19:33:12.883  5405  7518 D RestrictionPolicy: isSettingsChangesAllowedAsUser, userId 0 : true
03-04 19:33:12.883  5405  7518 D SettingsProvider: ret = 1
03-04 19:33:12.885  5763  5763 D KeyguardUpdateMonitor: handleBatteryUpdate
03-04 19:33:12.887  5763  5763 I AODBatteryManager: updateBatteryData: ACTION_BATTERY_CHANGED
03-04 19:33:12.887  5763  5763 I AODBatteryManager: getChargeEstimateTime: swelling mode
03-04 19:33:12.887  5763  5763 I AODBatteryManager: saveBatteryData : AOD BatteryData [mBatteryLevel=33, mBatteryStatus=CHARGING, mBatteryPlugType=USB, mBatteryPlugged=true, mRemainingChargeTime=0, mBatteryChargingType=1, mBatteryChargerType=NORMAL, mBatteryOnline=NOT_DEFINED, mBatterySwellingMode=HIGH_TEMP, mBatteryProtectMode=false]
03-04 19:33:13.172  5405 27231 D SemWifiUsabilityStatsMonitor: onWifiUsabilityStats - seqNum 12593, isSameBssidAndFreq true
03-04 19:33:13.173  5405  5679 I SemWifiLinkQualityMonitor: Link Qos Query: 0.037 ms / 216.500 Mbps (433 / 0.000 / 2.000)
03-04 19:33:13.173  5763  5763 D NetworkController.WifiSignalController: notifyListener: visible=true, connected=true, inetCondition=1, isDefault=true, wifiTestReported=true, receivedInetCondition=-1, hideDuringMobileSwitching=false
03-04 19:33:13.319  4564  4564 D io_stats: !@   8,0 r 528797 15625020 w 1184589 230136720 d 0 0 f 0 0 iot 689488 0 th 0 0 0 pt 0 inp 0 0 55751.318
03-04 19:33:16.204  5405 27231 D SemWifiUsabilityStatsMonitor: onWifiUsabilityStats - seqNum 12594, isSameBssidAndFreq true
03-04 19:33:16.205  5405  5679 I SemWifiLinkQualityMonitor: Link Qos Query: 0.037 ms / 216.500 Mbps (433 / 0.000 / 2.000)
03-04 19:33:16.206  5763  5763 D NetworkController.WifiSignalController: notifyListener: visible=true, connected=true, inetCondition=1, isDefault=true, wifiTestReported=true, receivedInetCondition=-1, hideDuringMobileSwitching=false
03-04 19:33:16.225  5052  5052 I SurfaceFlinger: SFWD update time=55754224922929
03-04 19:33:17.392 26409 26409 I wpa_supplicant: Heartbeat 4726
03-04 19:33:17.881  5763  5763 D SecPowerUI.Notification: showChargingNotice oldChargingType : 11 / currentChargingType : 11, oldChargingTime : 0 / mChargingTime : 0
03-04 19:33:17.881  5763  5763 D SecPowerUI.Notification: There is no change about charging status, so return!
03-04 19:33:18.084  7385  8179 I bbhc    : (REDACTED) getHotwordActive::active query: %s, watch: %s, devices connected: %s
03-04 19:33:19.226  5405 27231 D SemWifiUsabilityStatsMonitor: onWifiUsabilityStats - seqNum 12595, isSameBssidAndFreq true
03-04 19:33:19.227  5405  5679 I SemWifiLinkQualityMonitor: Link Qos Query: 0.037 ms / 216.500 Mbps (433 / 0.000 / 2.000)
03-04 19:33:19.479  7525  8838 I SDHMS:D : SIOP:: AP:528 BAT:426 USB:0 CHG:505 WIFI:475 SKIN:463 SKINF:453 SKINB:463 LRP:463 LRF:453 LRB:463 
03-04 19:33:21.758  5405  5652 D UsbStatsMonitor: 0 0 0 0 7 0 0 0 1 0 0 0 6 0 1 0 0 0 0 0 0 0 0 0 0 0 0 0 0 0 0 0 0 0 0 0 0 0 0 0 0 0 0 0 0 0 0 0 0
03-04 19:33:22.253  5405 27231 D SemWifiUsabilityStatsMonitor: onWifiUsabilityStats - seqNum 12596, isSameBssidAndFreq true
03-04 19:33:22.254  5405  5679 I SemWifiLinkQualityMonitor: Link Qos Query: 0.037 ms / 216.500 Mbps (433 / 0.000 / 2.000)
03-04 19:33:22.877  5000  5000 E sehhealth-service: Could not open /sys/class/power_supply/battery/lrp
03-04 19:33:22.878  5405  7518 D BatteryService: Sending ACTION_BATTERY_CHANGED: level:33, status:2, health:2, ac:false, usb:true, wireless:false, pogo:false, misc:0x20000, charge_type:1, charger_type:0, voltage:3839, temperature:426, online:19, current_avg:840, ps:false, hvc:false, capacity:280000, current_event:0x10020, current_now:849, mcc:0, mcv:0, cc:1273335, present:true, scale:100, technology:Li-ion
03-04 19:33:22.879  5405  5468 D BatteryStatsImpl: Temperature higher than 40 degrees, writing data to disk, 60065ms have passed
03-04 19:33:22.880  5405  5569 D MotionRecognitionService: [SAR]  onReceive : ACTION_BATTERY_CHANGED, Plugged: 2
03-04 19:33:22.881  5405  5405 D PhoneWindowManagerExt: ACTION_BATTERY_CHANGED - Level=33, status=2
03-04 19:33:22.882  5405  5405 D AdaptiveBrightnessLongtermModelBuilder: Received android.intent.action.BATTERY_CHANGED
03-04 19:33:22.883  5405  5712 I DeviceBatteryInfoService: action: android.intent.action.BATTERY_CHANGED
03-04 19:33:22.883  5405  5712 I DeviceBatteryInfoService: phone battery level: 33
03-04 19:33:22.883  5405  5712 I DeviceBatteryInfoService: phone battery status: 2
03-04 19:33:22.884  5405  5405 D SemWifiApBroadcastReceiver: Received : android.intent.action.BATTERY_CHANGED
03-04 19:33:22.885  5740  5740 D SemBigDataInfoController: Intent: android.intent.action.BATTERY_CHANGED
03-04 19:33:22.887  5763  5763 D KeyguardUpdateMonitor: received broadcast android.intent.action.BATTERY_CHANGED
03-04 19:33:22.888  5763  5763 D SamsungBatteryMeterDrawable: onBatteryLevelChanged isSomethingChanged: false
03-04 19:33:22.888  5763  5763 D SamsungBatteryMeterDrawable: onBatteryLevelChanged isSomethingChanged: false
03-04 19:33:22.889  5763  5763 D SamsungBatteryMeterDrawable: onBatteryLevelChanged isSomethingChanged: false
03-04 19:33:22.889  5763  5763 D SamsungBatteryMeterDrawable: onBatteryLevelChanged isSomethingChanged: false
03-04 19:33:22.893  5740  5740 D SemBigDataInfoController: Intent: android.intent.action.BATTERY_CHANGED
03-04 19:33:22.893  5763  5763 I PowerUI : mBootCompleted = true |  mFullyConnected = true
03-04 19:33:22.894  5763  5763 I PowerUI : BATTERY_HEALTH_CHECK extraHealth=2 mBatteryMiscEvent=131072
03-04 19:33:22.894  5763  5763 W PowerUI : Plug reason
03-04 19:33:22.894  5763  5763 W PowerUI : Skip charging animation - by plug status
03-04 19:33:22.894  5763  5763 D PowerUI : priorPlugType = 2 mPlugType = 2 priorBatteryStatus = 2 mBatteryStatus = 2
03-04 19:33:22.894  5763  5763 W PowerUI : Plug reason
03-04 19:33:22.894  5763  5763 W PowerUI : Skip charging sound - by plug status
03-04 19:33:22.894  5763  5763 I PowerUI : oldMisalign : false, curMisalign : false
03-04 19:33:22.894  5763  9282 D SecPowerUI.Notification: dismissing low battery warning: level=33
03-04 19:33:22.894  5763  9282 D SecPowerUI.Notification: updateNotification mWarning=false mPlaySound=false
03-04 19:33:22.894  5763  9282 D SecPowerUI.Notification: SecBatteryStatsSnapshot{batteryLevel=33, currentBatteryMode=0, chargingTime=0, chargingType=11, batteryHealth=2, automaticTestMode=false, isHiccupState=false}
03-04 19:33:22.896  5763  5763 D SecPowerUI.Notification: showChargingNotice oldChargingType : 11 / currentChargingType : 11, oldChargingTime : 0 / mChargingTime : 0
03-04 19:33:22.896  5763  5763 D SecPowerUI.Notification: There is no change about charging status, so return!
03-04 19:33:22.896  5763  5763 D PowerUI : Battery swelling mode - priorBatterySwellingMode = 2 mBatterySwellingMode = 2 mBatteryStatus = 2
03-04 19:33:22.896  5763  5763 I PowerUI : mBatteryMiscEvent = 131072
03-04 19:33:22.896  5763  9282 D SecPowerUI.Notification: 1. restoreScreenTimeOut - saved_value : :
03-04 19:33:22.897  5763  9282 E SecPowerUI.Notification: no saved value, so we do nothing !!
03-04 19:33:22.898  5763  5763 I PowerUI : checkShouldTurnOffProtectBattery : -1, Scheduling start ? : false
03-04 19:33:22.898  5763  5763 I PowerUI : Clear time
03-04 19:33:22.899  5405  6308 D SettingsProvider: isChangeAllowed() : name = charger_connected_time
03-04 19:33:22.899  5405  6308 D SettingsProvider: edmUri: content://com.sec.knox.provider/RestrictionPolicy3
03-04 19:33:22.899  5405  6308 D SettingsProvider: projectionArgs: isSettingsChangesAllowed
03-04 19:33:22.899  5405  6308 D SettingsProvider: selectionArgs: false
03-04 19:33:22.899  5405  6308 D SettingsProvider: selectionArgs: 10052
03-04 19:33:22.899  5405  6308 D SecContentProvider: query(), uri = 17 selection = isSettingsChangesAllowed
03-04 19:33:22.899  5405  6308 D SecContentProvider: called from android.uid.systemui:10052
03-04 19:33:22.900  5405  6308 D RestrictionPolicy: isSettingsChangesAllowedAsUser, userId 0 : true
03-04 19:33:22.900  5405  6308 D SettingsProvider: ret = 1
03-04 19:33:22.901  5763  5763 D KeyguardUpdateMonitor: handleBatteryUpdate
03-04 19:33:22.903  5763  5763 I AODBatteryManager: updateBatteryData: ACTION_BATTERY_CHANGED
03-04 19:33:22.903  5763  5763 I AODBatteryManager: getChargeEstimateTime: swelling mode
03-04 19:33:22.903  5763  5763 I AODBatteryManager: saveBatteryData : AOD BatteryData [mBatteryLevel=33, mBatteryStatus=CHARGING, mBatteryPlugType=USB, mBatteryPlugged=true, mRemainingChargeTime=0, mBatteryChargingType=1, mBatteryChargerType=NORMAL, mBatteryOnline=NOT_DEFINED, mBatterySwellingMode=HIGH_TEMP, mBatteryProtectMode=false]
03-04 19:33:23.321  4564  4564 D io_stats: !@   8,0 r 528797 15625020 w 1184595 230137176 d 0 0 f 0 0 iot 689496 0 th 0 0 0 pt 0 inp 0 0 55761.321
03-04 19:33:25.288  5405 27231 D SemWifiUsabilityStatsMonitor: onWifiUsabilityStats - seqNum 12597, isSameBssidAndFreq true
03-04 19:33:25.289  5405  5679 I SemWifiLinkQualityMonitor: Link Qos Query: 0.037 ms / 216.500 Mbps (433 / 0.000 / 2.000)
03-04 19:33:27.396 26409 26409 I wpa_supplicant: Heartbeat 4727
03-04 19:33:27.903  5763  5763 D SecPowerUI.Notification: showChargingNotice oldChargingType : 11 / currentChargingType : 11, oldChargingTime : 0 / mChargingTime : 0
03-04 19:33:27.904  5763  5763 D SecPowerUI.Notification: There is no change about charging status, so return!
03-04 19:33:28.016  4884  4884 E audit   : type=1400 audit(1772627608.010:5138): avc:  denied  { write } for  pid=13007 comm="ThreadPoolForeg" name="traced_producer" dev="tmpfs" ino=24980 scontext=u:r:gmscore_app:s0:c512,c768 tcontext=u:object_r:traced_producer_socket:s0 tclass=sock_file permissive=0 SEPF_SM-A515F_13_0001 audit_filtered
03-04 19:33:28.016  4884  4884 E audit   : type=1300 audit(1772627608.010:5138): arch=c00000b7 syscall=203 success=no exit=-13 a0=72 a1=74f2047400 a2=1e a3=cfbe9dca0 items=0 ppid=4905 pid=13007 auid=4294967295 uid=10224 gid=10224 euid=10224 suid=10224 fsuid=10224 egid=10224 sgid=10224 fsgid=10224 tty=(none) ses=4294967295 comm="ThreadPoolForeg" exe="/system/bin/app_process64" subj=u:r:gmscore_app:s0:c512,c768 key=(null)
03-04 19:33:28.016  4884  4884 E audit   : type=1327 audit(1772627608.010:5138): proctitle="com.google.android.gms"
03-04 19:33:28.310  5405 27231 D SemWifiUsabilityStatsMonitor: onWifiUsabilityStats - seqNum 12598, isSameBssidAndFreq true
03-04 19:33:28.311  5405  5679 I SemWifiLinkQualityMonitor: Link Qos Query: 0.037 ms / 216.500 Mbps (433 / 0.000 / 2.000)
03-04 19:33:29.480  7525  8838 I SDHMS:D : SIOP:: AP:526 BAT:426 USB:0 CHG:504 WIFI:475 SKIN:462 SKINF:452 SKINB:462 LRP:462 LRF:452 LRB:462 
03-04 19:33:30.920  5405  5454 E Watchdog: !@Sync: 1858 heap: 97 / 110 FD: 929 [2026-03-04 19:33:30.920]
03-04 19:33:31.333  5405 27231 D SemWifiUsabilityStatsMonitor: onWifiUsabilityStats - seqNum 12599, isSameBssidAndFreq true
03-04 19:33:31.334  5405  5679 I SemWifiLinkQualityMonitor: Link Qos Query: 0.037 ms / 216.500 Mbps (433 / 0.000 / 2.000)
03-04 19:33:32.552 27679 27844 I ContactsProvider_EventLog: cp_s: [CONTACT con(763) dat(6602) acc({sec(6)=5, google(7)=1, google(2)=774}) trash_acc([.google:167])  trash(167) calls([logtype:100 cnt:1804, logtype:300 cnt:500, logtype:500 cnt:1, logtype:1000 cnt:195]) Iso(GB) uId(0) ]
03-04 19:33:32.552 27679 27844 I ContactsProvider_EventLog: cp_s: [ agr({[2 ,6]=1, [6 ,2]=3, [2 ,2]=8, [2]=748, [2 ,6 ,2]=1, [2 ,2 ,2]=1, [7 ,2]=1}) ]
03-04 19:33:32.552 27679 27844 I ContactsProvider_EventLog: cp_s: [ cnt({acore(27679)=1}) ]
03-04 19:33:32.552 27679 27844 I ContactsProvider_EventLog: cp_s: [PROFILE ] [SAPROFILE ]
03-04 19:33:32.552 27679 27844 I ContactsProvider_EventLog: cp_s: [STATE R(F) ]
03-04 19:33:32.892  5405  7518 D BatteryService: Sending ACTION_BATTERY_CHANGED: level:33, status:2, health:2, ac:false, usb:true, wireless:false, pogo:false, misc:0x20000, charge_type:1, charger_type:0, voltage:3837, temperature:425, online:19, current_avg:805, ps:false, hvc:false, capacity:280000, current_event:0x10020, current_now:797, mcc:0, mcv:0, cc:1273335, present:true, scale:100, technology:Li-ion
03-04 19:33:32.893  5000  5000 E sehhealth-service: Could not open /sys/class/power_supply/battery/lrp
03-04 19:33:32.895  5405  5569 D MotionRecognitionService: [SAR]  onReceive : ACTION_BATTERY_CHANGED, Plugged: 2
03-04 19:33:32.896  5405  5712 I DeviceBatteryInfoService: action: android.intent.action.BATTERY_CHANGED
03-04 19:33:32.896  5405  5712 I DeviceBatteryInfoService: phone battery level: 33
03-04 19:33:32.896  5405  5712 I DeviceBatteryInfoService: phone battery status: 2
03-04 19:33:32.898  5405  5405 D PhoneWindowManagerExt: ACTION_BATTERY_CHANGED - Level=33, status=2
03-04 19:33:32.899  5405  5405 D AdaptiveBrightnessLongtermModelBuilder: Received android.intent.action.BATTERY_CHANGED
03-04 19:33:32.899  5405  5405 D SemWifiApBroadcastReceiver: Received : android.intent.action.BATTERY_CHANGED
03-04 19:33:32.902  5740  5740 D SemBigDataInfoController: Intent: android.intent.action.BATTERY_CHANGED
03-04 19:33:32.902  5740  5740 D SemBigDataInfoController: Intent: android.intent.action.BATTERY_CHANGED
03-04 19:33:32.904  5763  5763 I AODBatteryManager: updateBatteryData: ACTION_BATTERY_CHANGED
03-04 19:33:32.904  5763  5763 I AODBatteryManager: getChargeEstimateTime: swelling mode
03-04 19:33:32.904  5763  5763 I AODBatteryManager: saveBatteryData : AOD BatteryData [mBatteryLevel=33, mBatteryStatus=CHARGING, mBatteryPlugType=USB, mBatteryPlugged=true, mRemainingChargeTime=0, mBatteryChargingType=1, mBatteryChargerType=NORMAL, mBatteryOnline=NOT_DEFINED, mBatterySwellingMode=HIGH_TEMP, mBatteryProtectMode=false]
03-04 19:33:32.904  5763  5763 D KeyguardUpdateMonitor: received broadcast android.intent.action.BATTERY_CHANGED
03-04 19:33:32.905  5763  5763 D SamsungBatteryMeterDrawable: onBatteryLevelChanged isSomethingChanged: false
03-04 19:33:32.905  5763  5763 D SamsungBatteryMeterDrawable: onBatteryLevelChanged isSomethingChanged: false
03-04 19:33:32.906  5763  5763 D SamsungBatteryMeterDrawable: onBatteryLevelChanged isSomethingChanged: false
03-04 19:33:32.906  5763  5763 D SamsungBatteryMeterDrawable: onBatteryLevelChanged isSomethingChanged: false
03-04 19:33:32.907  5763  5763 I PowerUI : mBootCompleted = true |  mFullyConnected = true
03-04 19:33:32.907  5763  5763 I PowerUI : BATTERY_HEALTH_CHECK extraHealth=2 mBatteryMiscEvent=131072
03-04 19:33:32.907  5763  5763 W PowerUI : Plug reason
03-04 19:33:32.907  5763  5763 W PowerUI : Skip charging animation - by plug status
03-04 19:33:32.907  5763  5763 D PowerUI : priorPlugType = 2 mPlugType = 2 priorBatteryStatus = 2 mBatteryStatus = 2
03-04 19:33:32.907  5763  5763 W PowerUI : Plug reason
03-04 19:33:32.907  5763  5763 W PowerUI : Skip charging sound - by plug status
03-04 19:33:32.907  5763  5763 I PowerUI : oldMisalign : false, curMisalign : false
03-04 19:33:32.907  5763 11800 D SecPowerUI.Notification: dismissing low battery warning: level=33
03-04 19:33:32.907  5763 11800 D SecPowerUI.Notification: updateNotification mWarning=false mPlaySound=false
03-04 19:33:32.908  5763 11800 D SecPowerUI.Notification: SecBatteryStatsSnapshot{batteryLevel=33, currentBatteryMode=0, chargingTime=0, chargingType=11, batteryHealth=2, automaticTestMode=false, isHiccupState=false}
03-04 19:33:32.909  5763 11800 D SecPowerUI.Notification: 1. restoreScreenTimeOut - saved_value : :
03-04 19:33:32.909  5763 11800 E SecPowerUI.Notification: no saved value, so we do nothing !!
03-04 19:33:32.910  5763  5763 D SecPowerUI.Notification: showChargingNotice oldChargingType : 11 / currentChargingType : 11, oldChargingTime : 0 / mChargingTime : 0
03-04 19:33:32.910  5763  5763 D SecPowerUI.Notification: There is no change about charging status, so return!
03-04 19:33:32.910  5763  5763 D PowerUI : Battery swelling mode - priorBatterySwellingMode = 2 mBatterySwellingMode = 2 mBatteryStatus = 2
03-04 19:33:32.910  5763  5763 I PowerUI : mBatteryMiscEvent = 131072
03-04 19:33:32.912  5763  5763 I PowerUI : checkShouldTurnOffProtectBattery : -1, Scheduling start ? : false
03-04 19:33:32.912  5763  5763 I PowerUI : Clear time
03-04 19:33:32.913  5405  7518 D SettingsProvider: isChangeAllowed() : name = charger_connected_time
03-04 19:33:32.913  5405  7518 D SettingsProvider: edmUri: content://com.sec.knox.provider/RestrictionPolicy3
03-04 19:33:32.913  5405  7518 D SettingsProvider: projectionArgs: isSettingsChangesAllowed
03-04 19:33:32.913  5405  7518 D SettingsProvider: selectionArgs: false
03-04 19:33:32.913  5405  7518 D SettingsProvider: selectionArgs: 10052
03-04 19:33:32.913  5405  7518 D SecContentProvider: query(), uri = 17 selection = isSettingsChangesAllowed
03-04 19:33:32.913  5405  7518 D SecContentProvider: called from android.uid.systemui:10052
03-04 19:33:32.914  5405  7518 D RestrictionPolicy: isSettingsChangesAllowedAsUser, userId 0 : true
03-04 19:33:32.914  5405  7518 D SettingsProvider: ret = 1
03-04 19:33:32.916  5763  5763 D KeyguardUpdateMonitor: handleBatteryUpdate
03-04 19:33:33.324  4564  4564 D io_stats: !@   8,0 r 528803 15625048 w 1184598 230137204 d 0 0 f 0 0 iot 689496 0 th 0 0 0 pt 0 inp 0 0 55771.324
03-04 19:33:34.129  4884  4884 E audit   : type=1400 audit(1772627614.126:5139): avc:  denied  { write } for  pid=13009 comm="ThreadPoolForeg" name="traced_producer" dev="tmpfs" ino=24980 scontext=u:r:gmscore_app:s0:c512,c768 tcontext=u:object_r:traced_producer_socket:s0 tclass=sock_file permissive=0 SEPF_SM-A515F_13_0001 audit_filtered
03-04 19:33:34.129  4884  4884 E audit   : type=1300 audit(1772627614.126:5139): arch=c00000b7 syscall=203 success=no exit=-13 a0=6 a1=74d15131a0 a2=1e a3=cfc4726d3 items=0 ppid=4905 pid=13009 auid=4294967295 uid=10224 gid=10224 euid=10224 suid=10224 fsuid=10224 egid=10224 sgid=10224 fsgid=10224 tty=(none) ses=4294967295 comm="ThreadPoolForeg" exe="/system/bin/app_process64" subj=u:r:gmscore_app:s0:c512,c768 key=(null)
03-04 19:33:34.130  4884  4884 E audit   : type=1327 audit(1772627614.126:5139): proctitle="com.google.android.gms.persistent"
03-04 19:33:34.367  5405 27231 D SemWifiUsabilityStatsMonitor: onWifiUsabilityStats - seqNum 12600, isSameBssidAndFreq true
03-04 19:33:34.368  5405  5679 I SemWifiLinkQualityMonitor: Link Qos Query: 0.037 ms / 216.500 Mbps (433 / 0.000 / 2.000)
03-04 19:33:34.808  5405  7518 D CustomizedBinderCallsStatsInternal: reportCpuUsage() : 0%
03-04 19:33:34.809  5405  5459 I BinderCallsStats: Collected cpu time : 0us, collected call count : 0 for 60207 ms
03-04 19:33:37.399  5405 27231 D SemWifiUsabilityStatsMonitor: onWifiUsabilityStats - seqNum 12601, isSameBssidAndFreq true
03-04 19:33:37.400  5405  5679 I SemWifiLinkQualityMonitor: Link Qos Query: 0.037 ms / 216.500 Mbps (433 / 0.000 / 2.000)
03-04 19:33:37.404 26409 26409 I wpa_supplicant: Heartbeat 4728
03-04 19:33:37.918  5763  5763 D SecPowerUI.Notification: showChargingNotice oldChargingType : 11 / currentChargingType : 11, oldChargingTime : 0 / mChargingTime : 0
03-04 19:33:37.918  5763  5763 D SecPowerUI.Notification: There is no change about charging status, so return!
03-04 19:33:39.480  7525  8838 I SDHMS:D : SIOP:: AP:527 BAT:425 USB:0 CHG:504 WIFI:474 SKIN:462 SKINF:452 SKINB:462 LRP:462 LRF:452 LRB:462 
03-04 19:33:40.430  5405 27231 D SemWifiUsabilityStatsMonitor: onWifiUsabilityStats - seqNum 12602, isSameBssidAndFreq true
03-04 19:33:40.431  5405  5679 I SemWifiLinkQualityMonitor: Link Qos Query: 0.037 ms / 216.500 Mbps (433 / 0.000 / 2.000)
03-04 19:33:40.725  5405  5636 W DeviceStorageMonitorService: updateBroadcasts(/data) oldLevel:0, newLevel:0, seq:1
03-04 19:33:40.726  5405  5636 D DeviceStorageMonitorService: Available File Node Number is [12602996]
03-04 19:33:40.726  5405  5636 W DeviceStorageMonitorService: updateBroadcasts_filenode(/data) fn_oldLevel:0, fn_newLevel:0, seq:1
03-04 19:33:42.908  5405  7518 D BatteryService: Sending ACTION_BATTERY_CHANGED: level:33, status:2, health:2, ac:false, usb:true, wireless:false, pogo:false, misc:0x20000, charge_type:1, charger_type:0, voltage:3836, temperature:425, online:19, current_avg:746, ps:false, hvc:false, capacity:280000, current_event:0x10020, current_now:737, mcc:0, mcv:0, cc:1277136, present:true, scale:100, technology:Li-ion
03-04 19:33:42.911  5405  5569 D MotionRecognitionService: [SAR]  onReceive : ACTION_BATTERY_CHANGED, Plugged: 2
03-04 19:33:42.914  5405  5712 I DeviceBatteryInfoService: action: android.intent.action.BATTERY_CHANGED
03-04 19:33:42.915  5405  5712 I DeviceBatteryInfoService: phone battery level: 33
03-04 19:33:42.915  5405  5712 I DeviceBatteryInfoService: phone battery status: 2
03-04 19:33:42.915  5740  5740 D SemBigDataInfoController: Intent: android.intent.action.BATTERY_CHANGED
03-04 19:33:42.916  5405  5405 D PhoneWindowManagerExt: ACTION_BATTERY_CHANGED - Level=33, status=2
03-04 19:33:42.916  5405  5405 D AdaptiveBrightnessLongtermModelBuilder: Received android.intent.action.BATTERY_CHANGED
03-04 19:33:42.917  5405  5405 D SemWifiApBroadcastReceiver: Received : android.intent.action.BATTERY_CHANGED
03-04 19:33:42.918  5740  5740 D SemBigDataInfoController: Intent: android.intent.action.BATTERY_CHANGED
03-04 19:33:42.920  5763  5763 D KeyguardUpdateMonitor: received broadcast android.intent.action.BATTERY_CHANGED
03-04 19:33:42.920  5763  5763 D SamsungBatteryMeterDrawable: onBatteryLevelChanged isSomethingChanged: false
03-04 19:33:42.921  5763  5763 D SamsungBatteryMeterDrawable: onBatteryLevelChanged isSomethingChanged: false
03-04 19:33:42.921  5763  5763 D SamsungBatteryMeterDrawable: onBatteryLevelChanged isSomethingChanged: false
03-04 19:33:42.922  5763  5763 D SamsungBatteryMeterDrawable: onBatteryLevelChanged isSomethingChanged: false
03-04 19:33:42.922  5763  5763 I PowerUI : mBootCompleted = true |  mFullyConnected = true
03-04 19:33:42.922  5763  5763 I PowerUI : BATTERY_HEALTH_CHECK extraHealth=2 mBatteryMiscEvent=131072
03-04 19:33:42.922  5763  5763 W PowerUI : Plug reason
03-04 19:33:42.922  5763  5763 W PowerUI : Skip charging animation - by plug status
03-04 19:33:42.923  5763  5763 D PowerUI : priorPlugType = 2 mPlugType = 2 priorBatteryStatus = 2 mBatteryStatus = 2
03-04 19:33:42.923  5763 11872 D SecPowerUI.Notification: dismissing low battery warning: level=33
03-04 19:33:42.923  5763 11872 D SecPowerUI.Notification: updateNotification mWarning=false mPlaySound=false
03-04 19:33:42.923  5763 11872 D SecPowerUI.Notification: SecBatteryStatsSnapshot{batteryLevel=33, currentBatteryMode=0, chargingTime=0, chargingType=11, batteryHealth=2, automaticTestMode=false, isHiccupState=false}
03-04 19:33:42.924  5763 11872 D SecPowerUI.Notification: 1. restoreScreenTimeOut - saved_value : :
03-04 19:33:42.924  5763 11872 E SecPowerUI.Notification: no saved value, so we do nothing !!
03-04 19:33:42.933  5763  5763 W PowerUI : Plug reason
03-04 19:33:42.933  5763  5763 W PowerUI : Skip charging sound - by plug status
03-04 19:33:42.933  5763  5763 I PowerUI : oldMisalign : false, curMisalign : false
03-04 19:33:42.935  5763  5763 D SecPowerUI.Notification: showChargingNotice oldChargingType : 11 / currentChargingType : 11, oldChargingTime : 0 / mChargingTime : 0
03-04 19:33:42.935  5763  5763 D SecPowerUI.Notification: There is no change about charging status, so return!
03-04 19:33:42.935  5763  5763 D PowerUI : Battery swelling mode - priorBatterySwellingMode = 2 mBatterySwellingMode = 2 mBatteryStatus = 2
03-04 19:33:42.935  5763  5763 I PowerUI : mBatteryMiscEvent = 131072
03-04 19:33:42.937  5763  5763 I PowerUI : checkShouldTurnOffProtectBattery : -1, Scheduling start ? : false
03-04 19:33:42.937  5763  5763 I PowerUI : Clear time
03-04 19:33:42.937  5405  7518 D SettingsProvider: isChangeAllowed() : name = charger_connected_time
03-04 19:33:42.938  5405  7518 D SettingsProvider: edmUri: content://com.sec.knox.provider/RestrictionPolicy3
03-04 19:33:42.938  5405  7518 D SettingsProvider: projectionArgs: isSettingsChangesAllowed
03-04 19:33:42.938  5405  7518 D SettingsProvider: selectionArgs: false
03-04 19:33:42.938  5405  7518 D SettingsProvider: selectionArgs: 10052
03-04 19:33:42.938  5405  7518 D SecContentProvider: query(), uri = 17 selection = isSettingsChangesAllowed
03-04 19:33:42.938  5405  7518 D SecContentProvider: called from android.uid.systemui:10052
03-04 19:33:42.938  5405  7518 D RestrictionPolicy: isSettingsChangesAllowedAsUser, userId 0 : true
03-04 19:33:42.938  5405  7518 D SettingsProvider: ret = 1
03-04 19:33:42.940  5763  5763 D KeyguardUpdateMonitor: handleBatteryUpdate
03-04 19:33:42.942  5000  5000 E sehhealth-service: Could not open /sys/class/power_supply/battery/lrp
03-04 19:33:42.943  5763  5763 I AODBatteryManager: updateBatteryData: ACTION_BATTERY_CHANGED
03-04 19:33:42.943  5763  5763 I AODBatteryManager: getChargeEstimateTime: swelling mode
03-04 19:33:42.943  5763  5763 I AODBatteryManager: saveBatteryData : AOD BatteryData [mBatteryLevel=33, mBatteryStatus=CHARGING, mBatteryPlugType=USB, mBatteryPlugged=true, mRemainingChargeTime=0, mBatteryChargingType=1, mBatteryChargerType=NORMAL, mBatteryOnline=NOT_DEFINED, mBatterySwellingMode=HIGH_TEMP, mBatteryProtectMode=false]
03-04 19:33:43.327  4564  4564 D io_stats: !@   8,0 r 528803 15625048 w 1184599 230137208 d 0 0 f 0 0 iot 689496 0 th 0 0 0 pt 0 inp 0 0 55781.327
03-04 19:33:43.454  5405 27231 D SemWifiUsabilityStatsMonitor: onWifiUsabilityStats - seqNum 12603, isSameBssidAndFreq true
03-04 19:33:43.455  5405  5679 I SemWifiLinkQualityMonitor: Link Qos Query: 0.037 ms / 216.500 Mbps (433 / 0.000 / 2.000)
03-04 19:33:46.028  5405  5626 D ConnectivityService: reportNetworkActive, notify 1 listeners
03-04 19:33:46.485  5405 27231 D SemWifiUsabilityStatsMonitor: onWifiUsabilityStats - seqNum 12604, isSameBssidAndFreq true
03-04 19:33:46.487  5405  5679 I SemWifiLinkQualityMonitor: Link Qos Query: 0.037 ms / 216.500 Mbps (433 / 0.000 / 2.000)
03-04 19:33:46.487  5763  5763 D NetworkController.WifiSignalController: notifyListener: visible=true, connected=true, inetCondition=1, isDefault=true, wifiTestReported=true, receivedInetCondition=-1, hideDuringMobileSwitching=false
03-04 19:33:46.521  5052  5052 I SurfaceFlinger: SFWD update time=55784521048023
03-04 19:33:47.411 26409 26409 I wpa_supplicant: Heartbeat 4729
03-04 19:33:47.938  5763  5763 D SecPowerUI.Notification: showChargingNotice oldChargingType : 11 / currentChargingType : 11, oldChargingTime : 0 / mChargingTime : 0
03-04 19:33:47.938  5763  5763 D SecPowerUI.Notification: There is no change about charging status, so return!
03-04 19:33:49.480  7525  8838 I SDHMS:D : SIOP:: AP:530 BAT:425 USB:0 CHG:504 WIFI:473 SKIN:462 SKINF:452 SKINB:462 LRP:462 LRF:452 LRB:462 
03-04 19:33:49.504  5405 27231 D SemWifiUsabilityStatsMonitor: onWifiUsabilityStats - seqNum 12605, isSameBssidAndFreq true
03-04 19:33:49.506  5405  5679 I SemWifiLinkQualityMonitor: Link Qos Query: 0.037 ms / 216.500 Mbps (433 / 0.000 / 2.000)
03-04 19:33:49.506  5763  5763 D NetworkController.WifiSignalController: notifyListener: visible=true, connected=true, inetCondition=1, isDefault=true, wifiTestReported=true, receivedInetCondition=-1, hideDuringMobileSwitching=false
03-04 19:33:52.535  5405 27231 D SemWifiUsabilityStatsMonitor: onWifiUsabilityStats - seqNum 12606, isSameBssidAndFreq true
03-04 19:33:52.537  5405  5679 I SemWifiLinkQualityMonitor: Link Qos Query: 0.037 ms / 216.500 Mbps (433 / 0.000 / 2.000)
03-04 19:33:52.689  5405  6029 D SLocation: GeofenceCapacityBigData - bigdata gf capacity, upload duration = 86400134
03-04 19:33:52.692  5405  6029 D SLocation: GeofenceCapacityBigData - bigdata gf capacity - upload size : 1
03-04 19:33:52.701  5405  6029 D SLocation: BigDataManager - BIGDATA - send by DMA, feature : GF03, data : [{"A_BLE":0,"A_BT":0,"A_EV":0,"A_GP":0,"A_GPP":0,"A_GPWF":0,"A_GPWFP":0,"A_Tot":0,"A_WF":0,"Nm":"SLocation","Tm":86400134}]
03-04 19:33:52.702  5405  6029 W ContextImpl: Calling a method in the system process without a qualified user: android.app.ContextImpl.sendBroadcast:1252 com.samsung.android.location.lib.bigdata.a.i:102 com.samsung.android.location.lib.bigdata.a.h:6 com.samsung.android.location.lib.bigdata.c.f:56 com.samsung.android.location.lib.bigdata.c.e:2 
03-04 19:33:52.710  7467  7467 W ContextImpl: Calling a method in the system process without a qualified user: android.app.ContextImpl.startService:1926 android.content.ContextWrapper.startService:834 android.content.ContextWrapper.startService:834 com.sec.android.diagmonagent.sa.receiver.CFLogReceiver.a:4 com.sec.android.diagmonagent.sa.receiver.CFLogReceiver.onReceive:4 
03-04 19:33:52.925  5405  7518 D BatteryService: Sending ACTION_BATTERY_CHANGED: level:33, status:2, health:2, ac:false, usb:true, wireless:false, pogo:false, misc:0x20000, charge_type:1, charger_type:0, voltage:3827, temperature:425, online:19, current_avg:748, ps:false, hvc:false, capacity:280000, current_event:0x10020, current_now:750, mcc:0, mcv:0, cc:1277136, present:true, scale:100, technology:Li-ion
03-04 19:33:52.928  5405  5569 D MotionRecognitionService: [SAR]  onReceive : ACTION_BATTERY_CHANGED, Plugged: 2
