03-04 19:20:50.086  6173  6173 I AbsSwipeUpHandler: updateSysUiFlags, windowProgress : 1.0990044
03-04 19:20:50.086  6173  6173 I RecentsAnimationController: setWillFinishToHome, willFinishToHome : true
03-04 19:20:50.086  6173  6173 I AbsSwipeUpHandler: updateSysUiFlags, windowProgress : 1.0990044
03-04 19:20:50.086  6173  6173 I RecentsAnimationController: setWillFinishToHome, willFinishToHome : true
03-04 19:20:50.088  6173  8625 I ViewRootImpl@e012360[LauncherActivity]: mWNT: t=0x74ceedce00 mBlastBufferQueue=0x7509188e00 fn= 8 caller= com.android.systemui.shared.launcher.ViewRootImplCompat.mergeWithNextTransaction:2 com.android.quickstep.util.SurfaceTransactionApplier.lambda$scheduleApply$0:2 com.android.quickstep.util.SurfaceTransactionApplier.b:0 
03-04 19:20:50.088  6173  8625 I ViewRootImpl@e012360[LauncherActivity]: mWNT: t=0x74ceedf000 mBlastBufferQueue=0x7509188e00 fn= 8 caller= com.android.systemui.shared.launcher.ViewRootImplCompat.mergeWithNextTransaction:2 com.android.quickstep.util.SurfaceTransactionApplier.lambda$scheduleApply$0:2 com.android.quickstep.util.SurfaceTransactionApplier.b:0 
03-04 19:20:50.088  6173  8625 I ViewRootImpl@e012360[LauncherActivity]: mWNT: t=0x74ceedf100 mBlastBufferQueue=0x7509188e00 fn= 8 caller= com.android.systemui.shared.launcher.ViewRootImplCompat.mergeWithNextTransaction:2 com.android.quickstep.util.SurfaceTransactionApplier.lambda$scheduleApply$0:2 com.android.quickstep.util.SurfaceTransactionApplier.b:0 
03-04 19:20:50.090  5052  5052 D SurfaceFlinger: Display 0 HWC layers:
03-04 19:20:50.090  5052  5052 D SurfaceFlinger:      CLIENT | 0x7c6c8a7f80 | 0100 | RGBx_8888    |  496.0   76.0 1184.0 1604.0 |    0    0 1080 2400 | Wallpaper BBQ wrapper#78
03-04 19:20:50.090  5052  5052 D SurfaceFlinger:      CLIENT | 0x7c6aff24c0 | 0100 | RGBA_8888    |    0.0    0.0 1080.0 2400.0 |    0    0 1080 2400 | com.sec.android.app.launcher/com.sec[...]tivities.LauncherActivity$_6173#7087
03-04 19:20:50.090  5052  5052 D SurfaceFlinger:      CLIENT | 0x7c6c8c91c0 | 0102 | RGBA_8888    |    0.0   88.0 1080.0 2360.0 |  237  484  843 1757 | com.android.settings/com.android.settings.SubSettings$_6106#7080
03-04 19:20:50.090  5052  5052 D SurfaceFlinger:      DEVICE | 0x7c6c8a8e80 | 0100 | RGBA_8888    |    0.0    0.0 1080.0   88.0 |    0    0 1080   88 | StatusBar$_5763#90
03-04 19:20:50.090  5052  5052 D SurfaceFlinger:      DEVICE | 0x7c6c8a5780 | 0140 | RGBA_8888    |    0.0    0.0 1080.0  100.0 |    0    0 1080  100 | ScreenDecorOverlay$_5763#95
03-04 19:20:50.090  5052  5052 D SurfaceFlinger:      DEVICE | 0x7c6c8a8480 | 0140 | RGBA_8888    |    0.0    0.0 1080.0  100.0 |    0 2300 1080 2400 | ScreenDecorOverlayBottom$_5763#96
03-04 19:20:50.090  5052  5052 D SurfaceFlinger: 
03-04 19:20:50.097  5405  5477 W system_server: Long monitor contention with owner SyncManager (5759) at void com.android.server.power.PowerManagerService.acquireWakeLockInternal(android.os.IBinder, int, int, java.lang.String, java.lang.String, android.os.WorkSource, java.lang.String, int, int, android.os.IWakeLockCallback, boolean)(PowerManagerService.java:2378) waiters=2 in void com.android.server.power.PowerManagerService.handleSandman(int) for 163ms
03-04 19:20:50.097  5405  7494 I AppOps  : updateUidProcState uid: 10232 procState: 3 capability:15
03-04 19:20:50.097  5405  7494 I AppOps  : updateUidProcState uid: 10224 procState: 3 capability:15
03-04 19:20:50.100  6173  6173 I AbsSwipeUpHandler: updateSysUiFlags, windowProgress : 1.0990044
03-04 19:20:50.100  6173  6173 I RecentsAnimationController: setWillFinishToHome, willFinishToHome : true
03-04 19:20:50.102  6173  6173 I AbsSwipeUpHandler: updateSysUiFlags, windowProgress : 1.0990044
03-04 19:20:50.102  6173  6173 I RecentsAnimationController: setWillFinishToHome, willFinishToHome : true
03-04 19:20:50.103  6173  8626 I ViewRootImpl@e012360[LauncherActivity]: mWNT: t=0x74ceedf400 mBlastBufferQueue=0x7509188e00 fn= 9 caller= com.android.systemui.shared.launcher.ViewRootImplCompat.mergeWithNextTransaction:2 com.android.quickstep.util.SurfaceTransactionApplier.lambda$scheduleApply$0:2 com.android.quickstep.util.SurfaceTransactionApplier.b:0 
03-04 19:20:50.103  6173  8626 I ViewRootImpl@e012360[LauncherActivity]: mWNT: t=0x74ceedf500 mBlastBufferQueue=0x7509188e00 fn= 9 caller= com.android.systemui.shared.launcher.ViewRootImplCompat.mergeWithNextTransaction:2 com.android.quickstep.util.SurfaceTransactionApplier.lambda$scheduleApply$0:2 com.android.quickstep.util.SurfaceTransactionApplier.b:0 
03-04 19:20:50.105  5405  7447 W system_server: Long monitor contention with owner binder:5405_12 (7494) at int com.android.server.am.ActivityManagerService.bindServiceInstance(android.app.IApplicationThread, android.os.IBinder, android.content.Intent, java.lang.String, android.app.IServiceConnection, int, java.lang.String, boolean, int, java.lang.String, java.lang.String, int)(ActivityManagerService.java:15115) waiters=0 in void com.android.server.am.ActivityManagerService.grantUriPermission(android.app.IApplicationThread, java.lang.String, android.net.Uri, int, int) for 215ms
03-04 19:20:50.107  5405  6035 V MdnieScenarioControlService: mAclOffEnabled : false mAclPreviewState : false mAclCompensationState : false
03-04 19:20:50.108 11605 11605 I cnhq    : onStart
03-04 19:20:50.112  5405  5448 W Looper  : Slow dispatch took 157ms android.fg h=android.os.Handler c=com.android.server.wm.ActivityMetricsLogger$$ExternalSyntheticLambda4@bc81407 m=0
03-04 19:20:50.115  5763  5763 D LocationControllerImpl: onReceive() = android.intent.action.CLOSE_SYSTEM_DIALOGS
03-04 19:20:50.115  5763  5763 V ShadeControllerImpl: NotificationShadeWindow: com.android.systemui.statusbar.phone.NotificationShadeWindowView{51575b2 I.E...... ......ID 0,0-1080,2400} canPanelBeCollapsed(): false
03-04 19:20:50.115  5763  5763 D QSMoreButton: action:android.intent.action.CLOSE_SYSTEM_DIALOGS
03-04 19:20:50.115  5763  5763 D QSButtonsContainer: action:android.intent.action.CLOSE_SYSTEM_DIALOGS
03-04 19:20:50.115  5763  5763 D SecQSLayoutDetail: action:android.intent.action.CLOSE_SYSTEM_DIALOGS
03-04 19:20:50.116  5763  5763 D Tile.MobileDataTile: action:android.intent.action.CLOSE_SYSTEM_DIALOGS
03-04 19:20:50.116  5763  5763 D SecVolume.SecVolumeStore: dispatch [ACTION_DISMISS_REQUESTED] with [STATE_NO_DISPATCH]
03-04 19:20:50.116  5763  5763 D SecVolume.SecVolumeStore:   > New State : [STATE_NO_DISPATCH]
03-04 19:20:50.119  5763  5763 D PopupUI.PopupUI: PopupUIReceiver.onReceive() action : android.intent.action.CLOSE_SYSTEM_DIALOGS
03-04 19:20:50.119  6173  6173 I AbsSwipeUpHandler: updateSysUiFlags, windowProgress : 1.0990044
03-04 19:20:50.119  6173  6173 I RecentsAnimationController: setWillFinishToHome, willFinishToHome : true
03-04 19:20:50.119  6173  6173 I AbsSwipeUpHandler: updateSysUiFlags, windowProgress : 1.0990044
03-04 19:20:50.119  6173  6173 I RecentsAnimationController: setWillFinishToHome, willFinishToHome : true
03-04 19:20:50.121  6173  8625 I ViewRootImpl@e012360[LauncherActivity]: mWNT: t=0x74ceedf600 mBlastBufferQueue=0x7509188e00 fn= 10 caller= com.android.systemui.shared.launcher.ViewRootImplCompat.mergeWithNextTransaction:2 com.android.quickstep.util.SurfaceTransactionApplier.lambda$scheduleApply$0:2 com.android.quickstep.util.SurfaceTransactionApplier.b:0 
03-04 19:20:50.121  6173  8625 I ViewRootImpl@e012360[LauncherActivity]: mWNT: t=0x74ceedf700 mBlastBufferQueue=0x7509188e00 fn= 10 caller= com.android.systemui.shared.launcher.ViewRootImplCompat.mergeWithNextTransaction:2 com.android.quickstep.util.SurfaceTransactionApplier.lambda$scheduleApply$0:2 com.android.quickstep.util.SurfaceTransactionApplier.b:0 
03-04 19:20:50.122  6173  6389 I LiveIconUpdateEventHandler: cancelMinuteChangeAlarm
03-04 19:20:50.125  5052  5052 D SurfaceFlinger: Display 0 HWC layers:
03-04 19:20:50.125  5052  5052 D SurfaceFlinger:      CLIENT | 0x7c6c8a7f80 | 0100 | RGBx_8888    |  495.0   74.0 1185.0 1606.0 |    0    0 1080 2400 | Wallpaper BBQ wrapper#78
03-04 19:20:50.125  5052  5052 D SurfaceFlinger:      CLIENT | 0x7c6afef540 | 0100 | RGBA_8888    |    0.0    0.0 1080.0 2400.0 |    0    0 1080 2400 | com.sec.android.app.launcher/com.sec[...]tivities.LauncherActivity$_6173#7087
03-04 19:20:50.125  5052  5052 D SurfaceFlinger:      CLIENT | 0x7c6c8c91c0 | 0102 | RGBA_8888    |    0.0   88.0 1080.0 2360.0 |  248  516  832 1740 | com.android.settings/com.android.settings.SubSettings$_6106#7080
03-04 19:20:50.125  5052  5052 D SurfaceFlinger:      CLIENT | 0x7c6c8a8e80 | 0100 | RGBA_8888    |    0.0    0.0 1080.0   88.0 |    0    0 1080   88 | StatusBar$_5763#90
03-04 19:20:50.125  5052  5052 D SurfaceFlinger:      DEVICE | 0x7c6c8a8200 | 0100 | RGBA_8888    |    0.0    0.0 1080.0  126.0 |    0 2274 1080 2400 | NavigationBar0$_5763#85
03-04 19:20:50.125  5052  5052 D SurfaceFlinger:      DEVICE | 0x7c6c8a5780 | 0140 | RGBA_8888    |    0.0    0.0 1080.0  100.0 |    0    0 1080  100 | ScreenDecorOverlay$_5763#95
03-04 19:20:50.125  5052  5052 D SurfaceFlinger:      DEVICE | 0x7c6c8a8480 | 0140 | RGBA_8888    |    0.0    0.0 1080.0  100.0 |    0 2300 1080 2400 | ScreenDecorOverlayBottom$_5763#96
03-04 19:20:50.125  5052  5052 D SurfaceFlinger: 
03-04 19:20:50.130  6173  6389 I LiveIconUpdateEventHandler: setMinuteChangeAlarm Wed Mar 04 19:21:00 GMT+07:00 2026
03-04 19:20:50.134  6173  6173 I AbsSwipeUpHandler: updateSysUiFlags, windowProgress : 1.0990044
03-04 19:20:50.134  6173  6173 I RecentsAnimationController: setWillFinishToHome, willFinishToHome : true
03-04 19:20:50.134  6173  6173 I AbsSwipeUpHandler: updateSysUiFlags, windowProgress : 1.0990044
03-04 19:20:50.135  6173  6173 I RecentsAnimationController: setWillFinishToHome, willFinishToHome : true
03-04 19:20:50.136  6173  8626 I ViewRootImpl@e012360[LauncherActivity]: mWNT: t=0x74ceedf800 mBlastBufferQueue=0x7509188e00 fn= 11 caller= com.android.systemui.shared.launcher.ViewRootImplCompat.mergeWithNextTransaction:2 com.android.quickstep.util.SurfaceTransactionApplier.lambda$scheduleApply$0:2 com.android.quickstep.util.SurfaceTransactionApplier.b:0 
03-04 19:20:50.136  6173  8626 I ViewRootImpl@e012360[LauncherActivity]: mWNT: t=0x74ceedf900 mBlastBufferQueue=0x7509188e00 fn= 11 caller= com.android.systemui.shared.launcher.ViewRootImplCompat.mergeWithNextTransaction:2 com.android.quickstep.util.SurfaceTransactionApplier.lambda$scheduleApply$0:2 com.android.quickstep.util.SurfaceTransactionApplier.b:0 
03-04 19:20:50.138  6173  6389 I LiveIconViewUpdater: onUpdateLiveIcon - id : 70, itemType : 0
03-04 19:20:50.138 27417 32504 I [SC][SyncApi][1.0][Bluetooth]: getIsSyncable: 1
03-04 19:20:50.138 27417 32504 I [SC][SyncApi][1.0][Bluetooth]: cancel: 
03-04 19:20:50.139 27417 32504 I [SC]SyncSettingManager: getIsSyncable: com.android.settings.wifiprofilesync
03-04 19:20:50.140  5405  7447 D VibratorManagerService: vibrate - uid: 10135, opPkg: com.sec.android.app.launcher, effect: Mono{mEffect=Composed{segments=[SemHaptic{mType=50124}], repeat=-1, mMagnitudeType=TYPE_TOUCH}}, attrs: VibrationAttributes: Usage=TOUCH Audio Usage= USAGE_ASSISTANCE_SONIFICATION tags= Flags=0, reason: null, token: android.os.BinderProxy@ac7e9a3
03-04 19:20:50.140  5405  7447 D VibratorManagerService: converted usage = TOUCH(18)
03-04 19:20:50.140  5405  7447 D VibratorManagerService: magnitude value is under 0
03-04 19:20:50.140  5405  7447 D VibratorManagerService: Canceling vibration
03-04 19:20:50.140  5405  7447 D VibratorManagerService: The vibration was not generated normally.
03-04 19:20:50.143  6173  6387 I LauncherActivityInfo: Trying to load live icon for com.sec.android.app.clockpackage
03-04 19:20:50.152  6173  6173 I AbsSwipeUpHandler: updateSysUiFlags, windowProgress : 1.0990044
03-04 19:20:50.152  6173  6173 I RecentsAnimationController: setWillFinishToHome, willFinishToHome : true
03-04 19:20:50.152  6173  6173 I AbsSwipeUpHandler: updateSysUiFlags, windowProgress : 1.0990044
03-04 19:20:50.153  6173  6173 I RecentsAnimationController: setWillFinishToHome, willFinishToHome : true
03-04 19:20:50.155 27417 32504 I [SC][SyncApi][1.0][Wi-Fi]: getIsSyncable: 1
03-04 19:20:50.155 27417 32504 I [SC][SyncApi][1.0][Wi-Fi]: cancel: 
03-04 19:20:50.156  6173  8625 I ViewRootImpl@e012360[LauncherActivity]: mWNT: t=0x74ceedfa00 mBlastBufferQueue=0x7509188e00 fn= 12 caller= com.android.systemui.shared.launcher.ViewRootImplCompat.mergeWithNextTransaction:2 com.android.quickstep.util.SurfaceTransactionApplier.lambda$scheduleApply$0:2 com.android.quickstep.util.SurfaceTransactionApplier.b:0 
03-04 19:20:50.156  6173  8625 I ViewRootImpl@e012360[LauncherActivity]: mWNT: t=0x74ceedfb00 mBlastBufferQueue=0x7509188e00 fn= 12 caller= com.android.systemui.shared.launcher.ViewRootImplCompat.mergeWithNextTransaction:2 com.android.quickstep.util.SurfaceTransactionApplier.lambda$scheduleApply$0:2 com.android.quickstep.util.SurfaceTransactionApplier.b:0 
03-04 19:20:50.157 27417 32504 I [SC]SyncSettingManager: getIsSyncable: com.android.calendar
03-04 19:20:50.161  6173  6387 I LauncherActivityInfo: packageName: com.sec.android.app.clockpackage, useThemeIcon: false, height: 126, width: 126, density: 640
03-04 19:20:50.164 27417 32504 I [SC][SyncApi][1.0][Calendar]: getIsSyncable: 1
03-04 19:20:50.164 27417 32504 I [SC][SyncApi][1.0][Calendar]: cancel: 
03-04 19:20:50.164 27417 32504 I [SC][SyncApi][1.0][Gallery]: getIsSyncable: 0
03-04 19:20:50.165 27417 32504 I [SC]AutoBackupController: isAllowed: notAfw: true, mum: true, enabled: true, menu visible : true
03-04 19:20:50.165 27417 32504 I [SC]AutoBackupController: automatic backup reg - isAutoBackupOn: true
03-04 19:20:50.166 27417 27546 I [SC]CtbDeviceRepository: updateSiopLevel. siopLevel: 6
03-04 19:20:50.169  6173  6173 I AbsSwipeUpHandler: updateSysUiFlags, windowProgress : 1.0990044
03-04 19:20:50.170  6173  6173 I RecentsAnimationController: setWillFinishToHome, willFinishToHome : true
03-04 19:20:50.170  6173  6173 I AbsSwipeUpHandler: updateSysUiFlags, windowProgress : 1.0990044
03-04 19:20:50.171  6173  6173 I RecentsAnimationController: setWillFinishToHome, willFinishToHome : true
03-04 19:20:50.174  6173  8626 I ViewRootImpl@e012360[LauncherActivity]: mWNT: t=0x74ceedfc00 mBlastBufferQueue=0x7509188e00 fn= 13 caller= com.android.systemui.shared.launcher.ViewRootImplCompat.mergeWithNextTransaction:2 com.android.quickstep.util.SurfaceTransactionApplier.lambda$scheduleApply$0:2 com.android.quickstep.util.SurfaceTransactionApplier.b:0 
03-04 19:20:50.174  6173  8626 I ViewRootImpl@e012360[LauncherActivity]: mWNT: t=0x74ceedfd00 mBlastBufferQueue=0x7509188e00 fn= 13 caller= com.android.systemui.shared.launcher.ViewRootImplCompat.mergeWithNextTransaction:2 com.android.quickstep.util.SurfaceTransactionApplier.lambda$scheduleApply$0:2 com.android.quickstep.util.SurfaceTransactionApplier.b:0 
03-04 19:20:50.186  6173  6173 I AbsSwipeUpHandler: updateSysUiFlags, windowProgress : 1.0990044
03-04 19:20:50.187  6173  6173 I RecentsAnimationController: setWillFinishToHome, willFinishToHome : true
03-04 19:20:50.187  6173  6173 I AbsSwipeUpHandler: updateSysUiFlags, windowProgress : 1.0990044
03-04 19:20:50.188  5405  5759 D PowerManagerService-JNI: Excessive delay in acquiring suspend blocker to PowerManagerService.WakeLocks
03-04 19:20:50.188  6173  6173 I RecentsAnimationController: setWillFinishToHome, willFinishToHome : true
03-04 19:20:50.190  6173  8625 I ViewRootImpl@e012360[LauncherActivity]: mWNT: t=0x74ceedfe00 mBlastBufferQueue=0x7509188e00 fn= 14 caller= com.android.systemui.shared.launcher.ViewRootImplCompat.mergeWithNextTransaction:2 com.android.quickstep.util.SurfaceTransactionApplier.lambda$scheduleApply$0:2 com.android.quickstep.util.SurfaceTransactionApplier.b:0 
03-04 19:20:50.190  6173  8625 I ViewRootImpl@e012360[LauncherActivity]: mWNT: t=0x74ceedff00 mBlastBufferQueue=0x7509188e00 fn= 14 caller= com.android.systemui.shared.launcher.ViewRootImplCompat.mergeWithNextTransaction:2 com.android.quickstep.util.SurfaceTransactionApplier.lambda$scheduleApply$0:2 com.android.quickstep.util.SurfaceTransactionApplier.b:0 
03-04 19:20:50.205  6173  6173 I AbsSwipeUpHandler: updateSysUiFlags, windowProgress : 1.0990044
03-04 19:20:50.206  6173  6173 I RecentsAnimationController: setWillFinishToHome, willFinishToHome : true
03-04 19:20:50.206  6173  6173 I AbsSwipeUpHandler: updateSysUiFlags, windowProgress : 1.0990044
03-04 19:20:50.206  6173  6173 I RecentsAnimationController: setWillFinishToHome, willFinishToHome : true
03-04 19:20:50.207  6173  8626 I ViewRootImpl@e012360[LauncherActivity]: mWNT: t=0x74ceef7200 mBlastBufferQueue=0x7509188e00 fn= 15 caller= com.android.systemui.shared.launcher.ViewRootImplCompat.mergeWithNextTransaction:2 com.android.quickstep.util.SurfaceTransactionApplier.lambda$scheduleApply$0:2 com.android.quickstep.util.SurfaceTransactionApplier.b:0 
03-04 19:20:50.208  6173  8626 I ViewRootImpl@e012360[LauncherActivity]: mWNT: t=0x74ceef7500 mBlastBufferQueue=0x7509188e00 fn= 15 caller= com.android.systemui.shared.launcher.ViewRootImplCompat.mergeWithNextTransaction:2 com.android.quickstep.util.SurfaceTransactionApplier.lambda$scheduleApply$0:2 com.android.quickstep.util.SurfaceTransactionApplier.b:0 
03-04 19:20:50.222  6173  6173 I AbsSwipeUpHandler: updateSysUiFlags, windowProgress : 1.0990044
03-04 19:20:50.222  6173  6173 I RecentsAnimationController: setWillFinishToHome, willFinishToHome : true
03-04 19:20:50.223  6173  6173 I AbsSwipeUpHandler: updateSysUiFlags, windowProgress : 1.0990044
03-04 19:20:50.223  6173  6173 I RecentsAnimationController: setWillFinishToHome, willFinishToHome : true
03-04 19:20:50.224  6173  8625 I ViewRootImpl@e012360[LauncherActivity]: mWNT: t=0x74ceef7d00 mBlastBufferQueue=0x7509188e00 fn= 16 caller= com.android.systemui.shared.launcher.ViewRootImplCompat.mergeWithNextTransaction:2 com.android.quickstep.util.SurfaceTransactionApplier.lambda$scheduleApply$0:2 com.android.quickstep.util.SurfaceTransactionApplier.b:0 
03-04 19:20:50.224  6173  8625 I ViewRootImpl@e012360[LauncherActivity]: mWNT: t=0x74ceef7e00 mBlastBufferQueue=0x7509188e00 fn= 16 caller= com.android.systemui.shared.launcher.ViewRootImplCompat.mergeWithNextTransaction:2 com.android.quickstep.util.SurfaceTransactionApplier.lambda$scheduleApply$0:2 com.android.quickstep.util.SurfaceTransactionApplier.b:0 
03-04 19:20:50.238  6173  6173 I AbsSwipeUpHandler: updateSysUiFlags, windowProgress : 1.0990044
03-04 19:20:50.239  6173  6173 I RecentsAnimationController: setWillFinishToHome, willFinishToHome : true
03-04 19:20:50.239  6173  6173 I AbsSwipeUpHandler: updateSysUiFlags, windowProgress : 1.0990044
03-04 19:20:50.239  6173  6173 I RecentsAnimationController: setWillFinishToHome, willFinishToHome : true
03-04 19:20:50.240  6173  8626 I ViewRootImpl@e012360[LauncherActivity]: mWNT: t=0x74ceef7f00 mBlastBufferQueue=0x7509188e00 fn= 17 caller= com.android.systemui.shared.launcher.ViewRootImplCompat.mergeWithNextTransaction:2 com.android.quickstep.util.SurfaceTransactionApplier.lambda$scheduleApply$0:2 com.android.quickstep.util.SurfaceTransactionApplier.b:0 
03-04 19:20:50.240  6173  8626 I ViewRootImpl@e012360[LauncherActivity]: mWNT: t=0x74cf19d000 mBlastBufferQueue=0x7509188e00 fn= 17 caller= com.android.systemui.shared.launcher.ViewRootImplCompat.mergeWithNextTransaction:2 com.android.quickstep.util.SurfaceTransactionApplier.lambda$scheduleApply$0:2 com.android.quickstep.util.SurfaceTransactionApplier.b:0 
03-04 19:20:50.253  6173  6173 I AbsSwipeUpHandler: updateSysUiFlags, windowProgress : 1.0990044
03-04 19:20:50.254  6173  6173 I RecentsAnimationController: setWillFinishToHome, willFinishToHome : true
03-04 19:20:50.254  6173  6173 I AbsSwipeUpHandler: updateSysUiFlags, windowProgress : 1.0990044
03-04 19:20:50.254  6173  6173 I RecentsAnimationController: setWillFinishToHome, willFinishToHome : true
03-04 19:20:50.257  6173  8625 I ViewRootImpl@e012360[LauncherActivity]: mWNT: t=0x74cf19d600 mBlastBufferQueue=0x7509188e00 fn= 18 caller= com.android.systemui.shared.launcher.ViewRootImplCompat.mergeWithNextTransaction:2 com.android.quickstep.util.SurfaceTransactionApplier.lambda$scheduleApply$0:2 com.android.quickstep.util.SurfaceTransactionApplier.b:0 
03-04 19:20:50.257  6173  8625 I ViewRootImpl@e012360[LauncherActivity]: mWNT: t=0x74cf19d700 mBlastBufferQueue=0x7509188e00 fn= 18 caller= com.android.systemui.shared.launcher.ViewRootImplCompat.mergeWithNextTransaction:2 com.android.quickstep.util.SurfaceTransactionApplier.lambda$scheduleApply$0:2 com.android.quickstep.util.SurfaceTransactionApplier.b:0 
03-04 19:20:50.257  5405  5459 I LatencyTracker: ACTION_START_RECENTS_ANIMATION latency=369
03-04 19:20:50.271  6173  6173 I AbsSwipeUpHandler: updateSysUiFlags, windowProgress : 1.0990044
03-04 19:20:50.272  5052  5052 D SurfaceFlinger: Display 0 HWC layers:
03-04 19:20:50.272  5052  5052 D SurfaceFlinger:      CLIENT | 0x7c6c8a7f80 | 0100 | RGBx_8888    |  467.0   11.0 1213.0 1669.0 |    0    0 1080 2400 | Wallpaper BBQ wrapper#78
03-04 19:20:50.272  5052  5052 D SurfaceFlinger:      CLIENT | 0x7c6afef540 | 0100 | RGBA_8888    |    0.0    0.0 1080.0 2400.0 |    0    0 1080 2400 | com.sec.android.app.launcher/com.sec[...]tivities.LauncherActivity$_6173#7087
03-04 19:20:50.272  5052  5052 D SurfaceFlinger:      CLIENT | 0x7c6c8a8e80 | 0100 | RGBA_8888    |    0.0    0.0 1080.0   88.0 |    0    0 1080   88 | StatusBar$_5763#90
03-04 19:20:50.272  5052  5052 D SurfaceFlinger:      DEVICE | 0x7c6c8a8200 | 0100 | RGBA_8888    |    0.0    0.0 1080.0  126.0 |    0 2274 1080 2400 | NavigationBar0$_5763#85
03-04 19:20:50.272  5052  5052 D SurfaceFlinger:      DEVICE | 0x7c6c8a5780 | 0140 | RGBA_8888    |    0.0    0.0 1080.0  100.0 |    0    0 1080  100 | ScreenDecorOverlay$_5763#95
03-04 19:20:50.272  5052  5052 D SurfaceFlinger:      DEVICE | 0x7c6c8a8480 | 0140 | RGBA_8888    |    0.0    0.0 1080.0  100.0 |    0 2300 1080 2400 | ScreenDecorOverlayBottom$_5763#96
03-04 19:20:50.272  5052  5052 D SurfaceFlinger: 
03-04 19:20:50.273  6173  6173 I RecentsAnimationController: setWillFinishToHome, willFinishToHome : true
03-04 19:20:50.273  6173  6173 I AbsSwipeUpHandler: updateSysUiFlags, windowProgress : 1.0990044
03-04 19:20:50.273  6173  6173 I RecentsAnimationController: setWillFinishToHome, willFinishToHome : true
03-04 19:20:50.274  6173  8626 I ViewRootImpl@e012360[LauncherActivity]: mWNT: t=0x74cf19d800 mBlastBufferQueue=0x7509188e00 fn= 19 caller= com.android.systemui.shared.launcher.ViewRootImplCompat.mergeWithNextTransaction:2 com.android.quickstep.util.SurfaceTransactionApplier.lambda$scheduleApply$0:2 com.android.quickstep.util.SurfaceTransactionApplier.b:0 
03-04 19:20:50.275  6173  8626 I ViewRootImpl@e012360[LauncherActivity]: mWNT: t=0x74cf19d900 mBlastBufferQueue=0x7509188e00 fn= 19 caller= com.android.systemui.shared.launcher.ViewRootImplCompat.mergeWithNextTransaction:2 com.android.quickstep.util.SurfaceTransactionApplier.lambda$scheduleApply$0:2 com.android.quickstep.util.SurfaceTransactionApplier.b:0 
03-04 19:20:50.288  6173  6173 I AbsSwipeUpHandler: updateSysUiFlags, windowProgress : 1.0990044
03-04 19:20:50.289  6173  6173 I RecentsAnimationController: setWillFinishToHome, willFinishToHome : true
03-04 19:20:50.289  6173  6173 I AbsSwipeUpHandler: updateSysUiFlags, windowProgress : 1.0990044
03-04 19:20:50.289  6173  6173 I RecentsAnimationController: setWillFinishToHome, willFinishToHome : true
03-04 19:20:50.291  6173  8625 I ViewRootImpl@e012360[LauncherActivity]: mWNT: t=0x74cf19da00 mBlastBufferQueue=0x7509188e00 fn= 20 caller= com.android.systemui.shared.launcher.ViewRootImplCompat.mergeWithNextTransaction:2 com.android.quickstep.util.SurfaceTransactionApplier.lambda$scheduleApply$0:2 com.android.quickstep.util.SurfaceTransactionApplier.b:0 
03-04 19:20:50.291  6173  8625 I ViewRootImpl@e012360[LauncherActivity]: mWNT: t=0x74f3886f00 mBlastBufferQueue=0x7509188e00 fn= 20 caller= com.android.systemui.shared.launcher.ViewRootImplCompat.mergeWithNextTransaction:2 com.android.quickstep.util.SurfaceTransactionApplier.lambda$scheduleApply$0:2 com.android.quickstep.util.SurfaceTransactionApplier.b:0 
03-04 19:20:50.305  6173  6173 I AbsSwipeUpHandler: updateSysUiFlags, windowProgress : 1.0990044
03-04 19:20:50.306  6173  6173 I RecentsAnimationController: setWillFinishToHome, willFinishToHome : true
03-04 19:20:50.306  6173  6173 I AbsSwipeUpHandler: updateSysUiFlags, windowProgress : 1.0990044
03-04 19:20:50.306  6173  6173 I RecentsAnimationController: setWillFinishToHome, willFinishToHome : true
03-04 19:20:50.308  6173  8626 I ViewRootImpl@e012360[LauncherActivity]: mWNT: t=0x74cf19db00 mBlastBufferQueue=0x7509188e00 fn= 21 caller= com.android.systemui.shared.launcher.ViewRootImplCompat.mergeWithNextTransaction:2 com.android.quickstep.util.SurfaceTransactionApplier.lambda$scheduleApply$0:2 com.android.quickstep.util.SurfaceTransactionApplier.b:0 
03-04 19:20:50.308  6173  8626 I ViewRootImpl@e012360[LauncherActivity]: mWNT: t=0x74cf19dc00 mBlastBufferQueue=0x7509188e00 fn= 21 caller= com.android.systemui.shared.launcher.ViewRootImplCompat.mergeWithNextTransaction:2 com.android.quickstep.util.SurfaceTransactionApplier.lambda$scheduleApply$0:2 com.android.quickstep.util.SurfaceTransactionApplier.b:0 
03-04 19:20:50.318  5405  5759 D PowerManagerService-JNI: Excessive delay in acquiring suspend blocker to PowerManagerService.WakeLocks
03-04 19:20:50.323  6173  6173 I AbsSwipeUpHandler: updateSysUiFlags, windowProgress : 1.0990044
03-04 19:20:50.323  6173  6173 I RecentsAnimationController: setWillFinishToHome, willFinishToHome : true
03-04 19:20:50.323  6173  6173 I AbsSwipeUpHandler: updateSysUiFlags, windowProgress : 1.0990044
03-04 19:20:50.323  6173  6173 I RecentsAnimationController: setWillFinishToHome, willFinishToHome : true
03-04 19:20:50.325  6173  8625 I ViewRootImpl@e012360[LauncherActivity]: mWNT: t=0x74cf19dd00 mBlastBufferQueue=0x7509188e00 fn= 22 caller= com.android.systemui.shared.launcher.ViewRootImplCompat.mergeWithNextTransaction:2 com.android.quickstep.util.SurfaceTransactionApplier.lambda$scheduleApply$0:2 com.android.quickstep.util.SurfaceTransactionApplier.b:0 
03-04 19:20:50.325  6173  8625 I ViewRootImpl@e012360[LauncherActivity]: mWNT: t=0x74cf418000 mBlastBufferQueue=0x7509188e00 fn= 22 caller= com.android.systemui.shared.launcher.ViewRootImplCompat.mergeWithNextTransaction:2 com.android.quickstep.util.SurfaceTransactionApplier.lambda$scheduleApply$0:2 com.android.quickstep.util.SurfaceTransactionApplier.b:0 
03-04 19:20:50.336  6173  6173 I AbsSwipeUpHandler: updateSysUiFlags, windowProgress : 1.0990044
03-04 19:20:50.337  6173  6173 I RecentsAnimationController: setWillFinishToHome, willFinishToHome : true
03-04 19:20:50.337  6173  6173 I AbsSwipeUpHandler: updateSysUiFlags, windowProgress : 1.0990044
03-04 19:20:50.337  6173  6173 I RecentsAnimationController: setWillFinishToHome, willFinishToHome : true
03-04 19:20:50.338  6173  8626 I ViewRootImpl@e012360[LauncherActivity]: mWNT: t=0x74cf418100 mBlastBufferQueue=0x7509188e00 fn= 23 caller= com.android.systemui.shared.launcher.ViewRootImplCompat.mergeWithNextTransaction:2 com.android.quickstep.util.SurfaceTransactionApplier.lambda$scheduleApply$0:2 com.android.quickstep.util.SurfaceTransactionApplier.b:0 
03-04 19:20:50.339  6173  8626 I ViewRootImpl@e012360[LauncherActivity]: mWNT: t=0x74cf418200 mBlastBufferQueue=0x7509188e00 fn= 23 caller= com.android.systemui.shared.launcher.ViewRootImplCompat.mergeWithNextTransaction:2 com.android.quickstep.util.SurfaceTransactionApplier.lambda$scheduleApply$0:2 com.android.quickstep.util.SurfaceTransactionApplier.b:0 
03-04 19:20:50.350  5405  5452 I WindowManager: Reparenting to original parent: Surface(name=Leaf:24:25)/@0x36f9b2a, destroy=true, surface=Surface(name=WindowToken{e8b08ba type=2019 android.os.BinderProxy@29840dc})/@0x9bb45e6
03-04 19:20:50.358  6173  6173 I AbsSwipeUpHandler: updateSysUiFlags, windowProgress : 1.0990044
03-04 19:20:50.358  6173  6173 I RecentsAnimationController: setWillFinishToHome, willFinishToHome : true
03-04 19:20:50.358  5405  5581 D InputReader: Btn_touch(9): value=1 when=55008.358150
03-04 19:20:50.358  5405  5581 I InputReader: Touch event's action is 0x0 (id=3, t=0) [pCnt=1, s=0.506 ] when=55008.358150
03-04 19:20:50.358  6173  6173 I AbsSwipeUpHandler: updateSysUiFlags, windowProgress : 1.0990044
03-04 19:20:50.358  6173  6173 I RecentsAnimationController: setWillFinishToHome, willFinishToHome : true
03-04 19:20:50.359  5405  5580 I InputDispatcher: Delivering touch to (5763): action: 0x4, f=0x0, d=0, '7b7936b', t=1 
03-04 19:20:50.360  5405  5580 I InputDispatcher: Delivering touch to (5405): action: 0x0, f=0x0, d=0, 'recents', t=1 
03-04 19:20:50.360  6173  8625 I ViewRootImpl@e012360[LauncherActivity]: mWNT: t=0x74cf418300 mBlastBufferQueue=0x7509188e00 fn= 24 caller= com.android.systemui.shared.launcher.ViewRootImplCompat.mergeWithNextTransaction:2 com.android.quickstep.util.SurfaceTransactionApplier.lambda$scheduleApply$0:2 com.android.quickstep.util.SurfaceTransactionApplier.b:0 
03-04 19:20:50.360  6173  8625 I ViewRootImpl@e012360[LauncherActivity]: mWNT: t=0x74cf418400 mBlastBufferQueue=0x7509188e00 fn= 24 caller= com.android.systemui.shared.launcher.ViewRootImplCompat.mergeWithNextTransaction:2 com.android.quickstep.util.SurfaceTransactionApplier.lambda$scheduleApply$0:2 com.android.quickstep.util.SurfaceTransactionApplier.b:0 
03-04 19:20:50.360  5405  5449 I GestureDetector: obtain mCurrentDownEvent. id: 151425427 caller: com.android.server.wm.SystemGesturesPointerEventListener.onPointerEvent:203 com.android.server.wm.PointerEventDispatcher.onInputEvent:53 android.view.InputEventReceiver.dispatchInputEvent:285 
03-04 19:20:50.361  5405  5449 I GestureDetector: obtain mCurrentDownEvent. id: 151425427 caller: com.android.server.wm.SystemPerformancePointerEventListener.onPointerEvent:89 com.android.server.wm.PointerEventDispatcher.onInputEvent:53 android.view.InputEventReceiver.dispatchInputEvent:285 
03-04 19:20:50.361  6173  6173 I AbsSwipeUpHandler: endRunningWindowAnim, cancel : true
03-04 19:20:50.361  6173  6173 I StateManager: onAnimationStart state : Normal
03-04 19:20:50.361  6173  6173 I StateManager: onStateTransitionStart mState = Normal
03-04 19:20:50.364  6173  6173 I Launcher: onStateSetEnd for widget host, state : Normal
03-04 19:20:50.364  6173  6173 W LauncherAppWidgetHost: setShouldListenFlag, mFlags:15 flag:resume on:true isFront:false
03-04 19:20:50.364  6173  6173 I BaseActivity: addActivityFlags, flags : 64
03-04 19:20:50.365  6173  6173 I RecentsView: setOverviewStateEnabled false
03-04 19:20:50.365  6173  6173 I RecentsOrientedState: current RecentsOrientedState: [this=RecentsOrientedState@21055968 mOrientationHandler=PortraitPagedViewHandler@9364633 mDisplayRotation=0 mTouchRotation=0 mRecentsActivityRotation=0 mRecentsRotation=0 isRecentsActivityRotationAllowed=false mSystemRotation=true mStateId=13696 mFlags=43]
03-04 19:20:50.365  6173  6173 I WhiteBgColorNotifier: changeWhiteBgSystemUIColor type = 4 supportWhiteBg : true forced : false mStatusBarColorIsDark true mNavigationBarColorIsDark true
03-04 19:20:50.365  6173  6173 I WhiteBgColorNotifier: changeWhiteBgSystemUIColor type = 5 supportWhiteBg : true forced : false mStatusBarColorIsDark true mNavigationBarColorIsDark true
03-04 19:20:50.366  5052  5052 I Layer   : id=7088 removeFromCurrentState Surface(name=WindowToken{e8b08ba type=2019 android.os.BinderProxy@29840dc})/@0x9bb45e6 - animation-leash of token_transform#7088 (124)
03-04 19:20:50.366  5052  5052 I SurfaceFlinger: id=7088 Removed Surface(name=WindowToken{e8b08ba type=2019 android.os.BinderProxy@29840dc})/@0x9bb45e6 - animation-leash of token_transform#7088 (124)
03-04 19:20:50.367  5052  5052 I Layer   : id=7088 Destroyed Surface(name=WindowToken{e8b08ba type=2019 android.os.BinderProxy@29840dc})/@0x9bb45e6 - animation-leash of token_transform#7088
03-04 19:20:50.371  6173  6173 I StateManager: onAnimationSuccess state : Normal
03-04 19:20:50.371  6173  6173 I StateManager: onStateTransitionEnd mState : Normal
03-04 19:20:50.372  6173  6173 I BaseActivity: removeActivityFlags, flags : 64
03-04 19:20:50.372  6173  6173 I InstallShortcutReceiver: flushInstallQueue 1
03-04 19:20:50.373  6173  6173 I RecentsView: reset
03-04 19:20:50.373  6173  6173 I RecentsView: setCurrentTask, runningTaskId : -1
03-04 19:20:50.373  6173  6173 I RecentsView: setRunningTaskHidden, isHidden : false
03-04 19:20:50.374  6173  6173 I RecentsOrientedState: current RecentsOrientedState: [this=RecentsOrientedState@21055968 mOrientationHandler=PortraitPagedViewHandler@9364633 mDisplayRotation=0 mTouchRotation=0 mRecentsActivityRotation=0 mRecentsRotation=0 isRecentsActivityRotationAllowed=false mSystemRotation=true mStateId=5504 mFlags=43]
03-04 19:20:50.374  6173  6173 I StateManager: goToStateAnimated mStateChanged is false
03-04 19:20:50.374  6173  6173 I StateManager: End animation. mStateChanged is changed to False : Normal
03-04 19:20:50.374  6173  6173 I AbsSwipeUpHandler: maybeUpdateRecentsAttachedState, animate : false, moveFocusedTask : false
03-04 19:20:50.375  6173  6173 I RecentsOrientedState: current RecentsOrientedState: [this=RecentsOrientedState@21055968 mOrientationHandler=PortraitPagedViewHandler@9364633 mDisplayRotation=0 mTouchRotation=0 mRecentsActivityRotation=0 mRecentsRotation=0 isRecentsActivityRotationAllowed=false mSystemRotation=true mStateId=5504 mFlags=43]
03-04 19:20:50.375  6173  6173 I AbsSwipeUpHandler: Home windowAnim, onAnimationSuccess
03-04 19:20:50.375  6173  6173 I GestureState: setState, stateFlag : 2
03-04 19:20:50.375  6173  6173 I MultiStateCallback: [28858658] Adding [STATE_END_TARGET_ANIMATION_FINISHED (2)] to [STATE_END_TARGET_SET, STATE_RECENTS_ANIMATION_INITIALIZED, STATE_RECENTS_ANIMATION_STARTED, STATE_RECENTS_SCROLLING_FINISHED (141)]
03-04 19:20:50.375  6173  6173 I AbsSwipeUpHandler: continueComputingRecentsScrollIfNecessary
03-04 19:20:50.375  6173  6173 I AbsSwipeUpHandler: onSettledOnEndTarget
03-04 19:20:50.375  6173  6173 I AbsSwipeUpHandler: maybeUpdateRecentsAttachedState, animate : false, moveFocusedTask : false
03-04 19:20:50.375  6173  6173 I AbsSwipeUpHandler: onSettledOnEndTarget, endTarget : HOME
03-04 19:20:50.375  6173  6173 I MultiStateCallback: [43192497] Adding [STATE_SCALED_CONTROLLER_HOME, STATE_CAPTURE_SCREENSHOT (2080)] to [STATE_LAUNCHER_PRESENT, STATE_LAUNCHER_STARTED, STATE_LAUNCHER_DRAWN, STATE_LAUNCHER_BIND_TO_SERVICE, STATE_APP_CONTROLLER_RECEIVED, STATE_GESTURE_STARTED, STATE_GESTURE_COMPLETED, STATE_RECENTS_VIEW_DRAWN (263455)]
03-04 19:20:50.375  6173  6173 I AbsSwipeUpHandler: switchToScreenshot, hasTarget : true, null
03-04 19:20:50.375  6173  6386 I RecentsAnimationController: screenshotTask, taskId : 9
03-04 19:20:50.376  5405  6308 D WindowManager: screenshotTask(9): mCanceled=false
03-04 19:20:50.376  5405  6308 D RestrictionPolicy: isScreenCaptureEnabled : ret=true userId=0
03-04 19:20:50.377  5405  6308 D RestrictionPolicy: isScreenCaptureEnabled : ret=true userId=0
03-04 19:20:50.377  6173  6173 I AbsSwipeUpHandler: endLauncherTransitionController
03-04 19:20:50.377  5405  5405 I Pageboost: package null
03-04 19:20:50.378  6173  6173 I AbsSwipeUpHandler: endLauncherTransitionController abortScrollerAnimation
03-04 19:20:50.378  6173  6173 I OverviewInputConsumer: OverviewInputConsumer, startingInActivityBounds : true
03-04 19:20:50.378  5763  5810 D PipTaskOrganizer: setOneShotAnimationType animationType=1, caller=com.android.wm.shell.pip.phone.PipController.setPinnedStackAnimationType:832
03-04 19:20:50.378  6173  6173 W PageOverlayMover: isMoving : false
03-04 19:20:50.378  6173  6173 W PageOverlayMover: isMoving : false
03-04 19:20:50.378  6173  6173 W StatusBarController: onControllerInterceptTouchEvent return false by setting value
03-04 19:20:50.379  6173  6173 W BaseDragLayer: findActiveController return false mTouchDispatchState = 8
03-04 19:20:50.380  6173  6173 I TouchInteractionService: onInputEvent, inputConsumer = com.android.quickstep.l2@37e2711
03-04 19:20:50.382  6724  6724 E pageboostd: Received HALT command code 2
03-04 19:20:50.390  5052  5052 I Layer   : id=7089 Destroyed Screenshot Parent#7089
03-04 19:20:50.392  5405  5449 I GestureDetector: obtain mCurrentMotionEventRaw. action: 2 id: 389103302
03-04 19:20:50.393  5405  5449 I GestureDetector: obtain mCurrentMotionEventRaw. action: 2 id: 389103302
03-04 19:20:50.398  6173  6173 I RecentsView: Skip loading task enabled : false  changeId : -1
03-04 19:20:50.398  6173  6173 I RecentsOrientedState: current RecentsOrientedState: [this=RecentsOrientedState@21055968 mOrientationHandler=PortraitPagedViewHandler@9364633 mDisplayRotation=0 mTouchRotation=0 mRecentsActivityRotation=0 mRecentsRotation=0 isRecentsActivityRotationAllowed=false mSystemRotation=true mStateId=5504 mFlags=299]
03-04 19:20:50.398  6173  6173 I RecentsViewCallbacksImpl: updateOrientationHandler
03-04 19:20:50.399  6173  6173 I RecentsViewCallbacksImpl: updateSizeAndPadding
03-04 19:20:50.412  6173  6173 I RecentsViewCallbacksImpl: updateGridProperties
03-04 19:20:50.413  6173  6173 I RecentsView: Skip loading task enabled : false  changeId : -1
03-04 19:20:50.414  6173  6173 I SPayUpdater: updateSpayHandler launcher activity is paused true
03-04 19:20:50.414  6173  6173 I RecentsView: resetTaskVisuals
03-04 19:20:50.414  6173  6173 I RecentsView: Skip loading task enabled : false  changeId : -1
03-04 19:20:50.415  6173  6173 I AppsTransitionController: setState - toState : Normal
03-04 19:20:50.415  6173  6173 I HomeStateTransitionController: workspace child count: 2
03-04 19:20:50.416  6173  6173 I CapturePreview: notifyCaptureIfNecessary
03-04 19:20:50.416  6173  6173 I CapturePreview: sendMessageForCapture
03-04 19:20:50.417  6173  6173 I SuggestedAppsAnimationCreator: createAnimator: show = false
03-04 19:20:50.417  6173  6173 I SuggestedAppsAnimationCreator: resetAnimatorProperty: return already toAlpha
03-04 19:20:50.418  6173  6173 I SuggestedAppsAnimationCreator: cancelAnimator
03-04 19:20:50.418  6173  6173 I SearchBarManager: alpha value: [1.0, 0.0, 1.0, 1.0, 1.0]
03-04 19:20:50.418  6173  6173 I SuggestedAppsManager: alpha value: [1.0, 0.0, 1.0, 0.0, 1.0]
03-04 19:20:50.418  6173  6173 I HsClearAllManager: alpha value: [1.0, 0.0, 1.0, 1.0, 1.0]
03-04 19:20:50.418  6173  6173 I HandOffManager: alpha value: [1.0, 0.0, 1.0, 1.0, 1.0, 0.0, 1.0]
03-04 19:20:50.419  6173  6173 I SplitViewManager: alpha value: [1.0, 1.0, 1.0, 0.0, 1.0, 1.0, 1.0, 1.0]
03-04 19:20:50.419  6173  6173 I FgsManager: alpha value: [1.0, 0.0, 1.0, 1.0, 1.0]
03-04 19:20:50.419  6173  6173 I PageEditTransitionController: setState - from : Normal to : Normal
03-04 19:20:50.419  6173  6173 I CapturedBlurTransitionController: doTakeScreenShotOnPendingExecutor() getIsLauncherDrawn(): true, state: Normal, blurFactor: 0.0
03-04 19:20:50.419  6173  6173 I CapturedBlurTransitionController: needTakeScreenshot() blurFactor: 0.0, mLauncher.hasBeenResumed(): false
03-04 19:20:50.419  6173  6173 I StateManager: reapplyState mStateChanged is false
03-04 19:20:50.420  6173  6173 W StatusBarController: onControllerInterceptTouchEvent return false by setting value
03-04 19:20:50.420  6173  6173 W BaseDragLayer: findActiveController return false mTouchDispatchState = 8
03-04 19:20:50.421  6173  6173 W PageOverlayMover: isMoving : false
03-04 19:20:50.425  6173  8544 I DvfsUtil: boostPageSwipe : takenTime = 2376961
03-04 19:20:50.425  6173  8544 I SemDvfsHyPerManager: acquire hyper - LAUNCHER_TOUCH/6173@1, type = -999
03-04 19:20:50.426  4967  5044 I HYPER-HAL: [RequestManager.cpp]acquire(): Acquired ID : 19062226  [6173 / 1]    HINT : LAUNCHER_TOUCH    list : [TIMEOUT / 10000] 
03-04 19:20:50.433  6173  6173 I AbsSwipeUpHandler: updateThumbnail, runningTaskId : 9 refreshView : true
03-04 19:20:50.434  6173  6173 I AbsSwipeUpHandler: setScreenshotCapturedState
03-04 19:20:50.434  6173  6173 I MultiStateCallback: [43192497] Adding [STATE_SCREENSHOT_CAPTURED (4096)] to [STATE_LAUNCHER_PRESENT, STATE_LAUNCHER_STARTED, STATE_LAUNCHER_DRAWN, STATE_LAUNCHER_BIND_TO_SERVICE, STATE_APP_CONTROLLER_RECEIVED, STATE_SCALED_CONTROLLER_HOME, STATE_GESTURE_STARTED, STATE_GESTURE_COMPLETED, STATE_CAPTURE_SCREENSHOT, STATE_RECENTS_VIEW_DRAWN (265535)]
03-04 19:20:50.434  6173  6173 I AbsSwipeUpHandler: finishCurrentTransitionToHome
03-04 19:20:50.434  6173  6173 I RecentsAnimationController: finishController
03-04 19:20:50.434  6173  6173 I RecentsAnimationCallbacks: onAnimationFinished
03-04 19:20:50.436  6173  6173 W PageOverlayMover: isMoving : false
03-04 19:20:50.437  6173  6386 I RecentsAnimationController: finishController, finish
03-04 19:20:50.437  6173  6173 I SPayUpdater: updateSpayHandler launcher activity is paused true
03-04 19:20:50.437  5405  6308 D WindowManager: finish(true): mCanceled=false
03-04 19:20:50.437  5405  6308 D RecentsAnimation: finishAnimation(), caller=com.android.server.wm.RecentsAnimation.onAnimationFinished:471 com.android.server.wm.RecentsAnimationController$3.finish:325 android.view.IRecentsAnimationController$Stub.onTransact:299 android.os.Binder.execTransactInternal:1316 android.os.Binder.execTransact:1280 <bottom of call stack> <bottom of call stack> 
03-04 19:20:50.437  5405  6308 D WindowManager: onAnimationFinished(): controller=com.android.server.wm.RecentsAnimationController@bc115 reorderMode=1
03-04 19:20:50.438  5405  6308 D WindowManager: cleanupAnimation(): Notify animation finished mPendingAnimations=2 reorderMode=1
03-04 19:20:50.438  5405  6308 D WindowManager: removeAnimation(9)
03-04 19:20:50.438  5405  6308 D ActivityTaskManager: setCanAffectSystemUiFlags: true for Task{9904272 #9 type=standard A=1000:com.android.settings.root U=0 visible=true visibleRequested=true mode=fullscreen translucent=false sz=2} from com.android.server.wm.RecentsAnimationController$TaskAnimationAdapter.onRemove:1448 com.android.server.wm.RecentsAnimationController.removeAnimation:612 com.android.server.wm.RecentsAnimationController.cleanupAnimation:1080 com.android.server.wm.WindowManagerService.cleanupRecentsAnimation:3500 com.android.server.wm.RecentsAnimation.lambda$finishAnimation$0:354 com.android.server.wm.RecentsAnimation.$r8$lambda$I2tOJ5Vj5ug_uSlyaHOonygt-D0:0 com.android.server.wm.RecentsAnimation$$ExternalSyntheticLambda2.run:8 com.android.server.wm.WindowManagerService.inSurfaceTransaction:9606 com.android.server.wm.RecentsAnimation.finishAnimation:344 com.android.server.wm.RecentsAnimation.onAnimationFinished:471 
03-04 19:20:50.438  5405  6308 I WindowManager: Reparenting to original parent: Surface(name=DefaultTaskDisplayArea)/@0xd2ce90e, destroy=true, surface=Surface(name=Task=9)/@0x3721fcc
03-04 19:20:50.439  5405  6308 D WindowManager: removeAnimation(7)
03-04 19:20:50.439  5405  6308 D ActivityTaskManager: setCanAffectSystemUiFlags: true for Task{ef5de90 #7 type=home A=10135:com.sec.android.app.launcher.activities.LauncherActivity U=0 rootTaskId=1 visible=true visibleRequested=true mode=fullscreen translucent=false sz=1} from com.android.server.wm.RecentsAnimationController$TaskAnimationAdapter.onRemove:1448 com.android.server.wm.RecentsAnimationController.removeAnimation:612 com.android.server.wm.RecentsAnimationController.cleanupAnimation:1080 com.android.server.wm.WindowManagerService.cleanupRecentsAnimation:3500 com.android.server.wm.RecentsAnimation.lambda$finishAnimation$0:354 com.android.server.wm.RecentsAnimation.$r8$lambda$I2tOJ5Vj5ug_uSlyaHOonygt-D0:0 com.android.server.wm.RecentsAnimation$$ExternalSyntheticLambda2.run:8 com.android.server.wm.WindowManagerService.inSurfaceTransaction:9606 com.android.server.wm.RecentsAnimation.finishAnimation:344 com.android.server.wm.RecentsAnimation.onAnimationFinished:471 
03-04 19:20:50.439  5405  6308 I WindowManager: Reparenting to original parent: Surface(name=Task=1)/@0x83d7309, destroy=true, surface=Surface(name=Task=7)/@0xb24f946
03-04 19:20:50.439  5405  6308 D WindowManager: removeWallpaperAnimation()
03-04 19:20:50.439  5405  6308 I WindowManager: Reparenting to original parent: Surface(name=Leaf:0:1)/@0x852881a, destroy=true, surface=Surface(name=WallpaperWindowToken{ae637d8 token=android.os.Binder@e1d753e})/@0xec136c5
03-04 19:20:50.440  5405  6308 D WindowManager: onFinishRecentsAnimation, animatingRecents=ActivityRecord{f610b8d u0 com.sec.android.app.launcher/.activities.LauncherActivity} t7}
03-04 19:20:50.440  5405  6308 D WindowManager: onAnimationFinished(): targetRootTask=Task{4a5e2dd #1 type=home ?? U=0 visible=false visibleRequested=true mode=fullscreen translucent=false sz=1} targetActivity=ActivityRecord{f610b8d u0 com.sec.android.app.launcher/.activities.LauncherActivity} t7} mRestoreTargetBehindRootTask=Task{9904272 #9 type=standard A=1000:com.android.settings.root U=0 visible=true visibleRequested=true mode=fullscreen translucent=false sz=2}
03-04 19:20:50.440  5405  6308 I Pageboost: moveTaskToFront : 10135:com.sec.android.app.launcher.activities.LauncherActivity
03-04 19:20:50.441  6724  6724 E pageboostd: Received HALT command code 2
03-04 19:20:50.441  5405  6308 V WindowManager: Changing focus from Window{1fdacec u0 com.android.settings/com.android.settings.SubSettings} to Window{b3dadce u0 com.sec.android.app.launcher/com.sec.android.app.launcher.activities.LauncherActivity} displayId=0 Callers=com.android.server.wm.RootWindowContainer.updateFocusedWindowLocked:595 com.android.server.wm.WindowManagerService.updateFocusedWindowLocked:6803 com.android.server.wm.DisplayContent.layoutAndAssignWindowLayersIfNeeded:4794 com.android.server.wm.TaskDisplayArea.positionChildTaskAt:587 
03-04 19:20:50.441  5405  6308 D MARsPolicyManager: onPackageResumedFG pkgName = com.sec.android.app.launcher, userId = 0
03-04 19:20:50.442  5405  6308 I WindowManager: Cancelling animation restarting=true, leash=Surface(name=Surface(name=55d54e7 StatusBar)/@0xf50212f - animation-leash of insets_animation)/@0xd2ea5d9
03-04 19:20:50.442  5405  6308 I WindowManager: Reparenting to original parent: Surface(name=WindowToken{3a025e8 type=2000 android.os.BinderProxy@2e1c2da})/@0x894a33c, destroy=false, surface=Surface(name=55d54e7 StatusBar)/@0xf50212f
03-04 19:20:50.442  5405  6308 I WindowManager: Reparenting to leash, surface=Surface(name=55d54e7 StatusBar)/@0xf50212f, leashParent=Surface(name=WindowToken{3a025e8 type=2000 android.os.BinderProxy@2e1c2da})/@0x894a33c
03-04 19:20:50.442  5052  5096 I SurfaceFlinger: id=7090 createSurf flag=24000, Surface(name=55d54e7 StatusBar)/@0xf50212f - animation-leash of insets_animation#7090
03-04 19:20:50.443  5405  6308 D WindowManager: makeSurface duration=0 leash=Surface(name=Surface(name=55d54e7 StatusBar)/@0xf50212f - animation-leash of insets_animation)/@0x3fa80f6
03-04 19:20:50.443  6173  6173 I RecentsAnimationCallbacks: onAnimationFinished, MAIN_EXECUTOR
03-04 19:20:50.443  5405  6308 I WindowManager: Cancelling animation restarting=true, leash=Surface(name=Surface(name=7b7936b NavigationBar0)/@0x3ba5c41 - animation-leash of insets_animation)/@0x114a67f
03-04 19:20:50.443  5405  6308 I WindowManager: Reparenting to original parent: Surface(name=WindowToken{e8b08ba type=2019 android.os.BinderProxy@29840dc})/@0x9bb45e6, destroy=false, surface=Surface(name=7b7936b NavigationBar0)/@0x3ba5c41
03-04 19:20:50.443  5405  6308 I WindowManager: Reparenting to leash, surface=Surface(name=7b7936b NavigationBar0)/@0x3ba5c41, leashParent=Surface(name=WindowToken{e8b08ba type=2019 android.os.BinderProxy@29840dc})/@0x9bb45e6
03-04 19:20:50.443  6173  6173 I TaskAnimationManager: onRecentsAnimationFinished
03-04 19:20:50.443  6173  6173 I TaskAnimationManager: cleanUpRecentsAnimation
03-04 19:20:50.443  5052  5096 I SurfaceFlinger: id=7091 createSurf flag=24000, Surface(name=7b7936b NavigationBar0)/@0x3ba5c41 - animation-leash of insets_animation#7091
03-04 19:20:50.444  5405  6308 D WindowManager: makeSurface duration=1 leash=Surface(name=Surface(name=7b7936b NavigationBar0)/@0x3ba5c41 - animation-leash of insets_animation)/@0xedaf764
03-04 19:20:50.445  6173  6173 I RecentsAnimationCallbacks: removeAllListeners
03-04 19:20:50.445  5405  6308 D WindowManager: updateSystemBarAttributes: displayId=0, win=Window{b3dadce u0 com.sec.android.app.launcher/com.sec.android.app.launcher.activities.LauncherActivity}, navColorWin=Window{b3dadce u0 com.sec.android.app.launcher/com.sec.android.app.launcher.activities.LauncherActivity}, focusedCanBeNavColorWin=false, behavior=2, appearance=24, statusBarAppearanceRegions=[AppearanceRegion{LIGHT_STATUS_BARS bounds=[0,0][1080,2400]}], requestedVisibilities=ITYPE_STATUS_BAR: visible, ITYPE_CLIMATE_BAR: visible, from=com.android.server.wm.DisplayPolicy.focusChangedLw:3247 com.android.server.wm.DisplayContent.updateFocusedWindowLocked:4632 com.android.server.wm.RootWindowContainer.updateFocusedWindowLocked:595 
03-04 19:20:50.446  5405  6308 D StatusBarManagerService: notifyRequestedSystemKey recent=false home=false
03-04 19:20:50.446  5405  6308 D ActivityTaskManager: scheduleTopResumedActivityChanged, onTop=false r=ActivityRecord{ec8f361 u0 com.android.settings/.SubSettings} t9} caller=com.android.server.wm.ActivityTaskSupervisor.updateTopResumedActivityIfNeeded:2510 com.android.server.wm.TaskDisplayArea.positionChildTaskAt:602 com.android.server.wm.TaskDisplayArea.positionChildAt:537 com.android.server.wm.WindowContainer.positionChildAt:970 com.android.server.wm.Task.positionChildAt:3354 com.android.server.wm.Task.moveToFrontInner:6053 
03-04 19:20:50.447  5405  6308 D InputDispatcher: Focused application(0): ActivityRecord{f610b8d u0 com.sec.android.app.launcher/.activities.LauncherActivity} t7}
03-04 19:20:50.447  5405  6308 D SGM:FgCheckThread: TaskStackListener.onTaskFocusChanged(), taskId=9, focused=false
