03-04 09:29:45.849  5405  5665 W Binder  : 	at com.android.server.biometrics.SemBiometricSysUiManager.$r8$lambda$F4sh1TIOujhCma8g4DJNtJmp78Y(Unknown Source:0)
03-04 09:29:45.849  5405  5665 W Binder  : 	at com.android.server.biometrics.SemBiometricSysUiManager$$ExternalSyntheticLambda11.run(Unknown Source:10)
03-04 09:29:45.849  5405  5665 W Binder  : 	at com.android.server.biometrics.SemBiometricSysUiManager.lambda$runPendingCommand$2(SemBiometricSysUiManager.java:271)
03-04 09:29:45.849  5405  5665 W Binder  : 	at com.android.server.biometrics.SemBiometricSysUiManager.$r8$lambda$Z-kxsO53B35VrNIprz07lMCMWiY(Unknown Source:0)
03-04 09:29:45.849  5405  5665 W Binder  : 	at com.android.server.biometrics.SemBiometricSysUiManager$$ExternalSyntheticLambda6.run(Unknown Source:2)
03-04 09:29:45.849  5405  5665 W Binder  : 	at android.os.Handler.handleCallback(Handler.java:942)
03-04 09:29:45.849  5405  5665 W Binder  : 	at android.os.Handler.dispatchMessage(Handler.java:99)
03-04 09:29:45.849  5405  5665 W Binder  : 	at android.os.Looper.loopOnce(Looper.java:226)
03-04 09:29:45.849  5405  5665 W Binder  : 	at android.os.Looper.loop(Looper.java:313)
03-04 09:29:45.849  5405  5665 W Binder  : 	at android.os.HandlerThread.run(HandlerThread.java:67)
03-04 09:29:45.849  5405  5665 W Binder  : 	at com.android.server.ServiceThread.run(ServiceThread.java:44)
03-04 09:29:45.849  5405  5664 D Biometrics/AuthenticationClient: Requesting auth for com.android.systemui
03-04 09:29:45.850  5245  5245 I vendor.samsung.hardware.biometrics.fingerprint@3.0-service: authenticate(sid=0, gid=0)
03-04 09:29:45.850  5245  5245 I bauth_service: BAuthService, 351
03-04 09:29:45.850  5245  5245 I bauth_service: BAuthService, 66
03-04 09:29:45.851 18473 18473 I BSS_SysUiManager: handleMessage = 7, 500, 1
03-04 09:29:45.851  5763  5763 D FaceWidgetViewModel: onStartedGoingToSleep()
03-04 09:29:45.851  5245 25005 I bauth_FPBAuthService: wci 8 8
03-04 09:29:45.851  5763  5763 D FaceWidgetMusicPageShownManager: mCurrentMediaData is NULL
03-04 09:29:45.851  5763  5763 D FaceWidgetMusicPageShownManager: updateMusicPageShownState() show = false, reattach = false, reason = sleep
03-04 09:29:45.851  5763  5763 D FaceWidgetMusicPageShownManager: skip to show media panel
03-04 09:29:45.851  5245 25005 I bauth_FPBAuthServiceStorage: cid lf
03-04 09:29:45.851  5245 25005 I bauth_FPBAuthServiceStorage: cidlen : 22
03-04 09:29:45.851  5245 25005 I bauth_FPBAuthService: vcidc
03-04 09:29:45.851  5245 25005 I bauth_FPBAuthService: BAuthSessionOpen Skip
03-04 09:29:45.852  5245 25005 I TLC_BAUTH: Call FP cmd 0xc (108)
03-04 09:29:45.852  5245 25005 I bauth_FPBAuthService: check_opcode status = 5, opcode = 0, func_ret_val = 0, function_status = 0, timeout = 0
03-04 09:29:45.852  5245 25005 I bauth_FPBAuthService: FPBAuthService, 1169
03-04 09:29:45.852  5245 25005 I bauth_FPBAuthService: 1 0
03-04 09:29:45.852  5245 25005 E (FPLOG) : 2.0.36.0 DeviceSetClock 1
03-04 09:29:45.856  5245 25005 I bauth_FPEGOPTBAuthSensorControl: FPEGOPTBAuthSensorControl, 178
03-04 09:29:45.856  5245 25005 I TLC_BAUTH: Call FP cmd 0xc (84)
03-04 09:29:45.856  5245 25005 I TLC_BAUTH: Check Input Data Param buf addr = 0x0x0 , length = 0
03-04 09:29:45.857  5245 25005 I tlc_communication: blowfish : tlc_communicate commandID(12) (0x00000000 TEEC_SUCCESS) retry0
03-04 09:29:45.857  5245 25005 I TLC_BAUTH: Check the Trustlet return code is completed
03-04 09:29:45.857  5245 25005 I bauth_FPBAuthService: FPBAuthService, 1215
03-04 09:29:45.857  5245 25005 I bauth_FPBAuthService: FPBAuthService, 5577
03-04 09:29:45.857  5245 25005 I (FPLOG) : efprc : cc 
03-04 09:29:45.858  5245 25005 I bauth_FPEGOPTBAuthSensorControl: FPEGOPTBAuthSensorControl, 603
03-04 09:29:45.858  5245 25005 I bauth_FPBAuthService: FPBAuthService, 5600
03-04 09:29:45.860  5245 25005 I bauth_FPBAuthServiceStorage: FPBAuthServiceStorage, 581
03-04 09:29:45.858  5405  7597 I UcmService: getKeyguardStorageForCurrentUser : 0
03-04 09:29:45.861  5245  5245 I bauth_Worker: Worker, 55
03-04 09:29:45.861  5245  5245 I bauth_FPBAuthService: thread id : 1, preenroll_flag : 0, nd cnt : 0, cso : 0, et : 0
03-04 09:29:45.861  5245  5245 I bauth_service: BAuthService, 392
03-04 09:29:45.861  5245 25005 I bauth_FPBAuthService: FPBAuthService, 5687
03-04 09:29:45.861  5245 25005 I TLC_BAUTH: Call FP cmd 0xc (49)
03-04 09:29:45.861  5245 25005 I TLC_BAUTH: Skip cmd : 0xc, opcode : 49
03-04 09:29:45.861  5245 25005 I bauth_FPBAuthService: iil : 0
03-04 09:29:45.861  5245 25005 I TLC_BAUTH: Call FP cmd 0x5
03-04 09:29:45.862  5405  5664 V BiometricSchedulerOperation: started: {[47] com.android.server.biometrics.sensors.fingerprint.hidl.FingerprintAuthenticationClient, proto=3, owner=com.android.systemui, cookie=0, requestId=7, userId=0}, State: 2
03-04 09:29:45.863  5763  5763 D SecVolume.SecVolumeStore: dispatch [ACTION_DISMISS_REQUESTED] with [STATE_NO_DISPATCH]
03-04 09:29:45.863  5763  5763 D SecVolume.SecVolumeStore:   > New State : [STATE_NO_DISPATCH]
03-04 09:29:45.864  5245 25005 I tlc_communication: blowfish : tlc_communicate commandID(5) (0x00000000 TEEC_SUCCESS) retry0
03-04 09:29:45.864  5245 25005 I TLC_BAUTH: Check Output Data Param buf addr = 0x0x79f28fc950 , length = 0
03-04 09:29:45.864  5245 25005 I TLC_BAUTH: Check the Trustlet return code is completed
03-04 09:29:45.864  5245 25005 I bauth_FPBAuthService: iil : 1
03-04 09:29:45.864  5245 25005 I TLC_BAUTH: Call FP cmd 0x5
03-04 09:29:45.866  5245 25005 I tlc_communication: blowfish : tlc_communicate commandID(5) (0x00000000 TEEC_SUCCESS) retry0
03-04 09:29:45.866  5245 25005 I TLC_BAUTH: Check Output Data Param buf addr = 0x0x79f28fc950 , length = 0
03-04 09:29:45.866  5245 25005 I TLC_BAUTH: Check the Trustlet return code is completed
03-04 09:29:45.866  5245 25005 I bauth_FPBAuthService: iil : 2
03-04 09:29:45.866  5245 25005 I TLC_BAUTH: Call FP cmd 0x5
03-04 09:29:45.867 18473 18473 E ThemeUtils: View class com.airbnb.lottie.LottieAnimationView is an AppCompat widget that can only be used with a Theme.AppCompat theme (or descendant).
03-04 09:29:45.868  5018  5018 I sysinput:Touch: writeInformation:248, OK
03-04 09:29:45.869  5405  5665 D SysinputHAL_V1_3(V1_2): runTspCmdNoRead(1): fod_enable,1,1,0(0)
03-04 09:29:45.869  5405  5665 I FingerprintService: setTspMode: [2] done
03-04 09:29:45.869  5405  7597 D SemInputCommandService: getFodInfo: devid:1
03-04 09:29:45.870  5018  5018 I sysinput:Touch: writeInformation:248, OK
03-04 09:29:45.870  5405  5665 D SysinputHAL_V1_3(V1_2): runTspCmdNoRead(1): fod_enable,1,0,0(0)
03-04 09:29:45.870  5405  5665 I FingerprintService: setTspMode: [3] done
03-04 09:29:45.871  5018  5018 I sysinput:Touch: readInformation:222, fod_info: 16,12,24,16,34 OK
03-04 09:29:45.871  5405  7597 D SysinputHAL_V1_3: getProperty(TSP_1): FOD_INFO:16,12,24,16,34
03-04 09:29:45.875 18473 18473 I BSS_HbmLockStateMonitor: setHbmLockState: false, 1, 0
03-04 09:29:45.888  5405  7526 D SemDisplaySolutionManagerService: getAlphaMaskLevel() CurrentPlatformBrightnessValue : 15.0 , FingerPrintPlatformValue : 319.0 , br_ctrl : 1.0 , gamma : 2.2
03-04 09:29:45.888  5405  7526 D SemDisplaySolutionManagerService: calculateAlphaBlendingValue() currentNits : 20.0 , targetNits : 525.0 , br_ctrl : 1.0 , gamma : 2.2
03-04 09:29:45.889 18473 18473 I BSS_AlphaMaskWindow: getBackgroundColor: c5000000, 15.0, 0.7735662, 525.0, 60.0
03-04 09:29:45.890 18473 18473 I BSS_AlphaMaskWindow: setVisibility: [4]
03-04 09:29:45.896  5245 25005 I tlc_communication: blowfish : tlc_communicate commandID(5) (0x00000000 TEEC_SUCCESS) retry0
03-04 09:29:45.896  5245 25005 I TLC_BAUTH: Check the Trustlet return code is completed
03-04 09:29:45.896  5245 25005 I bauth_FPBAuthService: FPBAuthService, 5757
03-04 09:29:45.896  5245 25005 I bauth_FPBAuthService: toil : 1:2:3:, 6
03-04 09:29:45.896  5245 25005 I bauth_FPBAuthService: check_opcode status = 2, opcode = 0, func_ret_val = 0, function_status = 0, timeout = 0
03-04 09:29:45.896  5245 25005 I bauth_FPBAuthService: FPBAuthService, 2949
03-04 09:29:45.896  5245 25005 I bauth_FPBAuthService: fpop : 100020
03-04 09:29:45.896  5245 25005 I bauth_FPBAuthUserInfo: FPBAuthUserInfo, 177
03-04 09:29:45.896  5245 25005 I bauth_FPBAuthService: FPBAuthService, 5857
03-04 09:29:45.896  5245 25005 I TLC_BAUTH: Call FP cmd 0x6
03-04 09:29:45.896  5405  5664 I FingerprintService: handleAcquired: acquiredInfo=6, vendor=10001
03-04 09:29:45.897  5405  5664 D FingerprintService: onAcquired: 6, 10001
03-04 09:29:45.897  5405  5664 V Biometrics/AcquisitionClient: Acquired: 6 10001, shouldSend: true
03-04 09:29:45.898  5763  5924 I FingerprintManager: handleMessage = 101, 6, 10001
03-04 09:29:45.898  5763  5763 D KeyguardFingerprint: handleFingerprintAuth fpMsg index = 0 / type = 4
03-04 09:29:45.898  5245 25005 I tlc_communication: blowfish : tlc_communicate commandID(6) (0x00000000 TEEC_SUCCESS) retry0
03-04 09:29:45.898  5245 25005 I TLC_BAUTH: Check the Trustlet return code is completed
03-04 09:29:45.898  5763  5763 D KeyguardFingerprint: onAuthenticationAcquired( 6  )
03-04 09:29:45.898  5245 25005 I bauth_FPBAuthService: check_opcode status = 2, opcode = 4, func_ret_val = 0, function_status = 1, timeout = -1
03-04 09:29:45.898  5245 25005 I bauth_FPBAuthService: FPBAuthService, 2987
03-04 09:29:45.898  5763  5763 D KeyguardFingerprint: handleFingerprintAcquired( 6  )
03-04 09:29:45.898  5245 25005 I bauth_FPBAuthService: 0 1
03-04 09:29:45.898  5245 25005 I TLC_BAUTH: Call FP cmd 0xc (83)
03-04 09:29:45.898  5245 25005 I TLC_BAUTH: Check Input Data Param buf addr = 0x0x0 , length = 0
03-04 09:29:45.898  5763  5763 W KeyguardFingerprint: handleFingerprintAuth dispatchCount = 1 / elapsed time: 0ms
03-04 09:29:45.899  5245 25005 I tlc_communication: blowfish : tlc_communicate commandID(12) (0x00000000 TEEC_SUCCESS) retry0
03-04 09:29:45.899  5245 25005 I TLC_BAUTH: Check the Trustlet return code is completed
03-04 09:29:45.899  5405  7597 D PowerManagerService: [api] userActivity : event: 0 flags: 0 (uid: 10052 pid: 5763) eventTime = 19543898 displayId = 0
03-04 09:29:45.899  5245 25005 E (FPLOG) : 2.0.36.0 DeviceSetClock 0
03-04 09:29:45.899  5245 25005 I bauth_FPEGOPTBAuthSensorControl: FPEGOPTBAuthSensorControl, 200
03-04 09:29:45.899  5245 25005 I bauth_FPBAuthService: FPBAuthService, 1288
03-04 09:29:45.899  5245 25005 I bauth_FPBAuthService: FPBAuthService, 3008
03-04 09:29:45.901  5052  5729 I SurfaceFlinger: id=1175 createSurf flag=80004, WindowToken{82845ae type=2619 android.os.BinderProxy@b0fde29}#1175
03-04 09:29:45.904  5405  7526 D InputTransport: Input channel constructed: 'f4df4f ', fd=961
03-04 09:29:45.904  5405  7526 D InputTransport: Input channel constructed: 'f4df4f ', fd=962
03-04 09:29:45.905  5405  7526 D InputTransport: Input channel constructed: 'f4df4f ', fd=963
03-04 09:29:45.906  5052  5729 I SurfaceFlinger: id=1176 createSurf flag=80004, f4df4f FP Iconview#1176
03-04 09:29:45.913  4905  4905 I Zygote  : Process 21120 exited due to signal 9 (Killed)
03-04 09:29:45.916  5405  7526 D InputTransport: Input channel destroyed: 'f4df4f ', fd=963
03-04 09:29:45.918  5405  5462 I libprocessgroup: Successfully killed process cgroup uid 10106 pid 23519 in 0ms
03-04 09:29:45.919 18473 18473 I ViewRootImpl@d320251[FP Iconview]: setView = android.widget.FrameLayout@1c3728d TM=true
03-04 09:29:45.919  5405  7526 D CoreBackPreview: Window{f4df4f u0 FP Iconview}: Setting back callback OnBackInvokedCallbackInfo{mCallback=android.window.IOnBackInvokedCallback$Stub$Proxy@49f33e5, mPriority=0}
03-04 09:29:45.922  5052  5096 I SurfaceFlinger: id=1177 createSurf flag=80004, WindowToken{f4a216b type=2619 android.os.BinderProxy@1b70eba}#1177
03-04 09:29:45.923  5405  7526 D InputTransport: Input channel constructed: 'c8104c8', fd=896
03-04 09:29:45.923  5405  7526 D InputTransport: Input channel constructed: 'c8104c8', fd=964
03-04 09:29:45.924  5405  7526 D InputTransport: Input channel constructed: 'c8104c8', fd=965
03-04 09:29:45.924  5052  5096 I SurfaceFlinger: id=1178 createSurf flag=80004, c8104c8 FP Maskview#1178
03-04 09:29:45.925  5405  7526 D InputTransport: Input channel destroyed: 'c8104c8', fd=965
03-04 09:29:45.928 18473 18473 I ViewRootImpl@728e453[FP Maskview]: setView = android.widget.FrameLayout@d5372af TM=true
03-04 09:29:45.931  5405  7526 D CoreBackPreview: Window{c8104c8 u0 FP Maskview}: Setting back callback OnBackInvokedCallbackInfo{mCallback=android.window.IOnBackInvokedCallback$Stub$Proxy@8375c86, mPriority=0}
03-04 09:29:45.933 18473 18473 I BSS_HbmController: setCurrentState : DisplayOnState -> DisplayOffState
03-04 09:29:45.933 18473 18473 I BSS_SysUiManager: handleMessage = 7, 115, 0
03-04 09:29:45.933 18473 18473 I BSS_SysUiManager: handleMessage = 1, 63229706, 4
03-04 09:29:45.934  5405  7443 I UcmService: getKeyguardStorageForCurrentUser : 0
03-04 09:29:45.935 18473 18473 I BSS_InDisplaySensorWindow: SIL: 0, 424, 2007
03-04 09:29:45.940  5405  7443 D WALLPAPER_SVC:WallpaperManagerService: getWallpaperSafeLocked, userId = 0, which = 2, caller = com.android.server.wallpaper.WallpaperManagerService.semGetWallpaperColors:7884 
03-04 09:29:45.940 18473 18473 I SemWallpaperColorsArea: Final area : Rect(63, 31 - 1015, 86)
03-04 09:29:45.941 18473 18473 I SemWallpaperColorsArea: Final area : Rect(105, 454 - 973, 724)
03-04 09:29:45.941 18473 18473 I SemWallpaperColorsArea: Final area : Rect(105, 1207 - 973, 1260)
03-04 09:29:45.941 18473 18473 I SemWallpaperColorsArea: Final area : Rect(105, 1735 - 973, 2220)
03-04 09:29:45.941 18473 18473 I SemWallpaperColorsArea: Final area : Rect(813, 2178 - 871, 2236)
03-04 09:29:45.941 18473 18473 I SemWallpaperColorsArea: Final area : Rect(0, 0 - 1078, 2270)
03-04 09:29:45.941  5405  7443 D FingerprintService.Ext: handleBioSysUiRequest: 6, 0, 0, null
03-04 09:29:45.942 18473 18473 I BSS_InDisplaySensorWindow: animationType : 1
03-04 09:29:45.949 18473 18473 I BSS_InDisplaySensorWindow: Create VisualEffectLayer
03-04 09:29:45.950 18473 18473 E ThemeUtils: View class com.airbnb.lottie.LottieAnimationView is an AppCompat widget that can only be used with a Theme.AppCompat theme (or descendant).
03-04 09:29:45.951  4905  4905 I Zygote  : Process 22712 exited due to signal 9 (Killed)
03-04 09:29:45.952 18473 18473 I BSS_InDisplaySensorWindow: VisualEffectLayer.updateValue: -1
03-04 09:29:45.956 18473 18473 I BSS_InDisplaySensorHelper: AodStatusListener.updateValue: true, 0, false, 420, 0
03-04 09:29:45.958 18473 18473 I BSS_InDisplaySensorHelper: SensorIconOptionListener.updateValue: 2
03-04 09:29:45.958 18473 18473 I BSS_InDisplaySensorWindow: setVisibility: [4]
03-04 09:29:45.960 18473 18473 I BSS_InDisplaySensorWindow: setVisibility: [4]
03-04 09:29:45.961 18473 18473 I SurfaceView@7c81c63: onWindowVisibilityChanged(4) false com.samsung.android.biometrics.app.setting.fingerprint.BlackMaskView{7c81c63 V.E...... ......I. 0,0-0,0 #7f090149 app:id/sem_fingerprint_blackmask_surfaceview} of ViewRootImpl@d320251[FP Iconview]
03-04 09:29:45.963 18473 18473 I ViewRootImpl@d320251[FP Iconview]: performTraversals params={(0,0)(1080x2400) sim={adjust=pan} layoutInDisplayCutoutMode=always ty=2619 fmt=TRANSLUCENT surfaceInsets=Rect(6, 6 - 6, 6)
03-04 09:29:45.963 18473 18473 I ViewRootImpl@d320251[FP Iconview]:   fl=1000018
03-04 09:29:45.963 18473 18473 I ViewRootImpl@d320251[FP Iconview]:   pfl=12102050
03-04 09:29:45.963 18473 18473 I ViewRootImpl@d320251[FP Iconview]:   bhv=DEFAULT naviIconColor=0
03-04 09:29:45.963 18473 18473 I ViewRootImpl@d320251[FP Iconview]:   sfl=60008}
03-04 09:29:45.963 18473 18473 I ViewRootImpl@d320251[FP Iconview]: performTraversals mFirst=true windowShouldResize=true viewVisibilityChanged=false mForceNextWindowRelayout=false params={(0,0)(1080x2400) sim={adjust=pan} layoutInDisplayCutoutMode=always ty=2619 fmt=TRANSLUCENT surfaceInsets=Rect(6, 6 - 6, 6)
03-04 09:29:45.963 18473 18473 I ViewRootImpl@d320251[FP Iconview]:   fl=1000018
03-04 09:29:45.963 18473 18473 I ViewRootImpl@d320251[FP Iconview]:   pfl=12102050
03-04 09:29:45.963 18473 18473 I ViewRootImpl@d320251[FP Iconview]:   bhv=DEFAULT naviIconColor=0
03-04 09:29:45.963 18473 18473 I ViewRootImpl@d320251[FP Iconview]:   sfl=60008}
03-04 09:29:45.964  5405  5575 V WindowManager: Relayout Window{f4df4f u0 FP Iconview}: viewVisibility=4 req=1080x2400 d0
03-04 09:29:45.966 17326 17326 I adbd    : Remote process closed the socket (on MSG_PEEK)
03-04 09:29:45.967  5405  5575 V WindowManager: Relayout hash=f4df4f, pid=18473, syncId=-1: mAttrs={(0,0)(1080x2400) sim={adjust=pan} layoutInDisplayCutoutMode=always ty=2619 fmt=TRANSLUCENT surfaceInsets=Rect(6, 6 - 6, 6)
03-04 09:29:45.967  5405  5575 V WindowManager:   fl=1000018
03-04 09:29:45.967  5405  5575 V WindowManager:   pfl=12102050
03-04 09:29:45.967  5405  5575 V WindowManager:   bhv=DEFAULT naviIconColor=0
03-04 09:29:45.967  5405  5575 V WindowManager:   sfl=60008}
03-04 09:29:45.969 18473 18473 I ViewRootImpl@d320251[FP Iconview]: Relayout returned: old=(0,0,1080,2400) new=(0,0,1080,2400) req=(1080,2400)4 dur=6 res=0x0 s={false 0x0} ch=false seqId=0
03-04 09:29:45.970 18473 18473 I SurfaceView@7c81c63: releaseSurfaces: viewRoot = ViewRootImpl@d320251[FP Iconview]
03-04 09:29:45.970 18473 18473 I SurfaceView@7c81c63: applyTransactionOnVriDraw: vri = ViewRootImpl@d320251[FP Iconview] fRS = true t = 0x756d1aa500 android.view.SurfaceView.releaseSurfaces:858 android.view.SurfaceView.updateSurface:998 android.view.SurfaceView.lambda$new$0$android-view-SurfaceView:200 
03-04 09:29:45.970 18473 18473 I SurfaceView@7c81c63: applyTransactionOnVriDraw: viewRoot.applyTransactionOnDrawFromReleaseSurfaces
03-04 09:29:45.970 18473 18473 I ViewRootImpl@d320251[FP Iconview]: applyTransactionOnDraw: mRemoved = false isHardwareEnabled = false t = 0x756d1aa500android.view.ViewRootImpl.applyTransactionOnDrawFromReleaseSurfaces:12850 android.view.SurfaceView.applyTransactionOnVriDraw:2046 android.view.SurfaceView.releaseSurfaces:858 android.view.SurfaceView.updateSurface:998 android.view.SurfaceView.lambda$new$0$android-view-SurfaceView:200 
03-04 09:29:45.971 18473 18473 I SurfaceView@d1ab4db: onWindowVisibilityChanged(4) false com.samsung.android.biometrics.app.setting.fingerprint.LightSourceView{d1ab4db V.E...... ......I. 0,0-0,0 #7f09014d app:id/sem_fingerprint_lightsource_surfaceview} of ViewRootImpl@728e453[FP Maskview]
03-04 09:29:45.972 18473 18473 I ViewRootImpl@728e453[FP Maskview]: performTraversals params={(0,0)(1080x2400) sim={adjust=pan} layoutInDisplayCutoutMode=always ty=2619 fmt=TRANSLUCENT
03-04 09:29:45.972 18473 18473 I ViewRootImpl@728e453[FP Maskview]:   fl=1000018
03-04 09:29:45.972 18473 18473 I ViewRootImpl@728e453[FP Maskview]:   pfl=12100010
03-04 09:29:45.972 18473 18473 I ViewRootImpl@728e453[FP Maskview]:   bhv=DEFAULT naviIconColor=0
03-04 09:29:45.972 18473 18473 I ViewRootImpl@728e453[FP Maskview]:   sfl=60008}
03-04 09:29:45.973 18473 18473 I ViewRootImpl@728e453[FP Maskview]: performTraversals mFirst=true windowShouldResize=true viewVisibilityChanged=false mForceNextWindowRelayout=false params={(0,0)(1080x2400) sim={adjust=pan} layoutInDisplayCutoutMode=always ty=2619 fmt=TRANSLUCENT
03-04 09:29:45.973 18473 18473 I ViewRootImpl@728e453[FP Maskview]:   fl=1000018
03-04 09:29:45.973 18473 18473 I ViewRootImpl@728e453[FP Maskview]:   pfl=12100010
03-04 09:29:45.973 18473 18473 I ViewRootImpl@728e453[FP Maskview]:   bhv=DEFAULT naviIconColor=0
03-04 09:29:45.973 18473 18473 I ViewRootImpl@728e453[FP Maskview]:   sfl=60008}
03-04 09:29:45.973  5405  5575 V WindowManager: Relayout Window{c8104c8 u0 FP Maskview}: viewVisibility=4 req=1080x2400 d0
03-04 09:29:45.975  4905  4905 I Zygote  : Process 20640 exited due to signal 9 (Killed)
03-04 09:29:45.975  4905  4905 I Zygote  : Process 22981 exited due to signal 9 (Killed)
03-04 09:29:45.976  4905  4905 I Zygote  : Process 23185 exited due to signal 9 (Killed)
03-04 09:29:45.976  5405  5575 V WindowManager: Relayout hash=c8104c8, pid=18473, syncId=-1: mAttrs={(0,0)(1080x2400) sim={adjust=pan} layoutInDisplayCutoutMode=always ty=2619 fmt=TRANSLUCENT
03-04 09:29:45.976  5405  5575 V WindowManager:   fl=1000018
03-04 09:29:45.976  5405  5575 V WindowManager:   pfl=12100010
03-04 09:29:45.976  5405  5575 V WindowManager:   bhv=DEFAULT naviIconColor=0
03-04 09:29:45.976  5405  5575 V WindowManager:   sfl=60008}
03-04 09:29:45.978 18473 18473 I ViewRootImpl@728e453[FP Maskview]: Relayout returned: old=(0,0,1080,2400) new=(0,0,1080,2400) req=(1080,2400)4 dur=5 res=0x0 s={false 0x0} ch=false seqId=0
03-04 09:29:45.980 18473 18473 I SurfaceView@d1ab4db: releaseSurfaces: viewRoot = ViewRootImpl@728e453[FP Maskview]
03-04 09:29:45.981 18473 18473 I SurfaceView@d1ab4db: applyTransactionOnVriDraw: vri = ViewRootImpl@728e453[FP Maskview] fRS = true t = 0x756d1aa600 android.view.SurfaceView.releaseSurfaces:858 android.view.SurfaceView.updateSurface:998 android.view.SurfaceView.lambda$new$0$android-view-SurfaceView:200 
03-04 09:29:45.981 18473 18473 I SurfaceView@d1ab4db: applyTransactionOnVriDraw: viewRoot.applyTransactionOnDrawFromReleaseSurfaces
03-04 09:29:45.981 18473 18473 I ViewRootImpl@728e453[FP Maskview]: applyTransactionOnDraw: mRemoved = false isHardwareEnabled = false t = 0x756d1aa600android.view.ViewRootImpl.applyTransactionOnDrawFromReleaseSurfaces:12850 android.view.SurfaceView.applyTransactionOnVriDraw:2046 android.view.SurfaceView.releaseSurfaces:858 android.view.SurfaceView.updateSurface:998 android.view.SurfaceView.lambda$new$0$android-view-SurfaceView:200 
03-04 09:29:45.981 18473 18473 I BSS_SysUiManager: handleMessage = 7, 202, 10001
03-04 09:29:45.984  5405  5542 I UMR     : E|Compact d_rss=-29196KB
03-04 09:29:45.985  4905  4905 I Zygote  : Process 23229 exited due to signal 9 (Killed)
03-04 09:29:45.986 18473 18473 I SurfaceView@7c81c63: releaseSurfaces: viewRoot = ViewRootImpl@d320251[FP Iconview]
03-04 09:29:45.986 18473 18473 I SurfaceView@7c81c63: applyTransactionOnVriDraw: vri = ViewRootImpl@d320251[FP Iconview] fRS = true t = 0x758620c400 android.view.SurfaceView.releaseSurfaces:858 android.view.SurfaceView.updateSurface:998 android.view.SurfaceView.setFrame:525 
03-04 09:29:45.986 18473 18473 I SurfaceView@7c81c63: applyTransactionOnVriDraw: viewRoot.applyTransactionOnDrawFromReleaseSurfaces
03-04 09:29:45.986 18473 18473 I ViewRootImpl@d320251[FP Iconview]: applyTransactionOnDraw: mRemoved = false isHardwareEnabled = false t = 0x758620c400android.view.ViewRootImpl.applyTransactionOnDrawFromReleaseSurfaces:12850 android.view.SurfaceView.applyTransactionOnVriDraw:2046 android.view.SurfaceView.releaseSurfaces:858 android.view.SurfaceView.updateSurface:998 android.view.SurfaceView.setFrame:525 
03-04 09:29:45.987 18473 18473 I SurfaceView@7c81c63: releaseSurfaces: viewRoot = ViewRootImpl@d320251[FP Iconview]
03-04 09:29:45.987 18473 18473 I SurfaceView@7c81c63: applyTransactionOnVriDraw: vri = ViewRootImpl@d320251[FP Iconview] fRS = true t = 0x7564ebac00 android.view.SurfaceView.releaseSurfaces:858 android.view.SurfaceView.updateSurface:998 android.view.SurfaceView.lambda$new$0$android-view-SurfaceView:200 
03-04 09:29:45.987 18473 18473 I SurfaceView@7c81c63: applyTransactionOnVriDraw: viewRoot.applyTransactionOnDrawFromReleaseSurfaces
03-04 09:29:45.987  5405  5542 I UMR     : B|Compact com.samsung.android.samsungpositioning(23597)
03-04 09:29:45.987 18473 18473 I ViewRootImpl@d320251[FP Iconview]: applyTransactionOnDraw: mRemoved = false isHardwareEnabled = false t = 0x7564ebac00android.view.ViewRootImpl.applyTransactionOnDrawFromReleaseSurfaces:12850 android.view.SurfaceView.applyTransactionOnVriDraw:2046 android.view.SurfaceView.releaseSurfaces:858 android.view.SurfaceView.updateSurface:998 android.view.SurfaceView.lambda$new$0$android-view-SurfaceView:200 
03-04 09:29:45.988 18473 18473 I SurfaceView@d1ab4db: releaseSurfaces: viewRoot = ViewRootImpl@728e453[FP Maskview]
03-04 09:29:45.988 18473 18473 I SurfaceView@d1ab4db: applyTransactionOnVriDraw: vri = ViewRootImpl@728e453[FP Maskview] fRS = true t = 0x7564ebad00 android.view.SurfaceView.releaseSurfaces:858 android.view.SurfaceView.updateSurface:998 android.view.SurfaceView.lambda$new$0$android-view-SurfaceView:200 
03-04 09:29:45.988 18473 18473 I SurfaceView@d1ab4db: applyTransactionOnVriDraw: viewRoot.applyTransactionOnDrawFromReleaseSurfaces
03-04 09:29:45.988 18473 18473 I ViewRootImpl@728e453[FP Maskview]: applyTransactionOnDraw: mRemoved = false isHardwareEnabled = false t = 0x7564ebad00android.view.ViewRootImpl.applyTransactionOnDrawFromReleaseSurfaces:12850 android.view.SurfaceView.applyTransactionOnVriDraw:2046 android.view.SurfaceView.releaseSurfaces:858 android.view.SurfaceView.updateSurface:998 android.view.SurfaceView.lambda$new$0$android-view-SurfaceView:200 
03-04 09:29:45.989  4905  4905 I Zygote  : Process 22832 exited due to signal 9 (Killed)
03-04 09:29:46.041  5405  7462 W ActivityManager: Exception when unbinding service com.samsung.android.authfw/.pass.PassService
03-04 09:29:46.041  5405  7462 W ActivityManager: android.os.DeadObjectException
03-04 09:29:46.041  5405  7462 W ActivityManager: 	at android.os.BinderProxy.transactNative(Native Method)
03-04 09:29:46.041  5405  7462 W ActivityManager: 	at android.os.BinderProxy.transact(BinderProxy.java:662)
03-04 09:29:46.041  5405  7462 W ActivityManager: 	at android.app.IApplicationThread$Stub$Proxy.scheduleUnbindService(IApplicationThread.java:1445)
03-04 09:29:46.041  5405  7462 W ActivityManager: 	at com.android.server.am.ActiveServices.removeConnectionLocked(ActiveServices.java:5197)
03-04 09:29:46.041  5405  7462 W ActivityManager: 	at com.android.server.am.ActiveServices.killServicesLocked(ActiveServices.java:5737)
03-04 09:29:46.041  5405  7462 W ActivityManager: 	at com.android.server.am.ActivityManagerService.cleanUpApplicationRecordLocked(ActivityManagerService.java:14749)
03-04 09:29:46.041  5405  7462 W ActivityManager: 	at com.android.server.am.ActivityManagerService.handleAppDiedLocked(ActivityManagerService.java:3842)
03-04 09:29:46.041  5405  7462 W ActivityManager: 	at com.android.server.am.ActivityManagerService.appDiedLocked(ActivityManagerService.java:4036)
03-04 09:29:46.041  5405  7462 W ActivityManager: 	at com.android.server.am.ActivityManagerService$AppDeathRecipient.binderDied(ActivityManagerService.java:1832)
03-04 09:29:46.041  5405  7462 W ActivityManager: 	at android.os.IBinder$DeathRecipient.binderDied(IBinder.java:323)
03-04 09:29:46.041  5405  7462 W ActivityManager: 	at android.os.BinderProxy.sendDeathNotice(BinderProxy.java:781)
03-04 09:29:46.042  5405  7462 W ActivityManager: Scheduling restart of crashed service com.samsung.android.samsungpass/.passservice.PassService in 1000ms for connection
03-04 09:29:46.043  4905  4905 I Zygote  : Process 20792 exited due to signal 9 (Killed)
03-04 09:29:46.051  5405  5626 D ConnectivityService: releasing NetworkRequest [ REQUEST id=486, [ Capabilities: INTERNET&NOT_RESTRICTED&TRUSTED&NOT_VCN_MANAGED Uid: 10224 RequestorUid: 10224 RequestorPkg: com.google.android.gms UnderlyingNetworks: Null] ] (release request)
03-04 09:29:46.055  4905  4905 I Zygote  : Process 23111 exited due to signal 9 (Killed)
03-04 09:29:46.055  5405  5626 D ConnectivityService:  Removing from current network [100 WIFI], leaving 111 requests.
03-04 09:29:46.056  5405  5626 D ConnectivityService: releasing NetworkRequest [ REQUEST id=483, [ Capabilities: INTERNET&NOT_RESTRICTED&TRUSTED&NOT_VCN_MANAGED Uid: 10224 RequestorUid: 10224 RequestorPkg: com.google.android.gms UnderlyingNetworks: Null] ] (release request)
03-04 09:29:46.057  5405  5626 D ConnectivityService:  Removing from current network [100 WIFI], leaving 110 requests.
03-04 09:29:46.084  4905  4905 I Zygote  : Process 22709 exited due to signal 9 (Killed)
03-04 09:29:46.094  4905  4905 I Zygote  : Process 21959 exited due to signal 9 (Killed)
03-04 09:29:46.096  5405  5477 D DisplayPowerState: !@ColorFade entry displayId=0
03-04 09:29:46.097  5405  5477 D DisplayPowerController[0]: ColorFade: onAnimationEnd
03-04 09:29:46.102  4905  4905 I Zygote  : Process 22581 exited due to signal 9 (Killed)
03-04 09:29:46.102  5405  5477 D DisplayPowerController[0]: animateScreenStateChange: target=1, mLogicalDisplay.isEnabled()=true
03-04 09:29:46.102  5405  5477 I DisplayPowerController[0]: Blocking screen off
03-04 09:29:46.102  5405  5477 D DisplayPowerController[0]: mWindowManagerPolicy.screenTurningOff()
03-04 09:29:46.103  5405  5477 V KeyguardServiceDelegate: onScreenTurningOff()
03-04 09:29:46.103  5405  5477 I DisplayPowerController[0]: Unblocked screen off after 1 ms
03-04 09:29:46.103  5405  5714 D BrightnessHandler: inject brightness = 0.0, Brightness: 0.0
03-04 09:29:46.103  5763  6743 D KeyguardService: onScreenTurningOff
03-04 09:29:46.104  5763  5763 D SecLifecycle: screenState=3
03-04 09:29:46.105  4369  4619 I servicemanager: 'com.samsung.android.pass.IPassService' died
03-04 09:29:46.105  4953  4953 I SensorsHub: LightSensor::injectSensorData: brightness 0
03-04 09:29:46.104  5405  5451 D RestrictionPolicy: isScreenCaptureEnabled : ret=true userId=0
03-04 09:29:46.106  5405  5451 D RestrictionPolicy: isScreenCaptureEnabled : ret=true userId=0
03-04 09:29:46.106  5405  5477 D DisplayPowerController[0]: mWindowManagerPolicy.screenTurnedOff()
03-04 09:29:46.106  5405  5477 I WindowManager: Display0 turned off...
03-04 09:29:46.107  5405  5542 I UMR     : E|Compact d_rss=-22700KB
03-04 09:29:46.107  4972  4972 I SehLight: lcd : 0+
03-04 09:29:46.107  5405  5467 I KernelWakelockReader: readKernelWakelockStats(false)
03-04 09:29:46.108  4972  4972 I SehLight: lcd : 0-
03-04 09:29:46.111  4905  4905 I Zygote  : Process 23290 exited due to signal 9 (Killed)
03-04 09:29:46.113  5405  7621 D SemDisplaySolutionManagerService: getAlphaMaskLevel() CurrentPlatformBrightnessValue : 0.0 , FingerPrintPlatformValue : 319.0 , br_ctrl : 1.0 , gamma : 2.2
03-04 09:29:46.113  5405  7621 D SemDisplaySolutionManagerService: calculateAlphaBlendingValue() currentNits : 2.0 , targetNits : 525.0 , br_ctrl : 1.0 , gamma : 2.2
03-04 09:29:46.114 18473 18473 I BSS_AlphaMaskWindow: getBackgroundColor: ea000000, 0.0, 0.92049474, 525.0, 60.0
03-04 09:29:46.115  4603  5366 W android.system.suspend@1.0-service: getWakeLockStats +
03-04 09:29:46.116  5052  5052 I Layer   : id=1179 Destroyed Screenshot Parent#1179
03-04 09:29:46.116  4603  5366 I android.system.suspend@1.0-service: name: PowerManagerService.Display, isActive: 1, LC: 19544116, AC: 661, AT: 1809573, TT: 12930454
03-04 09:29:46.116  4603  5366 I android.system.suspend@1.0-service: name: PowerManager.SuspendLockout, isActive: 1, LC: 19544116, AC: 663, AT: 1809573, TT: 12931034
03-04 09:29:46.116  4603  5366 W android.system.suspend@1.0-service: getWakeLockStats -
03-04 09:29:46.118  5405  5467 D KernelWakelockReader: name=PowerManagerService.WakeLocks	 isActive=false	 lastChange=19498013	 activeCount=1337	 activeTime=0	 totalTime=3798479	 version=73	 time_delta=2112000
03-04 09:29:46.118  5405  5467 D KernelWakelockReader: name=PowerManagerService.Broadcasts	 isActive=false	 lastChange=17734937	 activeCount=16	 activeTime=0	 totalTime=8781	 version=73	 time_delta=0
03-04 09:29:46.118  5405  5467 D KernelWakelockReader: name=PowerManagerService.Display	 isActive=true	 lastChange=19544116	 activeCount=661	 activeTime=1809573	 totalTime=12930454	 version=73	 time_delta=484378000
03-04 09:29:46.118  5405  5467 D KernelWakelockReader: name=PowerManager.SuspendLockout	 isActive=true	 lastChange=19544116	 activeCount=663	 activeTime=1809573	 totalTime=12931034	 version=73	 time_delta=484378000
03-04 09:29:46.118  5405  5467 D KernelWakelockReader: name=PowerManagerService.Booting	 isActive=false	 lastChange=46117	 activeCount=1	 activeTime=0	 totalTime=31069	 version=73	 time_delta=0
03-04 09:29:46.119  5405  5467 I BatteryStatsImpl: updateKernelWakelocksLocked:: name=PowerManager.SuspendLockout / totalTime=12931034000 / mCount=663 / version=73
03-04 09:29:46.119  5405  5467 I BatteryStatsImpl: updateKernelWakelocksLocked:: name=PowerManagerService.Display / totalTime=12930454000 / mCount=661 / version=73
03-04 09:29:46.119  5405  5467 I BatteryStatsImpl: updateKernelWakelocksLocked:: name=PowerManagerService.WakeLocks / totalTime=3798479000 / mCount=1337 / version=73
03-04 09:29:46.119  5405  5467 I BatteryStatsImpl: updateKernelWakelocksLocked:: name=PowerManagerService.Broadcasts / totalTime=8781000 / mCount=16 / version=73
03-04 09:29:46.119  5405  5467 I BatteryStatsImpl: updateKernelWakelocksLocked:: name=PowerManagerService.Booting / totalTime=31069000 / mCount=1 / version=73
03-04 09:29:46.122  4905  4905 I Zygote  : Process 23519 exited due to signal 9 (Killed)
03-04 09:29:46.122  5405  5462 I libprocessgroup: Successfully killed process cgroup uid 10157 pid 20640 in 0ms
03-04 09:29:46.123  5405  5462 I libprocessgroup: Successfully killed process cgroup uid 10071 pid 23928 in 0ms
03-04 09:29:46.123  5000  5000 I health-service: [api] update() (u:1000 p:5405)
03-04 09:29:46.123  5000  5000 I health-service: [api] getHealthInfo() (u:1000 p:5405)
03-04 09:29:46.124  5405  5468 D BatteryExternalStatsWorker: update stats : screen-state (1)
03-04 09:29:46.124  5405  5451 D DisplayPowerController[0]: [api] WindowManagerPolicy.ScreenOffListener : called onScreenOff()
03-04 09:29:46.125  5405  5542 I UMR     : B|Compact com.google.android.googlequicksearchbox:interactor(7385)
03-04 09:29:46.126  5405  5542 I UMR     : E|Compact d_rss=0KB
03-04 09:29:46.128  5405  5542 I UMR     : B|Compact com.samsung.android.mdx.kit(21376)
03-04 09:29:46.129  5405  5477 D ActivityTaskManager: Top Process State changed to PROCESS_STATE_TOP_SLEEPING
03-04 09:29:46.135  5405  5477 D ActivityTaskManager: scheduleTopResumedActivityChanged, onTop=false r=ActivityRecord{275b054 u0 com.android.settings/.SubSettings} t9} caller=com.android.server.wm.ActivityTaskSupervisor.updateTopResumedActivityIfNeeded:2510 com.android.server.wm.TaskFragment.setResumedActivity:493 com.android.server.wm.TaskFragment.onActivityStateChanged:790 com.android.server.wm.ActivityRecord.setState:6406 com.android.server.wm.TaskFragment.startPausing:1880 com.android.server.wm.TaskFragment.startPausing:1817 
03-04 09:29:46.136  5405 12538 D OpenGLRenderer: RenderThread::requireGlContext()
03-04 09:29:46.136  5405  5477 V KeyguardServiceDelegate: onScreenTurnedOff()
03-04 09:29:46.137  5763  6207 D KeyguardViewMediator: onScreenTurnedOff
03-04 09:29:46.139  5763  5763 D SecLifecycle: screenState=0
03-04 09:29:46.142  6173  6220 I TouchInteractionService: onActiveNavBarRegionChanges, region : SkRegion()
03-04 09:29:46.143  4905  4905 I Zygote  : Process 23928 exited due to signal 9 (Killed)
03-04 09:29:46.143  5763  5763 V Navbar.Store: handleEvent(0) OnSetGestureHintVisibility(displayId=0, recentVisible=true, homeVisible=true, backVisible=true) [Module] SamsungNavigationBarView
03-04 09:29:46.143  5763  5763 V Navbar.Store: --[Band]GESTURE_PACK_SET_HINT_VISIBILITY
03-04 09:29:46.144  5763  5763 V Navbar.Store: --[Band] (afterAction) GESTURE_PACK_SET_HINT_VISIBILITY
03-04 09:29:46.144  5763  5763 V Navbar.Store: ----apply(0) UpdateGestureHintVisibility
03-04 09:29:46.144  5763  5763 V Navbar.Store: ----NavBarStates canShowGestureHint: true
03-04 09:29:46.145  5763  5763 V Navbar.Store: handleEvent(0) OnUpdateSysUiStateFlag(noArguments=true) [Module] SamsungNavigationBarView
03-04 09:29:46.145  5763  5763 V Navbar.Store: --[Band]GESTURE_PACK_UPDATE_SYSTEMUI_STATE_FLAG
03-04 09:29:46.145  5763  5763 V Navbar.Store: --[Band] (afterAction) GESTURE_PACK_UPDATE_SYSTEMUI_STATE_FLAG
03-04 09:29:46.145  5405  5462 I libprocessgroup: Successfully killed process cgroup uid 10052 pid 21959 in 1ms
03-04 09:29:46.145  5763  5763 V Navbar.Store: --NavBarStates isGameMode: false
03-04 09:29:46.145  5763  5763 V Navbar.Store: ----apply(0) UpdateSysUiFlags
03-04 09:29:46.145  5763  5763 V Navbar.Store: ----set 1073741824 : false
03-04 09:29:46.145  5763  5763 V Navbar.Store: ----set 67108864 : false
03-04 09:29:46.146  5405  5462 I libprocessgroup: Successfully killed process cgroup uid 10085 pid 22712 in 0ms
03-04 09:29:46.147  5405  5462 I libprocessgroup: Successfully killed process cgroup uid 10052 pid 22709 in 0ms
03-04 09:29:46.149  5405  5462 I libprocessgroup: Successfully killed process cgroup uid 1000 pid 22581 in 0ms
03-04 09:29:46.149  5405  5477 D DisplayPowerController[0]: Animating brightness: target=0(0.00), rate=0.000, rateAtHbm=0.000, reason=screen_off[0]
03-04 09:29:46.150  5405  5462 I libprocessgroup: Successfully killed process cgroup uid 10228 pid 22832 in 0ms
03-04 09:29:46.151  5405  5462 I libprocessgroup: Successfully killed process cgroup uid 10113 pid 20792 in 0ms
03-04 09:29:46.151  5405  5477 D DisplayPowerController[0]: saveBrightnessInfo: brt:1.0 adjBrt:0.0 min:0.0 max:1.0 hbm:0 tp:1.0 throttler:0
03-04 09:29:46.151  5405  5477 V DisplayPowerController[0]: Brightness [0.0] reason changing to: 'screen_off', previous reason: 'manual'.
03-04 09:29:46.151  5405  5477 I DisplayPowerController[0]: BrightnessEvent: disp=0, brt=0.0, rcmdBrt=NaN, preBrt=NaN, lux=0.0, preLux=0.0, hbmMax=1.0, hbmMode=off, thrmMax=1.0, flags=, reason=screen_off
03-04 09:29:46.151  5405  5462 I libprocessgroup: Successfully killed process cgroup uid 5278 pid 23290 in 0ms
03-04 09:29:46.151  5405  5477 D DisplayPowerController[0]: animateScreenStateChange: target=1, mLogicalDisplay.isEnabled()=true
03-04 09:29:46.151  5405  5714 D DisplayManagerService: !@display_state requestDisplayStateInternal: ON -> OFF displayId=0
03-04 09:29:46.152  5405  5714 D SemInputDeviceManagerService: currentDisplayState[1]:ON(2)
03-04 09:29:46.152  5405  5714 D SemInputDeviceManagerService: EARLY: Logical: OFF(1) Physical: OFF(1) [Using: OFF(1)] displayType: 1
03-04 09:29:46.152  5405  5714 D LocalDisplayAdapter: notifyStateChangeStart: com.samsung.android.hardware.secinputdev.SemInputDeviceManagerService$8@92cdee0 took 0 ms
03-04 09:29:46.152  5405  5714 D LocalDisplayAdapter: notifyStateChangeStart: com.android.server.biometrics.sensors.fingerprint.SemDisplayStateMonitor@a294e70 took 0 ms
03-04 09:29:46.152  5405  5714 D LocalDisplayAdapter: !@display_state: ON -> OFF (id:0)
03-04 09:29:46.152  5405  5462 I libprocessgroup: Successfully killed process cgroup uid 10224 pid 23111 in 0ms
03-04 09:29:46.152  5405  5449 I WindowOrientationListener: WindowOrientationListener disabled
03-04 09:29:46.153  5405  5449 D SensorService: Calling activate off 27
03-04 09:29:46.153  5405  5462 I libprocessgroup: Successfully killed process cgroup uid 10231 pid 23229 in 0ms
03-04 09:29:46.153  5052  5052 D SurfaceFlinger: Setting power mode 0 on display 0
03-04 09:29:46.154  5405  5462 I libprocessgroup: Successfully killed process cgroup uid 10221 pid 23185 in 0ms
03-04 09:29:46.154  5405  7470 I ActivityManager: Changes in 5009 3 to 12, 8 to 0
03-04 09:29:46.154 18473 18473 I BSS_SysUiManager: Going to state OFF
03-04 09:29:46.155  5405  5462 I libprocessgroup: Successfully killed process cgroup uid 10228 pid 22981 in 0ms
03-04 09:29:46.156  4953  4953 I SensorsHub: batch: handle=27 period=200000000 timeout=0
03-04 09:29:46.156  4942  5062 D display : setPowerMode:: FBIOBLANK mode(0), blank(4), mPowerModeState(2)
03-04 09:29:46.156  4942  5062 D display : 	activeConfig:: 0, PendingConfigInfo::isPending(0), configType(0), config(-1)
03-04 09:29:46.158  5405  5449 D SensorManager: unregisterListener :: com.android.server.wm.WindowOrientationListener$OrientationSensorJudge@4c9cbb4
03-04 09:29:46.159  5405  5451 I DisplayDeviceRepository: Display device changed state: "Built-in Screen", OFF
03-04 09:29:46.161  5405 12538 D OpenGLRenderer: RenderThread::setGrContext()
03-04 09:29:46.174  5405  5451 I InputManager-JNI: Viewport [0] to add: local:0, isActive: false
03-04 09:29:46.174  5405  5451 D InputManager-JNI: Viewport [0] type:1, displayId=0, uniqueId=local:0, orientation=0, logicalFrame=[0, 0][1080, 2400], physicalFrame=[0, 0][1080, 2400], deviceSize=[1080, 2400]
03-04 09:29:46.174  5405  5405 D BrightnessSynchronizer: onDisplayChanged() : displayId=0
03-04 09:29:46.174  5405  5405 D BrightnessSynchronizer: updateScreenBrightness: type=2 mPreferredSettingValue=1.0(255) currentBrightnessInt=255 currentBrightnessIntFromFloat=255(1.0)
03-04 09:29:46.175  5405  5405 D SGM:GameManager: onDisplayChanged. displyId: 0, state: 1
03-04 09:29:46.175  5405  5405 I SemMdnieManagerService: DisplayListener onDisplayChanged. mAlwaysOnDisplayEnabled : false , mDisplayOn : true , mDisplayState : 1
03-04 09:29:46.176  5405  5581 I InputReader: Reconfiguring input devices, changes=DISPLAY_INFO | 
03-04 09:29:46.176  5405  5564 I CAE     : handleMessage(CaPowerManager.java:216) - AP_SLEEP
03-04 09:29:46.177  5405  6744 D LiftUpHandler: [LTW]  Settings Lift to wake: enable = 0
03-04 09:29:46.177  5405  5564 I CAE     : updateApPowerStatus(SensorHubParserProvider.java:445) - AP_SLEEP
03-04 09:29:46.177  5405  5581 I InputReader: support feature by TSP : 0x101
03-04 09:29:46.177  5405  5597 D SGM:FgCheckThread: onLooperPrepared(), msg: MSG_LCD_OFF
03-04 09:29:46.177  5405  5564 I CAE     : getContextType(FreeFallDetection.java:25) - FFD getContextType
03-04 09:29:46.177  5405  5597 D SGM:FgCheckThread: sendFocusOutConditionally() - mPrevNotiPkg: (unknown), userId: 0
03-04 09:29:46.178  5405  5565 D SensorService: setSContextDataLocked ints length 2 , byte length 4
03-04 09:29:46.178  5405  5565 D SensorService: setSContextDataLocked d20db4
03-04 09:29:46.179  5405  5405 I SemMdnieManagerService: setNightDimOffMode_2 : true, index : 5, str : (1 5)
03-04 09:29:46.181  5405  5452 W SurfaceControl: Invalid layer stack -1
03-04 09:29:46.181  4953  4953 I SensorsHub: SContextSensor::injecet_sensor_data
03-04 09:29:46.181  5405  5452 D DisplayDevice: setLayerStackLocked, layerStack=-1, uniqueId=local:0
03-04 09:29:46.181  4953  4953 D SensorsHub: b4 0d d2 00  
03-04 09:29:46.181  4953  4953 D SensorsHub: inject_scontext_data: New ssp_data_injection_fd(28)
03-04 09:29:46.181  4953  4953 D SensorsHub: SContext Data Injection return 4
03-04 09:29:46.183  5405  5581 I InputReader: Device reconfigured: id=3, name='sec_touchscreen', size 1080x2400, orientation 0, mode 1, display id 0
03-04 09:29:46.184  5763  5763 D DisplayLifecycle: updateDisplay id = 0
03-04 09:29:46.185  5405  5565 D SensorService: setSContextDataLocked ints length 3 , byte length 5
03-04 09:29:46.185  5405  5565 D SensorService: setSContextDataLocked 1d020ec1
03-04 09:29:46.187  4953  4953 I SensorsHub: SContextSensor::injecet_sensor_data
03-04 09:29:46.187  4953  4953 D SensorsHub: c1 0e 02 1d 2e  
03-04 09:29:46.187  4953  4953 D SensorsHub: inject_scontext_data: New ssp_data_injection_fd(28)
03-04 09:29:46.187  4953  4953 D SensorsHub: SContext Data Injection return 5
03-04 09:29:46.187 20458 20541 I bt_stack: [INFO:le_scanning_manager.cc(178)] Scan in shim layer stopped
03-04 09:29:46.188 20458 20553 W bt_stack: le_address_manager :: scan() - Unregister
03-04 09:29:46.188 20458 20553 W bt_stack: Stop LeSetScanEnable
03-04 09:29:46.189  5405  5565 D SensorService: setSContextDataLocked ints length 2 , byte length 4
03-04 09:29:46.189  5405  5565 D SensorService: setSContextDataLocked 47c1
03-04 09:29:46.189  5405  5565 I SensorService: [PROTOS] Screen state: 0
03-04 09:29:46.190  4953  4953 I SensorsHub: SContextSensor::injecet_sensor_data
03-04 09:29:46.190  4953  4953 D SensorsHub: c1 47 00 00  
03-04 09:29:46.190  4953  4953 D SensorsHub: inject_scontext_data: New ssp_data_injection_fd(28)
03-04 09:29:46.190 20458 20541 I bt_stack: [INFO:le_scanning_manager.cc(312)] SetScanParameters with scanning phys in shim layer: phy_cnt=1
03-04 09:29:46.190  4953  4953 D SensorsHub: SContext Data Injection return 4
03-04 09:29:46.190 20458 20541 I bt_stack: [INFO:le_scanning_manager.cc(318)] SetScanParameters: scan_type=1, scan_interval=4992, scan_window=256
03-04 09:29:46.190 20458 20541 I bt_stack: [INFO:le_scanning_manager.cc(178)] Scan in shim layer started
03-04 09:29:46.190  8662  8662 I HBD     : b currentConnectionState : false 
03-04 09:29:46.190 20458 20553 W bt_stack: Start LeSetScan
03-04 09:29:46.191 20458 20553 W bt_stack: register_client :: client registered!!!
03-04 09:29:46.193  5405  5564 I CAE     : handleMessage(CaPowerManager.java:230) - SCREEN_OFF
03-04 09:29:46.197 13009 13130 I NearbySharing: Screen is locked
03-04 09:29:46.197 13009 13130 I NearbySharing: Stopping scanning because the screen is locked.
03-04 09:29:46.199 13009 13130 I NearbySharing: Stopping Fast Init advertisement because Bluetooth is off.
03-04 09:29:46.199 13009 13130 I NearbySharing: Stopping advertising because Bluetooth is disabled.
03-04 09:29:46.199 13009 13130 I NearbySharing: Stopping FastInitiation scanning because the screen is locked.
03-04 09:29:46.201 13009 13130 I NearbySharing: Fast Initiation Scanning has stopped
03-04 09:29:46.202 13009 13130 I NearbySharing: Dismissing HUN as there's no device nearby.
03-04 09:29:46.205  5405  7448 V WindowManager: Changing focus from Window{c4c11bb u0 com.android.settings/com.android.settings.SubSettings} to null displayId=0 Callers=com.android.server.wm.RootWindowContainer.updateFocusedWindowLocked:595 com.android.server.wm.WindowManagerService.updateFocusedWindowLocked:6803 com.android.server.wm.ActivityRecord.commitVisibility:6217 com.android.server.wm.ActivityRecord.commitVisibility:6228 
03-04 09:29:46.205  5405  7448 D MARsPolicyManager: onPackageResumedFG pkgName = com.android.settings, userId = 0
03-04 09:29:46.205  5405  7448 D StatusBarManagerService: notifyRequestedSystemKey recent=false home=false
03-04 09:29:46.206  5405  7448 V WindowManager: Setting visibility of Window{c4c11bb u0 com.android.settings/com.android.settings.SubSettings}: false, caller=com.android.server.wm.WindowContainer.sendAppVisibilityToClients:1246 com.android.server.wm.WindowToken.setClientVisible:431 com.android.server.wm.ActivityRecord.setClientVisible:7691 com.android.server.wm.ActivityRecord.onAnimationFinished:8590 com.android.server.wm.ActivityRecord.postApplyAnimation:6252 
03-04 09:29:46.207  5405  7448 D RestrictionPolicy: isScreenCaptureEnabled : ret=true userId=0
03-04 09:29:46.208  5405  7448 D WindowManagerServiceExt: notifyOccludeChangeNotice: reset caller=com.android.server.wm.WindowManagerServiceExt.updateOccludeTargetIfNeeded:1402 com.android.server.wm.DisplayContent.ensureActivitiesVisible:7532 com.android.server.wm.RootWindowContainer.ensureActivitiesVisible:2248 com.android.server.wm.RootWindowContainer.ensureActivitiesVisible:2229 com.android.server.wm.TaskFragment.completePause:2076 
03-04 09:29:46.211  5405  5451 D SGM:FgCheckThread: notePauseComponent(), received pkgName: com.android.settings, userId: 0
03-04 09:29:46.212  5405  5405 I CocktailBarManagerServiceContainer: handleMessage: entry what = 6
03-04 09:29:46.212  5405  5405 I CocktailBarManagerServiceImpl: notePauseComponent : no active host
03-04 09:29:46.218  5405  5468 D BatteryExternalStatsWorker: Update CPU state
03-04 09:29:46.218  5405  5468 D BatteryExternalStatsWorker: mStats lock released
03-04 09:29:46.218  5405  5468 D BatteryExternalStatsWorker: done updateExternalStatsLocked
03-04 09:29:46.218  6106  6106 I ViewRootImpl@ecbfdb7[SubSettings]: handleAppVisibility mAppVisible = true visible = false
03-04 09:29:46.220  6106  6106 I DecorView: notifyKeepScreenOnChanged: keepScreenOn=false
03-04 09:29:46.222  6106  6106 I ViewRootImpl@ecbfdb7[SubSettings]: stopped(true) old = false
03-04 09:29:46.222  6106  6106 I ViewRootImpl@ecbfdb7[SubSettings]: WindowStopped on com.android.settings/com.android.settings.SubSettings set to true
03-04 09:29:46.239  6106  6106 I MSHandlerLifeCycle: removeMultiSplitHandler: no exist. decor=DecorView@9ad80e5[SubSettings]
03-04 09:29:46.241  6106  6200 D OpenGLRenderer: setSurface called with nullptr
03-04 09:29:46.241  6106  6200 D OpenGLRenderer: setSurface() destroyed EGLSurface
03-04 09:29:46.241  6106  6200 D OpenGLRenderer: destroyEglSurface
03-04 09:29:46.251  6106  6106 I ViewRootImpl@ecbfdb7[SubSettings]: performTraversals params={(0,0)(fillxfill) sim={adjust=pan} layoutInDisplayCutoutMode=shortEdges ty=BASE_APPLICATION wanim=0x10302f4
03-04 09:29:46.251  6106  6106 I ViewRootImpl@ecbfdb7[SubSettings]:   fl=81810100
03-04 09:29:46.251  6106  6106 I ViewRootImpl@ecbfdb7[SubSettings]:   pfl=12020040
03-04 09:29:46.251  6106  6106 I ViewRootImpl@ecbfdb7[SubSettings]:   vsysui=2010
03-04 09:29:46.251  6106  6106 I ViewRootImpl@ecbfdb7[SubSettings]:   apr=LIGHT_STATUS_BARS LIGHT_NAVIGATION_BARS
03-04 09:29:46.251  6106  6106 I ViewRootImpl@ecbfdb7[SubSettings]:   bhv=DEFAULT
03-04 09:29:46.251  6106  6106 I ViewRootImpl@ecbfdb7[SubSettings]:   fitSides= naviIconColor=0
03-04 09:29:46.251  6106  6106 I ViewRootImpl@ecbfdb7[SubSettings]:   sfl=1}
03-04 09:29:46.254  6106  6106 I ViewRootImpl@ecbfdb7[SubSettings]: performTraversals mFirst=false windowShouldResize=false viewVisibilityChanged=true mForceNextWindowRelayout=false params={(0,0)(fillxfill) sim={adjust=pan} layoutInDisplayCutoutMode=shortEdges ty=BASE_APPLICATION wanim=0x10302f4
03-04 09:29:46.254  6106  6106 I ViewRootImpl@ecbfdb7[SubSettings]:   fl=81810100
03-04 09:29:46.254  6106  6106 I ViewRootImpl@ecbfdb7[SubSettings]:   pfl=12020040
03-04 09:29:46.254  6106  6106 I ViewRootImpl@ecbfdb7[SubSettings]:   vsysui=2010
03-04 09:29:46.254  6106  6106 I ViewRootImpl@ecbfdb7[SubSettings]:   apr=LIGHT_STATUS_BARS LIGHT_NAVIGATION_BARS
03-04 09:29:46.254  6106  6106 I ViewRootImpl@ecbfdb7[SubSettings]:   bhv=DEFAULT
03-04 09:29:46.254  6106  6106 I ViewRootImpl@ecbfdb7[SubSettings]:   fitSides= naviIconColor=0
03-04 09:29:46.254  6106  6106 I ViewRootImpl@ecbfdb7[SubSettings]:   sfl=1}
