03-04 09:29:46.786  5405  5565 D SensorService: setSContextDataLocked 33817c1
03-04 09:29:46.786  4953  4953 I SensorsHub: SContextSensor::injecet_sensor_data
03-04 09:29:46.786  4953  4953 D SensorsHub: c1 17 38 03 04 00 01  
03-04 09:29:46.786  4953  4953 D SensorsHub: inject_scontext_data: New ssp_data_injection_fd(28)
03-04 09:29:46.786  4964 22637 I sec_fr_TeegrisEngine: startTA - succeed
03-04 09:29:46.787  4953  4953 D SensorsHub: SContext Data Injection return 7
03-04 09:29:46.787  5763  5763 I ThemeClockView: initAbsClock : mClockType = 50004, formatDate = EEEMMMd, dateType = 1, timezone = null, hasSeconds = false, tickInterval = 1000, suspend = false, mHasBatteryInfo = false, mScalable = false, mNoneScaleParam = null, mMediumScaleParam = null, mSmallScaleParam = null
03-04 09:29:46.787  5405  5877 W CAE     : setCAProperty(ContextAwareService.java:519) - [setProperty 02] Mutex is unlocked for DEVICE_PHYSICAL_CONTEXT_MONITOR
03-04 09:29:46.788  5405  5877 D SemContextService: unlock : changeParameters
03-04 09:29:46.788  4964 22637 I sec_fr_PerformanceLog: [Performance Log] startTA (75956) us
03-04 09:29:46.788  5763  5763 E ThemeUtils: View class com.samsung.android.uniform.widget.CropGifImageView is an AppCompat widget that can only be used with a Theme.AppCompat theme (or descendant).
03-04 09:29:46.788  4964 22637 I sec_fr_TeegrisEngine: init success mState=0x7
03-04 09:29:46.788  4964 22637 I sec_fr_NativeFaceService: E FaceService::engineInit
03-04 09:29:46.789  5405  5666 W SemFace : sehOpenTaSession FINISH (78ms) RESULT: 0
03-04 09:29:46.789  5763  7415 D SemContextManager:   .changeParameters : listener = r7.o$a@76f06cb, service=Carrying Detection
03-04 09:29:46.789  6692  6773 I EventReceiver_FLP: BroadcastReceiver : ACTION_SCREEN_OFF
03-04 09:29:46.790  6692  6773 I EventReceiver_FLP: BroadcastReceiver finished
03-04 09:29:46.790  5763  7415 E AbsSettings: refreshInner: refreshedSettingsDBItem key aod_brightness val = 0
03-04 09:29:46.790  5763  7415 I AbsSettings: getStringInner: from cache a / aod_brightness = 0
03-04 09:29:46.790  5763  7415 I AbsSettings: getStringInner: from cache a / aod_brightness = 0
03-04 09:29:46.790  5405  7462 D SemContextService: lock : changeParameters
03-04 09:29:46.791  5405  7462 W CAE     : setCAProperty(ContextAwareService.java:513) - [setProperty 01] Mutex is locked for DEVICE_PHYSICAL_CONTEXT_MONITOR
03-04 09:29:46.791  5763  5763 I ThemeClockView: updateAlternateCalendarViewVisibility : false/false
03-04 09:29:46.792  5763  5763 I ThemeClockView_AOD: setCategory: mIsWhiteWallpaper = false
03-04 09:29:46.792  5763  5763 I ThemeClockView_AOD: onUpdateTextColor basecolor = -3355444 normalizeTextColor = -3355444
03-04 09:29:46.792  5763  5763 I ThemeClockView_AOD: setFontType: fontType = 0
03-04 09:29:46.792  5763  5763 I ThemeClockView_AOD: updateTypeface: mFontType = 0
03-04 09:29:46.792  5763  5763 I ClockTextView: fixFontType: 0
03-04 09:29:46.792  5405  5565 D SensorService: setSContextDataLocked ints length 3 , byte length 7
03-04 09:29:46.792  5405  5565 D SensorService: setSContextDataLocked 33817c1
03-04 09:29:46.792  5763  5763 I ThemeClockView_AOD: refresh : false
03-04 09:29:46.792  5763  5763 I ThemeClockView_AOD: refresh = com.samsung.android.uniform.widget.CropGifImageView{2f7a3f9 V.ED..... ......ID 0,0-0,0 #7f0a01b3 app:id/common_main_image}
03-04 09:29:46.792  5763  5763 I ThemeClockView_AOD: suspend : mSuspend = false, enable = true
03-04 09:29:46.792  5763  5763 I ThemeClockView_AOD: onSuspendStateChanged: to true
03-04 09:29:46.792  5763  5763 I ThemeClockView_AOD: play ContentType = -1
03-04 09:29:46.792  5763  5763 I ThemeClockView_AOD: setThemeTextColor = -2388852  normalizeTextColor = -3374462
03-04 09:29:46.793  5763  5763 I ThemeClockView_AOD: setImageGrayLevel = 115.0
03-04 09:29:46.793  5763  5763 I ThemeClockView_AOD: setThemeImageContent = android.graphics.Bitmap@2fcdf3e
03-04 09:29:46.793  4953  4953 I SensorsHub: SContextSensor::injecet_sensor_data
03-04 09:29:46.793  5763  5763 I ThemeClockView_AOD: setThemeAnimagedGifContent = null
03-04 09:29:46.793  4953  4953 D SensorsHub: c1 17 38 03 01 00 03  
03-04 09:29:46.793  4953  4953 D SensorsHub: inject_scontext_data: New ssp_data_injection_fd(28)
03-04 09:29:46.793  4953  4953 D SensorsHub: SContext Data Injection return 7
03-04 09:29:46.793  5763  5763 I ThemeClockView_AOD: setThemeAnimagedGifContent exception = java.lang.NullPointerException: Attempt to invoke virtual method 'java.io.FileInputStream android.content.res.AssetFileDescriptor.createInputStream()' on a null object reference
03-04 09:29:46.793  5763  5763 I ThemeClockView_AOD: clocktype = 50004 setThemeContentMode = -1
03-04 09:29:46.793  5763  5763 I ThemeClockView_AOD: showStillImage
03-04 09:29:46.793  5763  5763 I CropGifImageView: setGifUri = null
03-04 09:29:46.793  5763  5763 I CropGifImageView: setGrayLevel : 115.0
03-04 09:29:46.793  5763  5763 I AODClockViewModel: initLiveClockManager LiveClock disabled
03-04 09:29:46.794  5763  5763 I AODAdditionalUIContainer: AODAdditionalUIContainer: 
03-04 09:29:46.794  5405  7462 W CAE     : setCAProperty(ContextAwareService.java:519) - [setProperty 02] Mutex is unlocked for DEVICE_PHYSICAL_CONTEXT_MONITOR
03-04 09:29:46.794  5405  7462 D SemContextService: unlock : changeParameters
03-04 09:29:46.794  5763  5763 I AODAdditionalUIContainer: initViews: noti
03-04 09:29:46.794  5763  7415 D SemContextManager:   .changeParameters : listener = r7.o$a@76f06cb, service=Carrying Detection
03-04 09:29:46.796  4564  4564 D io_stats: !@   8,0 r 443338 13215120 w 842535 200495612 d 0 0 f 0 0 iot 498684 0 th 0 0 0 pt 0 inp 0 0 19544.795
03-04 09:29:46.797  5405  7448 D SemContextService: lock : changeParameters
03-04 09:29:46.797  5405  7448 W CAE     : setCAProperty(ContextAwareService.java:513) - [setProperty 01] Mutex is locked for DEVICE_PHYSICAL_CONTEXT_MONITOR
03-04 09:29:46.798  5405  5565 D SensorService: setSContextDataLocked ints length 4 , byte length 9
03-04 09:29:46.798  5405  5565 D SensorService: setSContextDataLocked 43817c1
03-04 09:29:46.799  4953  4953 I SensorsHub: SContextSensor::injecet_sensor_data
03-04 09:29:46.799  4953  4953 D SensorsHub: c1 17 38 04 00 00 00 6e 01  
03-04 09:29:46.799  4953  4953 D SensorsHub: inject_scontext_data: New ssp_data_injection_fd(28)
03-04 09:29:46.799  4953  4953 D SensorsHub: SContext Data Injection return 9
03-04 09:29:46.800  5763  5763 I NotificationContainer: updateContainerVisibility() false 4/false
03-04 09:29:46.800  5763  5763 I NotificationContainer: setVisibilityWithAnim: skipped false
03-04 09:29:46.800  5763  5763 I AODAdditionalUIContainer: initViews: alert
03-04 09:29:46.800  5405  7448 W CAE     : setCAProperty(ContextAwareService.java:519) - [setProperty 02] Mutex is unlocked for DEVICE_PHYSICAL_CONTEXT_MONITOR
03-04 09:29:46.800  5405  7448 D SemContextService: unlock : changeParameters
03-04 09:29:46.801  5763  7415 D SemContextManager:   .changeParameters : listener = r7.o$a@76f06cb, service=Carrying Detection
03-04 09:29:46.801  5405  7448 D SemContextService: lock : changeParameters
03-04 09:29:46.801  5763  5763 I AODAdditionalUIContainer: initViews: tool
03-04 09:29:46.802  5405  7448 W CAE     : setCAProperty(ContextAwareService.java:513) - [setProperty 01] Mutex is locked for DEVICE_PHYSICAL_CONTEXT_MONITOR
03-04 09:29:46.803  5405  5565 D SensorService: setSContextDataLocked ints length 4 , byte length 9
03-04 09:29:46.803  5405  5565 D SensorService: setSContextDataLocked 43817c1
03-04 09:29:46.804  4953  4953 I SensorsHub: SContextSensor::injecet_sensor_data
03-04 09:29:46.804  4953  4953 D SensorsHub: c1 17 38 04 00 00 00 11 02  
03-04 09:29:46.804  4953  4953 D SensorsHub: inject_scontext_data: New ssp_data_injection_fd(28)
03-04 09:29:46.804  4953  4953 D SensorsHub: SContext Data Injection return 9
03-04 09:29:46.805  5763  5763 D FaceWidgetViewModel: requestAODState() false -> true,  isNeedToTransition = false
03-04 09:29:46.805  5405  7448 W CAE     : setCAProperty(ContextAwareService.java:519) - [setProperty 02] Mutex is unlocked for DEVICE_PHYSICAL_CONTEXT_MONITOR
03-04 09:29:46.805  5405  7448 D SemContextService: unlock : changeParameters
03-04 09:29:46.805  5763  5763 D FaceWidgetViewModel: updateInfoParameters(aod) isAODState = false, clockSidePadding = (63, 63), musicSidePadding = (30, 30)
03-04 09:29:46.805  5763  5763 D FaceWidgetMusicPageShownManager: mCurrentMediaData is NULL
03-04 09:29:46.805  5763  5763 D FaceWidgetMusicPageShownManager: updateMusicPageShownState() show = false, reattach = false, reason = aod
03-04 09:29:46.805  5763  5763 D FaceWidgetMusicPageShownManager: skip to show media panel
03-04 09:29:46.805  5763  5763 D FaceWidgetViewModel: updatePageState() >> START >> LockscreenPageState=EXPAND, mReturningPageState=EXPAND, mNotiCount=1, mIsScreenTurnedOn=false, mIsNeedToForceUpdate=false
03-04 09:29:46.805  5763  5763 D FaceWidgetPagesController: setPageState() pageState = EXPAND -> AOD, forceUpdate = false
03-04 09:29:46.805  5763  7415 D SemContextManager:   .changeParameters : listener = r7.o$a@76f06cb, service=Carrying Detection
03-04 09:29:46.806  5763  5763 D FaceWidgetRemoteViewsPage_com.sec.android.app.voicenote#record_: setPageState() pageType = AOD  [ page state :EXPAND, orientation : 1] com.samsung.android.app.facewidget.pages.remoteview.FaceWidgetRemoteViewsPage{861e491 VFE...... ......I. 0,0-0,0}
03-04 09:29:46.806  5763  5763 D FaceWidgetAlarmPage: setPageState() pageType = AOD  [ page state :EXPAND, orientation : 1] com.samsung.android.app.facewidget.pages.alarm.FaceWidgetAlarmPage{7ca5b1e VFE...... ......I. 0,0-0,0}
03-04 09:29:46.806  5763  5763 D FaceWidgetRemoteViewsPage_com.samsung.android.app.routines#dashboard_: setPageState() pageType = AOD  [ page state :EXPAND, orientation : 1] com.samsung.android.app.facewidget.pages.remoteview.FaceWidgetRemoteViewsPage{4bd0b2a VFE...... ......I. 0,0-0,0}
03-04 09:29:46.806  5763  5763 D FaceWidgetMusicPage: setPageState() pageType = AOD  [ page state :EXPAND, orientation : 1] com.samsung.android.app.facewidget.pages.music.FaceWidgetMusicPage{52b4333 VFE...... ......I. 0,0-0,0}
03-04 09:29:46.806  5763  5763 D FaceWidgetMusicPage: updateContentsView()
03-04 09:29:46.806  5763  5763 D FaceWidgetMusicPage: attachContentsView LOCKSCREEN AOD false
03-04 09:29:46.806  5763  5763 D FaceWidgetMusicPage: mViewPager, onViewAttachedToWindow, actualItemCount = -2
03-04 09:29:46.806  5763  5763 D FaceWidgetMusicPage: initViews, mPageState = AOD isFullMode = false
03-04 09:29:46.807  5763  5763 D FaceWidgetMusicViewModel: updateMusicPageColorForVisibility
03-04 09:29:46.807  5763  5763 D FaceWidgetMusicViewModel: updateMusicPageColorForVisibility, useLightModeColor = true
03-04 09:29:46.807  5763  5763 D FaceWidgetClockPage: setPageState() pageType = AOD  [ page state :EXPAND, orientation : 1] com.samsung.android.app.facewidget.pages.clock.FaceWidgetClockPage{cb4334f V.E...... ......I. 63,0-1017,270 #7f0a0304 app:id/keyguard_clock_page}
03-04 09:29:46.808  5763  5763 I SysUIResourceUtils: isKeyguardThemeImageClockEnabled: false
03-04 09:29:46.809  5763  5763 I FaceWidgetClockRoamManager: shouldShowDualClock() isRoamingClockEnabled=false, isWhereToShowOptionEnabled=true, isEasyModeEnabled=false, mIsNetworkRoaming=false
03-04 09:29:46.809  5763  5763 D FaceWidgetClockPage: getConsideredClockType() , ep=true, em=false, mb=false, tc=true, ti=false, dc=false, de=false, ct=50000
03-04 09:29:46.809  5763  5763 D FaceWidgetClockPage: updateContentsView() clock type changed : 50009 -> 50000, isAODStateChanging = true, reason = aod state changing
03-04 09:29:46.810  5763  5763 D FaceWidgetViewModel: onClockTypeChanged : 50009 -> 50000
03-04 09:29:46.810  5763  5763 D FaceWidgetViewModel: updateGravity() clockType = 50000, isAodClockType = true, gravity = 17
03-04 09:29:46.810  5763  5763 D FaceWidgetViewModel: updateInfoParameters(clock type) isAODState = true, clockSidePadding = (63, 63), musicSidePadding = (30, 30)
03-04 09:29:46.810  5763  5763 I AODFaceWidgetManager: onLockPositionChanged: 
03-04 09:29:46.810  5763  5763 D AODFaceWidgetModel: Lock position changed
03-04 09:29:46.810  5763  5763 I AODFaceWidgetManager: getLockClockGravity: clip layout gravity = 17
03-04 09:29:46.810  5763  5763 I ClockInfoManager: isClockFaceType: type = 50009 clockFaceType = 50000
03-04 09:29:46.810  5763  5763 I FaceWidgetClockPage: updateContentsView: remove LayoutChangeListener
03-04 09:29:46.810  5763  5763 D FaceWidgetClockPage: updateContentsView()
03-04 09:29:46.810  5763  5763 D FaceWidgetClockPage: getContentsView() AOD
03-04 09:29:46.811  5763  5763 I AODClockViewModel: getClockContainer: 
03-04 09:29:46.811  5763  5763 D FaceWidgetClockPage: getContentsView() Lockscreen doesn't need to show clock.
03-04 09:29:46.811  5763  5763 D PluginLockStarManager: isClockAnimationEnable, result null
03-04 09:29:46.811  5763  5763 D PluginLockStarManager: isClockAnimationEnable, result null
03-04 09:29:46.811  5763  5763 D FaceWidgetClockPage: isNeedToTransition() false - blocked by AOD
03-04 09:29:46.811  5763  5763 D FaceWidgetClockPage: attachContentsView LOCKSCREEN AOD false
03-04 09:29:46.811  5763  5763 D PluginAODManager: onTransitionEnded mClockTransitionStarted:false shouldControlScreenOff : false
03-04 09:29:46.811  5763  5763 I AODFaceWidgetManager: onClockPageTransitionEnded: 
03-04 09:29:46.811  5763  5763 I AODFaceWidgetModel: onClockPageTransitionEnded: 
03-04 09:29:46.811  5763  5763 I AODUiController: attachAdditionalUI: 
03-04 09:29:46.812  5763  5763 I SmartAlertManager: updateSmartAlerts: false 0
03-04 09:29:46.812  5763  5763 I FaceWidgetViewModel: onClockTransitionEnded() AOD, isKeyguardVisible= false
03-04 09:29:46.813  5763  5763 D FaceWidgetContainerObserver: onChanged() FaceWidgetContainerLiveData{mIsContainerVisible=true, mClipLayoutVisibility=0, mRotation=0, mIsOwnerVisible=8, mOwnerInfoGravity=17, mAdditionalInfoGravity=17, mClockSideStartPadding=63, mClockSideEndPadding=63, mMusicSideStartPadding=30, mMusicSideEndPadding=30, mInfoSideStartPadding=63, mInfoSideEndPadding=63, mClipLayoutWidth = 840, mIsUpdateOwnerInfoText=true, mAdditionalInfoRemoteView=null, mHasCMAS=false, mIsAdditionalViewGoingToSleep=false, mConfig=CustomConfiguration{fontScale=1.1, screenLayout=268435810, orientation=1, screenWidthDp=411, screenHeightDp=865, smallestScreenWidthDp=411, densityDpi=420, uiMode=17, isRTL=false, mConfiguration={1.1 ?mcc?mnc [en_GB] ldltr sw411dp w411dp h865dp 420dpi nrml long port finger -keyb/v/h -nav/h winConfig={ mBounds=Rect(0, 0 - 1080, 2400) mAppBounds=Rect(0, 88 - 1080, 2361) mMaxBounds=Rect(0, 0 - 1080, 2400) mDisplayRotation=ROTATION_0 mWindowingMode=fullscreen mDisplayWindowingMode=fullscreen mActivityType=undefined mAlwaysOnTop=undefined mRotation=ROTATION_0 mPopOver=undefined mStageConfig=undefined mFreeformTaskPinningState=undefined mFreeformStashState=undefined} s.19 fontWeightAdjustment=0 ff=0 bf=0 bts=0 themeSeq=0 nightDim=-1}}}
03-04 09:29:46.813  5763  5763 D FaceWidgetPagesController: onGravityChanged()
03-04 09:29:46.814  5763  5763 D FaceWidgetClockPage: setClockGravity() gravity = 49
03-04 09:29:46.814  5763  5763 I FaceWidgetPositionAlgorithm: setup() mStatusBarHeight = 88, mDarkAmount = 1.0, mQsTopPadding = 813, notificationStackHeight = 53, mPanelExpansion = 0.0, mHeight = 2400, mFaceWidgetContainerHeight = 333, mCurrentClockType = 50000, notificationType = 1, hasVisibleNotifs = false
03-04 09:29:46.814  5763  5763 I FaceWidgetPositionAlgorithm: getClockContainerHeight() supplier = 270, bottom margin = 63, real height = 333
03-04 09:29:46.814  5763  5763 I FaceWidgetPositionAlgorithm: getMediaContainerHeight() height = 0 container Visibility = 8, isValid = false, mIsDozing = true, fraction = 1.0, source = 0, target = 0
03-04 09:29:46.814  5763  5763 I FaceWidgetPositionAlgorithm: getMediaContainerHeight() supplier = 0
03-04 09:29:46.814  5763  5763 I FaceWidgetPositionAlgorithm: getClockContainerHeight() supplier = 270, bottom margin = 0, real height = 333
03-04 09:29:46.815  5763  5763 I FaceWidgetAttribute: getMinTopMargin() 300, clockType = 50000, topPlacement : false, lock icon : false, idx : 2
03-04 09:29:46.815  5763  5763 I FaceWidgetPositionAlgorithm: getLockClockPositionY() fixed, y = 300
03-04 09:29:46.815  5763  5763 I AODFaceWidgetManager: onLockPositionChanged: 
03-04 09:29:46.815  5763  5763 D AODFaceWidgetModel: Lock position changed
03-04 09:29:46.815  5763  5763 I AODFaceWidgetManager: getLockClockGravity: clip layout gravity = 17
03-04 09:29:46.815  5763  5763 I AODFaceWidgetManager: getLockClockGravity: clip layout gravity = 17
03-04 09:29:46.815  5763  5763 D AODFaceWidgetManager: getPositionOffsetY: lockY = 300
03-04 09:29:46.815  5763  5763 I AODFaceWidgetManager: getPositionOffset: (0, -143)
03-04 09:29:46.815  5763  5763 I FaceWidgetPositionControllerImpl[FULL_SCREEN]: setAODFinalPosition() mAODFinalPosition = [20,385], offset[Point(0, -143)]
03-04 09:29:46.815  5763  5763 I AODFaceWidgetModel: updatePositionControllerOffset: needPositionUpdate lockClockGravity = 17, lockY = 300, containerWidth = 1080
03-04 09:29:46.815  5763  5763 W KeyguardSliceViewCtrl: Keyguard slice not bound yet?
03-04 09:29:46.816  5763  5763 I FaceWidgetPositionAlgorithm: getClockContainerHeight() supplier = 270, bottom margin = 63, real height = 333
03-04 09:29:46.816  5763  5763 I FaceWidgetPositionAlgorithm: getMediaContainerHeight() height = 0 container Visibility = 8, isValid = false, mIsDozing = true, fraction = 1.0, source = 0, target = 0
03-04 09:29:46.816  5763  5763 I FaceWidgetPositionAlgorithm: getMediaContainerHeight() supplier = 0
03-04 09:29:46.816  5763  5763 I FaceWidgetPositionAlgorithm: getClockContainerHeight() supplier = 270, bottom margin = 0, real height = 333
03-04 09:29:46.816  5763  5763 I FaceWidgetPositionControllerImpl[FULL_SCREEN]: getAODFinalPosition() [20,385]
03-04 09:29:46.816  5763  5763 I FaceWidgetPositionAlgorithm: getClockContainerPosition() clockX=0, aodX=20, finalX=20, clockY=300, aodY=385, finalY=685
03-04 09:29:46.816  5763  5763 I FaceWidgetPositionAlgorithm: getMediaPanelPosition() clockX=20, clockY=685, facewidgetHeight=333, mediaX=20, mediaY=1018
03-04 09:29:46.816  5763  5763 I FaceWidgetPositionAlgorithm: run() clockX = 20, clockY = 685, clockAlpha = 1.0, stackScrollerPadding(expand=false) = 1018, centerAlignClockType = true, iconTypeTranslationY = 997, position List = [Point(20, 685), Point(20, 1018), Point(0, 0)], clockContainerHeight = 333, mediaContainerHeight = 0, diffMarginBetweenDetailAndNIO = -21
03-04 09:29:46.816  5763  5763 D PluginAODManager: onFaceWidgetPositionChanged
03-04 09:29:46.817  5763  5763 I FaceWidgetPositionAlgorithm: setup() mStatusBarHeight = 88, mDarkAmount = 1.0, mQsTopPadding = 1018, notificationStackHeight = 53, mPanelExpansion = 0.0, mHeight = 2400, mFaceWidgetContainerHeight = 333, mCurrentClockType = 50000, notificationType = 1, hasVisibleNotifs = false
03-04 09:29:46.817  5763  5763 I FaceWidgetPositionAlgorithm: getClockContainerHeight() supplier = 270, bottom margin = 63, real height = 333
03-04 09:29:46.817  5763  5763 I FaceWidgetPositionAlgorithm: getMediaContainerHeight() height = 0 container Visibility = 8, isValid = false, mIsDozing = true, fraction = 1.0, source = 0, target = 0
03-04 09:29:46.817  5763  5763 I FaceWidgetPositionAlgorithm: getMediaContainerHeight() supplier = 0
03-04 09:29:46.817  5763  5763 I FaceWidgetPositionAlgorithm: getClockContainerHeight() supplier = 270, bottom margin = 0, real height = 333
03-04 09:29:46.819  5763  5763 D SecQSFragmentAnimator_QSCinema: [panelExpansionDragDownPxAmount:1097] qsExpanded:false, qsFullyExpanded:false, qsExpansionPosition:0, qsExpandImmediate:false, qsCollapsingWhilePanelClosing:false &&&  panelExpansionFraction:1, panelExpansionDragDownPxAmount:892 ***   panelExpanded:true, panelExpanding:false %%%   barState:1, overScrolling:false, userId:-1, isRunningPanelOnHeightAnimation:false
03-04 09:29:46.821  5763  5763 D FaceWidgetPagesController: refreshViews() pending reason = REFRESH_CLOCK_RECT
03-04 09:29:46.821  5763  5763 I AODFaceWidgetManager: onLockPositionChanged: 
03-04 09:29:46.821  5763  5763 D AODFaceWidgetModel: Lock position changed
03-04 09:29:46.821  5763  5763 I AODFaceWidgetManager: getLockClockGravity: clip layout gravity = 17
03-04 09:29:46.821  5763  5763 I FaceWidgetPositionAlgorithm: getClockContainerHeight() supplier = 270, bottom margin = 63, real height = 333
03-04 09:29:46.822  5763  5763 I FaceWidgetPositionAlgorithm: getMediaContainerHeight() height = 0 container Visibility = 8, isValid = false, mIsDozing = true, fraction = 1.0, source = 0, target = 0
03-04 09:29:46.822  5763  5763 I FaceWidgetPositionAlgorithm: getMediaContainerHeight() supplier = 0
03-04 09:29:46.822  5763  5763 I FaceWidgetPositionAlgorithm: getClockContainerHeight() supplier = 270, bottom margin = 0, real height = 333
03-04 09:29:46.823  5763  5763 I KeyguardThemeDigitalClockView_LOCK_SCREEN: onDetachedFromWindow
03-04 09:29:46.826  5763  5763 I AODClockViewModel: onViewAttachedToWindow: 
03-04 09:29:46.833  5763  5763 I ThemeClockView_AOD: onAttachedToWindow : mDateFormatter = DateFormatter : mFormat = EEEMMMd, mLocaleFormat = null, mTimeFormatter = null, mTimeZone = null, mRoamingHomeTimeZone = null, mSuspend = true
03-04 09:29:46.847  5763  5763 I ThemeClockView_AOD: onTimeChanged : [DateTimeInfo : date = Wed, 4 Mar, hourMin = 09:29, hourMinSec = , hour = 09, minute = 29, amPm  = , colon = :, second = , timezone = null, isLeftOfAmPm = false, ttsDate = Wednesday, 4 March]
03-04 09:29:46.848  5763  5763 D FaceWidgetClockPage: initViews() mClockView=com.samsung.android.uniform.widget.clock.KeyguardThemeDigitalClockView{7e68def VFE...CL. ......I. 226,0-728,270}, rootView=j8.a{c1cb552 V.E...... ......I. 0,0-0,0}
03-04 09:29:46.848  5763  5763 I FaceWidgetClockPage: updateContentsView: add LayoutChangeListener
03-04 09:29:46.848  5763  5763 D FaceWidgetClockPage: updateClockSuspendState() reason = init, suspend=true, kv=false, wa=true, di=false, wu=false, aodDash=false
03-04 09:29:46.848  5763  5763 I KeyguardThemeDigitalClockView_LOCK_SCREEN: suspend : mSuspend = true, enable = true
03-04 09:29:46.848  7467  7467 I id.diagmonagent: Explicit concurrent copying GC freed 1610KB AllocSpace bytes, 28(1456KB) LOS objects, 69% free, 2687KB/8831KB, paused 185us,65us total 50.279ms
03-04 09:29:46.848  7467  7467 W id.diagmonagent: Reducing the number of considered missed Gc histogram windows from 249 to 100
03-04 09:29:46.849  5763  5763 D FaceWidgetClockPage: initViews() clockEnabled = true, dateEnabled = true
03-04 09:29:46.849  5763  5763 I KeyguardThemeDigitalClockView_LOCK_SCREEN: updateAlternateCalendarViewVisibility : false/false
03-04 09:29:46.849  5763  5763 D FaceWidgetClockPage: setClockGravity() gravity = 49
03-04 09:29:46.849  5763  5763 D FaceWidgetClockPage: updateClockColor() page state : AOD
03-04 09:29:46.849  5763  5763 D FaceWidgetClockPage: updateClockColor() return - aod state
03-04 09:29:46.849  5763  5763 D FaceWidgetCalendarEventPage: setPageState() pageType = AOD  [ page state :EXPAND, orientation : 1] com.samsung.android.app.facewidget.pages.calendar.FaceWidgetCalendarEventPage{5a781cc VFE...... ......I. 0,0-0,0}
03-04 09:29:46.849  5763  5763 D FaceWidgetRemoteViewsPage_com.sec.android.daemonapp#weather_: setPageState() pageType = AOD  [ page state :EXPAND, orientation : 1] com.samsung.android.app.facewidget.pages.remoteview.FaceWidgetRemoteViewsPage{a60bd1b VFE...... ......I. 0,0-0,0}
03-04 09:29:46.849  5763  5763 D FaceWidgetViewModel: setClipLayoutVisibility() currentState = AOD aod visibility = 0
03-04 09:29:46.849  5763  5763 D FaceWidgetMusicPageShownManager: mCurrentMediaData is NULL
03-04 09:29:46.849  5763  5763 D FaceWidgetMusicPageShownManager: updateMusicPageShownState() show = false, reattach = false, reason = update
03-04 09:29:46.849  5763  5763 D FaceWidgetMusicPageShownManager: skip to show media panel
03-04 09:29:46.849  5763  5763 D FaceWidgetPagesController: refreshViews() pending reason = REFRESH_CLOCK_RECT
03-04 09:29:46.849  5763  5763 D FaceWidgetViewModel: updatePageState() << END << toState = AOD
03-04 09:29:46.849  5763  5763 D FaceWidgetDashBoard: setAODState true
03-04 09:29:46.850  5763  5763 D FaceWidgetViewModel: shouldContainerVisible() reason = (config) true
03-04 09:29:46.850  5763  5763 D FaceWidgetViewModel: onConfigurationChanged mThemeSeq 0 themeSeq 0
03-04 09:29:46.850  5763  5763 D FaceWidgetViewModel: updateInfoParameters(updateConfig) isAODState = true, clockSidePadding = (63, 63), musicSidePadding = (30, 30)
03-04 09:29:46.850  5763  5763 D FaceWidgetViewModel: onConfigurationChanged set FaceWidgetContainerLiveData{mIsContainerVisible=true, mClipLayoutVisibility=0, mRotation=0, mIsOwnerVisible=8, mOwnerInfoGravity=17, mAdditionalInfoGravity=17, mClockSideStartPadding=63, mClockSideEndPadding=63, mMusicSideStartPadding=30, mMusicSideEndPadding=30, mInfoSideStartPadding=63, mInfoSideEndPadding=63, mClipLayoutWidth = 840, mIsUpdateOwnerInfoText=true, mAdditionalInfoRemoteView=null, mHasCMAS=false, mIsAdditionalViewGoingToSleep=false, mConfig=CustomConfiguration{fontScale=1.1, screenLayout=268435810, orientation=1, screenWidthDp=411, screenHeightDp=865, smallestScreenWidthDp=411, densityDpi=420, uiMode=17, isRTL=false, mConfiguration={1.1 ?mcc?mnc [en_GB] ldltr sw411dp w411dp h865dp 420dpi nrml long port finger -keyb/v/h -nav/h winConfig={ mBounds=Rect(0, 0 - 1080, 2400) mAppBounds=Rect(0, 88 - 1080, 2361) mMaxBounds=Rect(0, 0 - 1080, 2400) mDisplayRotation=ROTATION_0 mWindowingMode=fullscreen mDisplayWindowingMode=fullscreen mActivityType=undefined mAlwaysOnTop=undefined mRotation=ROTATION_0 mPopOver=undefined mStageConfig=undefined mFreeformTaskPinningState=undefined mFreeformStashState=undefined} s.19 fontWeightAdjustment=0 ff=0 bf=0 bts=0 themeSeq=0 nightDim=-1}}}
03-04 09:29:46.850  5763  5763 D FaceWidgetMusicPageShownManager: mCurrentMediaData is NULL
03-04 09:29:46.850  5763  5763 D FaceWidgetMusicPageShownManager: updateMusicPageShownState() show = false, reattach = false, reason = configuration
03-04 09:29:46.850  5763  5763 D FaceWidgetMusicPageShownManager: skip to show media panel
03-04 09:29:46.850  5763  5763 I FaceWidgetViewModel: onClockTransitionEnded() AOD, isKeyguardVisible= false
03-04 09:29:46.851  5763  5763 D FaceWidgetContainerObserver: onChanged() FaceWidgetContainerLiveData{mIsContainerVisible=true, mClipLayoutVisibility=0, mRotation=0, mIsOwnerVisible=8, mOwnerInfoGravity=17, mAdditionalInfoGravity=17, mClockSideStartPadding=63, mClockSideEndPadding=63, mMusicSideStartPadding=30, mMusicSideEndPadding=30, mInfoSideStartPadding=63, mInfoSideEndPadding=63, mClipLayoutWidth = 840, mIsUpdateOwnerInfoText=true, mAdditionalInfoRemoteView=null, mHasCMAS=false, mIsAdditionalViewGoingToSleep=false, mConfig=CustomConfiguration{fontScale=1.1, screenLayout=268435810, orientation=1, screenWidthDp=411, screenHeightDp=865, smallestScreenWidthDp=411, densityDpi=420, uiMode=17, isRTL=false, mConfiguration={1.1 ?mcc?mnc [en_GB] ldltr sw411dp w411dp h865dp 420dpi nrml long port finger -keyb/v/h -nav/h winConfig={ mBounds=Rect(0, 0 - 1080, 2400) mAppBounds=Rect(0, 88 - 1080, 2361) mMaxBounds=Rect(0, 0 - 1080, 2400) mDisplayRotation=ROTATION_0 mWindowingMode=fullscreen mDisplayWindowingMode=fullscreen mActivityType=undefined mAlwaysOnTop=undefined mRotation=ROTATION_0 mPopOver=undefined mStageConfig=undefined mFreeformTaskPinningState=undefined mFreeformStashState=undefined} s.19 fontWeightAdjustment=0 ff=0 bf=0 bts=0 themeSeq=0 nightDim=-1}}}
03-04 09:29:46.851  5763  5763 D FaceWidgetPagesController: onGravityChanged()
03-04 09:29:46.851  5763  5763 D FaceWidgetClockPage: setClockGravity() gravity = 49
03-04 09:29:46.852  5763  5763 I FaceWidgetPositionAlgorithm: getClockContainerHeight() supplier = 270, bottom margin = 63, real height = 333
03-04 09:29:46.852  5763  5763 I FaceWidgetPositionAlgorithm: getMediaContainerHeight() height = 0 container Visibility = 8, isValid = false, mIsDozing = true, fraction = 1.0, source = 0, target = 0
03-04 09:29:46.852  5763  5763 I FaceWidgetPositionAlgorithm: getMediaContainerHeight() supplier = 0
03-04 09:29:46.852  5763  5763 I FaceWidgetPositionAlgorithm: getClockContainerHeight() supplier = 270, bottom margin = 0, real height = 333
03-04 09:29:46.853  5763  5763 D FaceWidgetViewModel: shouldContainerVisible() reason = (aod) true
03-04 09:29:46.853  5763  5763 D AODUiController: attachAODView() call dozeTimeTick
03-04 09:29:46.853  5763  5763 W KeyguardSliceViewCtrl: Keyguard slice not bound yet?
03-04 09:29:46.853  5763  5763 I FaceWidgetPositionAlgorithm: getClockContainerHeight() supplier = 270, bottom margin = 63, real height = 333
03-04 09:29:46.853  5763  5763 I FaceWidgetPositionAlgorithm: getMediaContainerHeight() height = 0 container Visibility = 8, isValid = false, mIsDozing = true, fraction = 1.0, source = 0, target = 0
03-04 09:29:46.853  5763  5763 I FaceWidgetPositionAlgorithm: getMediaContainerHeight() supplier = 0
03-04 09:29:46.854  5763  5763 I FaceWidgetPositionAlgorithm: getClockContainerHeight() supplier = 270, bottom margin = 0, real height = 333
03-04 09:29:46.854  5763  5763 I AODPinContentViewModel: AODPinnedContentController: 
03-04 09:29:46.854  5763  5763 I AODSmartAlertViewModel: AODSmartAlertViewModel: 
03-04 09:29:46.854  5763  5763 I AODUiController: attachBottomUI
03-04 09:29:46.856  5763  5763 I AODBatteryManager: updateBatteryData: ACTION_BATTERY_CHANGED
03-04 09:29:46.856  5763  5763 I AODBatteryManager: getChargeEstimateTime: not charging
03-04 09:29:46.856  5763  5763 I AODBatteryManager: saveBatteryData : AOD BatteryData [mBatteryLevel=79, mBatteryStatus=DISCHARGING, mBatteryPlugType=NOT_DEFINED, mBatteryPlugged=false, mRemainingChargeTime=0, mBatteryChargingType=0, mBatteryChargerType=NORMAL, mBatteryOnline=NOT_DEFINED, mBatterySwellingMode=NONE, mBatteryProtectMode=false]
03-04 09:29:46.856  5763  5763 I ChargingInfoManager: removeMessages: 
03-04 09:29:46.856  5763  5763 W AODAlarmTimer_HIDE_CHARGING_INFO_TIMER: stop : not yet started 
03-04 09:29:46.856  5763  5763 I ChargingInfoManager: updateChargingInfo: newState = AOD ChargingInfo [mState=NONE, mIsCharging=false, mIsFullyCharged=false, mIsBatteryProtectMode=false], oldState = AOD ChargingInfo [mState=NONE, mIsCharging=false, mIsFullyCharged=false, mIsBatteryProtectMode=false]
03-04 09:29:46.856  5763  5763 I AODBottomUIContainer: updateChargingInfoShowing = false
03-04 09:29:46.856  5763  5763 I AODBottomUIContainer: updateHomeKeyOnlyMode = false
03-04 09:29:46.859  5763  5763 I ResourceUtils: initDisplayValues LogicalHeight 2400 LogicalWidth = 1080 DisplayDeviceType = -1, sIsLandscape = false
03-04 09:29:46.859  5763  5763 I AODBottomUIContainer: initChargingInfo: cover close = false, type = 2
03-04 09:29:46.861  5245  5676 I bauth_FPBAuthService: pcf : 0x1012, 0 ,1 ,0 ,0 ,0 ,0, 7.0.0.0
03-04 09:29:46.861  5245  5676 I bauth_FPBAuthService: thread id : 1, preenroll_flag : 0, nd cnt : 0, cso : 0, et : 0
03-04 09:29:46.861  5245  5676 I bauth_FPBAuthService: FPBAuthService, 11463
03-04 09:29:46.862  5763  5763 I AODBottomUIContainer: updateChargingInfoVisibility: isChargingInfoDisabled = false, isAODChargingInfoDisabled =  false
03-04 09:29:46.862  5763  5763 I AODBottomUIContainer: updateBatteryInfoVisibility: isAODActive = true, isAODBatteryInfoEnabled =  true
03-04 09:29:46.863  5763  5763 I ChargingInfoView: setBatteryInfoEnabled: true
03-04 09:29:46.863  5763  5763 I AODBottomUIContainer: initChargingInfoPosition: 
03-04 09:29:46.863  5763  5763 I ZigZagViewPositionControllerImpl[CHARGING_INFO]: initPosition: mRange = Rect(-38, 0 - 38, 60), mParams = ViewPositionParams {name = CHARGING_INFO, width = 100, height = 80, offset = Point(0, 0), interval = 10, gravity = 49, high = false, baseScreenSizeRate = 0.0}
03-04 09:29:46.863  5763  5763 I ZigZagViewPositionControllerImpl[CHARGING_INFO]: mStartX = -1, mStartY = -1
03-04 09:29:46.863  5763  5763 I ZigZagViewPositionControllerImpl[CHARGING_INFO]: left = 8, right = 0, top = 50, bottom = 0
03-04 09:29:46.863  5763  5763 I ZigZagViewPositionControllerImpl[CHARGING_INFO]: updatePosition: mCurPoint = Point(8, 50), mRange = Rect(-38, 0 - 38, 60), count = 1, interval = 10
03-04 09:29:46.863  5763  5763 I AlwaysOnDisplayEx: setBottomArea: 
03-04 09:29:46.863  5763  5763 D PluginAODManager: setBottomArea() 
03-04 09:29:46.865  5763  5763 I AODBatteryManager: updateBatteryData: ACTION_BATTERY_CHANGED
03-04 09:29:46.865  5763  5763 I AODBatteryManager: getChargeEstimateTime: not charging
03-04 09:29:46.865  5763  5763 I AODBatteryManager: saveBatteryData : AOD BatteryData [mBatteryLevel=79, mBatteryStatus=DISCHARGING, mBatteryPlugType=NOT_DEFINED, mBatteryPlugged=false, mRemainingChargeTime=0, mBatteryChargingType=0, mBatteryChargerType=NORMAL, mBatteryOnline=NOT_DEFINED, mBatterySwellingMode=NONE, mBatteryProtectMode=false]
03-04 09:29:46.865  5763  5763 I ChargingInfoManager: removeMessages: 
03-04 09:29:46.865  5763  5763 W AODAlarmTimer_HIDE_CHARGING_INFO_TIMER: stop : not yet started 
03-04 09:29:46.865  5763  5763 I ChargingInfoManager: updateChargingInfo: newState = AOD ChargingInfo [mState=NONE, mIsCharging=false, mIsFullyCharged=false, mIsBatteryProtectMode=false], oldState = AOD ChargingInfo [mState=NONE, mIsCharging=false, mIsFullyCharged=false, mIsBatteryProtectMode=false]
03-04 09:29:46.870  5763  5763 I AODBatteryManager: updateBatteryData: ACTION_BATTERY_CHANGED
03-04 09:29:46.870  5763  5763 I AODBatteryManager: getChargeEstimateTime: not charging
03-04 09:29:46.870  5763  5763 I AODBatteryManager: saveBatteryData : AOD BatteryData [mBatteryLevel=79, mBatteryStatus=DISCHARGING, mBatteryPlugType=NOT_DEFINED, mBatteryPlugged=false, mRemainingChargeTime=0, mBatteryChargingType=0, mBatteryChargerType=NORMAL, mBatteryOnline=NOT_DEFINED, mBatterySwellingMode=NONE, mBatteryProtectMode=false]
03-04 09:29:46.870  5763  5763 I ChargingInfoManager: setShowBatteryInfo: true
03-04 09:29:46.871  5763  5763 I ChargingInfoManager: removeMessages: 
03-04 09:29:46.871  5763  5763 W AODAlarmTimer_HIDE_CHARGING_INFO_TIMER: stop : not yet started 
03-04 09:29:46.871  5763  5763 I ChargingInfoManager: updateChargingInfo: newState = AOD ChargingInfo [mState=BATTERY_AND_REMAIN_TIME, mIsCharging=false, mIsFullyCharged=false, mIsBatteryProtectMode=false], oldState = AOD ChargingInfo [mState=NONE, mIsCharging=false, mIsFullyCharged=false, mIsBatteryProtectMode=false]
03-04 09:29:46.871  5763  5763 I AODClockViewModel: setLiveClockVisibility: visible = true / reason = 0 disabled LiveClock
03-04 09:29:46.872  5763  5763 I AlwaysOnDisplayEx: proceedStartAOD: onUpdateWindowLayoutParams
03-04 09:29:46.873  6173  6173 I Launcher: mScreenOffReceiver start
03-04 09:29:46.873  6173  6173 I Launcher: mScreenOffReceiver end
03-04 09:29:46.875  5763  5763 D PluginAODManager: onNotificationInfoUpdated() 1
03-04 09:29:46.875  5763  5763 D PluginAODManager: onNotificationInfoUpdated() 0|com.android.vending|-234430262|null|10228
03-04 09:29:46.875  5763  5763 I AODNotificationManager: updateVisibleNotifications: 1
03-04 09:29:46.875  5763  5763 I AOD_WAKELOCK@WakeLockManager: acquireIfExists: tag - AOD_Notification, reason - UPDATE_NOTIFICATION, wakeLock = WakeLock{21de398 held=false, refCount=0}
03-04 09:29:46.878  5763  5763 I c       : previous Count: -1, current Count : 1
03-04 09:29:46.878  5763  5763 I c       : needToChangeIcon: true
03-04 09:29:46.878  5763  5763 I c       : Processing notification: 0|com.android.vending|-234430262|null|10228
03-04 09:29:46.878  5763  5763 I AODNotificationManager: getNotificationIcon: get from SystemUI
03-04 09:29:46.878  5763  5763 D PluginAODManager: getNotificationIcon() 0|com.android.vending|-234430262|null|10228
03-04 09:29:46.878  5763  5763 I NotificationItem: setIcon: 29186139
03-04 09:29:46.879  5763  5763 I NotificationItem: setStatusBarNotification: NOTIFICATION
03-04 09:29:46.879  5763  5763 I NotificationContainer: updateContainerVisibility() true 4/false
03-04 09:29:46.880  5763  5763 I NotificationContainer: setVisibilityWithAnim: true
03-04 09:29:46.884  5763  5763 I ViewRootImpl@c21352e[NavigationBar0]: performTraversals params={(0,0)(fillx126) gr=BOTTOM CENTER_VERTICAL sim={adjust=pan} layoutInDisplayCutoutMode=always ty=NAVIGATION_BAR fmt=TRANSLUCENT receive insets ignoring z-order
03-04 09:29:46.884  5763  5763 I ViewRootImpl@c21352e[NavigationBar0]:   fl=20840068
03-04 09:29:46.884  5763  5763 I ViewRootImpl@c21352e[NavigationBar0]:   pfl=33002000
03-04 09:29:46.884  5763  5763 I ViewRootImpl@c21352e[NavigationBar0]:   bhv=DEFAULT
03-04 09:29:46.884  5763  5763 I ViewRootImpl@c21352e[NavigationBar0]:  providedInternalInsets=null Insets{left=0, top=87, right=0, bottom=0} null null null null null null null null null null null null null null null null null null null null null null
03-04 09:29:46.884  5763  5763 I ViewRootImpl@c21352e[NavigationBar0]:   paramsForRotation=
03-04 09:29:46.884  5763  5763 I ViewRootImpl@c21352e[NavigationBar0]:   rot[0]={(0,0)(fillx126) gr=BOTTOM CENTER_VERTICAL layoutInDisplayCutoutMode=always ty=NAVIGATION_BAR fmt=TRANSLUCENT receive insets ignoring z-order
03-04 09:29:46.884  5763  5763 I ViewRootImpl@c21352e[NavigationBar0]:   fl=20840068
03-04 09:29:46.884  5763  5763 I ViewRootImpl@c21352e[NavigationBar0]:   pfl=31002000
03-04 09:29:46.884  5763  5763 I ViewRootImpl@c21352e[NavigationBar0]:   bhv=DEFAULT
03-04 09:29:46.884  5763  5763 I ViewRootImpl@c21352e[NavigationBar0]:  providedInternalInsets=null Insets{left=0, top=87, right=0, bottom=0} null null null null null null null null null null null null null null null null null null null null null null naviIconColor=0} 
03-04 09:29:46.884  5763  5763 I ViewRootImpl@c21352e[NavigationBar0]:   rot[1]={(0,0)(fillx126) gr=BOTTOM CENTER_VERTICAL layoutInDisplayCutoutMode=always ty=NAVIGATION_BAR fmt=TRANSLUCENT receive insets ignoring z-order
03-04 09:29:46.884  5763  5763 I ViewRootImpl@c21352e[NavigationBar0]:   fl=20840068
03-04 09:29:46.884  5763  5763 I ViewRootImpl@c21352e[NavigationBar0]:   pfl=31002000
03-04 09:29:46.884  5763  5763 I ViewRootImpl@c21352e[NavigationBar0]:   bhv=DEFAULT
03-04 09:29:46.884  5763  5763 I ViewRootImpl@c21352e[NavigationBar0]:  providedInternalInsets=null Insets{left=0, top=87, right=0, bottom=0} null null null null null null null null null null null null null null null null null null null null null null naviIconColor=0} 
03-04 09:29:46.884  5763  5763 I ViewRootImpl@c21352e[NavigationBar0]:   rot[2]={(0,0)(fillx126) gr=BOTTOM CENTER_VERTICAL layoutInDisplayCutoutMode=always ty=NAVIGATION_BAR fmt=TRANSLUCENT receive insets ignoring z-order
03-04 09:29:46.884  5763  5763 I ViewRootImpl@c21352e[NavigationBar0]:   fl=20840068
03-04 09:29:46.884  5763  5763 I ViewRootImpl@c21352e[NavigationBar0]:   pfl=31002000
03-04 09:29:46.884  5763  5763 I ViewRootImpl@c21352e[NavigationBar0]:   bhv=DEFAULT
03-04 09:29:46.884  5763  5763 I ViewRootImpl@c21352e[NavigationBar0]:  providedInternalInsets=null Insets{left=0, top=87, right=0, bottom=0} null null null null null null null null null null null null null null null null null null null null null null naviIconColor=0} 
03-04 09:29:46.884  5763  5763 I ViewRootImpl@c21352e[NavigationBar0]:   rot[3]={(0,0)(fillx126) gr=BOTTOM CENTER_VERTICAL layoutInDisplayCutoutMode=always ty=NAVIGATION_BAR fmt=TRANSLUCENT receive insets ignoring z-order
03-04 09:29:46.884  5763  5763 I ViewRootImpl@c21352e[NavigationBar0]:   fl=20840068
03-04 09:29:46.884  5763  5763 I ViewRootImpl@c21352e[NavigationBar0]:   pfl=31002000
03-04 09:29:46.884  5763  5763 I ViewRootImpl@c21352e[NavigationBar0]:   bhv=DEFAULT
03-04 09:29:46.884  5763  5763 I ViewRootImpl@c21352e[NavigationBar0]:  providedInternalInsets=null Insets{left=0, top=87, right=0, bottom=0} null null null null null null null null null null null null null null null null null null null null null null naviIconColor=0} naviIconColor=0}
03-04 09:29:46.886  5763  5763 I ViewRootImpl@c21352e[NavigationBar0]: performTraversals mFirst=false windowShouldResize=false viewVisibilityChanged=false mForceNextWindowRelayout=false params={(0,0)(fillx126) gr=BOTTOM CENTER_VERTICAL sim={adjust=pan} layoutInDisplayCutoutMode=always ty=NAVIGATION_BAR fmt=TRANSLUCENT receive insets ignoring z-order
03-04 09:29:46.886  5763  5763 I ViewRootImpl@c21352e[NavigationBar0]:   fl=20840068
03-04 09:29:46.886  5763  5763 I ViewRootImpl@c21352e[NavigationBar0]:   pfl=33002000
03-04 09:29:46.886  5763  5763 I ViewRootImpl@c21352e[NavigationBar0]:   bhv=DEFAULT
03-04 09:29:46.886  5763  5763 I ViewRootImpl@c21352e[NavigationBar0]:  providedInternalInsets=null Insets{left=0, top=87, right=0, bottom=0} null null null null null null null null null null null null null null null null null null null null null null
03-04 09:29:46.886  5763  5763 I ViewRootImpl@c21352e[NavigationBar0]:   paramsForRotation=
03-04 09:29:46.886  5763  5763 I ViewRootImpl@c21352e[NavigationBar0]:   rot[0]={(0,0)(fillx126) gr=BOTTOM CENTER_VERTICAL layoutInDisplayCutoutMode=always ty=NAVIGATION_BAR fmt=TRANSLUCENT receive insets ignoring z-order
03-04 09:29:46.886  5763  5763 I ViewRootImpl@c21352e[NavigationBar0]:   fl=20840068
03-04 09:29:46.886  5763  5763 I ViewRootImpl@c21352e[NavigationBar0]:   pfl=31002000
03-04 09:29:46.886  5763  5763 I ViewRootImpl@c21352e[NavigationBar0]:   bhv=DEFAULT
03-04 09:29:46.886  5763  5763 I ViewRootImpl@c21352e[NavigationBar0]:  providedInternalInsets=null Insets{left=0, top=87, right=0, bottom=0} null null null null null null null null null null null null null null null null null null null null null null naviIconColor=0} 
03-04 09:29:46.886  5763  5763 I ViewRootImpl@c21352e[NavigationBar0]:   rot[1]={(0,0)(fillx126) gr=BOTTOM CENTER_VERTICAL layoutInDisplayCutoutMode=always ty=NAVIGATION_BAR fmt=TRANSLUCENT receive insets ignoring z-order
03-04 09:29:46.886  5763  5763 I ViewRootImpl@c21352e[NavigationBar0]:   fl=20840068
03-04 09:29:46.886  5763  5763 I ViewRootImpl@c21352e[NavigationBar0]:   pfl=31002000
03-04 09:29:46.886  5763  5763 I ViewRootImpl@c21352e[NavigationBar0]:   bhv=DEFAULT
03-04 09:29:46.886  5763  5763 I ViewRootImpl@c21352e[NavigationBar0]:  providedInternalInsets=null Insets{left=0, top=87, right=0, bottom=0} null null null null null null null null null null null null null null null null null null null null null null naviIconColor=0} 
03-04 09:29:46.886  5763  5763 I ViewRootImpl@c21352e[NavigationBar0]:   rot[2]={(0,0)(fillx126) gr=BOTTOM CENTER_VERTICAL layoutInDisplayCutoutMode=always ty=NAVIGATION_BAR fmt=TRANSLUCENT receive insets ignoring z-order
03-04 09:29:46.886  5763  5763 I ViewRootImpl@c21352e[NavigationBar0]:   fl=20840068
03-04 09:29:46.886  5763  5763 I ViewRootImpl@c21352e[NavigationBar0]:   pfl=31002000
03-04 09:29:46.886  5763  5763 I ViewRootImpl@c21352e[NavigationBar0]:   bhv=DEFAULT
03-04 09:29:46.886  5763  5763 I ViewRootImpl@c21352e[NavigationBar0]:  providedInternalInsets=null Insets{left=0, top=87, right=0, bottom=0} null null null null null null null null null null null null null null null null null null null null null null naviIconColor=0} 
03-04 09:29:46.886  5763  5763 I ViewRootImpl@c21352e[NavigationBar0]:   rot[3]={(0,0)(fillx126) gr=BOTTOM CENTER_VERTICAL layoutInDisplayCutoutMode=always ty=NAVIGATION_BAR fmt=TRANSLUCENT receive insets ignoring z-order
03-04 09:29:46.886  5763  5763 I ViewRootImpl@c21352e[NavigationBar0]:   fl=20840068
03-04 09:29:46.886  5763  5763 I ViewRootImpl@c21352e[NavigationBar0]:   pfl=31002000
03-04 09:29:46.886  5763  5763 I ViewRootImpl@c21352e[NavigationBar0]:   bhv=DEFAULT
03-04 09:29:46.886  5763  5763 I ViewRootImpl@c21352e[NavigationBar0]:  providedInternalInsets=null Insets{left=0, top=87, right=0, bottom=0} null null null null null null null null null null null null null null null null null null null null null null naviIconColor=0} naviIconColor=0}
03-04 09:29:46.887  5405  5877 V WindowManager: Relayout Window{7b7936b u0 NavigationBar0}: viewVisibility=0 req=1080x126 d0
03-04 09:29:46.908  5405  5877 V WindowManager: Relayout hash=7b7936b, pid=5763, syncId=-1: mAttrs={(0,0)(fillx126) gr=BOTTOM CENTER_VERTICAL sim={adjust=pan} layoutInDisplayCutoutMode=always ty=NAVIGATION_BAR fmt=TRANSLUCENT receive insets ignoring z-order
03-04 09:29:46.908  5405  5877 V WindowManager:   fl=20840068
03-04 09:29:46.908  5405  5877 V WindowManager:   pfl=33002000
03-04 09:29:46.908  5405  5877 V WindowManager:   bhv=DEFAULT
03-04 09:29:46.908  5405  5877 V WindowManager:  providedInternalInsets=null Insets{left=0, top=87, right=0, bottom=0} null null null null null null null null null null null null null null null null null null null null null null
03-04 09:29:46.908  5405  5877 V WindowManager:   paramsForRotation=
03-04 09:29:46.908  5405  5877 V WindowManager:   rot[0]={(0,0)(fillx126) gr=BOTTOM CENTER_VERTICAL layoutInDisplayCutoutMode=always ty=NAVIGATION_BAR fmt=TRANSLUCENT receive insets ignoring z-order
03-04 09:29:46.908  5405  5877 V WindowManager:   fl=20840068
03-04 09:29:46.908  5405  5877 V WindowManager:   pfl=31002000
03-04 09:29:46.908  5405  5877 V WindowManager:   bhv=DEFAULT
03-04 09:29:46.908  5405  5877 V WindowManager:  providedInternalInsets=null Insets{left=0, top=87, right=0, bottom=0} null null null null null null null null null null null null null null null null null null null null null null naviIconColor=0} 
03-04 09:29:46.908  5405  5877 V WindowManager:   rot[1]={(0,0)(fillx126) gr=BOTTOM CENTER_VERTICAL layoutInDisplayCutoutMode=always ty=NAVIGATION_BAR fmt=TRANSLUCENT receive insets ignoring z-order
03-04 09:29:46.908  5405  5877 V WindowManager:   fl=20840068
03-04 09:29:46.908  5405  5877 V WindowManager:   pfl=31002000
03-04 09:29:46.908  5405  5877 V WindowManager:   bhv=DEFAULT
03-04 09:29:46.908  5405  5877 V WindowManager:  providedInternalInsets=null Insets{left=0, top=87, right=0, bottom=0} null null null null null null null null null null null null null null null null null null null null null null naviIconColor=0} 
03-04 09:29:46.908  5405  5877 V WindowManager:   rot[2]={(0,0)(fillx126) gr=BOTTOM CENTER_VERTICAL layoutInDisplayCutoutMode=always ty=NAVIGATION_BAR fmt=TRANSLUCENT receive insets ignoring z-order
03-04 09:29:46.908  5405  5877 V WindowManager:   fl=20840068
03-04 09:29:46.908  5405  5877 V WindowManager:   pfl=31002000
03-04 09:29:46.908  5405  5877 V WindowManager:   bhv=DEFAULT
03-04 09:29:46.908  5405  5877 V WindowManager:  providedInternalInsets=null Insets{left=0, top=87, right=0, bottom=0} null null null null null null null null null null null null null null null null null null null null null null naviIconColor=0} 
03-04 09:29:46.908  5405  5877 V WindowManager:   rot[3]={(0,0)(fillx126) gr=BOTTOM CENTER_VERTICAL layoutInDisplayCutoutMode=always ty=NAVIGATION_BAR fmt=TRANSLUCENT receive insets ignoring z-order
03-04 09:29:46.908  5405  5877 V WindowManager:   fl=20840068
03-04 09:29:46.908  5405  5877 V WindowManager:   pfl=31002000
03-04 09:29:46.908  5405  5877 V WindowManager:   bhv=DEFAULT
03-04 09:29:46.908  5405  5877 V WindowManager:  providedInternalInsets=null Insets{left=0, top=87, right=0, bottom=0} null null null null null null null null null null null null null null null null null null null null null null naviIconColor=0} naviIconColor=0}
03-04 09:29:46.910  5763  5763 I ViewRootImpl@c21352e[NavigationBar0]: updateBlastSurfaceIfNeeded mBlastBufferQueue=0x74d9470000 isSameSurfaceControl=true
03-04 09:29:46.911  5763  5763 I BLASTBufferQueue: update, w= 1080 h= 126 mName = ViewRootImpl@c21352e[NavigationBar0] mNativeObject= 0x74d9470000 sc.mNativeObject= 0x74cf8f5620 format= -3 caller= android.view.ViewRootImpl.updateBlastSurfaceIfNeeded:2898 android.view.ViewRootImpl.relayoutWindow:9847 android.view.ViewRootImpl.performTraversals:3884 android.view.ViewRootImpl.doTraversal:3116 android.view.ViewRootImpl$TraversalRunnable.run:10885 android.view.Choreographer$CallbackRecord.run:1301 
03-04 09:29:46.911  5763  5763 I ViewRootImpl@c21352e[NavigationBar0]: Relayout returned: old=(0,2274,1080,2400) new=(0,2274,1080,2400) req=(1080,126)0 dur=24 res=0x0 s={true 0x74e0b5a800} ch=false seqId=0
03-04 09:29:46.915  5763  5763 I ViewRootImpl@1b8fc88[NotificationShade]: performTraversals params={(0,0)(fillxfill) gr=TOP CENTER_VERTICAL sim={adjust=resize} layoutInDisplayCutoutMode=always ty=NOTIFICATION_SHADE fmt=TRANSLUCENT or=SCREEN_ORIENTATION_NOSENSOR
03-04 09:29:46.915  5763  5763 I ViewRootImpl@1b8fc88[NotificationShade]:   fl=81862040
03-04 09:29:46.915  5763  5763 I ViewRootImpl@1b8fc88[NotificationShade]:   pfl=1a000000
03-04 09:29:46.915  5763  5763 I ViewRootImpl@1b8fc88[NotificationShade]:   vsysui=2000
03-04 09:29:46.915  5763  5763 I ViewRootImpl@1b8fc88[NotificationShade]:   apr=LIGHT_STATUS_BARS
03-04 09:29:46.915  5763  5763 I ViewRootImpl@1b8fc88[NotificationShade]:   bhv=SHOW_TRANSIENT_BARS_BY_SWIPE naviIconColor=0
03-04 09:29:46.915  5763  5763 I ViewRootImpl@1b8fc88[NotificationShade]:   sfl=80060000}
03-04 09:29:46.916  5763  5763 I ViewRootImpl@1b8fc88[NotificationShade]: performTraversals mFirst=false windowShouldResize=false viewVisibilityChanged=false mForceNextWindowRelayout=false params={(0,0)(fillxfill) gr=TOP CENTER_VERTICAL sim={adjust=resize} layoutInDisplayCutoutMode=always ty=NOTIFICATION_SHADE fmt=TRANSLUCENT or=SCREEN_ORIENTATION_NOSENSOR
03-04 09:29:46.916  5763  5763 I ViewRootImpl@1b8fc88[NotificationShade]:   fl=81862040
03-04 09:29:46.916  5763  5763 I ViewRootImpl@1b8fc88[NotificationShade]:   pfl=1a000000
03-04 09:29:46.916  5763  5763 I ViewRootImpl@1b8fc88[NotificationShade]:   vsysui=2000
03-04 09:29:46.916  5763  5763 I ViewRootImpl@1b8fc88[NotificationShade]:   apr=LIGHT_STATUS_BARS
