--------- beginning of main
03-04 09:23:31.063  5405 27231 D SemWifiUsabilityStatsMonitor: onWifiUsabilityStats - seqNum 1743, isSameBssidAndFreq true
03-04 09:23:31.066  5405  5679 I SemWifiLinkQualityMonitor: Link Qos Query: 0.041 ms / 195.000 Mbps (390 / 0.000 / 2.000)
--------- beginning of system
03-04 09:23:32.161  5405  5454 E Watchdog: !@Sync: 639 heap: 108 / 109 FD: 948 [2026-03-04 09:23:32.161]
03-04 09:23:34.121  5405 27231 D SemWifiUsabilityStatsMonitor: onWifiUsabilityStats - seqNum 1744, isSameBssidAndFreq true
03-04 09:23:34.123  5405  5679 I SemWifiLinkQualityMonitor: Link Qos Query: 0.041 ms / 195.000 Mbps (390 / 0.000 / 2.000)
03-04 09:23:35.348  5405  5468 D BatteryExternalStatsWorker: update stats : wifi-data: inactive (2)
03-04 09:23:35.356  5405  5468 D BatteryExternalStatsWorker: Fetch WiFi data
03-04 09:23:35.357  5405  5468 D BatteryExternalStatsWorker: Update Rail Energy data
03-04 09:23:35.357  5405  5468 D BatteryExternalStatsWorker: mStats lock released
03-04 09:23:35.393  5405  5468 D BatteryExternalStatsWorker: Update wifi state
03-04 09:23:35.393  5405  5468 D BatteryExternalStatsWorker: done updateExternalStatsLocked
03-04 09:23:37.061  5405  7526 D SettingsProvider: isChangeAllowed() : name = stay_on_while_plugged_in
03-04 09:23:37.061  5405  7526 D SettingsProvider: edmUri: content://com.sec.knox.provider/RestrictionPolicy3
03-04 09:23:37.061  5405  7526 D SettingsProvider: projectionArgs: isSettingsChangesAllowed
03-04 09:23:37.061  5405  7526 D SettingsProvider: selectionArgs: false
03-04 09:23:37.061  5405  7526 D SettingsProvider: selectionArgs: 2000
03-04 09:23:37.061  5405  7526 D SecContentProvider: query(), uri = 17 selection = isSettingsChangesAllowed
03-04 09:23:37.061  5405  7526 D SecContentProvider: called from android.uid.shell:2000
03-04 09:23:37.061  5405  7526 D RestrictionPolicy: isSettingsChangesAllowedAsUser, userId 0 : true
03-04 09:23:37.062  5405  7526 D SettingsProvider: ret = 1
03-04 09:23:37.062  5405  7526 D SettingsProvider: edmUri: content://com.sec.knox.provider/RestrictionPolicy1
03-04 09:23:37.062  5405  7526 D SettingsProvider: projectionArgs: isDeveloperModeAllowed
03-04 09:23:37.062  5405  7526 D SecContentProvider: query(), uri = 15 selection = isDeveloperModeAllowed
03-04 09:23:37.062  5405  7526 D SecContentProvider: called from android.uid.shell:2000
03-04 09:23:37.062  5405  7526 D RestrictionPolicy: isDeveloperModeAllowed : true
03-04 09:23:37.063  5405  7526 D SettingsProvider: ret = 1
03-04 09:23:37.064  5405  7526 I GenerationRegistry: mBackingStore.isClosed() : false
03-04 09:23:37.067  5405  5477 D PowerManagerService: [api] SettingsObserver: onChange: content://settings/global/stay_on_while_plugged_in
03-04 09:23:37.068  5405  5477 D PowerManagerService: [api] updateSettingsLocked : mDreamsEnabledSetting: false mDreamsActivateOnSleepSetting: true mDreamsActivateOnDockSetting: false mScreenOffTimeoutSetting: 1800000 mSleepTimeoutSetting: -1 mStayOnWhilePluggedInSetting: 0 mTheaterModeEnabled: false mAlwaysOnEnabled: false mSmartStayEnabledSetting: false mDoubleTapWakeEnabled: false retailDemoValue: 0 mScreenBrightnessModeSetting: 0 mGameAutobrightnessLocked: false mBatterySavingAdjustBrightnessFactor: 1.0 mAodMode: true
03-04 09:23:37.156  5405 27231 D SemWifiUsabilityStatsMonitor: onWifiUsabilityStats - seqNum 1745, isSameBssidAndFreq true
03-04 09:23:37.157  5763  5763 D NetworkController.WifiSignalController: notifyListener: visible=true, connected=true, inetCondition=1, isDefault=true, wifiTestReported=true, receivedInetCondition=-1, hideDuringMobileSwitching=false
03-04 09:23:37.159  5405  5679 I SemWifiLinkQualityMonitor: Link Qos Query: 0.041 ms / 195.000 Mbps (390 / 0.000 / 2.000)
03-04 09:23:37.161  5763  5865 D Tile.WifiTile: handleUpdateState isTransient=false transientEnabling =false cb.isTransient=false state.state = 2 mStateBeforeClick.value =false enabled =true
03-04 09:23:37.239  5405  5575 D SettingsProvider: isChangeAllowed() : name = window_animation_scale
03-04 09:23:37.239  5405  5575 D SettingsProvider: edmUri: content://com.sec.knox.provider/RestrictionPolicy3
03-04 09:23:37.239  5405  5575 D SettingsProvider: projectionArgs: isSettingsChangesAllowed
03-04 09:23:37.239  5405  5575 D SettingsProvider: selectionArgs: false
03-04 09:23:37.239  5405  5575 D SettingsProvider: selectionArgs: 2000
03-04 09:23:37.240  5405  5575 D SecContentProvider: query(), uri = 17 selection = isSettingsChangesAllowed
03-04 09:23:37.240  5405  5575 D SecContentProvider: called from android.uid.shell:2000
03-04 09:23:37.240  5405  5575 D RestrictionPolicy: isSettingsChangesAllowedAsUser, userId 0 : true
03-04 09:23:37.241  5405  5575 D SettingsProvider: ret = 1
03-04 09:23:37.242  5405  5575 I GenerationRegistry: mBackingStore.isClosed() : false
03-04 09:23:37.386  5405  5575 D SettingsProvider: isChangeAllowed() : name = transition_animation_scale
03-04 09:23:37.386  5405  5575 D SettingsProvider: edmUri: content://com.sec.knox.provider/RestrictionPolicy3
03-04 09:23:37.386  5405  5575 D SettingsProvider: projectionArgs: isSettingsChangesAllowed
03-04 09:23:37.386  5405  5575 D SettingsProvider: selectionArgs: false
03-04 09:23:37.386  5405  5575 D SettingsProvider: selectionArgs: 2000
03-04 09:23:37.387  5405  5575 D SecContentProvider: query(), uri = 17 selection = isSettingsChangesAllowed
03-04 09:23:37.387  5405  5575 D SecContentProvider: called from android.uid.shell:2000
03-04 09:23:37.387  5405  5575 D RestrictionPolicy: isSettingsChangesAllowedAsUser, userId 0 : true
03-04 09:23:37.387  5405  5575 D SettingsProvider: ret = 1
03-04 09:23:37.388  5405  5575 I GenerationRegistry: mBackingStore.isClosed() : false
03-04 09:23:37.392  5763  5763 W Settings: Setting transition_animation_scale has moved from android.provider.Settings.System to android.provider.Settings.Global, returning read-only value.
03-04 09:23:37.396  5763  5763 D SettingsHelper: onChange() COMPLETED elapsed= 5
03-04 09:23:37.396  5763  5763 V SettingsHelper: *** broadcastChange for content://settings/global/transition_animation_scale
03-04 09:23:37.539  5405  5575 D SettingsProvider: isChangeAllowed() : name = animator_duration_scale
03-04 09:23:37.539  5405  5575 D SettingsProvider: edmUri: content://com.sec.knox.provider/RestrictionPolicy3
03-04 09:23:37.539  5405  5575 D SettingsProvider: projectionArgs: isSettingsChangesAllowed
03-04 09:23:37.539  5405  5575 D SettingsProvider: selectionArgs: false
03-04 09:23:37.539  5405  5575 D SettingsProvider: selectionArgs: 2000
03-04 09:23:37.539  5405  5575 D SecContentProvider: query(), uri = 17 selection = isSettingsChangesAllowed
03-04 09:23:37.539  5405  5575 D SecContentProvider: called from android.uid.shell:2000
03-04 09:23:37.539  5405  5575 D RestrictionPolicy: isSettingsChangesAllowedAsUser, userId 0 : true
03-04 09:23:37.540  5405  5575 D SettingsProvider: ret = 1
03-04 09:23:37.541  5405  5575 I GenerationRegistry: mBackingStore.isClosed() : false
03-04 09:23:37.544  5763  5763 E SettingsHelper: Exception occurred
03-04 09:23:37.544  5763  5763 E SettingsHelper: java.lang.NoSuchMethodException: android.provider.Settings$Global.getIntForUser [class android.content.ContentResolver, class java.lang.String, int, int]
03-04 09:23:37.544  5763  5763 E SettingsHelper: 	at java.lang.Class.getMethod(Class.java:2950)
03-04 09:23:37.544  5763  5763 E SettingsHelper: 	at java.lang.Class.getDeclaredMethod(Class.java:2929)
03-04 09:23:37.544  5763  5763 E SettingsHelper: 	at com.android.systemui.util.SettingsHelper$Item.read(SettingsHelper.java:1607)
03-04 09:23:37.544  5763  5763 E SettingsHelper: 	at com.android.systemui.util.SettingsHelper$ItemMap.updateMapForUri(SettingsHelper.java:1740)
03-04 09:23:37.544  5763  5763 E SettingsHelper: 	at com.android.systemui.util.SettingsHelper$1.onChange(SettingsHelper.java:468)
03-04 09:23:37.544  5763  5763 E SettingsHelper: 	at android.database.ContentObserver.onChange(ContentObserver.java:170)
03-04 09:23:37.544  5763  5763 E SettingsHelper: 	at android.database.ContentObserver.onChange(ContentObserver.java:188)
03-04 09:23:37.544  5763  5763 E SettingsHelper: 	at android.database.ContentObserver.onChange(ContentObserver.java:224)
03-04 09:23:37.544  5763  5763 E SettingsHelper: 	at android.database.ContentObserver.lambda$dispatchChange$0$android-database-ContentObserver(ContentObserver.java:304)
03-04 09:23:37.544  5763  5763 E SettingsHelper: 	at android.database.ContentObserver$$ExternalSyntheticLambda0.run(Unknown Source:10)
03-04 09:23:37.544  5763  5763 E SettingsHelper: 	at android.os.Handler.handleCallback(Handler.java:942)
03-04 09:23:37.544  5763  5763 E SettingsHelper: 	at android.os.Handler.dispatchMessage(Handler.java:99)
03-04 09:23:37.544  5763  5763 E SettingsHelper: 	at android.os.Looper.loopOnce(Looper.java:226)
03-04 09:23:37.544  5763  5763 E SettingsHelper: 	at android.os.Looper.loop(Looper.java:313)
03-04 09:23:37.544  5763  5763 E SettingsHelper: 	at android.app.ActivityThread.main(ActivityThread.java:8762)
03-04 09:23:37.544  5763  5763 E SettingsHelper: 	at java.lang.reflect.Method.invoke(Native Method)
03-04 09:23:37.544  5763  5763 E SettingsHelper: 	at com.android.internal.os.RuntimeInit$MethodAndArgsCaller.run(RuntimeInit.java:604)
03-04 09:23:37.544  5763  5763 E SettingsHelper: 	at com.android.internal.os.ZygoteInit.main(ZygoteInit.java:1067)
03-04 09:23:37.544  5763  5763 D SettingsHelper: onChange() COMPLETED elapsed= 1
03-04 09:23:37.544  5763  5763 V SettingsHelper: *** broadcastChange for content://settings/global/animator_duration_scale
03-04 09:23:37.546  5763  5763 V SecQsTransitionAnimator: mAnimationRemoved = false
03-04 09:23:37.547 21959 21959 I AODSettingsHelper: content://settings/global/animator_duration_scale changed
03-04 09:23:37.547  5763  5763 I AODSettingsHelper: content://settings/global/animator_duration_scale changed
03-04 09:23:37.549 21959 21959 I AODSettingsHelper: mKey=animator_duration_scale, mIntValue=0, mStringValue=1
03-04 09:23:37.549 21959 21959 I AODSettingsHelper: onChange() COMPLETED elapsed= 2
03-04 09:23:37.549 21959 21959 I AODSettingsHelper: *** onSettingsValueChanged for content://settings/global/animator_duration_scale
03-04 09:23:37.549 21959 21959 I AODSettingsHelper: *** onSettingsValueChanged callbackList == null
03-04 09:23:37.550  5763  5763 I AODSettingsHelper: mKey=animator_duration_scale, mIntValue=0, mStringValue=1
03-04 09:23:37.550  5763  5763 I AODSettingsHelper: onChange() COMPLETED elapsed= 3
03-04 09:23:37.550  5763  5763 I AODSettingsHelper: *** onSettingsValueChanged for content://settings/global/animator_duration_scale
03-04 09:23:37.550  5763  5763 I AODSettingsHelper: *** onSettingsValueChanged callbackList == null
03-04 09:23:37.550  5763  5763 I AODSettingsHelper: content://settings/global/animator_duration_scale changed
03-04 09:23:37.552  5763  5763 I AODSettingsHelper: mKey=animator_duration_scale, mIntValue=0, mStringValue=1
03-04 09:23:37.552  5763  5763 I AODSettingsHelper: onChange() COMPLETED elapsed= 2
03-04 09:23:37.553  5763  5763 I AODSettingsHelper: *** onSettingsValueChanged for content://settings/global/animator_duration_scale
03-04 09:23:37.553  5763  5763 I AODSettingsHelper: *** onSettingsValueChanged callbackList == null
03-04 09:23:37.970  4884  4884 E audit   : type=1400 audit(1772591017.966:2042): avc:  denied  { write } for  pid=13007 comm="ThreadPoolForeg" name="traced_producer" dev="tmpfs" ino=24980 scontext=u:r:gmscore_app:s0:c512,c768 tcontext=u:object_r:traced_producer_socket:s0 tclass=sock_file permissive=0 SEPF_SM-A515F_13_0001 audit_filtered
03-04 09:23:37.970  4884  4884 E audit   : type=1300 audit(1772591017.966:2042): arch=c00000b7 syscall=203 success=no exit=-13 a0=65 a1=74f21b4ce0 a2=1e a3=476fa118f items=0 ppid=4905 pid=13007 auid=4294967295 uid=10224 gid=10224 euid=10224 suid=10224 fsuid=10224 egid=10224 sgid=10224 fsgid=10224 tty=(none) ses=4294967295 comm="ThreadPoolForeg" exe="/system/bin/app_process64" subj=u:r:gmscore_app:s0:c512,c768 key=(null)
03-04 09:23:37.970  4884  4884 E audit   : type=1327 audit(1772591017.966:2042): proctitle="com.google.android.gms"
03-04 09:23:37.976 26409 26409 I wpa_supplicant: Heartbeat 1071
03-04 09:23:38.514  4564  4564 D io_stats: !@   8,0 r 443318 13214772 w 841856 200478332 d 0 0 f 0 0 iot 498452 0 th 0 0 0 pt 0 inp 0 0 19176.514
03-04 09:23:39.967  5000  5000 E sehhealth-service: Could not open /sys/class/power_supply/battery/lrp
03-04 09:23:40.197  5405 27231 D SemWifiUsabilityStatsMonitor: onWifiUsabilityStats - seqNum 1746, isSameBssidAndFreq true
03-04 09:23:40.200  5763  5763 D NetworkController.WifiSignalController: notifyListener: visible=true, connected=true, inetCondition=1, isDefault=true, wifiTestReported=true, receivedInetCondition=-1, hideDuringMobileSwitching=false
03-04 09:23:40.202  5763  5865 D Tile.WifiTile: handleUpdateState isTransient=false transientEnabling =false cb.isTransient=false state.state = 2 mStateBeforeClick.value =false enabled =true
03-04 09:23:40.205  5405  5679 I SemWifiLinkQualityMonitor: Link Qos Query: 0.041 ms / 195.000 Mbps (390 / 0.000 / 2.000)
03-04 09:23:40.223  5052  5052 I SurfaceFlinger: SFWD update time=19178223600244
03-04 09:23:42.483  4884  4884 E audit   : type=1400 audit(1772591022.478:2043): avc:  denied  { write } for  pid=13009 comm="ThreadPoolForeg" name="traced_producer" dev="tmpfs" ino=24980 scontext=u:r:gmscore_app:s0:c512,c768 tcontext=u:object_r:traced_producer_socket:s0 tclass=sock_file permissive=0 SEPF_SM-A515F_13_0001 audit_filtered
03-04 09:23:42.484  4884  4884 E audit   : type=1300 audit(1772591022.478:2043): arch=c00000b7 syscall=203 success=no exit=-13 a0=6 a1=74faf1dd80 a2=1e a3=4773eeda1 items=0 ppid=4905 pid=13009 auid=4294967295 uid=10224 gid=10224 euid=10224 suid=10224 fsuid=10224 egid=10224 sgid=10224 fsgid=10224 tty=(none) ses=4294967295 comm="ThreadPoolForeg" exe="/system/bin/app_process64" subj=u:r:gmscore_app:s0:c512,c768 key=(null)
03-04 09:23:42.484  4884  4884 E audit   : type=1327 audit(1772591022.478:2043): proctitle="com.google.android.gms.persistent"
03-04 09:23:43.254  5405 27231 D SemWifiUsabilityStatsMonitor: onWifiUsabilityStats - seqNum 1747, isSameBssidAndFreq true
03-04 09:23:43.257  5405  5679 I SemWifiLinkQualityMonitor: Link Qos Query: 0.041 ms / 195.000 Mbps (390 / 0.000 / 2.000)
03-04 09:23:46.317  5405 27231 D SemWifiUsabilityStatsMonitor: onWifiUsabilityStats - seqNum 1748, isSameBssidAndFreq true
03-04 09:23:46.322  5405  5679 I SemWifiLinkQualityMonitor: Link Qos Query: 0.041 ms / 195.000 Mbps (390 / 0.000 / 2.000)
03-04 09:23:46.529  5405  5416 I system_server: Background young concurrent copying GC freed 20MB AllocSpace bytes, 133(3168KB) LOS objects, 21% free, 85MB/109MB, paused 538us,343us total 219.689ms
03-04 09:23:46.553  5405  5418 W System  : A resource failed to call close. 
03-04 09:23:46.553  5405  5418 W System  : A resource failed to call close. 
03-04 09:23:47.795  7525  8838 I SDHMS:D : SIOP:: AP:349 BAT:354 USB:0 CHG:351 WIFI:346 SKIN:347 SKINF:345 SKINB:347 LRP:347 LRF:345 LRB:347 
03-04 09:23:47.987 26409 26409 I wpa_supplicant: Heartbeat 1072
03-04 09:23:48.531  4564  4564 D io_stats: !@   8,0 r 443318 13214772 w 841856 200478332 d 0 0 f 0 0 iot 498452 0 th 0 0 0 pt 0 inp 0 0 19186.530
03-04 09:23:49.375  5405 27231 D SemWifiUsabilityStatsMonitor: onWifiUsabilityStats - seqNum 1749, isSameBssidAndFreq true
03-04 09:23:49.379  5405  5679 I SemWifiLinkQualityMonitor: Link Qos Query: 0.041 ms / 195.000 Mbps (390 / 0.000 / 2.000)
03-04 09:23:52.438  5405 27231 D SemWifiUsabilityStatsMonitor: onWifiUsabilityStats - seqNum 1750, isSameBssidAndFreq true
03-04 09:23:52.441  5405  5679 I SemWifiLinkQualityMonitor: Link Qos Query: 0.041 ms / 195.000 Mbps (390 / 0.000 / 2.000)
03-04 09:23:55.495  5405 27231 D SemWifiUsabilityStatsMonitor: onWifiUsabilityStats - seqNum 1751, isSameBssidAndFreq true
03-04 09:23:55.498  5405  5679 I SemWifiLinkQualityMonitor: Link Qos Query: 0.041 ms / 195.000 Mbps (390 / 0.000 / 2.000)
03-04 09:23:55.667  5405  5652 D UsbStatsMonitor: 0 0 0 0 4 0 0 0 1 0 0 0 3 0 1 0 0 0 0 0 0 0 0 0 0 0 0 0 0 0 0 0 0 0 0 0 0 0 0 0 0 0 0 0 0 0 0 0 0
03-04 09:23:57.997 26409 26409 I wpa_supplicant: Heartbeat 1073
03-04 09:23:58.298  5405  5636 W DeviceStorageMonitorService: updateBroadcasts(/data) oldLevel:0, newLevel:0, seq:1
03-04 09:23:58.301  5405  5636 D DeviceStorageMonitorService: Available File Node Number is [12603931]
03-04 09:23:58.301  5405  5636 W DeviceStorageMonitorService: updateBroadcasts_filenode(/data) fn_oldLevel:0, fn_newLevel:0, seq:1
03-04 09:23:58.537  4564  4564 D io_stats: !@   8,0 r 443318 13214772 w 841856 200478332 d 0 0 f 0 0 iot 498452 0 th 0 0 0 pt 0 inp 0 0 19196.537
03-04 09:23:58.554  5405 27231 D SemWifiUsabilityStatsMonitor: onWifiUsabilityStats - seqNum 1752, isSameBssidAndFreq true
03-04 09:23:58.556  5405  5679 I SemWifiLinkQualityMonitor: Link Qos Query: 0.041 ms / 195.000 Mbps (390 / 0.000 / 2.000)
03-04 09:23:59.253  4884  4884 E audit   : type=1400 audit(1772591039.250:2044): avc:  denied  { write } for  pid=23111 comm="ThreadPoolForeg" name="traced_producer" dev="tmpfs" ino=24980 scontext=u:r:gmscore_app:s0:c512,c768 tcontext=u:object_r:traced_producer_socket:s0 tclass=sock_file permissive=0 SEPF_SM-A515F_13_0001 audit_filtered
03-04 09:23:59.254  4884  4884 E audit   : type=1300 audit(1772591039.250:2044): arch=c00000b7 syscall=203 success=no exit=-13 a0=59 a1=74eef4a620 a2=1e a3=4783ed306 items=0 ppid=4905 pid=23111 auid=4294967295 uid=10224 gid=10224 euid=10224 suid=10224 fsuid=10224 egid=10224 sgid=10224 fsgid=10224 tty=(none) ses=4294967295 comm="ThreadPoolForeg" exe="/system/bin/app_process64" subj=u:r:gmscore_app:s0:c512,c768 key=(null)
03-04 09:23:59.254  4884  4884 E audit   : type=1327 audit(1772591039.250:2044): proctitle="com.google.android.gms.unstable"
03-04 09:24:00.011  5763  6242 D QSClockBellTower: onReceive(android.intent.action.TIME_TICK) mTimeZoneString:null
03-04 09:24:00.027  5763  5763 D KeyguardUpdateMonitor: received broadcast android.intent.action.TIME_TICK
03-04 09:24:00.033  5763  5763 D QSClockBellTower: He is ready to ring the bell. (((QSClockBellSound - TimeText:09:24, TimeContentDescription:09:24, DateText:Wed, 4 March, ShortDateText:Wed, 4 Mar, Demo:false, QuickStar-Second(false|12:34:56))))
03-04 09:24:00.035  5763  5763 D QSClockIndicatorView: Home Indicator status_bar_clock 09:24 notifyTimeChanged(QSClockBellSound - TimeText:09:24, TimeContentDescription:09:24, DateText:Wed, 4 March, ShortDateText:Wed, 4 Mar, Demo:false, QuickStar-Second(false|12:34:56)) ClockVisibleByPolicy:true, ClockVisibleByUser:true, visible?true, parent:android.widget.LinearLayout{6e0da4a V.E...... ......ID 0,0-97,55 #7f0b04f0 app:id/left_clock_container}
03-04 09:24:00.036  5763  5763 D QSClockBellTower: Everyone heard the bell. run(currentTime:1772591040028,   getTime():Wed Mar 04 09:24:00 GMT+07:00 2026,   getTimeZone():libcore.util.ZoneInfo[mDstSavings=0,mUseDst=false,mDelegate=[id="Asia/Bangkok",mRawOffset=25200000,mEarliestRawOffset=24124000,transitions=3]])
03-04 09:24:00.039  5763  5763 D KeyguardUpdateMonitor: handleTimeUpdate
03-04 09:24:00.041  5763  5763 D FaceWidgetPagesController: onTimeChanged()
03-04 09:24:00.065  5763  5763 I FaceWidgetPositionAlgorithm: getClockContainerHeight() supplier = 270, bottom margin = 0, real height = 333
03-04 09:24:00.066  5763  5763 I FaceWidgetPositionAlgorithm: getClockContainerHeight() supplier = 270, bottom margin = 63, real height = 333
03-04 09:24:00.066  5763  5763 I FaceWidgetPositionAlgorithm: getMediaContainerHeight() height = 0 container Visibility = 8, isValid = false, mIsDozing = false, fraction = 1.0, source = 0, target = 0
03-04 09:24:00.066  5763  5763 I FaceWidgetPositionAlgorithm: getMediaContainerHeight() supplier = 0
03-04 09:24:00.070  5763  5763 V QsExpandAnimator: setQsExpansionPosition 0.0
03-04 09:24:00.081  5763  5763 V QsExpandAnimator: updateAnimators
03-04 09:24:00.081  5763  5763 V QsExpandAnimator: clearAnimationState 
03-04 09:24:00.082  5763  5763 V QsExpandAnimator: updateViews
03-04 09:24:00.085  5763  5763 V QsExpandAnimator: updateTileAnimator
03-04 09:24:00.087  5763  5763 V QsExpandAnimator: updateHeaderAnimator
03-04 09:24:00.088  5763  5763 V QsExpandAnimator: updateBarAnimator
03-04 09:24:00.089  5763  5763 V QsExpandAnimator: setQsExpansionPosition 0.0
03-04 09:24:00.089  5763  5763 V QsExpandAnimator: onAnimationAtStart
03-04 09:24:01.620  5405 27231 D SemWifiUsabilityStatsMonitor: onWifiUsabilityStats - seqNum 1753, isSameBssidAndFreq true
03-04 09:24:01.623  5405  5679 I SemWifiLinkQualityMonitor: Link Qos Query: 0.041 ms / 195.000 Mbps (390 / 0.000 / 2.000)
03-04 09:24:02.190  5405  5454 E Watchdog: !@Sync: 640 heap: 87 / 109 FD: 941 objects: 1696016 WaitTime: 0.000 GCcnt: 0 FullGC: 0 [2026-03-04 09:24:02.186]
03-04 09:24:03.035  5405  5626 D ConnectivityService: reportNetworkActive, notify 1 listeners
03-04 09:24:03.036  5405  5468 D BatteryExternalStatsWorker: update stats : wifi-data: active (2)
03-04 09:24:03.046  5405  5468 D BatteryExternalStatsWorker: Fetch WiFi data
03-04 09:24:03.046  5405  5468 D BatteryExternalStatsWorker: Update Rail Energy data
03-04 09:24:03.046  5405  5468 D BatteryExternalStatsWorker: mStats lock released
03-04 09:24:03.075  5405  5468 D BatteryExternalStatsWorker: Update wifi state
03-04 09:24:03.075  5405  5468 D BatteryExternalStatsWorker: done updateExternalStatsLocked
03-04 09:24:04.679  5405 27231 D SemWifiUsabilityStatsMonitor: onWifiUsabilityStats - seqNum 1754, isSameBssidAndFreq true
03-04 09:24:04.683  5763  5763 D NetworkController.WifiSignalController: notifyListener: visible=true, connected=true, inetCondition=1, isDefault=true, wifiTestReported=true, receivedInetCondition=-1, hideDuringMobileSwitching=false
03-04 09:24:04.684  5405  5679 I SemWifiLinkQualityMonitor: Link Qos Query: 0.041 ms / 195.000 Mbps (390 / 0.000 / 2.000)
03-04 09:24:04.688  5763  5865 D Tile.WifiTile: handleUpdateState isTransient=false transientEnabling =false cb.isTransient=false state.state = 2 mStateBeforeClick.value =false enabled =true
03-04 09:24:06.543  4564  4564 D io_stats: !@   8,0 r 443318 13214772 w 841858 200478344 d 0 0 f 0 0 iot 498456 0 th 0 0 0 pt 0 inp 0 0 19204.543
03-04 09:24:07.732  5405 27231 D SemWifiUsabilityStatsMonitor: onWifiUsabilityStats - seqNum 1755, isSameBssidAndFreq true
03-04 09:24:07.734  5405  5679 I SemWifiLinkQualityMonitor: Link Qos Query: 0.041 ms / 195.000 Mbps (390 / 0.000 / 2.000)
03-04 09:24:07.974  4884  4884 E audit   : type=1400 audit(1772591047.970:2045): avc:  denied  { write } for  pid=13007 comm="ThreadPoolForeg" name="traced_producer" dev="tmpfs" ino=24980 scontext=u:r:gmscore_app:s0:c512,c768 tcontext=u:object_r:traced_producer_socket:s0 tclass=sock_file permissive=0 SEPF_SM-A515F_13_0001 audit_filtered
03-04 09:24:07.975  4884  4884 E audit   : type=1300 audit(1772591047.970:2045): arch=c00000b7 syscall=203 success=no exit=-13 a0=65 a1=7564e86840 a2=1e a3=478c3e413 items=0 ppid=4905 pid=13007 auid=4294967295 uid=10224 gid=10224 euid=10224 suid=10224 fsuid=10224 egid=10224 sgid=10224 fsgid=10224 tty=(none) ses=4294967295 comm="ThreadPoolForeg" exe="/system/bin/app_process64" subj=u:r:gmscore_app:s0:c512,c768 key=(null)
03-04 09:24:07.975  4884  4884 E audit   : type=1327 audit(1772591047.970:2045): proctitle="com.google.android.gms"
03-04 09:24:08.008 26409 26409 I wpa_supplicant: Heartbeat 1074
03-04 09:24:10.029  5000  5000 E sehhealth-service: Could not open /sys/class/power_supply/battery/lrp
03-04 09:24:10.791  5405 27231 D SemWifiUsabilityStatsMonitor: onWifiUsabilityStats - seqNum 1756, isSameBssidAndFreq true
03-04 09:24:10.795  5763  5763 D NetworkController.WifiSignalController: notifyListener: visible=true, connected=true, inetCondition=1, isDefault=true, wifiTestReported=true, receivedInetCondition=-1, hideDuringMobileSwitching=false
03-04 09:24:10.795  5405  5679 I SemWifiLinkQualityMonitor: Link Qos Query: 0.041 ms / 195.000 Mbps (390 / 0.000 / 2.000)
03-04 09:24:10.799  5763  5865 D Tile.WifiTile: handleUpdateState isTransient=false transientEnabling =false cb.isTransient=false state.state = 2 mStateBeforeClick.value =false enabled =true
03-04 09:24:10.843  5052  5052 I SurfaceFlinger: SFWD update time=19208843010568
03-04 09:24:11.897 20909 21056 I ContactsProvider_EventLog: cp_s: [CONTACT con(763) dat(6602) acc({sec(6)=5, google(7)=1, google(2)=774}) trash_acc([.google:167])  trash(167) calls([logtype:100 cnt:1804, logtype:300 cnt:500, logtype:500 cnt:1, logtype:1000 cnt:195]) Iso(GB) uId(0) ]
03-04 09:24:11.897 20909 21056 I ContactsProvider_EventLog: cp_s: [ agr({[2 ,6]=1, [6 ,2]=3, [2 ,2]=8, [2]=748, [2 ,6 ,2]=1, [2 ,2 ,2]=1, [7 ,2]=1}) ]
03-04 09:24:11.897 20909 21056 I ContactsProvider_EventLog: cp_s: [ cnt({acore(20909)=1}) ]
03-04 09:24:11.897 20909 21056 I ContactsProvider_EventLog: cp_s: [PROFILE ] [SAPROFILE ]
03-04 09:24:11.897 20909 21056 I ContactsProvider_EventLog: cp_s: [STATE R(F) ]
03-04 09:24:12.487  4884  4884 E audit   : type=1400 audit(1772591052.482:2046): avc:  denied  { write } for  pid=13009 comm="ThreadPoolForeg" name="traced_producer" dev="tmpfs" ino=24980 scontext=u:r:gmscore_app:s0:c512,c768 tcontext=u:object_r:traced_producer_socket:s0 tclass=sock_file permissive=0 SEPF_SM-A515F_13_0001 audit_filtered
03-04 09:24:12.488  4884  4884 E audit   : type=1300 audit(1772591052.482:2046): arch=c00000b7 syscall=203 success=no exit=-13 a0=6 a1=74faf1dda0 a2=1e a3=47908c0e1 items=0 ppid=4905 pid=13009 auid=4294967295 uid=10224 gid=10224 euid=10224 suid=10224 fsuid=10224 egid=10224 sgid=10224 fsgid=10224 tty=(none) ses=4294967295 comm="ThreadPoolForeg" exe="/system/bin/app_process64" subj=u:r:gmscore_app:s0:c512,c768 key=(null)
03-04 09:24:12.488  4884  4884 E audit   : type=1327 audit(1772591052.482:2046): proctitle="com.google.android.gms.persistent"
03-04 09:24:12.548  4564  4564 D io_stats: !@   8,0 r 443330 13215068 w 841861 200478632 d 0 0 f 0 0 iot 498460 0 th 0 0 0 pt 0 inp 0 0 19210.547
03-04 09:24:13.859  5405 27231 D SemWifiUsabilityStatsMonitor: onWifiUsabilityStats - seqNum 1757, isSameBssidAndFreq true
03-04 09:24:13.862  5405  5679 I SemWifiLinkQualityMonitor: Link Qos Query: 0.041 ms / 195.000 Mbps (390 / 0.000 / 2.000)
03-04 09:24:13.863  5763  5763 D NetworkController.WifiSignalController: notifyListener: visible=true, connected=true, inetCondition=1, isDefault=true, wifiTestReported=true, receivedInetCondition=-1, hideDuringMobileSwitching=false
03-04 09:24:13.867  5763  5865 D Tile.WifiTile: handleUpdateState isTransient=false transientEnabling =false cb.isTransient=false state.state = 2 mStateBeforeClick.value =false enabled =true
03-04 09:24:16.551  4564  4564 D io_stats: !@   8,0 r 443330 13215068 w 841862 200478636 d 0 0 f 0 0 iot 498464 0 th 0 0 0 pt 0 inp 0 0 19214.550
03-04 09:24:16.903  5405 27231 D SemWifiUsabilityStatsMonitor: onWifiUsabilityStats - seqNum 1758, isSameBssidAndFreq true
03-04 09:24:16.904  5405  5679 I SemWifiLinkQualityMonitor: Link Qos Query: 0.041 ms / 195.000 Mbps (390 / 0.000 / 2.000)
03-04 09:24:17.460 22363 22367 W ding:background: Reducing the number of considered missed Gc histogram windows from 147 to 100
03-04 09:24:17.797  7525  8838 I SDHMS:D : SIOP:: AP:348 BAT:354 USB:0 CHG:352 WIFI:347 SKIN:347 SKINF:345 SKINB:347 LRP:347 LRF:345 LRB:347 
03-04 09:24:18.010 26409 26409 I wpa_supplicant: Heartbeat 1075
03-04 09:24:18.086  7385  8179 I bbhc    : (REDACTED) getHotwordActive::active query: %s, watch: %s, devices connected: %s
03-04 09:24:19.944  5405 27231 D SemWifiUsabilityStatsMonitor: onWifiUsabilityStats - seqNum 1759, isSameBssidAndFreq true
03-04 09:24:19.946  5405  5679 I SemWifiLinkQualityMonitor: Link Qos Query: 0.041 ms / 195.000 Mbps (390 / 0.000 / 2.000)
03-04 09:24:22.555  4564  4564 D io_stats: !@   8,0 r 443330 13215068 w 841876 200478692 d 0 0 f 0 0 iot 498468 0 th 0 0 0 pt 0 inp 0 0 19220.555
03-04 09:24:22.996  5405 27231 D SemWifiUsabilityStatsMonitor: onWifiUsabilityStats - seqNum 1760, isSameBssidAndFreq true
03-04 09:24:22.999  5405  5679 I SemWifiLinkQualityMonitor: Link Qos Query: 0.041 ms / 195.000 Mbps (390 / 0.000 / 2.000)
03-04 09:24:24.501  5405  5468 D BatteryExternalStatsWorker: update stats : wifi-data: inactive (2)
03-04 09:24:24.519  5405  5468 D BatteryExternalStatsWorker: Fetch WiFi data
03-04 09:24:24.520  5405  5468 D BatteryExternalStatsWorker: Update Rail Energy data
03-04 09:24:24.520  5405  5468 D BatteryExternalStatsWorker: mStats lock released
03-04 09:24:24.561  5405  5468 D BatteryExternalStatsWorker: Update wifi state
03-04 09:24:24.561  5405  5468 D BatteryExternalStatsWorker: done updateExternalStatsLocked
03-04 09:24:26.063  5405 27231 D SemWifiUsabilityStatsMonitor: onWifiUsabilityStats - seqNum 1761, isSameBssidAndFreq true
03-04 09:24:26.066  5405  5679 I SemWifiLinkQualityMonitor: Link Qos Query: 0.041 ms / 195.000 Mbps (390 / 0.000 / 2.000)
03-04 09:24:28.015 26409 26409 I wpa_supplicant: Heartbeat 1076
03-04 09:24:29.125  5405 27231 D SemWifiUsabilityStatsMonitor: onWifiUsabilityStats - seqNum 1762, isSameBssidAndFreq true
03-04 09:24:29.128  5405  5679 I SemWifiLinkQualityMonitor: Link Qos Query: 0.041 ms / 195.000 Mbps (390 / 0.000 / 2.000)
03-04 09:24:29.281  4884  4884 E audit   : type=1400 audit(1772591069.274:2047): avc:  denied  { write } for  pid=23111 comm="ThreadPoolForeg" name="traced_producer" dev="tmpfs" ino=24980 scontext=u:r:gmscore_app:s0:c512,c768 tcontext=u:object_r:traced_producer_socket:s0 tclass=sock_file permissive=0 SEPF_SM-A515F_13_0001 audit_filtered
03-04 09:24:29.281  4884  4884 E audit   : type=1300 audit(1772591069.274:2047): arch=c00000b7 syscall=203 success=no exit=-13 a0=59 a1=74eef4a580 a2=1e a3=47a09007a items=0 ppid=4905 pid=23111 auid=4294967295 uid=10224 gid=10224 euid=10224 suid=10224 fsuid=10224 egid=10224 sgid=10224 fsgid=10224 tty=(none) ses=4294967295 comm="ThreadPoolForeg" exe="/system/bin/app_process64" subj=u:r:gmscore_app:s0:c512,c768 key=(null)
03-04 09:24:29.281  4884  4884 E audit   : type=1327 audit(1772591069.274:2047): proctitle="com.google.android.gms.unstable"
03-04 09:24:32.193  5405 27231 D SemWifiUsabilityStatsMonitor: onWifiUsabilityStats - seqNum 1763, isSameBssidAndFreq true
03-04 09:24:32.195  5405  5679 I SemWifiLinkQualityMonitor: Link Qos Query: 0.041 ms / 195.000 Mbps (390 / 0.000 / 2.000)
03-04 09:24:32.214  5405  5454 E Watchdog: !@Sync: 641 heap: 88 / 109 FD: 941 [2026-03-04 09:24:32.214]
03-04 09:24:32.562  4564  4564 D io_stats: !@   8,0 r 443330 13215068 w 841892 200478756 d 0 0 f 0 0 iot 498472 0 th 0 0 0 pt 0 inp 0 0 19230.562
03-04 09:24:35.259  5405 27231 D SemWifiUsabilityStatsMonitor: onWifiUsabilityStats - seqNum 1764, isSameBssidAndFreq true
03-04 09:24:35.263  5405  5679 I SemWifiLinkQualityMonitor: Link Qos Query: 0.041 ms / 195.000 Mbps (390 / 0.000 / 2.000)
03-04 09:24:38.009  4884  4884 E audit   : type=1400 audit(1772591078.002:2048): avc:  denied  { write } for  pid=13007 comm="ThreadPoolForeg" name="traced_producer" dev="tmpfs" ino=24980 scontext=u:r:gmscore_app:s0:c512,c768 tcontext=u:object_r:traced_producer_socket:s0 tclass=sock_file permissive=0 SEPF_SM-A515F_13_0001 audit_filtered
03-04 09:24:38.009  4884  4884 E audit   : type=1300 audit(1772591078.002:2048): arch=c00000b7 syscall=203 success=no exit=-13 a0=65 a1=74f21b4d00 a2=1e a3=47a8e2e57 items=0 ppid=4905 pid=13007 auid=4294967295 uid=10224 gid=10224 euid=10224 suid=10224 fsuid=10224 egid=10224 sgid=10224 fsgid=10224 tty=(none) ses=4294967295 comm="ThreadPoolForeg" exe="/system/bin/app_process64" subj=u:r:gmscore_app:s0:c512,c768 key=(null)
03-04 09:24:38.009  4884  4884 E audit   : type=1327 audit(1772591078.002:2048): proctitle="com.google.android.gms"
03-04 09:24:38.026 26409 26409 I wpa_supplicant: Heartbeat 1077
03-04 09:24:38.316  5405 27231 D SemWifiUsabilityStatsMonitor: onWifiUsabilityStats - seqNum 1765, isSameBssidAndFreq true
03-04 09:24:38.318  5405  5679 I SemWifiLinkQualityMonitor: Link Qos Query: 0.041 ms / 195.000 Mbps (390 / 0.000 / 2.000)
03-04 09:24:40.084  5000  5000 E sehhealth-service: Could not open /sys/class/power_supply/battery/lrp
03-04 09:24:40.989  5405  5459 I UsageStatsService: User[0] Flushing usage stats to disk
03-04 09:24:41.352  5405 27231 D SemWifiUsabilityStatsMonitor: onWifiUsabilityStats - seqNum 1766, isSameBssidAndFreq true
03-04 09:24:41.354  5405  5679 I SemWifiLinkQualityMonitor: Link Qos Query: 0.041 ms / 195.000 Mbps (390 / 0.000 / 2.000)
03-04 09:24:42.522  4884  4884 E audit   : type=1400 audit(1772591082.518:2049): avc:  denied  { write } for  pid=13009 comm="ThreadPoolForeg" name="traced_producer" dev="tmpfs" ino=24980 scontext=u:r:gmscore_app:s0:c512,c768 tcontext=u:object_r:traced_producer_socket:s0 tclass=sock_file permissive=0 SEPF_SM-A515F_13_0001 audit_filtered
03-04 09:24:42.522  4884  4884 E audit   : type=1300 audit(1772591082.518:2049): arch=c00000b7 syscall=203 success=no exit=-13 a0=6 a1=74faf1de00 a2=1e a3=47ad30acc items=0 ppid=4905 pid=13009 auid=4294967295 uid=10224 gid=10224 euid=10224 suid=10224 fsuid=10224 egid=10224 sgid=10224 fsgid=10224 tty=(none) ses=4294967295 comm="ThreadPoolForeg" exe="/system/bin/app_process64" subj=u:r:gmscore_app:s0:c512,c768 key=(null)
03-04 09:24:42.522  4884  4884 E audit   : type=1327 audit(1772591082.518:2049): proctitle="com.google.android.gms.persistent"
03-04 09:24:42.570  4564  4564 D io_stats: !@   8,0 r 443330 13215068 w 841918 200481736 d 0 0 f 0 0 iot 498500 0 th 0 0 0 pt 0 inp 0 0 19240.570
03-04 09:24:44.398  5405 27231 D SemWifiUsabilityStatsMonitor: onWifiUsabilityStats - seqNum 1767, isSameBssidAndFreq true
03-04 09:24:44.401  5405  5679 I SemWifiLinkQualityMonitor: Link Qos Query: 0.041 ms / 195.000 Mbps (390 / 0.000 / 2.000)
03-04 09:24:47.457  5405 27231 D SemWifiUsabilityStatsMonitor: onWifiUsabilityStats - seqNum 1768, isSameBssidAndFreq true
03-04 09:24:47.460  5405  5679 I SemWifiLinkQualityMonitor: Link Qos Query: 0.041 ms / 195.000 Mbps (390 / 0.000 / 2.000)
03-04 09:24:47.794  7525  8838 I SDHMS:D : SIOP:: AP:349 BAT:355 USB:0 CHG:352 WIFI:347 SKIN:348 SKINF:346 SKINB:348 LRP:348 LRF:346 LRB:348 
03-04 09:24:48.037 26409 26409 I wpa_supplicant: Heartbeat 1078
03-04 09:24:48.574  4564  4564 D io_stats: !@   8,0 r 443330 13215068 w 841919 200481740 d 0 0 f 0 0 iot 498504 0 th 0 0 0 pt 0 inp 0 0 19246.574
03-04 09:24:50.517  5405 27231 D SemWifiUsabilityStatsMonitor: onWifiUsabilityStats - seqNum 1769, isSameBssidAndFreq true
03-04 09:24:50.520  5405  5679 I SemWifiLinkQualityMonitor: Link Qos Query: 0.041 ms / 195.000 Mbps (390 / 0.000 / 2.000)
03-04 09:24:51.408  5405  5575 D CustomizedBinderCallsStatsInternal: reportCpuUsage() : 0%
03-04 09:24:51.409  5405  5459 I BinderCallsStats: Collected cpu time : 1177us, collected call count : 997 for 300581 ms
03-04 09:24:52.578  4564  4564 D io_stats: !@   8,0 r 443330 13215068 w 841925 200481764 d 0 0 f 0 0 iot 498508 0 th 0 0 0 pt 0 inp 0 0 19250.577
03-04 09:24:53.586  5405 27231 D SemWifiUsabilityStatsMonitor: onWifiUsabilityStats - seqNum 1770, isSameBssidAndFreq true
03-04 09:24:53.588  5405  5679 I SemWifiLinkQualityMonitor: Link Qos Query: 0.041 ms / 195.000 Mbps (390 / 0.000 / 2.000)
03-04 09:24:55.691  5405  5652 D UsbStatsMonitor: 0 0 0 0 4 0 0 0 1 0 0 0 3 0 1 0 0 0 0 0 0 0 0 0 0 0 0 0 0 0 0 0 0 0 0 0 0 0 0 0 0 0 0 0 0 0 0 0 0
03-04 09:24:56.655  5405 27231 D SemWifiUsabilityStatsMonitor: onWifiUsabilityStats - seqNum 1771, isSameBssidAndFreq true
03-04 09:24:56.658  5405  5679 I SemWifiLinkQualityMonitor: Link Qos Query: 0.041 ms / 195.000 Mbps (390 / 0.000 / 2.000)
03-04 09:24:58.048 26409 26409 I wpa_supplicant: Heartbeat 1079
03-04 09:24:58.382  5405  5636 W DeviceStorageMonitorService: updateBroadcasts(/data) oldLevel:0, newLevel:0, seq:1
03-04 09:24:58.385  5405  5636 D DeviceStorageMonitorService: Available File Node Number is [12603931]
03-04 09:24:58.385  5405  5636 W DeviceStorageMonitorService: updateBroadcasts_filenode(/data) fn_oldLevel:0, fn_newLevel:0, seq:1
03-04 09:24:59.309  4884  4884 E audit   : type=1400 audit(1772591099.302:2050): avc:  denied  { write } for  pid=23111 comm="ThreadPoolForeg" name="traced_producer" dev="tmpfs" ino=24980 scontext=u:r:gmscore_app:s0:c512,c768 tcontext=u:object_r:traced_producer_socket:s0 tclass=sock_file permissive=0 SEPF_SM-A515F_13_0001 audit_filtered
03-04 09:24:59.309  4884  4884 E audit   : type=1300 audit(1772591099.302:2050): arch=c00000b7 syscall=203 success=no exit=-13 a0=59 a1=74eef4a680 a2=1e a3=47bd32ff5 items=0 ppid=4905 pid=23111 auid=4294967295 uid=10224 gid=10224 euid=10224 suid=10224 fsuid=10224 egid=10224 sgid=10224 fsgid=10224 tty=(none) ses=4294967295 comm="ThreadPoolForeg" exe="/system/bin/app_process64" subj=u:r:gmscore_app:s0:c512,c768 key=(null)
03-04 09:24:59.309  4884  4884 E audit   : type=1327 audit(1772591099.302:2050): proctitle="com.google.android.gms.unstable"
03-04 09:24:59.714  5405 27231 D SemWifiUsabilityStatsMonitor: onWifiUsabilityStats - seqNum 1772, isSameBssidAndFreq true
03-04 09:24:59.718  5405  5679 I SemWifiLinkQualityMonitor: Link Qos Query: 0.041 ms / 195.000 Mbps (390 / 0.000 / 2.000)
03-04 09:25:00.007  5763  5763 D KeyguardUpdateMonitor: received broadcast android.intent.action.TIME_TICK
03-04 09:25:00.007  5763  5763 D KeyguardUpdateMonitor: handleTimeUpdate
03-04 09:25:00.008  5763  6242 D QSClockBellTower: onReceive(android.intent.action.TIME_TICK) mTimeZoneString:null
03-04 09:25:00.009  5763  5763 D FaceWidgetPagesController: onTimeChanged()
03-04 09:25:00.026  5763  5763 D QSClockBellTower: He is ready to ring the bell. (((QSClockBellSound - TimeText:09:25, TimeContentDescription:09:25, DateText:Wed, 4 March, ShortDateText:Wed, 4 Mar, Demo:false, QuickStar-Second(false|12:34:56))))
03-04 09:25:00.028  5763  5763 D QSClockIndicatorView: Home Indicator status_bar_clock 09:25 notifyTimeChanged(QSClockBellSound - TimeText:09:25, TimeContentDescription:09:25, DateText:Wed, 4 March, ShortDateText:Wed, 4 Mar, Demo:false, QuickStar-Second(false|12:34:56)) ClockVisibleByPolicy:true, ClockVisibleByUser:true, visible?true, parent:android.widget.LinearLayout{6e0da4a V.E...... ......ID 0,0-97,55 #7f0b04f0 app:id/left_clock_container}
03-04 09:25:00.029  5763  5763 D QSClockBellTower: Everyone heard the bell. run(currentTime:1772591100021,   getTime():Wed Mar 04 09:25:00 GMT+07:00 2026,   getTimeZone():libcore.util.ZoneInfo[mDstSavings=0,mUseDst=false,mDelegate=[id="Asia/Bangkok",mRawOffset=25200000,mEarliestRawOffset=24124000,transitions=3]])
03-04 09:25:00.053  5763  5763 I FaceWidgetPositionAlgorithm: getClockContainerHeight() supplier = 270, bottom margin = 0, real height = 333
03-04 09:25:00.053  5763  5763 I FaceWidgetPositionAlgorithm: getClockContainerHeight() supplier = 270, bottom margin = 63, real height = 333
03-04 09:25:00.053  5763  5763 I FaceWidgetPositionAlgorithm: getMediaContainerHeight() height = 0 container Visibility = 8, isValid = false, mIsDozing = false, fraction = 1.0, source = 0, target = 0
03-04 09:25:00.053  5763  5763 I FaceWidgetPositionAlgorithm: getMediaContainerHeight() supplier = 0
03-04 09:25:00.055  5763  5763 V QsExpandAnimator: setQsExpansionPosition 0.0
03-04 09:25:00.064  5763  5763 V QsExpandAnimator: updateAnimators
03-04 09:25:00.064  5763  5763 V QsExpandAnimator: clearAnimationState 
03-04 09:25:00.065  5763  5763 V QsExpandAnimator: updateViews
03-04 09:25:00.067  5763  5763 V QsExpandAnimator: updateTileAnimator
03-04 09:25:00.068  5763  5763 V QsExpandAnimator: updateHeaderAnimator
03-04 09:25:00.069  5763  5763 V QsExpandAnimator: updateBarAnimator
03-04 09:25:00.069  5763  5763 V QsExpandAnimator: setQsExpansionPosition 0.0
03-04 09:25:00.069  5763  5763 V QsExpandAnimator: onAnimationAtStart
03-04 09:25:00.081  5052  5052 I SurfaceFlinger: SFWD update time=19258081575225
03-04 09:25:02.238  5405  5454 E Watchdog: !@Sync: 642 heap: 98 / 109 FD: 942 [2026-03-04 09:25:02.238]
03-04 09:25:02.585  4564  4564 D io_stats: !@   8,0 r 443330 13215068 w 841925 200481764 d 0 0 f 0 0 iot 498508 0 th 0 0 0 pt 0 inp 0 0 19260.584
03-04 09:25:02.769  5405 27231 D SemWifiUsabilityStatsMonitor: onWifiUsabilityStats - seqNum 1773, isSameBssidAndFreq true
03-04 09:25:02.773  5405  5679 I SemWifiLinkQualityMonitor: Link Qos Query: 0.041 ms / 195.000 Mbps (390 / 0.000 / 2.000)
03-04 09:25:05.826  5405 27231 D SemWifiUsabilityStatsMonitor: onWifiUsabilityStats - seqNum 1774, isSameBssidAndFreq true
03-04 09:25:05.829  5405  5679 I SemWifiLinkQualityMonitor: Link Qos Query: 0.041 ms / 195.000 Mbps (390 / 0.000 / 2.000)
03-04 09:25:08.013  4884  4884 E audit   : type=1400 audit(1772591108.006:2051): avc:  denied  { write } for  pid=13007 comm="ThreadPoolForeg" name="traced_producer" dev="tmpfs" ino=24980 scontext=u:r:gmscore_app:s0:c512,c768 tcontext=u:object_r:traced_producer_socket:s0 tclass=sock_file permissive=0 SEPF_SM-A515F_13_0001 audit_filtered
03-04 09:25:08.013  4884  4884 E audit   : type=1300 audit(1772591108.006:2051): arch=c00000b7 syscall=203 success=no exit=-13 a0=65 a1=74f21b4d20 a2=1e a3=47c57ff47 items=0 ppid=4905 pid=13007 auid=4294967295 uid=10224 gid=10224 euid=10224 suid=10224 fsuid=10224 egid=10224 sgid=10224 fsgid=10224 tty=(none) ses=4294967295 comm="ThreadPoolForeg" exe="/system/bin/app_process64" subj=u:r:gmscore_app:s0:c512,c768 key=(null)
03-04 09:25:08.013  4884  4884 E audit   : type=1327 audit(1772591108.006:2051): proctitle="com.google.android.gms"
03-04 09:25:08.048 26409 26409 I wpa_supplicant: Heartbeat 1080
03-04 09:25:08.675  5405  5626 D ConnectivityService: reportNetworkActive, notify 1 listeners
03-04 09:25:08.676  5405  5468 D BatteryExternalStatsWorker: update stats : wifi-data: active (2)
03-04 09:25:08.685  5405  5468 D BatteryExternalStatsWorker: Fetch WiFi data
03-04 09:25:08.686  5405  5468 D BatteryExternalStatsWorker: Update Rail Energy data
03-04 09:25:08.686  5405  5468 D BatteryExternalStatsWorker: mStats lock released
03-04 09:25:08.717  5405  5468 D BatteryExternalStatsWorker: Update wifi state
03-04 09:25:08.717  5405  5468 D BatteryExternalStatsWorker: done updateExternalStatsLocked
03-04 09:25:08.882  5405 27231 D SemWifiUsabilityStatsMonitor: onWifiUsabilityStats - seqNum 1775, isSameBssidAndFreq true
03-04 09:25:08.885  5405  5679 I SemWifiLinkQualityMonitor: Link Qos Query: 0.041 ms / 195.000 Mbps (390 / 0.000 / 2.000)
03-04 09:25:08.885  5763  5763 D NetworkController.WifiSignalController: notifyListener: visible=true, connected=true, inetCondition=1, isDefault=true, wifiTestReported=true, receivedInetCondition=-1, hideDuringMobileSwitching=false
03-04 09:25:08.889  5763  5865 D Tile.WifiTile: handleUpdateState isTransient=false transientEnabling =false cb.isTransient=false state.state = 2 mStateBeforeClick.value =false enabled =true
03-04 09:25:10.150  5000  5000 E sehhealth-service: Could not open /sys/class/power_supply/battery/lrp
03-04 09:25:11.938  5405 27231 D SemWifiUsabilityStatsMonitor: onWifiUsabilityStats - seqNum 1776, isSameBssidAndFreq true
03-04 09:25:11.941  5405  5679 I SemWifiLinkQualityMonitor: Link Qos Query: 0.041 ms / 195.000 Mbps (390 / 0.000 / 2.000)
03-04 09:25:11.942  5763  5763 D NetworkController.WifiSignalController: notifyListener: visible=true, connected=true, inetCondition=1, isDefault=true, wifiTestReported=true, receivedInetCondition=-1, hideDuringMobileSwitching=false
03-04 09:25:11.946  5763  5865 D Tile.WifiTile: handleUpdateState isTransient=false transientEnabling =false cb.isTransient=false state.state = 2 mStateBeforeClick.value =false enabled =true
03-04 09:25:12.035 20909 21056 I ContactsProvider_EventLog: cp_s: [CONTACT con(763) dat(6602) acc({sec(6)=5, google(7)=1, google(2)=774}) trash_acc([.google:167])  trash(167) calls([logtype:100 cnt:1804, logtype:300 cnt:500, logtype:500 cnt:1, logtype:1000 cnt:195]) Iso(GB) uId(0) ]
03-04 09:25:12.035 20909 21056 I ContactsProvider_EventLog: cp_s: [ agr({[2 ,6]=1, [6 ,2]=3, [2 ,2]=8, [2]=748, [2 ,6 ,2]=1, [2 ,2 ,2]=1, [7 ,2]=1}) ]
03-04 09:25:12.035 20909 21056 I ContactsProvider_EventLog: cp_s: [ cnt({acore(20909)=1}) ]
03-04 09:25:12.035 20909 21056 I ContactsProvider_EventLog: cp_s: [PROFILE ] [SAPROFILE ]
03-04 09:25:12.035 20909 21056 I ContactsProvider_EventLog: cp_s: [STATE R(F) ]
03-04 09:25:12.525  4884  4884 E audit   : type=1400 audit(1772591112.522:2052): avc:  denied  { write } for  pid=13009 comm="ThreadPoolForeg" name="traced_producer" dev="tmpfs" ino=24980 scontext=u:r:gmscore_app:s0:c512,c768 tcontext=u:object_r:traced_producer_socket:s0 tclass=sock_file permissive=0 SEPF_SM-A515F_13_0001 audit_filtered
03-04 09:25:12.526  4884  4884 E audit   : type=1300 audit(1772591112.522:2052): arch=c00000b7 syscall=203 success=no exit=-13 a0=6 a1=74faf1dd40 a2=1e a3=47c9cdda9 items=0 ppid=4905 pid=13009 auid=4294967295 uid=10224 gid=10224 euid=10224 suid=10224 fsuid=10224 egid=10224 sgid=10224 fsgid=10224 tty=(none) ses=4294967295 comm="ThreadPoolForeg" exe="/system/bin/app_process64" subj=u:r:gmscore_app:s0:c512,c768 key=(null)
03-04 09:25:12.526  4884  4884 E audit   : type=1327 audit(1772591112.522:2052): proctitle="com.google.android.gms.persistent"
03-04 09:25:12.592  4564  4564 D io_stats: !@   8,0 r 443330 13215068 w 841927 200481772 d 0 0 f 0 0 iot 498512 0 th 0 0 0 pt 0 inp 0 0 19270.592
03-04 09:25:14.594  4564  4564 D io_stats: !@   8,0 r 443330 13215068 w 841928 200481776 d 0 0 f 0 0 iot 498516 0 th 0 0 0 pt 0 inp 0 0 19272.594
03-04 09:25:14.980  5405 27231 D SemWifiUsabilityStatsMonitor: onWifiUsabilityStats - seqNum 1777, isSameBssidAndFreq true
03-04 09:25:14.982  5405  5679 I SemWifiLinkQualityMonitor: Link Qos Query: 0.041 ms / 195.000 Mbps (390 / 0.000 / 2.000)
03-04 09:25:14.983  5763  5763 D NetworkController.WifiSignalController: notifyListener: visible=true, connected=true, inetCondition=1, isDefault=true, wifiTestReported=true, receivedInetCondition=-1, hideDuringMobileSwitching=false
03-04 09:25:14.986  5763  5865 D Tile.WifiTile: handleUpdateState isTransient=false transientEnabling =false cb.isTransient=false state.state = 2 mStateBeforeClick.value =false enabled =true
03-04 09:25:17.800  7525  8838 I SDHMS:D : SIOP:: AP:349 BAT:355 USB:0 CHG:352 WIFI:347 SKIN:348 SKINF:346 SKINB:348 LRP:348 LRF:346 LRB:348 
03-04 09:25:18.025  5405 27231 D SemWifiUsabilityStatsMonitor: onWifiUsabilityStats - seqNum 1778, isSameBssidAndFreq true
03-04 09:25:18.027  5405  5679 I SemWifiLinkQualityMonitor: Link Qos Query: 0.041 ms / 195.000 Mbps (390 / 0.000 / 2.000)
03-04 09:25:18.059 26409 26409 I wpa_supplicant: Heartbeat 1081
03-04 09:25:18.086  7385  7582 I bbhc    : (REDACTED) getHotwordActive::active query: %s, watch: %s, devices connected: %s
03-04 09:25:20.194  6096  6137 W ris.tui_service: Reducing the number of considered missed Gc histogram windows from 1921 to 100
03-04 09:25:20.599  4564  4564 D io_stats: !@   8,0 r 443338 13215120 w 841928 200481776 d 0 0 f 0 0 iot 498520 0 th 0 0 0 pt 0 inp 0 0 19278.598
03-04 09:25:21.072  5405 27231 D SemWifiUsabilityStatsMonitor: onWifiUsabilityStats - seqNum 1779, isSameBssidAndFreq true
03-04 09:25:21.076  5405  5679 I SemWifiLinkQualityMonitor: Link Qos Query: 0.041 ms / 195.000 Mbps (390 / 0.000 / 2.000)
03-04 09:25:24.124  5405 27231 D SemWifiUsabilityStatsMonitor: onWifiUsabilityStats - seqNum 1780, isSameBssidAndFreq true
03-04 09:25:24.128  5405  5679 I SemWifiLinkQualityMonitor: Link Qos Query: 0.041 ms / 195.000 Mbps (390 / 0.000 / 2.000)
03-04 09:25:24.602  4564  4564 D io_stats: !@   8,0 r 443338 13215120 w 841942 200481832 d 0 0 f 0 0 iot 498524 0 th 0 0 0 pt 0 inp 0 0 19282.602
03-04 09:25:25.265  5405  5626 D ConnectivityService: reportNetworkActive, notify 1 listeners
03-04 09:25:27.181  5405 27231 D SemWifiUsabilityStatsMonitor: onWifiUsabilityStats - seqNum 1781, isSameBssidAndFreq true
03-04 09:25:27.183  5405  5679 I SemWifiLinkQualityMonitor: Link Qos Query: 0.041 ms / 195.000 Mbps (390 / 0.000 / 2.000)
03-04 09:25:27.184  5763  5763 D NetworkController.WifiSignalController: notifyListener: visible=true, connected=true, inetCondition=1, isDefault=true, wifiTestReported=true, receivedInetCondition=-1, hideDuringMobileSwitching=false
03-04 09:25:27.189  5763  5865 D Tile.WifiTile: handleUpdateState isTransient=false transientEnabling =false cb.isTransient=false state.state = 2 mStateBeforeClick.value =false enabled =true
03-04 09:25:28.070 26409 26409 I wpa_supplicant: Heartbeat 1082
03-04 09:25:29.314  4884  4884 E audit   : type=1400 audit(1772591129.310:2053): avc:  denied  { write } for  pid=23111 comm="ThreadPoolForeg" name="traced_producer" dev="tmpfs" ino=24980 scontext=u:r:gmscore_app:s0:c512,c768 tcontext=u:object_r:traced_producer_socket:s0 tclass=sock_file permissive=0 SEPF_SM-A515F_13_0001 audit_filtered
03-04 09:25:29.314  4884  4884 E audit   : type=1300 audit(1772591129.310:2053): arch=c00000b7 syscall=203 success=no exit=-13 a0=59 a1=74eef4a660 a2=1e a3=47d9d08ee items=0 ppid=4905 pid=23111 auid=4294967295 uid=10224 gid=10224 euid=10224 suid=10224 fsuid=10224 egid=10224 sgid=10224 fsgid=10224 tty=(none) ses=4294967295 comm="ThreadPoolForeg" exe="/system/bin/app_process64" subj=u:r:gmscore_app:s0:c512,c768 key=(null)
03-04 09:25:29.314  4884  4884 E audit   : type=1327 audit(1772591129.310:2053): proctitle="com.google.android.gms.unstable"
03-04 09:25:30.239  5405 27231 D SemWifiUsabilityStatsMonitor: onWifiUsabilityStats - seqNum 1782, isSameBssidAndFreq true
03-04 09:25:30.242  5405  5679 I SemWifiLinkQualityMonitor: Link Qos Query: 0.041 ms / 195.000 Mbps (390 / 0.000 / 2.000)
03-04 09:25:30.242  5763  5763 D NetworkController.WifiSignalController: notifyListener: visible=true, connected=true, inetCondition=1, isDefault=true, wifiTestReported=true, receivedInetCondition=-1, hideDuringMobileSwitching=false
