03-04 09:25:30.247  5763  5865 D Tile.WifiTile: handleUpdateState isTransient=false transientEnabling =false cb.isTransient=false state.state = 2 mStateBeforeClick.value =false enabled =true
03-04 09:25:30.283  5052  5052 I SurfaceFlinger: SFWD update time=19288282808665
03-04 09:25:32.262  5405  5454 E Watchdog: !@Sync: 643 heap: 99 / 109 FD: 942 [2026-03-04 09:25:32.262]
03-04 09:25:33.307  5405 27231 D SemWifiUsabilityStatsMonitor: onWifiUsabilityStats - seqNum 1783, isSameBssidAndFreq true
03-04 09:25:33.309  5405  5679 I SemWifiLinkQualityMonitor: Link Qos Query: 0.041 ms / 195.000 Mbps (390 / 0.000 / 2.000)
03-04 09:25:34.610  4564  4564 D io_stats: !@   8,0 r 443338 13215120 w 841956 200481896 d 0 0 f 0 0 iot 498524 0 th 0 0 0 pt 0 inp 0 0 19292.609
03-04 09:25:36.374  5405 27231 D SemWifiUsabilityStatsMonitor: onWifiUsabilityStats - seqNum 1784, isSameBssidAndFreq true
03-04 09:25:36.375  5405  5679 I SemWifiLinkQualityMonitor: Link Qos Query: 0.041 ms / 195.000 Mbps (390 / 0.000 / 2.000)
03-04 09:25:38.022  4884  4884 E audit   : type=1400 audit(1772591138.018:2054): avc:  denied  { write } for  pid=13007 comm="ThreadPoolForeg" name="traced_producer" dev="tmpfs" ino=24980 scontext=u:r:gmscore_app:s0:c512,c768 tcontext=u:object_r:traced_producer_socket:s0 tclass=sock_file permissive=0 SEPF_SM-A515F_13_0001 audit_filtered
03-04 09:25:38.022  4884  4884 E audit   : type=1300 audit(1772591138.018:2054): arch=c00000b7 syscall=203 success=no exit=-13 a0=65 a1=74f21b4d80 a2=1e a3=47e21eb9a items=0 ppid=4905 pid=13007 auid=4294967295 uid=10224 gid=10224 euid=10224 suid=10224 fsuid=10224 egid=10224 sgid=10224 fsgid=10224 tty=(none) ses=4294967295 comm="ThreadPoolForeg" exe="/system/bin/app_process64" subj=u:r:gmscore_app:s0:c512,c768 key=(null)
03-04 09:25:38.023  4884  4884 E audit   : type=1327 audit(1772591138.018:2054): proctitle="com.google.android.gms"
03-04 09:25:38.080 26409 26409 I wpa_supplicant: Heartbeat 1083
03-04 09:25:39.430  5405 27231 D SemWifiUsabilityStatsMonitor: onWifiUsabilityStats - seqNum 1785, isSameBssidAndFreq true
03-04 09:25:39.433  5405  5679 I SemWifiLinkQualityMonitor: Link Qos Query: 0.041 ms / 195.000 Mbps (390 / 0.000 / 2.000)
03-04 09:25:40.177  5000  5000 E sehhealth-service: Could not open /sys/class/power_supply/battery/lrp
03-04 09:25:40.275  5405  5468 D BatteryExternalStatsWorker: update stats : wifi-data: inactive (2)
03-04 09:25:40.290  5405  5468 D BatteryExternalStatsWorker: Fetch WiFi data
03-04 09:25:40.290  5405  5468 D BatteryExternalStatsWorker: Update Rail Energy data
03-04 09:25:40.290  5405  5468 D BatteryExternalStatsWorker: mStats lock released
03-04 09:25:40.305  5405  5468 D BatteryExternalStatsWorker: Update wifi state
03-04 09:25:40.305  5405  5468 D BatteryExternalStatsWorker: done updateExternalStatsLocked
03-04 09:25:42.498  5405 27231 D SemWifiUsabilityStatsMonitor: onWifiUsabilityStats - seqNum 1786, isSameBssidAndFreq true
03-04 09:25:42.501  5405  5679 I SemWifiLinkQualityMonitor: Link Qos Query: 0.041 ms / 195.000 Mbps (390 / 0.000 / 2.000)
03-04 09:25:42.535  4884  4884 E audit   : type=1400 audit(1772591142.530:2055): avc:  denied  { write } for  pid=13009 comm="ThreadPoolForeg" name="traced_producer" dev="tmpfs" ino=24980 scontext=u:r:gmscore_app:s0:c512,c768 tcontext=u:object_r:traced_producer_socket:s0 tclass=sock_file permissive=0 SEPF_SM-A515F_13_0001 audit_filtered
03-04 09:25:42.535  4884  4884 E audit   : type=1300 audit(1772591142.530:2055): arch=c00000b7 syscall=203 success=no exit=-13 a0=6 a1=74faf1dd60 a2=1e a3=47e66c545 items=0 ppid=4905 pid=13009 auid=4294967295 uid=10224 gid=10224 euid=10224 suid=10224 fsuid=10224 egid=10224 sgid=10224 fsgid=10224 tty=(none) ses=4294967295 comm="ThreadPoolForeg" exe="/system/bin/app_process64" subj=u:r:gmscore_app:s0:c512,c768 key=(null)
03-04 09:25:42.535  4884  4884 E audit   : type=1327 audit(1772591142.530:2055): proctitle="com.google.android.gms.persistent"
03-04 09:25:44.617  4564  4564 D io_stats: !@   8,0 r 443338 13215120 w 841956 200481896 d 0 0 f 0 0 iot 498524 0 th 0 0 0 pt 0 inp 0 0 19302.616
03-04 09:25:45.554  5405 27231 D SemWifiUsabilityStatsMonitor: onWifiUsabilityStats - seqNum 1787, isSameBssidAndFreq true
03-04 09:25:45.557  5405  5679 I SemWifiLinkQualityMonitor: Link Qos Query: 0.041 ms / 195.000 Mbps (390 / 0.000 / 2.000)
03-04 09:25:47.802  7525  8838 I SDHMS:D : SIOP:: AP:349 BAT:355 USB:0 CHG:353 WIFI:348 SKIN:348 SKINF:346 SKINB:348 LRP:348 LRF:346 LRB:348 
03-04 09:25:48.091 26409 26409 I wpa_supplicant: Heartbeat 1084
03-04 09:25:48.605  5405 27231 D SemWifiUsabilityStatsMonitor: onWifiUsabilityStats - seqNum 1788, isSameBssidAndFreq true
03-04 09:25:48.606  5405  5679 I SemWifiLinkQualityMonitor: Link Qos Query: 0.041 ms / 195.000 Mbps (390 / 0.000 / 2.000)
03-04 09:25:48.620  4564  4564 D io_stats: !@   8,0 r 443338 13215120 w 842216 200493320 d 0 0 f 0 0 iot 498580 0 th 0 0 0 pt 0 inp 0 0 19306.619
03-04 09:25:51.669  5405 27231 D SemWifiUsabilityStatsMonitor: onWifiUsabilityStats - seqNum 1789, isSameBssidAndFreq true
03-04 09:25:51.672  5405  5679 I SemWifiLinkQualityMonitor: Link Qos Query: 0.041 ms / 195.000 Mbps (390 / 0.000 / 2.000)
03-04 09:25:54.718  5405 27231 D SemWifiUsabilityStatsMonitor: onWifiUsabilityStats - seqNum 1790, isSameBssidAndFreq true
03-04 09:25:54.719  5405  5679 I SemWifiLinkQualityMonitor: Link Qos Query: 0.041 ms / 195.000 Mbps (390 / 0.000 / 2.000)
03-04 09:25:55.713  5405  5652 D UsbStatsMonitor: 0 0 0 0 4 0 0 0 1 0 0 0 3 0 1 0 0 0 0 0 0 0 0 0 0 0 0 0 0 0 0 0 0 0 0 0 0 0 0 0 0 0 0 0 0 0 0 0 0
03-04 09:25:57.775  5405 27231 D SemWifiUsabilityStatsMonitor: onWifiUsabilityStats - seqNum 1791, isSameBssidAndFreq true
03-04 09:25:57.777  5405  5679 I SemWifiLinkQualityMonitor: Link Qos Query: 0.041 ms / 195.000 Mbps (390 / 0.000 / 2.000)
03-04 09:25:58.093 26409 26409 I wpa_supplicant: Heartbeat 1085
03-04 09:25:58.463  5405  5636 W DeviceStorageMonitorService: updateBroadcasts(/data) oldLevel:0, newLevel:0, seq:1
03-04 09:25:58.466  5405  5636 D DeviceStorageMonitorService: Available File Node Number is [12603931]
03-04 09:25:58.466  5405  5636 W DeviceStorageMonitorService: updateBroadcasts_filenode(/data) fn_oldLevel:0, fn_newLevel:0, seq:1
03-04 09:25:58.627  4564  4564 D io_stats: !@   8,0 r 443338 13215120 w 842216 200493320 d 0 0 f 0 0 iot 498580 0 th 0 0 0 pt 0 inp 0 0 19316.626
03-04 09:25:59.328  4884  4884 E audit   : type=1400 audit(1772591159.322:2056): avc:  denied  { write } for  pid=23111 comm="ThreadPoolForeg" name="traced_producer" dev="tmpfs" ino=24980 scontext=u:r:gmscore_app:s0:c512,c768 tcontext=u:object_r:traced_producer_socket:s0 tclass=sock_file permissive=0 SEPF_SM-A515F_13_0001 audit_filtered
03-04 09:25:59.329  4884  4884 E audit   : type=1300 audit(1772591159.322:2056): arch=c00000b7 syscall=203 success=no exit=-13 a0=59 a1=74eef4a640 a2=1e a3=47f670417 items=0 ppid=4905 pid=23111 auid=4294967295 uid=10224 gid=10224 euid=10224 suid=10224 fsuid=10224 egid=10224 sgid=10224 fsgid=10224 tty=(none) ses=4294967295 comm="ThreadPoolForeg" exe="/system/bin/app_process64" subj=u:r:gmscore_app:s0:c512,c768 key=(null)
03-04 09:25:59.329  4884  4884 E audit   : type=1327 audit(1772591159.322:2056): proctitle="com.google.android.gms.unstable"
03-04 09:26:00.006  5763  5763 D KeyguardUpdateMonitor: received broadcast android.intent.action.TIME_TICK
03-04 09:26:00.007  5763  5763 D KeyguardUpdateMonitor: handleTimeUpdate
03-04 09:26:00.011  5763  5763 D FaceWidgetPagesController: onTimeChanged()
03-04 09:26:00.012  5763  6242 D QSClockBellTower: onReceive(android.intent.action.TIME_TICK) mTimeZoneString:null
03-04 09:26:00.028  5763  5763 D QSClockBellTower: He is ready to ring the bell. (((QSClockBellSound - TimeText:09:26, TimeContentDescription:09:26, DateText:Wed, 4 March, ShortDateText:Wed, 4 Mar, Demo:false, QuickStar-Second(false|12:34:56))))
03-04 09:26:00.029  5763  5763 D QSClockIndicatorView: Home Indicator status_bar_clock 09:26 notifyTimeChanged(QSClockBellSound - TimeText:09:26, TimeContentDescription:09:26, DateText:Wed, 4 March, ShortDateText:Wed, 4 Mar, Demo:false, QuickStar-Second(false|12:34:56)) ClockVisibleByPolicy:true, ClockVisibleByUser:true, visible?true, parent:android.widget.LinearLayout{6e0da4a V.E...... ......ID 0,0-97,55 #7f0b04f0 app:id/left_clock_container}
03-04 09:26:00.030  5763  5763 D QSClockBellTower: Everyone heard the bell. run(currentTime:1772591160026,   getTime():Wed Mar 04 09:26:00 GMT+07:00 2026,   getTimeZone():libcore.util.ZoneInfo[mDstSavings=0,mUseDst=false,mDelegate=[id="Asia/Bangkok",mRawOffset=25200000,mEarliestRawOffset=24124000,transitions=3]])
03-04 09:26:00.048  5763  5763 I FaceWidgetPositionAlgorithm: getClockContainerHeight() supplier = 270, bottom margin = 0, real height = 333
03-04 09:26:00.048  5763  5763 I FaceWidgetPositionAlgorithm: getClockContainerHeight() supplier = 270, bottom margin = 63, real height = 333
03-04 09:26:00.049  5763  5763 I FaceWidgetPositionAlgorithm: getMediaContainerHeight() height = 0 container Visibility = 8, isValid = false, mIsDozing = false, fraction = 1.0, source = 0, target = 0
03-04 09:26:00.049  5763  5763 I FaceWidgetPositionAlgorithm: getMediaContainerHeight() supplier = 0
03-04 09:26:00.050  5763  5763 V QsExpandAnimator: setQsExpansionPosition 0.0
03-04 09:26:00.055  5763  5763 V QsExpandAnimator: updateAnimators
03-04 09:26:00.055  5763  5763 V QsExpandAnimator: clearAnimationState 
03-04 09:26:00.055  5763  5763 V QsExpandAnimator: updateViews
03-04 09:26:00.057  5763  5763 V QsExpandAnimator: updateTileAnimator
03-04 09:26:00.058  5763  5763 V QsExpandAnimator: updateHeaderAnimator
03-04 09:26:00.059  5763  5763 V QsExpandAnimator: updateBarAnimator
03-04 09:26:00.059  5763  5763 V QsExpandAnimator: setQsExpansionPosition 0.0
03-04 09:26:00.059  5763  5763 V QsExpandAnimator: onAnimationAtStart
03-04 09:26:00.833  5405 27231 D SemWifiUsabilityStatsMonitor: onWifiUsabilityStats - seqNum 1792, isSameBssidAndFreq true
03-04 09:26:00.837  5405  5679 I SemWifiLinkQualityMonitor: Link Qos Query: 0.041 ms / 195.000 Mbps (390 / 0.000 / 2.000)
03-04 09:26:02.287  5405  5454 E Watchdog: !@Sync: 644 heap: 100 / 109 FD: 942 [2026-03-04 09:26:02.286]
03-04 09:26:03.901  5405 27231 D SemWifiUsabilityStatsMonitor: onWifiUsabilityStats - seqNum 1793, isSameBssidAndFreq true
03-04 09:26:03.903  5405  5679 I SemWifiLinkQualityMonitor: Link Qos Query: 0.041 ms / 195.000 Mbps (390 / 0.000 / 2.000)
03-04 09:26:06.967  5405 27231 D SemWifiUsabilityStatsMonitor: onWifiUsabilityStats - seqNum 1794, isSameBssidAndFreq true
03-04 09:26:06.970  5405  5679 I SemWifiLinkQualityMonitor: Link Qos Query: 0.041 ms / 195.000 Mbps (390 / 0.000 / 2.000)
03-04 09:26:08.026  4884  4884 E audit   : type=1400 audit(1772591168.022:2057): avc:  denied  { write } for  pid=13007 comm="ThreadPoolForeg" name="traced_producer" dev="tmpfs" ino=24980 scontext=u:r:gmscore_app:s0:c512,c768 tcontext=u:object_r:traced_producer_socket:s0 tclass=sock_file permissive=0 SEPF_SM-A515F_13_0001 audit_filtered
03-04 09:26:08.026  4884  4884 E audit   : type=1300 audit(1772591168.022:2057): arch=c00000b7 syscall=203 success=no exit=-13 a0=65 a1=74f21b4cc0 a2=1e a3=47febbb2a items=0 ppid=4905 pid=13007 auid=4294967295 uid=10224 gid=10224 euid=10224 suid=10224 fsuid=10224 egid=10224 sgid=10224 fsgid=10224 tty=(none) ses=4294967295 comm="ThreadPoolForeg" exe="/system/bin/app_process64" subj=u:r:gmscore_app:s0:c512,c768 key=(null)
03-04 09:26:08.026  4884  4884 E audit   : type=1327 audit(1772591168.022:2057): proctitle="com.google.android.gms"
03-04 09:26:08.066  5405  5626 D ConnectivityService: reportNetworkActive, notify 1 listeners
03-04 09:26:08.067  5405  5468 D BatteryExternalStatsWorker: update stats : wifi-data: active (2)
03-04 09:26:08.074  5405  5468 D BatteryExternalStatsWorker: Fetch WiFi data
03-04 09:26:08.074  5405  5468 D BatteryExternalStatsWorker: Update Rail Energy data
03-04 09:26:08.074  5405  5468 D BatteryExternalStatsWorker: mStats lock released
03-04 09:26:08.098  5405  5468 D BatteryExternalStatsWorker: Update wifi state
03-04 09:26:08.099  5405  5468 D BatteryExternalStatsWorker: done updateExternalStatsLocked
03-04 09:26:08.100 26409 26409 I wpa_supplicant: Heartbeat 1086
03-04 09:26:08.634  4564  4564 D io_stats: !@   8,0 r 443338 13215120 w 842216 200493320 d 0 0 f 0 0 iot 498580 0 th 0 0 0 pt 0 inp 0 0 19326.634
03-04 09:26:10.037  5405 27231 D SemWifiUsabilityStatsMonitor: onWifiUsabilityStats - seqNum 1795, isSameBssidAndFreq true
03-04 09:26:10.039  5405  5679 I SemWifiLinkQualityMonitor: Link Qos Query: 0.182 ms / 43.875 Mbps (351 / 0.000 / 8.000)
03-04 09:26:10.039  5763  5763 D NetworkController.WifiSignalController: notifyListener: visible=true, connected=true, inetCondition=1, isDefault=true, wifiTestReported=true, receivedInetCondition=-1, hideDuringMobileSwitching=false
03-04 09:26:10.042  5763  5865 D Tile.WifiTile: handleUpdateState isTransient=false transientEnabling =false cb.isTransient=false state.state = 2 mStateBeforeClick.value =false enabled =true
03-04 09:26:10.072  5052  5052 I SurfaceFlinger: SFWD update time=19328072517252
03-04 09:26:10.354  5405  5948 D BatteryService: Sending ACTION_BATTERY_CHANGED: level:79, status:3, health:2, ac:false, usb:false, wireless:false, pogo:false, misc:0x20000, charge_type:0, charger_type:0, voltage:3920, temperature:356, online:21, current_avg:-328, ps:false, hvc:false, capacity:280000, current_event:0x10000, current_now:-346, mcc:0, mcv:0, cc:3040800, present:true, scale:100, technology:Li-ion
03-04 09:26:10.355  5000  5000 E sehhealth-service: Could not open /sys/class/power_supply/battery/lrp
03-04 09:26:10.358  5405  5468 D BatteryExternalStatsWorker: update stats : wakelock-change (1)
03-04 09:26:10.363  5405  5569 D MotionRecognitionService: [SAR]  onReceive : ACTION_BATTERY_CHANGED, Plugged: 0
03-04 09:26:10.365  5405  5405 D PhoneWindowManagerExt: ACTION_BATTERY_CHANGED - Level=79, status=3
03-04 09:26:10.367  5405  5712 I DeviceBatteryInfoService: action: android.intent.action.BATTERY_CHANGED
03-04 09:26:10.367  5405  5712 I DeviceBatteryInfoService: phone battery level: 79
03-04 09:26:10.368  5405  5712 I DeviceBatteryInfoService: phone battery status: 3
03-04 09:26:10.368  5405  5712 D DeviceBatteryInfoService: setBatteryStatus : 3
03-04 09:26:10.370  5405  5405 D AdaptiveBrightnessLongtermModelBuilder: Received android.intent.action.BATTERY_CHANGED
03-04 09:26:10.371  5405  5405 D SemWifiApBroadcastReceiver: Received : android.intent.action.BATTERY_CHANGED
03-04 09:26:10.373  5740  5740 D SemBigDataInfoController: Intent: android.intent.action.BATTERY_CHANGED
03-04 09:26:10.374  5740  5740 D SemBigDataInfoController: Intent: android.intent.action.BATTERY_CHANGED
03-04 09:26:10.377  5763  5763 D KeyguardUpdateMonitor: received broadcast android.intent.action.BATTERY_CHANGED
03-04 09:26:10.378  5763  5763 D SamsungBatteryMeterDrawable: onBatteryLevelChanged isSomethingChanged: true
03-04 09:26:10.381  7525  7525 E SDHMS:SDHMS_UTIL_IO: e = /sys/class/power_supply/battery/chg_type: open failed: ENOENT (No such file or directory)
03-04 09:26:10.386  5763  5763 D SamsungBatteryMeterDrawable: onBatteryLevelChanged isSomethingChanged: true
03-04 09:26:10.389  5763  5763 D SamsungBatteryMeterDrawable: onBatteryLevelChanged isSomethingChanged: true
03-04 09:26:10.393  5763  5763 D SamsungBatteryMeterDrawable: onBatteryLevelChanged isSomethingChanged: true
03-04 09:26:10.394  5763  5763 I PowerUI : mBootCompleted = true |  mFullyConnected = true
03-04 09:26:10.394  5763  5763 I PowerUI : BATTERY_HEALTH_CHECK extraHealth=2 mBatteryMiscEvent=131072
03-04 09:26:10.394  5763  5763 W PowerUI : Plug reason
03-04 09:26:10.395  5763  5763 W PowerUI : Skip charging animation - by plug status
03-04 09:26:10.395  5763  5763 D PowerUI : priorPlugType = 0 mPlugType = 0 priorBatteryStatus = 3 mBatteryStatus = 3
03-04 09:26:10.395  5763  5763 W PowerUI : Plug reason
03-04 09:26:10.395  5763  5763 W PowerUI : Skip charging sound - by plug status
03-04 09:26:10.395  5763  5763 I PowerUI : oldMisalign : false, curMisalign : false
03-04 09:26:10.395  5763  5763 D SecPowerUI.Notification: dismissSlowByChargerConnectionInfoPopUp()
03-04 09:26:10.395  5763  5763 D SecPowerUI.Notification: dismissChargingNotification()
03-04 09:26:10.395  5763  5763 D SecPowerUI.Notification: SecBatteryStatsSnapshot{batteryLevel=79, currentBatteryMode=0, chargingTime=0, chargingType=0, batteryHealth=2, automaticTestMode=false, isHiccupState=false}
03-04 09:26:10.397  5763  5763 D PowerUI : Battery swelling mode - priorBatterySwellingMode = 0 mBatterySwellingMode = 0 mBatteryStatus = 3
03-04 09:26:10.397  5763  5763 I PowerUI : mBatteryMiscEvent = 131072
03-04 09:26:10.397 24081 24081 I [SCPMV2][SystemMonitorReceiver]: onReceive: android.intent.action.BATTERY_CHANGED
03-04 09:26:10.401  5763  5763 I PowerUI : checkShouldTurnOffProtectBattery : -1, Scheduling start ? : false
03-04 09:26:10.401  5763  5763 I PowerUI : Clear time
03-04 09:26:10.401  5405  7526 D SettingsProvider: isChangeAllowed() : name = charger_connected_time
03-04 09:26:10.402  5405  7526 D SettingsProvider: edmUri: content://com.sec.knox.provider/RestrictionPolicy3
03-04 09:26:10.402  5405  7526 D SettingsProvider: projectionArgs: isSettingsChangesAllowed
03-04 09:26:10.402  5405  7526 D SettingsProvider: selectionArgs: false
03-04 09:26:10.402  5405  7526 D SettingsProvider: selectionArgs: 10052
03-04 09:26:10.402  5405  7526 D SecContentProvider: query(), uri = 17 selection = isSettingsChangesAllowed
03-04 09:26:10.402  5405  7526 D SecContentProvider: called from android.uid.systemui:10052
03-04 09:26:10.402  5405  7526 D RestrictionPolicy: isSettingsChangesAllowedAsUser, userId 0 : true
03-04 09:26:10.403  5405  7526 D SettingsProvider: ret = 1
03-04 09:26:10.406  5763  5763 D KeyguardUpdateMonitor: handleBatteryUpdate
03-04 09:26:10.407  5763  5763 D KeyguardSecIndicationPolicy:  remove Item pos = DEFAULT, type =              BATTERY
03-04 09:26:10.407  5763  5763 D KeyguardSecIndicationPolicy:  remove Item pos = DEFAULT, type =      BATTERY_RESTING
03-04 09:26:10.408  5763  5763 D KeyguardSecIndicationController: addIndication() returned - unlocking
03-04 09:26:10.408  5763  5763 D KeyguardSecIndicationController: addBatteryAndOwnerInfoIndication() battery status = BatteryStatus{status=3,level=79,plugged=0,health=2,maxChargingWattage=-1,remaining=-1ultraFastCharger=0}
03-04 09:26:10.415  5763  5763 I FaceWidgetPositionAlgorithm: getClockContainerHeight() supplier = 270, bottom margin = 0, real height = 333
03-04 09:26:10.415  5763  5763 I FaceWidgetPositionAlgorithm: getClockContainerHeight() supplier = 270, bottom margin = 63, real height = 333
03-04 09:26:10.415  5763  5763 I FaceWidgetPositionAlgorithm: getMediaContainerHeight() height = 0 container Visibility = 8, isValid = false, mIsDozing = false, fraction = 1.0, source = 0, target = 0
03-04 09:26:10.416  5763  5763 I FaceWidgetPositionAlgorithm: getMediaContainerHeight() supplier = 0
03-04 09:26:10.426  5763  5763 I AODBatteryManager: updateBatteryData: ACTION_BATTERY_CHANGED
03-04 09:26:10.426  5763  5763 I AODBatteryManager: getChargeEstimateTime: not charging
03-04 09:26:10.428  5763  5763 I AODBatteryManager: saveBatteryData : AOD BatteryData [mBatteryLevel=79, mBatteryStatus=DISCHARGING, mBatteryPlugType=NOT_DEFINED, mBatteryPlugged=false, mRemainingChargeTime=0, mBatteryChargingType=0, mBatteryChargerType=NORMAL, mBatteryOnline=NOT_DEFINED, mBatterySwellingMode=NONE, mBatteryProtectMode=false]
03-04 09:26:10.428  5763  5763 I ChargingInfoManager: removeMessages: 
03-04 09:26:10.428  5763  5763 W AODAlarmTimer_HIDE_CHARGING_INFO_TIMER: stop : not yet started 
03-04 09:26:10.428  5763  5763 I ChargingInfoManager: updateChargingInfo: newState = AOD ChargingInfo [mState=NONE, mIsCharging=false, mIsFullyCharged=false, mIsBatteryProtectMode=false], oldState = AOD ChargingInfo [mState=NONE, mIsCharging=false, mIsFullyCharged=false, mIsBatteryProtectMode=false]
03-04 09:26:10.433  5763  5763 I FaceWidgetPositionAlgorithm: getClockContainerHeight() supplier = 270, bottom margin = 0, real height = 333
03-04 09:26:10.433  5763  5763 I FaceWidgetPositionAlgorithm: getClockContainerHeight() supplier = 270, bottom margin = 63, real height = 333
03-04 09:26:10.433  5763  5763 I FaceWidgetPositionAlgorithm: getMediaContainerHeight() height = 0 container Visibility = 8, isValid = false, mIsDozing = false, fraction = 1.0, source = 0, target = 0
03-04 09:26:10.433  5763  5763 I FaceWidgetPositionAlgorithm: getMediaContainerHeight() supplier = 0
03-04 09:26:10.434  5763  5763 V QsExpandAnimator: setQsExpansionPosition 0.0
03-04 09:26:10.473  5405  5468 D BatteryExternalStatsWorker: Update CPU state
03-04 09:26:10.473  5405  5468 D BatteryExternalStatsWorker: mStats lock released
03-04 09:26:10.473  5405  5468 D BatteryExternalStatsWorker: done updateExternalStatsLocked
03-04 09:26:10.636  4564  4564 D io_stats: !@   8,0 r 443338 13215120 w 842230 200493400 d 0 0 f 0 0 iot 498584 0 th 0 0 0 pt 0 inp 0 0 19328.636
03-04 09:26:12.166 20909 21056 I ContactsProvider_EventLog: cp_s: [CONTACT con(763) dat(6602) acc({sec(6)=5, google(7)=1, google(2)=774}) trash_acc([.google:167])  trash(167) calls([logtype:100 cnt:1804, logtype:300 cnt:500, logtype:500 cnt:1, logtype:1000 cnt:195]) Iso(GB) uId(0) ]
03-04 09:26:12.166 20909 21056 I ContactsProvider_EventLog: cp_s: [ agr({[2 ,6]=1, [6 ,2]=3, [2 ,2]=8, [2]=748, [2 ,6 ,2]=1, [2 ,2 ,2]=1, [7 ,2]=1}) ]
03-04 09:26:12.166 20909 21056 I ContactsProvider_EventLog: cp_s: [ cnt({acore(20909)=1}) ]
03-04 09:26:12.166 20909 21056 I ContactsProvider_EventLog: cp_s: [PROFILE ] [SAPROFILE ]
03-04 09:26:12.166 20909 21056 I ContactsProvider_EventLog: cp_s: [STATE R(F) ]
03-04 09:26:12.539  4884  4884 E audit   : type=1400 audit(1772591172.534:2058): avc:  denied  { write } for  pid=13009 comm="ThreadPoolForeg" name="traced_producer" dev="tmpfs" ino=24980 scontext=u:r:gmscore_app:s0:c512,c768 tcontext=u:object_r:traced_producer_socket:s0 tclass=sock_file permissive=0 SEPF_SM-A515F_13_0001 audit_filtered
03-04 09:26:12.539  4884  4884 E audit   : type=1300 audit(1772591172.534:2058): arch=c00000b7 syscall=203 success=no exit=-13 a0=6 a1=74fae27f20 a2=1e a3=4803098e4 items=0 ppid=4905 pid=13009 auid=4294967295 uid=10224 gid=10224 euid=10224 suid=10224 fsuid=10224 egid=10224 sgid=10224 fsgid=10224 tty=(none) ses=4294967295 comm="ThreadPoolForeg" exe="/system/bin/app_process64" subj=u:r:gmscore_app:s0:c512,c768 key=(null)
03-04 09:26:12.540  4884  4884 E audit   : type=1327 audit(1772591172.534:2058): proctitle="com.google.android.gms.persistent"
03-04 09:26:12.638  4564  4564 D io_stats: !@   8,0 r 443338 13215120 w 842232 200493408 d 0 0 f 0 0 iot 498588 0 th 0 0 0 pt 0 inp 0 0 19330.638
03-04 09:26:13.073  5405 27231 D SemWifiUsabilityStatsMonitor: onWifiUsabilityStats - seqNum 1796, isSameBssidAndFreq true
03-04 09:26:13.075  5405  5679 I SemWifiLinkQualityMonitor: Link Qos Query: 0.182 ms / 43.875 Mbps (351 / 0.000 / 8.000)
03-04 09:26:13.076  5763  5763 D NetworkController.WifiSignalController: notifyListener: visible=true, connected=true, inetCondition=1, isDefault=true, wifiTestReported=true, receivedInetCondition=-1, hideDuringMobileSwitching=false
03-04 09:26:13.079  5763  5865 D Tile.WifiTile: handleUpdateState isTransient=false transientEnabling =false cb.isTransient=false state.state = 2 mStateBeforeClick.value =false enabled =true
03-04 09:26:16.121  5405 27231 D SemWifiUsabilityStatsMonitor: onWifiUsabilityStats - seqNum 1797, isSameBssidAndFreq true
03-04 09:26:16.123  5405  5679 I SemWifiLinkQualityMonitor: Link Qos Query: 0.182 ms / 43.875 Mbps (351 / 0.000 / 8.000)
03-04 09:26:17.803  7525  8838 I SDHMS:D : SIOP:: AP:350 BAT:356 USB:0 CHG:353 WIFI:348 SKIN:349 SKINF:347 SKINB:349 LRP:349 LRF:347 LRB:349 
03-04 09:26:18.085  7385  7582 I bbhc    : (REDACTED) getHotwordActive::active query: %s, watch: %s, devices connected: %s
03-04 09:26:18.111 26409 26409 I wpa_supplicant: Heartbeat 1087
03-04 09:26:19.176  5405 27231 D SemWifiUsabilityStatsMonitor: onWifiUsabilityStats - seqNum 1798, isSameBssidAndFreq true
03-04 09:26:19.179  5405  5679 I SemWifiLinkQualityMonitor: Link Qos Query: 0.182 ms / 43.875 Mbps (351 / 0.000 / 8.000)
03-04 09:26:20.644  4564  4564 D io_stats: !@   8,0 r 443338 13215120 w 842240 200493464 d 0 0 f 0 0 iot 498592 0 th 0 0 0 pt 0 inp 0 0 19338.644
03-04 09:26:22.244  5405 27231 D SemWifiUsabilityStatsMonitor: onWifiUsabilityStats - seqNum 1799, isSameBssidAndFreq true
03-04 09:26:22.246  5405  5679 I SemWifiLinkQualityMonitor: Link Qos Query: 0.182 ms / 43.875 Mbps (351 / 0.000 / 8.000)
03-04 09:26:23.688  7525  8829 I SDHMS:h : Periodic event 'saveLog' will starts soon.
03-04 09:26:23.689  7525  8829 I SDHMS:m : Polling event syncDatabaseLocked will starts.
03-04 09:26:23.702  7525  8829 I SDHMS:m : Polling event syncDatabaseLocked finished.
03-04 09:26:23.702  7525  8829 I SDHMS:m : Polling event checkDatabaseLocked will starts.
03-04 09:26:23.712  7525  8829 I SDHMS:m : Polling event checkDatabaseLocked finished.
03-04 09:26:23.712  7525  8829 I SDHMS:m : Polling event checkDatabaseOverflow will starts.
03-04 09:26:23.713  7525  8829 I SDHMS:m : Polling event checkDatabaseOverflow finished.
03-04 09:26:24.647  4564  4564 D io_stats: !@   8,0 r 443338 13215120 w 842272 200493624 d 0 0 f 0 0 iot 498600 0 th 0 0 0 pt 0 inp 0 0 19342.647
03-04 09:26:24.823  5405  5468 D BatteryExternalStatsWorker: update stats : wifi-data: inactive (2)
03-04 09:26:24.838  5405  5468 D BatteryExternalStatsWorker: Fetch WiFi data
03-04 09:26:24.838  5405  5468 D BatteryExternalStatsWorker: Update Rail Energy data
03-04 09:26:24.839  5405  5468 D BatteryExternalStatsWorker: mStats lock released
03-04 09:26:24.871  5405  5468 D BatteryExternalStatsWorker: Update wifi state
03-04 09:26:24.871  5405  5468 D BatteryExternalStatsWorker: done updateExternalStatsLocked
03-04 09:26:25.312  5405 27231 D SemWifiUsabilityStatsMonitor: onWifiUsabilityStats - seqNum 1800, isSameBssidAndFreq true
03-04 09:26:25.315  5405  5679 I SemWifiLinkQualityMonitor: Link Qos Query: 0.182 ms / 43.875 Mbps (351 / 0.000 / 8.000)
03-04 09:26:28.122 26409 26409 I wpa_supplicant: Heartbeat 1088
03-04 09:26:28.368  5405 27231 D SemWifiUsabilityStatsMonitor: onWifiUsabilityStats - seqNum 1801, isSameBssidAndFreq true
03-04 09:26:28.371  5405  5679 I SemWifiLinkQualityMonitor: Link Qos Query: 0.182 ms / 43.875 Mbps (351 / 0.000 / 8.000)
03-04 09:26:29.339  4884  4884 E audit   : type=1400 audit(1772591189.334:2059): avc:  denied  { write } for  pid=23111 comm="ThreadPoolForeg" name="traced_producer" dev="tmpfs" ino=24980 scontext=u:r:gmscore_app:s0:c512,c768 tcontext=u:object_r:traced_producer_socket:s0 tclass=sock_file permissive=0 SEPF_SM-A515F_13_0001 audit_filtered
03-04 09:26:29.339  4884  4884 E audit   : type=1300 audit(1772591189.334:2059): arch=c00000b7 syscall=203 success=no exit=-13 a0=59 a1=75793bafa0 a2=1e a3=48130f1cd items=0 ppid=4905 pid=23111 auid=4294967295 uid=10224 gid=10224 euid=10224 suid=10224 fsuid=10224 egid=10224 sgid=10224 fsgid=10224 tty=(none) ses=4294967295 comm="ThreadPoolForeg" exe="/system/bin/app_process64" subj=u:r:gmscore_app:s0:c512,c768 key=(null)
03-04 09:26:29.340  4884  4884 E audit   : type=1327 audit(1772591189.334:2059): proctitle="com.google.android.gms.unstable"
03-04 09:26:30.652  4564  4564 D io_stats: !@   8,0 r 443338 13215120 w 842313 200493880 d 0 0 f 0 0 iot 498608 0 th 0 0 0 pt 0 inp 0 0 19348.652
03-04 09:26:31.425  5405 27231 D SemWifiUsabilityStatsMonitor: onWifiUsabilityStats - seqNum 1802, isSameBssidAndFreq true
03-04 09:26:31.428  5405  5679 I SemWifiLinkQualityMonitor: Link Qos Query: 0.182 ms / 43.875 Mbps (351 / 0.000 / 8.000)
03-04 09:26:32.311  5405  5454 E Watchdog: !@Sync: 645 heap: 101 / 109 FD: 942 [2026-03-04 09:26:32.311]
03-04 09:26:34.483  5405 27231 D SemWifiUsabilityStatsMonitor: onWifiUsabilityStats - seqNum 1803, isSameBssidAndFreq true
03-04 09:26:34.486  5405  5679 I SemWifiLinkQualityMonitor: Link Qos Query: 0.182 ms / 43.875 Mbps (351 / 0.000 / 8.000)
03-04 09:26:34.655  4564  4564 D io_stats: !@   8,0 r 443338 13215120 w 842314 200493888 d 0 0 f 0 0 iot 498612 0 th 0 0 0 pt 0 inp 0 0 19352.655
03-04 09:26:37.530  5405 27231 D SemWifiUsabilityStatsMonitor: onWifiUsabilityStats - seqNum 1804, isSameBssidAndFreq true
03-04 09:26:37.532  5405  5679 I SemWifiLinkQualityMonitor: Link Qos Query: 0.182 ms / 43.875 Mbps (351 / 0.000 / 8.000)
03-04 09:26:38.036  4884  4884 E audit   : type=1400 audit(1772591198.030:2060): avc:  denied  { write } for  pid=13007 comm="ThreadPoolForeg" name="traced_producer" dev="tmpfs" ino=24980 scontext=u:r:gmscore_app:s0:c512,c768 tcontext=u:object_r:traced_producer_socket:s0 tclass=sock_file permissive=0 SEPF_SM-A515F_13_0001 audit_filtered
03-04 09:26:38.036  4884  4884 E audit   : type=1300 audit(1772591198.030:2060): arch=c00000b7 syscall=203 success=no exit=-13 a0=65 a1=74f21b4ce0 a2=1e a3=481b5a5bf items=0 ppid=4905 pid=13007 auid=4294967295 uid=10224 gid=10224 euid=10224 suid=10224 fsuid=10224 egid=10224 sgid=10224 fsgid=10224 tty=(none) ses=4294967295 comm="ThreadPoolForeg" exe="/system/bin/app_process64" subj=u:r:gmscore_app:s0:c512,c768 key=(null)
03-04 09:26:38.036  4884  4884 E audit   : type=1327 audit(1772591198.030:2060): proctitle="com.google.android.gms"
03-04 09:26:38.133 26409 26409 I wpa_supplicant: Heartbeat 1089
03-04 09:26:40.382  5000  5000 E sehhealth-service: Could not open /sys/class/power_supply/battery/lrp
03-04 09:26:40.590  5405 27231 D SemWifiUsabilityStatsMonitor: onWifiUsabilityStats - seqNum 1805, isSameBssidAndFreq true
03-04 09:26:40.593  5405  5679 I SemWifiLinkQualityMonitor: Link Qos Query: 0.182 ms / 43.875 Mbps (351 / 0.000 / 8.000)
03-04 09:26:42.573  4884  4884 E audit   : type=1400 audit(1772591202.570:2061): avc:  denied  { write } for  pid=13009 comm="ThreadPoolForeg" name="traced_producer" dev="tmpfs" ino=24980 scontext=u:r:gmscore_app:s0:c512,c768 tcontext=u:object_r:traced_producer_socket:s0 tclass=sock_file permissive=0 SEPF_SM-A515F_13_0001 audit_filtered
03-04 09:26:42.574  4884  4884 E audit   : type=1300 audit(1772591202.570:2061): arch=c00000b7 syscall=203 success=no exit=-13 a0=6 a1=74faf1dd80 a2=1e a3=481fae232 items=0 ppid=4905 pid=13009 auid=4294967295 uid=10224 gid=10224 euid=10224 suid=10224 fsuid=10224 egid=10224 sgid=10224 fsgid=10224 tty=(none) ses=4294967295 comm="ThreadPoolForeg" exe="/system/bin/app_process64" subj=u:r:gmscore_app:s0:c512,c768 key=(null)
03-04 09:26:42.574  4884  4884 E audit   : type=1327 audit(1772591202.570:2061): proctitle="com.google.android.gms.persistent"
03-04 09:26:43.431  5052  5052 I SurfaceFlinger: SFWD update time=19361431631267
03-04 09:26:43.657  5405 27231 D SemWifiUsabilityStatsMonitor: onWifiUsabilityStats - seqNum 1806, isSameBssidAndFreq true
03-04 09:26:43.659  5405  5679 I SemWifiLinkQualityMonitor: Link Qos Query: 0.182 ms / 43.875 Mbps (351 / 0.000 / 8.000)
03-04 09:26:44.662  4564  4564 D io_stats: !@   8,0 r 443338 13215120 w 842314 200493888 d 0 0 f 0 0 iot 498612 0 th 0 0 0 pt 0 inp 0 0 19362.662
03-04 09:26:46.716  5405 27231 D SemWifiUsabilityStatsMonitor: onWifiUsabilityStats - seqNum 1807, isSameBssidAndFreq true
03-04 09:26:46.718  5405  5679 I SemWifiLinkQualityMonitor: Link Qos Query: 0.182 ms / 43.875 Mbps (351 / 0.000 / 8.000)
03-04 09:26:47.804  7525  8838 I SDHMS:D : SIOP:: AP:350 BAT:356 USB:0 CHG:353 WIFI:348 SKIN:349 SKINF:347 SKINB:349 LRP:349 LRF:347 LRB:349 
03-04 09:26:48.137 26409 26409 I wpa_supplicant: Heartbeat 1090
03-04 09:26:49.773  5405 27231 D SemWifiUsabilityStatsMonitor: onWifiUsabilityStats - seqNum 1808, isSameBssidAndFreq true
03-04 09:26:49.776  5405  5679 I SemWifiLinkQualityMonitor: Link Qos Query: 0.182 ms / 43.875 Mbps (351 / 0.000 / 8.000)
03-04 09:26:52.840  5405 27231 D SemWifiUsabilityStatsMonitor: onWifiUsabilityStats - seqNum 1809, isSameBssidAndFreq true
03-04 09:26:52.843  5405  5679 I SemWifiLinkQualityMonitor: Link Qos Query: 0.182 ms / 43.875 Mbps (351 / 0.000 / 8.000)
03-04 09:26:54.669  4564  4564 D io_stats: !@   8,0 r 443338 13215120 w 842314 200493888 d 0 0 f 0 0 iot 498612 0 th 0 0 0 pt 0 inp 0 0 19372.668
03-04 09:26:55.751  5405  5652 D UsbStatsMonitor: 0 0 0 0 4 0 0 0 1 0 0 0 3 0 1 0 0 0 0 0 0 0 0 0 0 0 0 0 0 0 0 0 0 0 0 0 0 0 0 0 0 0 0 0 0 0 0 0 0
03-04 09:26:55.894  5405 27231 D SemWifiUsabilityStatsMonitor: onWifiUsabilityStats - seqNum 1810, isSameBssidAndFreq true
03-04 09:26:55.897  5405  5679 I SemWifiLinkQualityMonitor: Link Qos Query: 0.182 ms / 43.875 Mbps (351 / 0.000 / 8.000)
03-04 09:26:58.148 26409 26409 I wpa_supplicant: Heartbeat 1091
03-04 09:26:58.543  5405  5636 W DeviceStorageMonitorService: updateBroadcasts(/data) oldLevel:0, newLevel:0, seq:1
03-04 09:26:58.546  5405  5636 D DeviceStorageMonitorService: Available File Node Number is [12603931]
03-04 09:26:58.546  5405  5636 W DeviceStorageMonitorService: updateBroadcasts_filenode(/data) fn_oldLevel:0, fn_newLevel:0, seq:1
03-04 09:26:58.949  5405 27231 D SemWifiUsabilityStatsMonitor: onWifiUsabilityStats - seqNum 1811, isSameBssidAndFreq true
03-04 09:26:58.951  5405  5679 I SemWifiLinkQualityMonitor: Link Qos Query: 0.182 ms / 43.875 Mbps (351 / 0.000 / 8.000)
03-04 09:26:59.343  4884  4884 E audit   : type=1400 audit(1772591219.338:2062): avc:  denied  { write } for  pid=23111 comm="ThreadPoolForeg" name="traced_producer" dev="tmpfs" ino=24980 scontext=u:r:gmscore_app:s0:c512,c768 tcontext=u:object_r:traced_producer_socket:s0 tclass=sock_file permissive=0 SEPF_SM-A515F_13_0001 audit_filtered
03-04 09:26:59.344  4884  4884 E audit   : type=1300 audit(1772591219.338:2062): arch=c00000b7 syscall=203 success=no exit=-13 a0=59 a1=74eef4a620 a2=1e a3=482fac748 items=0 ppid=4905 pid=23111 auid=4294967295 uid=10224 gid=10224 euid=10224 suid=10224 fsuid=10224 egid=10224 sgid=10224 fsgid=10224 tty=(none) ses=4294967295 comm="ThreadPoolForeg" exe="/system/bin/app_process64" subj=u:r:gmscore_app:s0:c512,c768 key=(null)
03-04 09:26:59.344  4884  4884 E audit   : type=1327 audit(1772591219.338:2062): proctitle="com.google.android.gms.unstable"
03-04 09:27:00.007  5763  5763 D KeyguardUpdateMonitor: received broadcast android.intent.action.TIME_TICK
03-04 09:27:00.007  5763  5763 D KeyguardUpdateMonitor: handleTimeUpdate
03-04 09:27:00.011  5763  5763 D FaceWidgetPagesController: onTimeChanged()
03-04 09:27:00.015  5763  6242 D QSClockBellTower: onReceive(android.intent.action.TIME_TICK) mTimeZoneString:null
03-04 09:27:00.030  5763  5763 D QSClockBellTower: He is ready to ring the bell. (((QSClockBellSound - TimeText:09:27, TimeContentDescription:09:27, DateText:Wed, 4 March, ShortDateText:Wed, 4 Mar, Demo:false, QuickStar-Second(false|12:34:56))))
03-04 09:27:00.033  5763  5763 D QSClockIndicatorView: Home Indicator status_bar_clock 09:27 notifyTimeChanged(QSClockBellSound - TimeText:09:27, TimeContentDescription:09:27, DateText:Wed, 4 March, ShortDateText:Wed, 4 Mar, Demo:false, QuickStar-Second(false|12:34:56)) ClockVisibleByPolicy:true, ClockVisibleByUser:true, visible?true, parent:android.widget.LinearLayout{6e0da4a V.E...... ......ID 0,0-97,55 #7f0b04f0 app:id/left_clock_container}
03-04 09:27:00.033  5763  5763 D QSClockBellTower: Everyone heard the bell. run(currentTime:1772591220026,   getTime():Wed Mar 04 09:27:00 GMT+07:00 2026,   getTimeZone():libcore.util.ZoneInfo[mDstSavings=0,mUseDst=false,mDelegate=[id="Asia/Bangkok",mRawOffset=25200000,mEarliestRawOffset=24124000,transitions=3]])
03-04 09:27:00.048  5763  5763 I FaceWidgetPositionAlgorithm: getClockContainerHeight() supplier = 270, bottom margin = 0, real height = 333
03-04 09:27:00.049  5763  5763 I FaceWidgetPositionAlgorithm: getClockContainerHeight() supplier = 270, bottom margin = 63, real height = 333
03-04 09:27:00.049  5763  5763 I FaceWidgetPositionAlgorithm: getMediaContainerHeight() height = 0 container Visibility = 8, isValid = false, mIsDozing = false, fraction = 1.0, source = 0, target = 0
03-04 09:27:00.049  5763  5763 I FaceWidgetPositionAlgorithm: getMediaContainerHeight() supplier = 0
03-04 09:27:00.053  5763  5763 V QsExpandAnimator: setQsExpansionPosition 0.0
03-04 09:27:00.064  5763  5763 V QsExpandAnimator: updateAnimators
03-04 09:27:00.064  5763  5763 V QsExpandAnimator: clearAnimationState 
03-04 09:27:00.065  5763  5763 V QsExpandAnimator: updateViews
03-04 09:27:00.070  5763  5763 V QsExpandAnimator: updateTileAnimator
03-04 09:27:00.072  5763  5763 V QsExpandAnimator: updateHeaderAnimator
03-04 09:27:00.073  5763  5763 V QsExpandAnimator: updateBarAnimator
03-04 09:27:00.073  5763  5763 V QsExpandAnimator: setQsExpansionPosition 0.0
03-04 09:27:00.073  5763  5763 V QsExpandAnimator: onAnimationAtStart
03-04 09:27:02.015  5405 27231 D SemWifiUsabilityStatsMonitor: onWifiUsabilityStats - seqNum 1812, isSameBssidAndFreq true
03-04 09:27:02.017  5405  5679 I SemWifiLinkQualityMonitor: Link Qos query: inf. ms / 0 Mbps
03-04 09:27:02.336  5405  5454 E Watchdog: !@Sync: 646 heap: 102 / 109 FD: 942 [2026-03-04 09:27:02.335]
03-04 09:27:04.676  4564  4564 D io_stats: !@   8,0 r 443338 13215120 w 842314 200493888 d 0 0 f 0 0 iot 498612 0 th 0 0 0 pt 0 inp 0 0 19382.675
03-04 09:27:05.073  5405 27231 D SemWifiUsabilityStatsMonitor: onWifiUsabilityStats - seqNum 1813, isSameBssidAndFreq true
03-04 09:27:05.075  5405  5679 I SemWifiLinkQualityMonitor: Link Qos query: inf. ms / 0 Mbps
03-04 09:27:08.039  4884  4884 E audit   : type=1400 audit(1772591228.034:2063): avc:  denied  { write } for  pid=13007 comm="ThreadPoolForeg" name="traced_producer" dev="tmpfs" ino=24980 scontext=u:r:gmscore_app:s0:c512,c768 tcontext=u:object_r:traced_producer_socket:s0 tclass=sock_file permissive=0 SEPF_SM-A515F_13_0001 audit_filtered
03-04 09:27:08.039  4884  4884 E audit   : type=1300 audit(1772591228.034:2063): arch=c00000b7 syscall=203 success=no exit=-13 a0=65 a1=7564e86840 a2=1e a3=4837f7597 items=0 ppid=4905 pid=13007 auid=4294967295 uid=10224 gid=10224 euid=10224 suid=10224 fsuid=10224 egid=10224 sgid=10224 fsgid=10224 tty=(none) ses=4294967295 comm="ThreadPoolForeg" exe="/system/bin/app_process64" subj=u:r:gmscore_app:s0:c512,c768 key=(null)
03-04 09:27:08.039  4884  4884 E audit   : type=1327 audit(1772591228.034:2063): proctitle="com.google.android.gms"
03-04 09:27:08.132  5405 27231 D SemWifiUsabilityStatsMonitor: onWifiUsabilityStats - seqNum 1814, isSameBssidAndFreq true
03-04 09:27:08.133  5405  5679 I SemWifiLinkQualityMonitor: Link Qos query: inf. ms / 0 Mbps
03-04 09:27:08.134  5763  5763 D NetworkController.WifiSignalController: notifyListener: visible=true, connected=true, inetCondition=1, isDefault=true, wifiTestReported=true, receivedInetCondition=-1, hideDuringMobileSwitching=false
03-04 09:27:08.137  5763  5865 D Tile.WifiTile: handleUpdateState isTransient=false transientEnabling =false cb.isTransient=false state.state = 2 mStateBeforeClick.value =false enabled =true
03-04 09:27:08.156 26409 26409 I wpa_supplicant: Heartbeat 1092
03-04 09:27:08.587  5405  5468 D BatteryExternalStatsWorker: update stats : wifi-data: active (2)
03-04 09:27:08.588  5405  5626 D ConnectivityService: reportNetworkActive, notify 1 listeners
03-04 09:27:08.598  5405  5468 D BatteryExternalStatsWorker: Fetch WiFi data
03-04 09:27:08.598  5405  5468 D BatteryExternalStatsWorker: Update Rail Energy data
03-04 09:27:08.598  5405  5468 D BatteryExternalStatsWorker: mStats lock released
03-04 09:27:08.630  5405  5468 D BatteryExternalStatsWorker: Update wifi state
03-04 09:27:08.630  5405  5468 D BatteryExternalStatsWorker: done updateExternalStatsLocked
03-04 09:27:10.441  5000  5000 E sehhealth-service: Could not open /sys/class/power_supply/battery/lrp
03-04 09:27:11.157  5405 27231 D SemWifiUsabilityStatsMonitor: onWifiUsabilityStats - seqNum 1815, isSameBssidAndFreq true
03-04 09:27:11.158  5405  5679 I SemWifiLinkQualityMonitor: Link Qos Query: 0.228 ms / 35.100 Mbps (351 / 0.000 / 10.000)
03-04 09:27:11.159  5763  5763 D NetworkController.WifiSignalController: notifyListener: visible=true, connected=true, inetCondition=1, isDefault=true, wifiTestReported=true, receivedInetCondition=-1, hideDuringMobileSwitching=false
03-04 09:27:11.163  5763  5865 D Tile.WifiTile: handleUpdateState isTransient=false transientEnabling =false cb.isTransient=false state.state = 2 mStateBeforeClick.value =false enabled =true
03-04 09:27:12.259 20909 21056 I ContactsProvider_EventLog: cp_s: [CONTACT con(763) dat(6602) acc({sec(6)=5, google(7)=1, google(2)=774}) trash_acc([.google:167])  trash(167) calls([logtype:100 cnt:1804, logtype:300 cnt:500, logtype:500 cnt:1, logtype:1000 cnt:195]) Iso(GB) uId(0) ]
03-04 09:27:12.259 20909 21056 I ContactsProvider_EventLog: cp_s: [ agr({[2 ,6]=1, [6 ,2]=3, [2 ,2]=8, [2]=748, [2 ,6 ,2]=1, [2 ,2 ,2]=1, [7 ,2]=1}) ]
03-04 09:27:12.259 20909 21056 I ContactsProvider_EventLog: cp_s: [ cnt({acore(20909)=1}) ]
03-04 09:27:12.259 20909 21056 I ContactsProvider_EventLog: cp_s: [PROFILE ] [SAPROFILE ]
03-04 09:27:12.259 20909 21056 I ContactsProvider_EventLog: cp_s: [STATE R(F) ]
03-04 09:27:12.577  4884  4884 E audit   : type=1400 audit(1772591232.574:2064): avc:  denied  { write } for  pid=13009 comm="ThreadPoolForeg" name="traced_producer" dev="tmpfs" ino=24980 scontext=u:r:gmscore_app:s0:c512,c768 tcontext=u:object_r:traced_producer_socket:s0 tclass=sock_file permissive=0 SEPF_SM-A515F_13_0001 audit_filtered
03-04 09:27:12.578  4884  4884 E audit   : type=1300 audit(1772591232.574:2064): arch=c00000b7 syscall=203 success=no exit=-13 a0=6 a1=74faf1dda0 a2=1e a3=483c4b664 items=0 ppid=4905 pid=13009 auid=4294967295 uid=10224 gid=10224 euid=10224 suid=10224 fsuid=10224 egid=10224 sgid=10224 fsgid=10224 tty=(none) ses=4294967295 comm="ThreadPoolForeg" exe="/system/bin/app_process64" subj=u:r:gmscore_app:s0:c512,c768 key=(null)
03-04 09:27:12.578  4884  4884 E audit   : type=1327 audit(1772591232.574:2064): proctitle="com.google.android.gms.persistent"
03-04 09:27:12.683  4564  4564 D io_stats: !@   8,0 r 443338 13215120 w 842316 200493896 d 0 0 f 0 0 iot 498616 0 th 0 0 0 pt 0 inp 0 0 19390.683
03-04 09:27:14.199  5405 27231 D SemWifiUsabilityStatsMonitor: onWifiUsabilityStats - seqNum 1816, isSameBssidAndFreq true
03-04 09:27:14.231  5405  5679 I SemWifiLinkQualityMonitor: Link Qos Query: 0.228 ms / 35.100 Mbps (351 / 0.000 / 10.000)
03-04 09:27:14.232  5763  5763 D NetworkController.WifiSignalController: notifyListener: visible=true, connected=true, inetCondition=1, isDefault=true, wifiTestReported=true, receivedInetCondition=-1, hideDuringMobileSwitching=false
03-04 09:27:14.235  5763  5865 D Tile.WifiTile: handleUpdateState isTransient=false transientEnabling =false cb.isTransient=false state.state = 2 mStateBeforeClick.value =false enabled =true
03-04 09:27:14.253  5052  5052 I SurfaceFlinger: SFWD update time=19392253384206
03-04 09:27:14.581 22363 22395 I Finsky:background: [62] Stats for Executor: bgExecutor uyh@96d8a44[Running, pool size = 4, active threads = 0, queued tasks = 0, completed tasks = 192]
03-04 09:27:14.588 22363 22395 I Finsky:background: [62] Stats for Executor: LightweightExecutor uyh@85cc72d[Running, pool size = 4, active threads = 0, queued tasks = 0, completed tasks = 190]
03-04 09:27:14.694 22363 22395 I Finsky:background: [62] Stats for Executor: BlockingExecutor uyh@617b4ae[Running, pool size = 0, active threads = 0, queued tasks = 0, completed tasks = 46]
03-04 09:27:17.277  5405 27231 D SemWifiUsabilityStatsMonitor: onWifiUsabilityStats - seqNum 1817, isSameBssidAndFreq true
03-04 09:27:17.281  5405  5679 I SemWifiLinkQualityMonitor: Link Qos Query: 0.228 ms / 35.100 Mbps (351 / 0.000 / 10.000)
03-04 09:27:17.806  7525  8838 I SDHMS:D : SIOP:: AP:350 BAT:357 USB:0 CHG:354 WIFI:348 SKIN:349 SKINF:347 SKINB:349 LRP:349 LRF:347 LRB:349 
03-04 09:27:18.086  7385  8179 I bbhc    : (REDACTED) getHotwordActive::active query: %s, watch: %s, devices connected: %s
03-04 09:27:18.164 26409 26409 I wpa_supplicant: Heartbeat 1093
03-04 09:27:20.326  5405 27231 D SemWifiUsabilityStatsMonitor: onWifiUsabilityStats - seqNum 1818, isSameBssidAndFreq true
03-04 09:27:20.329  5405  5679 I SemWifiLinkQualityMonitor: Link Qos Query: 0.228 ms / 35.100 Mbps (351 / 0.000 / 10.000)
03-04 09:27:20.739 22832 22854 I Finsky:quick_launch: [62] Stats for Executor: bgExecutor uyh@6bd73b3[Running, pool size = 4, active threads = 0, queued tasks = 0, completed tasks = 21]
03-04 09:27:20.779 22832 22854 I Finsky:quick_launch: [62] Stats for Executor: LightweightExecutor uyh@75cfd70[Running, pool size = 4, active threads = 0, queued tasks = 0, completed tasks = 12]
03-04 09:27:21.370 22832 22854 I Finsky:quick_launch: [62] Stats for Executor: BlockingExecutor uyh@b0c2e59[Running, pool size = 0, active threads = 0, queued tasks = 0, completed tasks = 1]
03-04 09:27:22.690  4564  4564 D io_stats: !@   8,0 r 443338 13215120 w 842317 200493904 d 0 0 f 0 0 iot 498616 0 th 0 0 0 pt 0 inp 0 0 19400.689
03-04 09:27:23.393  5405 27231 D SemWifiUsabilityStatsMonitor: onWifiUsabilityStats - seqNum 1819, isSameBssidAndFreq true
03-04 09:27:23.396  5405  5679 I SemWifiLinkQualityMonitor: Link Qos Query: 0.228 ms / 35.100 Mbps (351 / 0.000 / 10.000)
03-04 09:27:23.396  5763  5763 D NetworkController.WifiSignalController: notifyListener: visible=true, connected=true, inetCondition=1, isDefault=true, wifiTestReported=true, receivedInetCondition=-1, hideDuringMobileSwitching=false
03-04 09:27:23.400  5763  5865 D Tile.WifiTile: handleUpdateState isTransient=false transientEnabling =false cb.isTransient=false state.state = 2 mStateBeforeClick.value =false enabled =true
03-04 09:27:25.238  5405  5468 D BatteryExternalStatsWorker: update stats : wifi-data: inactive (2)
03-04 09:27:25.254  5405  5468 D BatteryExternalStatsWorker: Fetch WiFi data
03-04 09:27:25.254  5405  5468 D BatteryExternalStatsWorker: Update Rail Energy data
03-04 09:27:25.255  5405  5468 D BatteryExternalStatsWorker: mStats lock released
03-04 09:27:25.294  5405  5468 D BatteryExternalStatsWorker: Update wifi state
03-04 09:27:25.295  5405  5468 D BatteryExternalStatsWorker: done updateExternalStatsLocked
03-04 09:27:26.461  5405 27231 D SemWifiUsabilityStatsMonitor: onWifiUsabilityStats - seqNum 1820, isSameBssidAndFreq true
03-04 09:27:26.464  5405  5679 I SemWifiLinkQualityMonitor: Link Qos Query: 0.228 ms / 35.100 Mbps (351 / 0.000 / 10.000)
03-04 09:27:26.693  4564  4564 D io_stats: !@   8,0 r 443338 13215120 w 842331 200493960 d 0 0 f 0 0 iot 498620 0 th 0 0 0 pt 0 inp 0 0 19404.692
03-04 09:27:28.172 26409 26409 I wpa_supplicant: Heartbeat 1094
03-04 09:27:29.377  4884  4884 E audit   : type=1400 audit(1772591249.370:2065): avc:  denied  { write } for  pid=23111 comm="ThreadPoolForeg" name="traced_producer" dev="tmpfs" ino=24980 scontext=u:r:gmscore_app:s0:c512,c768 tcontext=u:object_r:traced_producer_socket:s0 tclass=sock_file permissive=0 SEPF_SM-A515F_13_0001 audit_filtered
03-04 09:27:29.378  4884  4884 E audit   : type=1300 audit(1772591249.370:2065): arch=c00000b7 syscall=203 success=no exit=-13 a0=59 a1=74eef4a580 a2=1e a3=484c50b7d items=0 ppid=4905 pid=23111 auid=4294967295 uid=10224 gid=10224 euid=10224 suid=10224 fsuid=10224 egid=10224 sgid=10224 fsgid=10224 tty=(none) ses=4294967295 comm="ThreadPoolForeg" exe="/system/bin/app_process64" subj=u:r:gmscore_app:s0:c512,c768 key=(null)
03-04 09:27:29.378  4884  4884 E audit   : type=1327 audit(1772591249.370:2065): proctitle="com.google.android.gms.unstable"
03-04 09:27:29.522  5405 27231 D SemWifiUsabilityStatsMonitor: onWifiUsabilityStats - seqNum 1821, isSameBssidAndFreq true
03-04 09:27:29.523  5405  5679 I SemWifiLinkQualityMonitor: Link Qos Query: 0.228 ms / 35.100 Mbps (351 / 0.000 / 10.000)
03-04 09:27:29.525  5763  5763 D NetworkController.WifiSignalController: notifyListener: visible=true, connected=true, inetCondition=1, isDefault=true, wifiTestReported=true, receivedInetCondition=-1, hideDuringMobileSwitching=false
03-04 09:27:29.529  5763  5865 D Tile.WifiTile: handleUpdateState isTransient=false transientEnabling =false cb.isTransient=false state.state = 2 mStateBeforeClick.value =false enabled =true
03-04 09:27:30.091  5405  5626 D ConnectivityService: reportNetworkActive, notify 1 listeners
03-04 09:27:30.091  5405  5468 D BatteryExternalStatsWorker: update stats : wifi-data: active (2)
03-04 09:27:30.099  5405  5468 D BatteryExternalStatsWorker: Fetch WiFi data
03-04 09:27:30.099  5405  5468 D BatteryExternalStatsWorker: Update Rail Energy data
03-04 09:27:30.100  5405  5468 D BatteryExternalStatsWorker: mStats lock released
03-04 09:27:30.130  5405  5468 D BatteryExternalStatsWorker: Update wifi state
03-04 09:27:30.130  5405  5468 D BatteryExternalStatsWorker: done updateExternalStatsLocked
03-04 09:27:32.361  5405  5454 E Watchdog: !@Sync: 647 heap: 103 / 109 FD: 942 [2026-03-04 09:27:32.360]
03-04 09:27:32.587  5405 27231 D SemWifiUsabilityStatsMonitor: onWifiUsabilityStats - seqNum 1822, isSameBssidAndFreq true
03-04 09:27:32.590  5405  5679 I SemWifiLinkQualityMonitor: Link Qos Query: 0.228 ms / 35.100 Mbps (351 / 0.000 / 10.000)
03-04 09:27:32.590  5763  5763 D NetworkController.WifiSignalController: notifyListener: visible=true, connected=true, inetCondition=1, isDefault=true, wifiTestReported=true, receivedInetCondition=-1, hideDuringMobileSwitching=false
03-04 09:27:32.594  5763  5865 D Tile.WifiTile: handleUpdateState isTransient=false transientEnabling =false cb.isTransient=false state.state = 2 mStateBeforeClick.value =false enabled =true
03-04 09:27:32.698  4564  4564 D io_stats: !@   8,0 r 443338 13215120 w 842346 200494028 d 0 0 f 0 0 iot 498624 0 th 0 0 0 pt 0 inp 0 0 19410.697
03-04 09:27:35.652  5405 27231 D SemWifiUsabilityStatsMonitor: onWifiUsabilityStats - seqNum 1823, isSameBssidAndFreq true
