03-03 20:06:54.424  5763  5763 I AODBatteryManager: updateBatteryData: ACTION_BATTERY_CHANGED
03-03 20:06:54.425  5763  5763 I AODBatteryManager: saveBatteryData : AOD BatteryData [mBatteryLevel=49, mBatteryStatus=CHARGING, mBatteryPlugType=USB, mBatteryPlugged=true, mRemainingChargeTime=5525000, mBatteryChargingType=1, mBatteryChargerType=NORMAL, mBatteryOnline=NOT_DEFINED, mBatterySwellingMode=NONE, mBatteryProtectMode=false]
03-03 20:06:56.053  5405  6722 D FreecessController: com.sec.android.app.myfiles(10119) is important[!isUidIdle]
--------- beginning of system
03-03 20:06:57.865  5405  5454 E Watchdog: !@Sync: 68 heap: 85 / 102 FD: 921 [2026-03-03 20:06:57.864]
03-03 20:06:59.359  5405  6722 D FreecessController: com.sec.android.app.camera(10107) is important[!isUidIdle]
--------- beginning of main
03-03 20:06:59.429  5763  5763 D SecPowerUI.Notification: showChargingNotice oldChargingType : 11 / currentChargingType : 11, oldChargingTime : 5525000 / mChargingTime : 5525000
03-03 20:06:59.430  5763  5763 D SecPowerUI.Notification: There is no change about charging status, so return!
03-03 20:07:00.006  5763  5763 D KeyguardUpdateMonitor: received broadcast android.intent.action.TIME_TICK
03-03 20:07:00.007  5763  5763 D KeyguardUpdateMonitor: handleTimeUpdate
03-03 20:07:00.008  5763  6242 D QSClockBellTower: onReceive(android.intent.action.TIME_TICK) mTimeZoneString:null
03-03 20:07:00.010  5763  5763 D FaceWidgetPagesController: onTimeChanged()
03-03 20:07:00.016  5763  5763 D QSClockBellTower: He is ready to ring the bell. (((QSClockBellSound - TimeText:20:07, TimeContentDescription:20:07, DateText:Tue, 3 March, ShortDateText:Tue, 3 Mar, Demo:false, QuickStar-Second(false|12:34:56))))
03-03 20:07:00.019  5763  5763 D QSClockIndicatorView: Home Indicator status_bar_clock 20:07 notifyTimeChanged(QSClockBellSound - TimeText:20:07, TimeContentDescription:20:07, DateText:Tue, 3 March, ShortDateText:Tue, 3 Mar, Demo:false, QuickStar-Second(false|12:34:56)) ClockVisibleByPolicy:true, ClockVisibleByUser:true, visible?true, parent:android.widget.LinearLayout{6e0da4a V.E...... ......ID 0,0-97,55 #7f0b04f0 app:id/left_clock_container}
03-03 20:07:00.020  5763  5763 D QSClockBellTower: Everyone heard the bell. run(currentTime:1772543220011,   getTime():Tue Mar 03 20:07:00 GMT+07:00 2026,   getTimeZone():libcore.util.ZoneInfo[mDstSavings=0,mUseDst=false,mDelegate=[id="Asia/Bangkok",mRawOffset=25200000,mEarliestRawOffset=24124000,transitions=3]])
03-03 20:07:00.054  5763  5763 I FaceWidgetPositionAlgorithm: getMediaContainerHeight() height = 0 container Visibility = 8, isValid = false, mIsDozing = false, fraction = 1.0, source = 0, target = 0
03-03 20:07:00.055  5763  5763 I FaceWidgetPositionAlgorithm: getMediaContainerHeight() supplier = 0
03-03 20:07:00.060  5763  5763 V QsExpandAnimator: setQsExpansionPosition 0.0
03-03 20:07:00.074  5763  5763 V QsExpandAnimator: updateAnimators
03-03 20:07:00.075  5763  5763 V QsExpandAnimator: clearAnimationState 
03-03 20:07:00.076  5763  5763 V QsExpandAnimator: updateViews
03-03 20:07:00.084  5763  5763 V QsExpandAnimator: updateTileAnimator
03-03 20:07:00.087  5763  5763 V QsExpandAnimator: updateHeaderAnimator
03-03 20:07:00.089  5763  5763 V QsExpandAnimator: updateBarAnimator
03-03 20:07:00.089  5763  5763 V QsExpandAnimator: setQsExpansionPosition 0.0
03-03 20:07:00.089  5763  5763 V QsExpandAnimator: onAnimationAtStart
03-03 20:07:01.772  7525  8838 I SDHMS:D : SIOP:: AP:371 BAT:384 USB:0 CHG:392 WIFI:367 SKIN:369 SKINF:368 SKINB:369 LRP:369 LRF:368 LRB:369 
03-03 20:07:01.975  4564  4564 D io_stats: !@   8,0 r 253388 9632868 w 399820 189050400 d 0 0 f 0 0 iot 315408 0 th 0 0 0 pt 0 inp 0 0 2029.791
--------- beginning of main
03-03 20:07:04.453  5000  5000 E sehhealth-service: Could not open /sys/class/power_supply/battery/lrp
--------- beginning of system
03-03 20:07:04.453  5405  5421 D BatteryService: Sending ACTION_BATTERY_CHANGED: level:50, status:2, health:2, ac:false, usb:true, wireless:false, pogo:false, misc:0x20000, charge_type:1, charger_type:0, voltage:3918, temperature:384, online:19, current_avg:594, ps:false, hvc:false, capacity:280000, current_event:0x18000, current_now:596, mcc:0, mcv:0, cc:1892898, present:true, scale:100, technology:Li-ion
03-03 20:07:04.461  5405  5569 D MotionRecognitionService: [SAR]  onReceive : ACTION_BATTERY_CHANGED, Plugged: 2
03-03 20:07:04.463  5405  5405 D PhoneWindowManagerExt: ACTION_BATTERY_CHANGED - Level=50, status=2
03-03 20:07:04.465  5405  5712 I DeviceBatteryInfoService: action: android.intent.action.BATTERY_CHANGED
03-03 20:07:04.466  5405  5712 I DeviceBatteryInfoService: phone battery level: 50
03-03 20:07:04.466  5405  5712 I DeviceBatteryInfoService: phone battery status: 2
03-03 20:07:04.466  5405  5712 D DeviceBatteryInfoService: setBatteryStatus : 2
03-03 20:07:04.470  5405  5405 D AdaptiveBrightnessLongtermModelBuilder: Received android.intent.action.BATTERY_CHANGED
03-03 20:07:04.471  5740  5740 D SemBigDataInfoController: Intent: android.intent.action.BATTERY_CHANGED
03-03 20:07:04.473  5405  5405 D SemWifiApBroadcastReceiver: Received : android.intent.action.BATTERY_CHANGED
03-03 20:07:04.476  5763  5763 D KeyguardUpdateMonitor: received broadcast android.intent.action.BATTERY_CHANGED
03-03 20:07:04.477  5740  5740 D SemBigDataInfoController: Intent: android.intent.action.BATTERY_CHANGED
03-03 20:07:04.477  5763  5763 D SamsungBatteryMeterDrawable: onBatteryLevelChanged isSomethingChanged: true
03-03 20:07:04.478  7525  7525 E SDHMS:SDHMS_UTIL_IO: e = /sys/class/power_supply/battery/chg_type: open failed: ENOENT (No such file or directory)
03-03 20:07:04.479  5763  5763 D SamsungBatteryMeterDrawable: onBatteryLevelChanged isSomethingChanged: true
03-03 20:07:04.480  5763  5763 D SamsungBatteryMeterDrawable: onBatteryLevelChanged isSomethingChanged: true
03-03 20:07:04.482 13984 13984 I [SCPMV2][SystemMonitorReceiver]: onReceive: android.intent.action.BATTERY_CHANGED
03-03 20:07:04.491  5763  5763 D SamsungBatteryMeterDrawable: onBatteryLevelChanged isSomethingChanged: true
03-03 20:07:04.493  5763  5763 I PowerUI : mBootCompleted = true |  mFullyConnected = true
03-03 20:07:04.493  5763  5763 I PowerUI : BATTERY_HEALTH_CHECK extraHealth=2 mBatteryMiscEvent=131072
03-03 20:07:04.493  5763  5763 W PowerUI : Plug reason
03-03 20:07:04.493  5763  5763 W PowerUI : Skip charging animation - by plug status
03-03 20:07:04.494  5763  5763 D PowerUI : priorPlugType = 2 mPlugType = 2 priorBatteryStatus = 2 mBatteryStatus = 2
03-03 20:07:04.494  5763  5763 W PowerUI : Plug reason
03-03 20:07:04.494  5763  5763 W PowerUI : Skip charging sound - by plug status
03-03 20:07:04.494  5763  5763 I PowerUI : oldMisalign : false, curMisalign : false
03-03 20:07:04.494  5763 12012 D SecPowerUI.Notification: dismissing low battery warning: level=50
03-03 20:07:04.494  5763 12012 D SecPowerUI.Notification: updateNotification mWarning=false mPlaySound=false
03-03 20:07:04.494  5763 12012 D SecPowerUI.Notification: SecBatteryStatsSnapshot{batteryLevel=50, currentBatteryMode=0, chargingTime=5525000, chargingType=11, batteryHealth=2, automaticTestMode=false, isHiccupState=false}
03-03 20:07:04.496  5763  5763 D SecPowerUI.Notification: showChargingNotice oldChargingType : 11 / currentChargingType : 11, oldChargingTime : 5525000 / mChargingTime : 5492000
03-03 20:07:04.496  5763  5763 D SecPowerUI.Notification: showChargingNotification()
03-03 20:07:04.496  5763  5763 D SecPowerUI.Notification: SecBatteryStatsSnapshot{batteryLevel=50, currentBatteryMode=0, chargingTime=5492000, chargingType=11, batteryHealth=2, automaticTestMode=false, isHiccupState=false}
03-03 20:07:04.496  5763 12012 D SecPowerUI.Notification: 1. restoreScreenTimeOut - saved_value : :
03-03 20:07:04.496  5763 12012 E SecPowerUI.Notification: no saved value, so we do nothing !!
03-03 20:07:04.499  5405  5421 D ApplicationPolicy: isStatusBarNotificationAllowedAsUser: packageName = com.android.systemui,userId = 0
03-03 20:07:04.500  5405  5421 D ApplicationPolicy: isStatusBarNotificationAllowedAsUser: packageName = com.android.systemui,userId = -1
03-03 20:07:04.500  5405  5421 D ApplicationPolicy: isStatusBarNotificationAllowedAsUser: converting userId from USER_ALLto 0
03-03 20:07:04.501  5763  5763 D PowerUI : Battery swelling mode - priorBatterySwellingMode = 0 mBatterySwellingMode = 0 mBatteryStatus = 2
03-03 20:07:04.501  5763  5763 I PowerUI : mBatteryMiscEvent = 131072
03-03 20:07:04.503  5763  5763 I PowerUI : checkShouldTurnOffProtectBattery : -1, Scheduling start ? : false
03-03 20:07:04.503  5763  5763 I PowerUI : Clear time
03-03 20:07:04.503  5405  5421 D SettingsProvider: isChangeAllowed() : name = charger_connected_time
03-03 20:07:04.503  5405  5421 D SettingsProvider: edmUri: content://com.sec.knox.provider/RestrictionPolicy3
03-03 20:07:04.503  5405  5421 D SettingsProvider: projectionArgs: isSettingsChangesAllowed
03-03 20:07:04.503  5405  5421 D SettingsProvider: selectionArgs: false
03-03 20:07:04.503  5405  5421 D SettingsProvider: selectionArgs: 10052
03-03 20:07:04.504  5405  5421 D SecContentProvider: query(), uri = 17 selection = isSettingsChangesAllowed
03-03 20:07:04.504  5405  5421 D SecContentProvider: called from android.uid.systemui:10052
03-03 20:07:04.504  5405  5421 D RestrictionPolicy: isSettingsChangesAllowedAsUser, userId 0 : true
03-03 20:07:04.504  5405  5421 D SettingsProvider: ret = 1
03-03 20:07:04.506  5763  5763 D KeyguardUpdateMonitor: handleBatteryUpdate
03-03 20:07:04.511  5763  5763 D KeyguardSecIndicationController: addIndicationTimeout() returned - unlocking
03-03 20:07:04.511  5763  5763 D KeyguardSecIndicationController: addIndication() returned - unlocking
03-03 20:07:04.511  5763  5763 D KeyguardSecIndicationController: addIndication() returned - unlocking
03-03 20:07:04.511  5763  5763 D KeyguardSecIndicationController: addBatteryAndOwnerInfoIndication() battery status = BatteryStatus{status=2,level=50,plugged=2,health=2,maxChargingWattage=-1,remaining=5492000ultraFastCharger=0}
03-03 20:07:04.512  5763  5763 I AODBatteryManager: updateBatteryData: ACTION_BATTERY_CHANGED
03-03 20:07:04.513  5763  5763 I AODBatteryManager: saveBatteryData : AOD BatteryData [mBatteryLevel=50, mBatteryStatus=CHARGING, mBatteryPlugType=USB, mBatteryPlugged=true, mRemainingChargeTime=5492000, mBatteryChargingType=1, mBatteryChargerType=NORMAL, mBatteryOnline=NOT_DEFINED, mBatterySwellingMode=NONE, mBatteryProtectMode=false]
03-03 20:07:04.513  5763  5763 I ChargingInfoManager: updateChargingInfo: newState = AOD ChargingInfo [mState=BATTERY_AND_REMAIN_TIME, mIsCharging=true, mIsFullyCharged=false, mIsBatteryProtectMode=false], oldState = AOD ChargingInfo [mState=BATTERY_AND_REMAIN_TIME, mIsCharging=true, mIsFullyCharged=false, mIsBatteryProtectMode=false]
03-03 20:07:04.520  5763  5763 I FaceWidgetPositionAlgorithm: getMediaContainerHeight() height = 0 container Visibility = 8, isValid = false, mIsDozing = false, fraction = 1.0, source = 0, target = 0
03-03 20:07:04.520  5763  5763 I FaceWidgetPositionAlgorithm: getMediaContainerHeight() supplier = 0
03-03 20:07:04.522  5763  5763 V QsExpandAnimator: setQsExpansionPosition 0.0
03-03 20:07:04.707  5405  5405 I Telecom:SamsungTelecomServiceImpl: isInManagedCall - callingPackage : android
03-03 20:07:04.719  6173  6173 I Launcher.NotificationListener: onNotificationPosted : com.android.systemui number : 0
03-03 20:07:04.921  5763  5763 D BubblesManager: onEntryUpdated : shouldBubbleUp=false ,key=-1|com.android.systemui|2131428972|charging_state|10052
03-03 20:07:04.979  5763  5763 I FaceWidgetPositionAlgorithm: getMediaContainerHeight() height = 0 container Visibility = 8, isValid = false, mIsDozing = false, fraction = 1.0, source = 0, target = 0
03-03 20:07:04.980  5763  5763 I FaceWidgetPositionAlgorithm: getMediaContainerHeight() supplier = 0
03-03 20:07:05.058  5763  5763 I FaceWidgetPositionAlgorithm: getMediaContainerHeight() height = 0 container Visibility = 8, isValid = false, mIsDozing = false, fraction = 1.0, source = 0, target = 0
03-03 20:07:05.059  5763  5763 I FaceWidgetPositionAlgorithm: getMediaContainerHeight() supplier = 0
03-03 20:07:05.128  5763  5763 I FaceWidgetPositionAlgorithm: getMediaContainerHeight() height = 0 container Visibility = 8, isValid = false, mIsDozing = false, fraction = 1.0, source = 0, target = 0
03-03 20:07:05.129  5763  5763 I FaceWidgetPositionAlgorithm: getMediaContainerHeight() supplier = 0
03-03 20:07:07.980  4564  4564 D io_stats: !@   8,0 r 253388 9632868 w 399822 189050408 d 0 0 f 0 0 iot 315412 0 th 0 0 0 pt 0 inp 0 0 2035.796
