--------- beginning of system
03-03 20:06:03.972  5405  5421 D BatteryService: Sending ACTION_BATTERY_CHANGED: level:49, status:2, health:2, ac:false, usb:true, wireless:false, pogo:false, misc:0x20000, charge_type:1, charger_type:0, voltage:3916, temperature:384, online:19, current_avg:588, ps:false, hvc:false, capacity:280000, current_event:0x18000, current_now:592, mcc:0, mcv:0, cc:1885296, present:true, scale:100, technology:Li-ion
--------- beginning of main
03-03 20:06:03.973  5000  5000 E sehhealth-service: Could not open /sys/class/power_supply/battery/lrp
03-03 20:06:03.978  5405  5569 D MotionRecognitionService: [SAR]  onReceive : ACTION_BATTERY_CHANGED, Plugged: 2
03-03 20:06:03.979  5405  5405 D PhoneWindowManagerExt: ACTION_BATTERY_CHANGED - Level=49, status=2
03-03 20:06:03.983  5405  5712 I DeviceBatteryInfoService: action: android.intent.action.BATTERY_CHANGED
03-03 20:06:03.983  5405  5712 I DeviceBatteryInfoService: phone battery level: 49
03-03 20:06:03.983  5405  5712 I DeviceBatteryInfoService: phone battery status: 2
03-03 20:06:03.984  5405  5405 D AdaptiveBrightnessLongtermModelBuilder: Received android.intent.action.BATTERY_CHANGED
03-03 20:06:03.986  5405  5405 D SemWifiApBroadcastReceiver: Received : android.intent.action.BATTERY_CHANGED
03-03 20:06:03.990  5740  5740 D SemBigDataInfoController: Intent: android.intent.action.BATTERY_CHANGED
03-03 20:06:03.990  5740  5740 D SemBigDataInfoController: Intent: android.intent.action.BATTERY_CHANGED
03-03 20:06:03.993  5763  5763 D KeyguardUpdateMonitor: received broadcast android.intent.action.BATTERY_CHANGED
03-03 20:06:03.994  5763  5763 D SamsungBatteryMeterDrawable: onBatteryLevelChanged isSomethingChanged: false
03-03 20:06:03.997  5763  5763 D SamsungBatteryMeterDrawable: onBatteryLevelChanged isSomethingChanged: false
03-03 20:06:03.998  5763  5763 D SamsungBatteryMeterDrawable: onBatteryLevelChanged isSomethingChanged: false
03-03 20:06:03.998  5763  5763 D SamsungBatteryMeterDrawable: onBatteryLevelChanged isSomethingChanged: false
03-03 20:06:03.998 13984 13984 I [SCPMV2][SystemMonitorReceiver]: onReceive: android.intent.action.BATTERY_CHANGED
03-03 20:06:04.000  5763  5763 I PowerUI : mBootCompleted = true |  mFullyConnected = true
03-03 20:06:04.000  5763  5763 I PowerUI : BATTERY_HEALTH_CHECK extraHealth=2 mBatteryMiscEvent=131072
03-03 20:06:04.000  5763  5763 W PowerUI : Plug reason
03-03 20:06:04.000  5763  5763 W PowerUI : Skip charging animation - by plug status
03-03 20:06:04.001  5763  5763 D PowerUI : priorPlugType = 2 mPlugType = 2 priorBatteryStatus = 2 mBatteryStatus = 2
03-03 20:06:04.001  5763  5763 W PowerUI : Plug reason
03-03 20:06:04.001  5763  9282 D SecPowerUI.Notification: dismissing low battery warning: level=49
03-03 20:06:04.001  5763  9282 D SecPowerUI.Notification: updateNotification mWarning=false mPlaySound=false
03-03 20:06:04.001  5763  9282 D SecPowerUI.Notification: SecBatteryStatsSnapshot{batteryLevel=49, currentBatteryMode=0, chargingTime=5553000, chargingType=11, batteryHealth=2, automaticTestMode=false, isHiccupState=false}
03-03 20:06:04.002  5763  5763 W PowerUI : Skip charging sound - by plug status
03-03 20:06:04.002  5763  5763 I PowerUI : oldMisalign : false, curMisalign : false
03-03 20:06:04.004  5763  9282 D SecPowerUI.Notification: 1. restoreScreenTimeOut - saved_value : :
03-03 20:06:04.005  5763  9282 E SecPowerUI.Notification: no saved value, so we do nothing !!
03-03 20:06:04.006  5763  5763 D SecPowerUI.Notification: showChargingNotice oldChargingType : 11 / currentChargingType : 11, oldChargingTime : 5553000 / mChargingTime : 5553000
03-03 20:06:04.006  5763  5763 D SecPowerUI.Notification: There is no change about charging status, so return!
03-03 20:06:04.006  5763  5763 D PowerUI : Battery swelling mode - priorBatterySwellingMode = 0 mBatterySwellingMode = 0 mBatteryStatus = 2
03-03 20:06:04.007  5763  5763 I PowerUI : mBatteryMiscEvent = 131072
03-03 20:06:04.008  5763  5763 I PowerUI : checkShouldTurnOffProtectBattery : -1, Scheduling start ? : false
03-03 20:06:04.009  5763  5763 I PowerUI : Clear time
03-03 20:06:04.010  5405  7613 D SettingsProvider: isChangeAllowed() : name = charger_connected_time
03-03 20:06:04.010  5405  7613 D SettingsProvider: edmUri: content://com.sec.knox.provider/RestrictionPolicy3
03-03 20:06:04.010  5405  7613 D SettingsProvider: projectionArgs: isSettingsChangesAllowed
03-03 20:06:04.010  5405  7613 D SettingsProvider: selectionArgs: false
03-03 20:06:04.010  5405  7613 D SettingsProvider: selectionArgs: 10052
03-03 20:06:04.010  5405  7613 D SecContentProvider: query(), uri = 17 selection = isSettingsChangesAllowed
03-03 20:06:04.010  5405  7613 D SecContentProvider: called from android.uid.systemui:10052
03-03 20:06:04.010  5405  7613 D RestrictionPolicy: isSettingsChangesAllowedAsUser, userId 0 : true
03-03 20:06:04.011  5405  7613 D SettingsProvider: ret = 1
03-03 20:06:04.013  5763  5763 D KeyguardUpdateMonitor: handleBatteryUpdate
03-03 20:06:04.015  5763  5763 I AODBatteryManager: updateBatteryData: ACTION_BATTERY_CHANGED
03-03 20:06:04.017  5763  5763 I AODBatteryManager: saveBatteryData : AOD BatteryData [mBatteryLevel=49, mBatteryStatus=CHARGING, mBatteryPlugType=USB, mBatteryPlugged=true, mRemainingChargeTime=5553000, mBatteryChargingType=1, mBatteryChargerType=NORMAL, mBatteryOnline=NOT_DEFINED, mBatterySwellingMode=NONE, mBatteryProtectMode=false]
03-03 20:06:05.934  4564  4564 D io_stats: !@   8,0 r 253349 9631960 w 399804 189049500 d 0 0 f 0 0 iot 315352 0 th 0 0 0 pt 0 inp 0 0 1973.750
03-03 20:06:09.015  5763  5763 D SecPowerUI.Notification: showChargingNotice oldChargingType : 11 / currentChargingType : 11, oldChargingTime : 5553000 / mChargingTime : 5553000
03-03 20:06:09.015  5763  5763 D SecPowerUI.Notification: There is no change about charging status, so return!
--------- beginning of system
03-03 20:06:11.038  5405  6722 D FreecessController: com.sec.android.app.myfiles(10119) is important[!isUidIdle]
03-03 20:06:11.776  7525  8838 I SDHMS:D : SIOP:: AP:371 BAT:384 USB:0 CHG:392 WIFI:366 SKIN:369 SKINF:368 SKINB:369 LRP:369 LRF:368 LRB:369 
03-03 20:06:14.049  5405  5421 D BatteryService: Sending ACTION_BATTERY_CHANGED: level:49, status:2, health:2, ac:false, usb:true, wireless:false, pogo:false, misc:0x20000, charge_type:1, charger_type:0, voltage:3915, temperature:384, online:19, current_avg:590, ps:false, hvc:false, capacity:280000, current_event:0x18000, current_now:590, mcc:0, mcv:0, cc:1885296, present:true, scale:100, technology:Li-ion
--------- beginning of main
03-03 20:06:14.050  5000  5000 E sehhealth-service: Could not open /sys/class/power_supply/battery/lrp
03-03 20:06:14.055  5405  5405 D PhoneWindowManagerExt: ACTION_BATTERY_CHANGED - Level=49, status=2
03-03 20:06:14.056  5405  5569 D MotionRecognitionService: [SAR]  onReceive : ACTION_BATTERY_CHANGED, Plugged: 2
03-03 20:06:14.057  5405  5712 I DeviceBatteryInfoService: action: android.intent.action.BATTERY_CHANGED
03-03 20:06:14.057  5405  5712 I DeviceBatteryInfoService: phone battery level: 49
03-03 20:06:14.057  5405  5712 I DeviceBatteryInfoService: phone battery status: 2
03-03 20:06:14.057  5405  5405 D AdaptiveBrightnessLongtermModelBuilder: Received android.intent.action.BATTERY_CHANGED
03-03 20:06:14.059  5405  5405 D SemWifiApBroadcastReceiver: Received : android.intent.action.BATTERY_CHANGED
03-03 20:06:14.063  5740  5740 D SemBigDataInfoController: Intent: android.intent.action.BATTERY_CHANGED
03-03 20:06:14.064  5740  5740 D SemBigDataInfoController: Intent: android.intent.action.BATTERY_CHANGED
03-03 20:06:14.068  5763  5763 D KeyguardUpdateMonitor: received broadcast android.intent.action.BATTERY_CHANGED
03-03 20:06:14.071  5763  5763 D SamsungBatteryMeterDrawable: onBatteryLevelChanged isSomethingChanged: false
03-03 20:06:14.073  5763  5763 D SamsungBatteryMeterDrawable: onBatteryLevelChanged isSomethingChanged: false
03-03 20:06:14.074  5763  5763 D SamsungBatteryMeterDrawable: onBatteryLevelChanged isSomethingChanged: false
03-03 20:06:14.074 13984 13984 I [SCPMV2][SystemMonitorReceiver]: onReceive: android.intent.action.BATTERY_CHANGED
03-03 20:06:14.075  5763  5763 D SamsungBatteryMeterDrawable: onBatteryLevelChanged isSomethingChanged: false
03-03 20:06:14.077  5763  5763 I PowerUI : mBootCompleted = true |  mFullyConnected = true
03-03 20:06:14.077  5763  5763 I PowerUI : BATTERY_HEALTH_CHECK extraHealth=2 mBatteryMiscEvent=131072
03-03 20:06:14.077  5763  5763 W PowerUI : Plug reason
03-03 20:06:14.078  5763 11800 D SecPowerUI.Notification: dismissing low battery warning: level=49
03-03 20:06:14.078  5763 11800 D SecPowerUI.Notification: updateNotification mWarning=false mPlaySound=false
03-03 20:06:14.078  5763  5763 W PowerUI : Skip charging animation - by plug status
03-03 20:06:14.078  5763 11800 D SecPowerUI.Notification: SecBatteryStatsSnapshot{batteryLevel=49, currentBatteryMode=0, chargingTime=5553000, chargingType=11, batteryHealth=2, automaticTestMode=false, isHiccupState=false}
03-03 20:06:14.079  5763  5763 D PowerUI : priorPlugType = 2 mPlugType = 2 priorBatteryStatus = 2 mBatteryStatus = 2
03-03 20:06:14.079  5763  5763 W PowerUI : Plug reason
03-03 20:06:14.079  5763  5763 W PowerUI : Skip charging sound - by plug status
03-03 20:06:14.079  5763  5763 I PowerUI : oldMisalign : false, curMisalign : false
03-03 20:06:14.082  5763 11800 D SecPowerUI.Notification: 1. restoreScreenTimeOut - saved_value : :
03-03 20:06:14.082  5763 11800 E SecPowerUI.Notification: no saved value, so we do nothing !!
03-03 20:06:14.082  5763  5763 D SecPowerUI.Notification: showChargingNotice oldChargingType : 11 / currentChargingType : 11, oldChargingTime : 5553000 / mChargingTime : 5553000
03-03 20:06:14.082  5763  5763 D SecPowerUI.Notification: There is no change about charging status, so return!
03-03 20:06:14.083  5763  5763 D PowerUI : Battery swelling mode - priorBatterySwellingMode = 0 mBatterySwellingMode = 0 mBatteryStatus = 2
03-03 20:06:14.083  5763  5763 I PowerUI : mBatteryMiscEvent = 131072
03-03 20:06:14.085  5763  5763 I PowerUI : checkShouldTurnOffProtectBattery : -1, Scheduling start ? : false
03-03 20:06:14.085  5763  5763 I PowerUI : Clear time
03-03 20:06:14.086  5405  7613 D SettingsProvider: isChangeAllowed() : name = charger_connected_time
03-03 20:06:14.086  5405  7613 D SettingsProvider: edmUri: content://com.sec.knox.provider/RestrictionPolicy3
03-03 20:06:14.086  5405  7613 D SettingsProvider: projectionArgs: isSettingsChangesAllowed
03-03 20:06:14.086  5405  7613 D SettingsProvider: selectionArgs: false
03-03 20:06:14.086  5405  7613 D SettingsProvider: selectionArgs: 10052
03-03 20:06:14.087  5405  7613 D SecContentProvider: query(), uri = 17 selection = isSettingsChangesAllowed
03-03 20:06:14.087  5405  7613 D SecContentProvider: called from android.uid.systemui:10052
03-03 20:06:14.087  5405  7613 D RestrictionPolicy: isSettingsChangesAllowedAsUser, userId 0 : true
03-03 20:06:14.087  5405  7613 D SettingsProvider: ret = 1
03-03 20:06:14.089  5763  5763 I AODBatteryManager: updateBatteryData: ACTION_BATTERY_CHANGED
03-03 20:06:14.091  5763  5763 I AODBatteryManager: saveBatteryData : AOD BatteryData [mBatteryLevel=49, mBatteryStatus=CHARGING, mBatteryPlugType=USB, mBatteryPlugged=true, mRemainingChargeTime=5553000, mBatteryChargingType=1, mBatteryChargerType=NORMAL, mBatteryOnline=NOT_DEFINED, mBatterySwellingMode=NONE, mBatteryProtectMode=false]
03-03 20:06:14.092  5763  5763 D KeyguardUpdateMonitor: handleBatteryUpdate
03-03 20:06:14.349  5405  6722 D FreecessController: com.sec.android.app.camera(10107) is important[!isUidIdle]
03-03 20:06:15.942  4564  4564 D io_stats: !@   8,0 r 253349 9631960 w 399806 189049508 d 0 0 f 0 0 iot 315352 0 th 0 0 0 pt 0 inp 0 0 1983.757
--------- beginning of main
03-03 20:06:18.089  7385  7582 I bbhc    : (REDACTED) getHotwordActive::active query: %s, watch: %s, devices connected: %s
03-03 20:06:19.093  5763  5763 D SecPowerUI.Notification: showChargingNotice oldChargingType : 11 / currentChargingType : 11, oldChargingTime : 5553000 / mChargingTime : 5553000
03-03 20:06:19.093  5763  5763 D SecPowerUI.Notification: There is no change about charging status, so return!
03-03 20:06:19.790  6509  7903 I ContactsProvider_EventLog: cp_s: [CONTACT con(623) dat(3473) acc({sec(6)=5, google(7)=2, google(2)=628}) calls([logtype:100 cnt:1804, logtype:300 cnt:500, logtype:500 cnt:1, logtype:1000 cnt:195]) Iso(GB) uId(0) ]
03-03 20:06:19.790  6509  7903 I ContactsProvider_EventLog: cp_s: [ agr({[2 ,6]=1, [6 ,2]=1, [6]=2, [2 ,2]=6, [2]=610, [2 ,2 ,6]=1, [7 ,2]=2}) ]
03-03 20:06:19.790  6509  7903 I ContactsProvider_EventLog: cp_s: [ cnt({acore(6509)=1}) ]
03-03 20:06:19.790  6509  7903 I ContactsProvider_EventLog: cp_s: [PROFILE ] [SAPROFILE ]
03-03 20:06:19.790  6509  7903 I ContactsProvider_EventLog: cp_s: [STATE R(F) ]
--------- beginning of system
03-03 20:06:19.945  4564  4564 D io_stats: !@   8,0 r 253349 9631960 w 399808 189049516 d 0 0 f 0 0 iot 315356 0 th 0 0 0 pt 0 inp 0 0 1987.760
03-03 20:06:21.776  7525  8838 I SDHMS:D : SIOP:: AP:370 BAT:384 USB:0 CHG:392 WIFI:367 SKIN:369 SKINF:368 SKINB:369 LRP:369 LRF:368 LRB:369 
--------- beginning of system
03-03 20:06:24.112  5405  7613 D BatteryService: Sending ACTION_BATTERY_CHANGED: level:49, status:2, health:2, ac:false, usb:true, wireless:false, pogo:false, misc:0x20000, charge_type:1, charger_type:0, voltage:3917, temperature:384, online:19, current_avg:588, ps:false, hvc:false, capacity:280000, current_event:0x18000, current_now:581, mcc:0, mcv:0, cc:1885296, present:true, scale:100, technology:Li-ion
--------- beginning of main
03-03 20:06:24.113  5000  5000 E sehhealth-service: Could not open /sys/class/power_supply/battery/lrp
03-03 20:06:24.118  5405  5569 D MotionRecognitionService: [SAR]  onReceive : ACTION_BATTERY_CHANGED, Plugged: 2
03-03 20:06:24.121  5405  5405 D PhoneWindowManagerExt: ACTION_BATTERY_CHANGED - Level=49, status=2
03-03 20:06:24.122  5405  5712 I DeviceBatteryInfoService: action: android.intent.action.BATTERY_CHANGED
03-03 20:06:24.122  5405  5712 I DeviceBatteryInfoService: phone battery level: 49
03-03 20:06:24.122  5405  5712 I DeviceBatteryInfoService: phone battery status: 2
03-03 20:06:24.124  5405  5405 D AdaptiveBrightnessLongtermModelBuilder: Received android.intent.action.BATTERY_CHANGED
03-03 20:06:24.125  5740  5740 D SemBigDataInfoController: Intent: android.intent.action.BATTERY_CHANGED
03-03 20:06:24.127  5740  5740 D SemBigDataInfoController: Intent: android.intent.action.BATTERY_CHANGED
03-03 20:06:24.129  5763  5763 D KeyguardUpdateMonitor: received broadcast android.intent.action.BATTERY_CHANGED
03-03 20:06:24.129  5763  5763 D SamsungBatteryMeterDrawable: onBatteryLevelChanged isSomethingChanged: false
03-03 20:06:24.130  5763  5763 D SamsungBatteryMeterDrawable: onBatteryLevelChanged isSomethingChanged: false
03-03 20:06:24.131  5763  5763 D SamsungBatteryMeterDrawable: onBatteryLevelChanged isSomethingChanged: false
03-03 20:06:24.133 13984 13984 I [SCPMV2][SystemMonitorReceiver]: onReceive: android.intent.action.BATTERY_CHANGED
03-03 20:06:24.135  5763  5763 D SamsungBatteryMeterDrawable: onBatteryLevelChanged isSomethingChanged: false
03-03 20:06:24.137  5763  5763 I PowerUI : mBootCompleted = true |  mFullyConnected = true
03-03 20:06:24.137  5763  5763 I PowerUI : BATTERY_HEALTH_CHECK extraHealth=2 mBatteryMiscEvent=131072
03-03 20:06:24.137  5763  5763 W PowerUI : Plug reason
03-03 20:06:24.137  5763  5763 W PowerUI : Skip charging animation - by plug status
03-03 20:06:24.137  5763  5763 D PowerUI : priorPlugType = 2 mPlugType = 2 priorBatteryStatus = 2 mBatteryStatus = 2
03-03 20:06:24.137  5763  5763 W PowerUI : Plug reason
03-03 20:06:24.137  5763  5763 W PowerUI : Skip charging sound - by plug status
03-03 20:06:24.138  5763 11872 D SecPowerUI.Notification: dismissing low battery warning: level=49
03-03 20:06:24.138  5763 11872 D SecPowerUI.Notification: updateNotification mWarning=false mPlaySound=false
03-03 20:06:24.138  5763 11872 D SecPowerUI.Notification: SecBatteryStatsSnapshot{batteryLevel=49, currentBatteryMode=0, chargingTime=5553000, chargingType=11, batteryHealth=2, automaticTestMode=false, isHiccupState=false}
03-03 20:06:24.139  5405  5405 D SemWifiApBroadcastReceiver: Received : android.intent.action.BATTERY_CHANGED
03-03 20:06:24.141  5763  5763 I PowerUI : oldMisalign : false, curMisalign : false
03-03 20:06:24.141  5763 11872 D SecPowerUI.Notification: 1. restoreScreenTimeOut - saved_value : :
03-03 20:06:24.141  5763 11872 E SecPowerUI.Notification: no saved value, so we do nothing !!
03-03 20:06:24.142  5763  5763 D SecPowerUI.Notification: showChargingNotice oldChargingType : 11 / currentChargingType : 11, oldChargingTime : 5553000 / mChargingTime : 5539000
03-03 20:06:24.143  5763  5763 D SecPowerUI.Notification: showChargingNotification()
03-03 20:06:24.143  5763  5763 D SecPowerUI.Notification: SecBatteryStatsSnapshot{batteryLevel=49, currentBatteryMode=0, chargingTime=5539000, chargingType=11, batteryHealth=2, automaticTestMode=false, isHiccupState=false}
03-03 20:06:24.148  5405  5421 D ApplicationPolicy: isStatusBarNotificationAllowedAsUser: packageName = com.android.systemui,userId = 0
03-03 20:06:24.149  5405  5421 D ApplicationPolicy: isStatusBarNotificationAllowedAsUser: packageName = com.android.systemui,userId = -1
03-03 20:06:24.149  5405  5421 D ApplicationPolicy: isStatusBarNotificationAllowedAsUser: converting userId from USER_ALLto 0
03-03 20:06:24.151  5763  5763 D PowerUI : Battery swelling mode - priorBatterySwellingMode = 0 mBatterySwellingMode = 0 mBatteryStatus = 2
03-03 20:06:24.151  5763  5763 I PowerUI : mBatteryMiscEvent = 131072
03-03 20:06:24.154  5763  5763 I PowerUI : checkShouldTurnOffProtectBattery : -1, Scheduling start ? : false
03-03 20:06:24.154  5763  5763 I PowerUI : Clear time
03-03 20:06:24.155  5405  5421 D SettingsProvider: isChangeAllowed() : name = charger_connected_time
03-03 20:06:24.155  5405  5421 D SettingsProvider: edmUri: content://com.sec.knox.provider/RestrictionPolicy3
03-03 20:06:24.155  5405  5421 D SettingsProvider: projectionArgs: isSettingsChangesAllowed
03-03 20:06:24.155  5405  5421 D SettingsProvider: selectionArgs: false
03-03 20:06:24.155  5405  5421 D SettingsProvider: selectionArgs: 10052
03-03 20:06:24.155  5405  5421 D SecContentProvider: query(), uri = 17 selection = isSettingsChangesAllowed
03-03 20:06:24.156  5405  5421 D SecContentProvider: called from android.uid.systemui:10052
03-03 20:06:24.156  5405  5421 D RestrictionPolicy: isSettingsChangesAllowedAsUser, userId 0 : true
03-03 20:06:24.156  5405  5421 D SettingsProvider: ret = 1
03-03 20:06:24.159  5763  5763 D KeyguardUpdateMonitor: handleBatteryUpdate
03-03 20:06:24.166  5763  5763 D KeyguardSecIndicationController: addIndicationTimeout() returned - unlocking
03-03 20:06:24.166  5763  5763 D KeyguardSecIndicationController: addIndication() returned - unlocking
03-03 20:06:24.166  5763  5763 D KeyguardSecIndicationController: addIndication() returned - unlocking
03-03 20:06:24.167  5763  5763 D KeyguardSecIndicationController: addBatteryAndOwnerInfoIndication() battery status = BatteryStatus{status=2,level=49,plugged=2,health=2,maxChargingWattage=-1,remaining=5539000ultraFastCharger=0}
03-03 20:06:24.167  5763  5763 I AODBatteryManager: updateBatteryData: ACTION_BATTERY_CHANGED
03-03 20:06:24.170  5763  5763 I AODBatteryManager: saveBatteryData : AOD BatteryData [mBatteryLevel=49, mBatteryStatus=CHARGING, mBatteryPlugType=USB, mBatteryPlugged=true, mRemainingChargeTime=5539000, mBatteryChargingType=1, mBatteryChargerType=NORMAL, mBatteryOnline=NOT_DEFINED, mBatterySwellingMode=NONE, mBatteryProtectMode=false]
03-03 20:06:24.170  5763  5763 I ChargingInfoManager: updateChargingInfo: newState = AOD ChargingInfo [mState=BATTERY_AND_REMAIN_TIME, mIsCharging=true, mIsFullyCharged=false, mIsBatteryProtectMode=false], oldState = AOD ChargingInfo [mState=BATTERY_AND_REMAIN_TIME, mIsCharging=true, mIsFullyCharged=false, mIsBatteryProtectMode=false]
03-03 20:06:24.359  5405  5405 I Telecom:SamsungTelecomServiceImpl: isInManagedCall - callingPackage : android
03-03 20:06:24.382  6173  6173 I Launcher.NotificationListener: onNotificationPosted : com.android.systemui number : 0
03-03 20:06:24.585  5763  5763 D BubblesManager: onEntryUpdated : shouldBubbleUp=false ,key=-1|com.android.systemui|2131428972|charging_state|10052
03-03 20:06:24.645  5763  5763 I FaceWidgetPositionAlgorithm: getMediaContainerHeight() height = 0 container Visibility = 8, isValid = false, mIsDozing = false, fraction = 1.0, source = 0, target = 0
03-03 20:06:24.645  5763  5763 I FaceWidgetPositionAlgorithm: getMediaContainerHeight() supplier = 0
03-03 20:06:24.700  5763  5763 I FaceWidgetPositionAlgorithm: getMediaContainerHeight() height = 0 container Visibility = 8, isValid = false, mIsDozing = false, fraction = 1.0, source = 0, target = 0
03-03 20:06:24.700  5763  5763 I FaceWidgetPositionAlgorithm: getMediaContainerHeight() supplier = 0
03-03 20:06:24.768  5763  5763 I FaceWidgetPositionAlgorithm: getMediaContainerHeight() height = 0 container Visibility = 8, isValid = false, mIsDozing = false, fraction = 1.0, source = 0, target = 0
03-03 20:06:24.768  5763  5763 I FaceWidgetPositionAlgorithm: getMediaContainerHeight() supplier = 0
03-03 20:06:25.949  4564  4564 D io_stats: !@   8,0 r 253349 9631960 w 399810 189049524 d 0 0 f 0 0 iot 315360 0 th 0 0 0 pt 0 inp 0 0 1993.764
03-03 20:06:26.044  5405  6722 D FreecessController: com.sec.android.app.myfiles(10119) is important[!isUidIdle]
03-03 20:06:27.841  5405  5454 E Watchdog: !@Sync: 67 heap: 85 / 102 FD: 921 [2026-03-03 20:06:27.840]
--------- beginning of main
03-03 20:06:29.160  5763  5763 D SecPowerUI.Notification: showChargingNotice oldChargingType : 11 / currentChargingType : 11, oldChargingTime : 5539000 / mChargingTime : 5539000
03-03 20:06:29.160  5763  5763 D SecPowerUI.Notification: There is no change about charging status, so return!
--------- beginning of system
03-03 20:06:29.352  5405  6722 D FreecessController: com.sec.android.app.camera(10107) is important[!isUidIdle]
03-03 20:06:31.775  7525  8838 I SDHMS:D : SIOP:: AP:371 BAT:384 USB:0 CHG:392 WIFI:367 SKIN:369 SKINF:368 SKINB:369 LRP:369 LRF:368 LRB:369 
03-03 20:06:31.953  4564  4564 D io_stats: !@   8,0 r 253349 9631960 w 399811 189049528 d 0 0 f 0 0 iot 315364 0 th 0 0 0 pt 0 inp 0 0 1999.768
03-03 20:06:34.150  5000  5000 E sehhealth-service: Could not open /sys/class/power_supply/battery/lrp
--------- beginning of system
03-03 20:06:35.955  4564  4564 D io_stats: !@   8,0 r 253350 9631980 w 399813 189049536 d 0 0 f 0 0 iot 315372 0 th 0 0 0 pt 0 inp 0 0 2003.771
03-03 20:06:37.957  4564  4564 D io_stats: !@   8,0 r 253388 9632868 w 399815 189050368 d 0 0 f 0 0 iot 315400 0 th 0 0 0 pt 0 inp 0 0 2005.773
03-03 20:06:41.050  5405  6722 D FreecessController: com.sec.android.app.myfiles(10119) is important[!isUidIdle]
03-03 20:06:41.778  7525  8838 I SDHMS:D : SIOP:: AP:371 BAT:384 USB:0 CHG:392 WIFI:367 SKIN:369 SKINF:368 SKINB:369 LRP:369 LRF:368 LRB:369 
--------- beginning of main
03-03 20:06:42.238 19919 19961 I PlayCommon: [62] Preparing logs for uploading
03-03 20:06:42.242 19919 19961 I PlayCommon: [62] Connecting to server for timestamp: https://play.googleapis.com/play/log/timestamp
03-03 20:06:42.257 19919 19961 E PlayCommon: [62] Failed to connect to server for server timestamp: java.net.UnknownHostException: Unable to resolve host "play.googleapis.com": No address associated with hostname
03-03 20:06:42.383  6565 12670 W Auth    : [TokenResponseCallback] TokenResponse failed with exception [CONTEXT service_id=343 ]
03-03 20:06:42.383  6565 12670 W Auth    : cgnd: Failed to process request
03-03 20:06:42.383  6565 12670 W Auth    : 	at cgnj.a(:com.google.android.gms@252037029@25.20.37 (190400-766884605):23)
03-03 20:06:42.383  6565 12670 W Auth    : 	at cgrd.b(:com.google.android.gms@252037029@25.20.37 (190400-766884605):15)
03-03 20:06:42.383  6565 12670 W Auth    : 	at cgrr.onFailed(:com.google.android.gms@252037029@25.20.37 (190400-766884605):15)
03-03 20:06:42.383  6565 12670 W Auth    : 	at m1.mb.onFailed(:com.google.android.gms.dynamite_cronetdynamite@252037029@25.20.37 (190400-0):3)
03-03 20:06:42.383  6565 12670 W Auth    : 	at m1.lc.run(:com.google.android.gms.dynamite_cronetdynamite@252037029@25.20.37 (190400-0):16)
03-03 20:06:42.383  6565 12670 W Auth    : 	at aymv.c(:com.google.android.gms@252037029@25.20.37 (190400-766884605):50)
03-03 20:06:42.383  6565 12670 W Auth    : 	at aymv.run(:com.google.android.gms@252037029@25.20.37 (190400-766884605):70)
03-03 20:06:42.383  6565 12670 W Auth    : 	at java.util.concurrent.ThreadPoolExecutor.runWorker(ThreadPoolExecutor.java:1145)
03-03 20:06:42.383  6565 12670 W Auth    : 	at java.util.concurrent.ThreadPoolExecutor$Worker.run(ThreadPoolExecutor.java:644)
03-03 20:06:42.383  6565 12670 W Auth    : 	at aysk.run(:com.google.android.gms@252037029@25.20.37 (190400-766884605):8)
03-03 20:06:42.383  6565 12670 W Auth    : 	at java.lang.Thread.run(Thread.java:1012)
03-03 20:06:42.383  6565 12670 W Auth    : Caused by: m1.ll: Exception in CronetUrlRequest: net::ERR_INTERNET_DISCONNECTED, ErrorCode=2, InternalErrorCode=-106, Retryable=false
03-03 20:06:42.383  6565 12670 W Auth    : 	at org.chromium.net.impl.CronetUrlRequest.onError(:com.google.android.gms.dynamite_cronetdynamite@252037029@25.20.37 (190400-0):3)
03-03 20:06:42.387  6565 14024 E AuthPII : [RequestTokenManager] getToken() -> NETWORK_ERROR. App: com.android.vending, Service: oauth2:https://www.googleapis.com/auth/googleplay
03-03 20:06:42.387  6565 14024 E AuthPII : axhw: Error when calling server using GmsNetworkStack.
03-03 20:06:42.387  6565 14024 E AuthPII : 	at abjg.b(:com.google.android.gms@252037029@25.20.37 (190400-766884605):1366)
03-03 20:06:42.387  6565 14024 E AuthPII : 	at abje.a(:com.google.android.gms@252037029@25.20.37 (190400-766884605):557)
03-03 20:06:42.387  6565 14024 E AuthPII : 	at abjd.b(:com.google.android.gms@252037029@25.20.37 (190400-766884605):104)
03-03 20:06:42.387  6565 14024 E AuthPII : 	at uyv.d(:com.google.android.gms@252037029@25.20.37 (190400-766884605):529)
03-03 20:06:42.387  6565 14024 E AuthPII : 	at abck.getAuthToken(:com.google.android.gms@252037029@25.20.37 (190400-766884605):410)
03-03 20:06:42.387  6565 14024 E AuthPII : 	at android.accounts.AbstractAccountAuthenticator$Transport.getAuthToken(AbstractAccountAuthenticator.java:246)
03-03 20:06:42.387  6565 14024 E AuthPII : 	at android.accounts.IAccountAuthenticator$Stub.onTransact(IAccountAuthenticator.java:242)
03-03 20:06:42.387  6565 14024 E AuthPII : 	at android.os.Binder.transact(Binder.java:1200)
03-03 20:06:42.387  6565 14024 E AuthPII : 	at byjb.onTransact(:com.google.android.gms@252037029@25.20.37 (190400-766884605):10)
03-03 20:06:42.387  6565 14024 E AuthPII : 	at android.os.Binder.transact(Binder.java:1200)
03-03 20:06:42.387  6565 14024 E AuthPII : 	at bopm.onTransact(:com.google.android.gms@252037029@25.20.37 (190400-766884605):148)
03-03 20:06:42.387  6565 14024 E AuthPII : 	at android.os.Binder.execTransactInternal(Binder.java:1321)
03-03 20:06:42.387  6565 14024 E AuthPII : 	at android.os.Binder.execTransact(Binder.java:1280)
03-03 20:06:42.387  6565 14024 E AuthPII : Caused by: axhw: Error requesting token.
03-03 20:06:42.387  6565 14024 E AuthPII : 	at abjg.d(:com.google.android.gms@252037029@25.20.37 (190400-766884605):208)
03-03 20:06:42.387  6565 14024 E AuthPII : 	at abjg.b(:com.google.android.gms@252037029@25.20.37 (190400-766884605):51)
03-03 20:06:42.387  6565 14024 E AuthPII : 	... 12 more
03-03 20:06:42.387  6565 14024 E AuthPII : Caused by: java.util.concurrent.ExecutionException: cgnd: Failed to process request
03-03 20:06:42.387  6565 14024 E AuthPII : 	at gaqs.j(:com.google.android.gms@252037029@25.20.37 (190400-766884605):21)
03-03 20:06:42.387  6565 14024 E AuthPII : 	at garb.v(:com.google.android.gms@252037029@25.20.37 (190400-766884605):107)
03-03 20:06:42.387  6565 14024 E AuthPII : 	at abjg.d(:com.google.android.gms@252037029@25.20.37 (190400-766884605):193)
03-03 20:06:42.387  6565 14024 E AuthPII : 	... 13 more
03-03 20:06:42.387  6565 14024 E AuthPII : Caused by: cgnd: Failed to process request
03-03 20:06:42.387  6565 14024 E AuthPII : 	at cgnj.a(:com.google.android.gms@252037029@25.20.37 (190400-766884605):23)
03-03 20:06:42.387  6565 14024 E AuthPII : 	at cgrd.b(:com.google.android.gms@252037029@25.20.37 (190400-766884605):15)
03-03 20:06:42.387  6565 14024 E AuthPII : 	at cgrr.onFailed(:com.google.android.gms@252037029@25.20.37 (190400-766884605):15)
03-03 20:06:42.387  6565 14024 E AuthPII : 	at m1.mb.onFailed(:com.google.android.gms.dynamite_cronetdynamite@252037029@25.20.37 (190400-0):3)
03-03 20:06:42.387  6565 14024 E AuthPII : 	at m1.lc.run(:com.google.android.gms.dynamite_cronetdynamite@252037029@25.20.37 (190400-0):16)
03-03 20:06:42.387  6565 14024 E AuthPII : 	at aymv.c(:com.google.android.gms@252037029@25.20.37 (190400-766884605):50)
03-03 20:06:42.387  6565 14024 E AuthPII : 	at aymv.run(:com.google.android.gms@252037029@25.20.37 (190400-766884605):70)
03-03 20:06:42.387  6565 14024 E AuthPII : 	at java.util.concurrent.ThreadPoolExecutor.runWorker(ThreadPoolExecutor.java:1145)
03-03 20:06:42.387  6565 14024 E AuthPII : 	at java.util.concurrent.ThreadPoolExecutor$Worker.run(ThreadPoolExecutor.java:644)
03-03 20:06:42.387  6565 14024 E AuthPII : 	at aysk.run(:com.google.android.gms@252037029@25.20.37 (190400-766884605):8)
03-03 20:06:42.387  6565 14024 E AuthPII : 	at java.lang.Thread.run(Thread.java:1012)
03-03 20:06:42.387  6565 14024 E AuthPII : Caused by: m1.ll: Exception in CronetUrlRequest: net::ERR_INTERNET_DISCONNECTED, ErrorCode=2, InternalErrorCode=-106, Retryable=false
03-03 20:06:42.387  6565 14024 E AuthPII : 	at org.chromium.net.impl.CronetUrlRequest.onError(:com.google.android.gms.dynamite_cronetdynamite@252037029@25.20.37 (190400-0):3)
03-03 20:06:42.387  6565 14024 E AuthPII : Message is Error when calling server using GmsNetworkStack.
03-03 20:06:42.387  6565 14024 E AuthPII : axhw: Error when calling server using GmsNetworkStack.
03-03 20:06:42.387  6565 14024 E AuthPII : 	at abjg.b(:com.google.android.gms@252037029@25.20.37 (190400-766884605):1366)
03-03 20:06:42.387  6565 14024 E AuthPII : 	at abje.a(:com.google.android.gms@252037029@25.20.37 (190400-766884605):557)
03-03 20:06:42.387  6565 14024 E AuthPII : 	at abjd.b(:com.google.android.gms@252037029@25.20.37 (190400-766884605):104)
03-03 20:06:42.387  6565 14024 E AuthPII : 	at uyv.d(:com.google.android.gms@252037029@25.20.37 (190400-766884605):529)
03-03 20:06:42.387  6565 14024 E AuthPII : 	at abck.getAuthToken(:com.google.android.gms@252037029@25.20.37 (190400-766884605):410)
03-03 20:06:42.387  6565 14024 E AuthPII : 	at android.accounts.AbstractAccountAuthenticator$Transport.getAuthToken(AbstractAccountAuthenticator.java:246)
03-03 20:06:42.387  6565 14024 E AuthPII : 	at android.accounts.IAccountAuthenticator$Stub.onTransact(IAccountAuthenticator.java:242)
03-03 20:06:42.387  6565 14024 E AuthPII : 	at android.os.Binder.transact(Binder.java:1200)
03-03 20:06:42.387  6565 14024 E AuthPII : 	at byjb.onTransact(:com.google.android.gms@252037029@25.20.37 (190400-766884605):10)
03-03 20:06:42.387  6565 14024 E AuthPII : 	at android.os.Binder.transact(Binder.java:1200)
03-03 20:06:42.387  6565 14024 E AuthPII : 	at bopm.onTransact(:com.google.android.gms@252037029@25.20.37 (190400-766884605):148)
03-03 20:06:42.387  6565 14024 E AuthPII : 	at android.os.Binder.execTransactInternal(Binder.java:1321)
03-03 20:06:42.387  6565 14024 E AuthPII : 	at android.os.Binder.execTransact(Binder.java:1280)
03-03 20:06:42.387  6565 14024 E AuthPII : Caused by: axhw: Error requesting token.
03-03 20:06:42.387  6565 14024 E AuthPII : 	at abjg.d(:com.google.android.gms@252037029@25.20.37 (190400-766884605):208)
03-03 20:06:42.387  6565 14024 E AuthPII : 	at abjg.b(:com.google.android.gms@252037029@25.20.37 (190400-766884605):51)
03-03 20:06:42.387  6565 14024 E AuthPII : 	... 12 more
03-03 20:06:42.387  6565 14024 E AuthPII : Caused by: java.util.concurrent.ExecutionException: cgnd: Failed to process request
03-03 20:06:42.387  6565 14024 E AuthPII : 	at gaqs.j(:com.google.android.gms@252037029@25.20.37 (190400-766884605):21)
03-03 20:06:42.387  6565 14024 E AuthPII : 	at garb.v(:com.google.android.gms@252037029@25.20.37 (190400-766884605):107)
03-03 20:06:42.387  6565 14024 E AuthPII : 	at abjg.d(:com.google.android.gms@252037029@25.20.37 (190400-766884605):193)
03-03 20:06:42.387  6565 14024 E AuthPII : 	... 13 more
03-03 20:06:42.387  6565 14024 E AuthPII : Caused by: cgnd: Failed to process request
03-03 20:06:42.387  6565 14024 E AuthPII : 	at cgnj.a(:com.google.android.gms@252037029@25.20.37 (190400-766884605):23)
03-03 20:06:42.387  6565 14024 E AuthPII : 	at cgrd.b(:com.google.android.gms@252037029@25.20.37 (190400-766884605):15)
03-03 20:06:42.387  6565 14024 E AuthPII : 	at cgrr.onFailed(:com.google.android.gms@252037029@25.20.37 (190400-766884605):15)
03-03 20:06:42.387  6565 14024 E AuthPII : 	at m1.mb.onFailed(:com.google.android.gms.dynamite_cronetdynamite@252037029@25.20.37 (190400-0):3)
03-03 20:06:42.387  6565 14024 E AuthPII : 	at m1.lc.run(:com.google.android.gms.dynamite_cronetdynamite@252037029@25.20.37 (190400-0):16)
03-03 20:06:42.387  6565 14024 E AuthPII : 	at aymv.c(:com.google.android.gms@252037029@25.20.37 (190400-766884605):50)
03-03 20:06:42.387  6565 14024 E AuthPII : 	at aymv.run(:com.google.android.gms@252037029@25.20.37 (190400-766884605):70)
03-03 20:06:42.387  6565 14024 E AuthPII : 	at java.util.concurrent.ThreadPoolExecutor.runWorker(ThreadPoolExecutor.java:1145)
03-03 20:06:42.387  6565 14024 E AuthPII : 	at java.util.concurrent.ThreadPoolExecutor$Worker.run(ThreadPoolExecutor.java:644)
03-03 20:06:42.387  6565 14024 E AuthPII : 	at aysk.run(:com.google.android.gms@252037029@25.20.37 (190400-766884605):8)
03-03 20:06:42.387  6565 14024 E AuthPII : 	at java.lang.Thread.run(Thread.java:1012)
03-03 20:06:42.387  6565 14024 E AuthPII : Caused by: m1.ll: Exception in CronetUrlRequest: net::ERR_INTERNET_DISCONNECTED, ErrorCode=2, InternalErrorCode=-106, Retryable=false
03-03 20:06:42.387  6565 14024 E AuthPII : 	at org.chromium.net.impl.CronetUrlRequest.onError(:com.google.android.gms.dynamite_cronetdynamite@252037029@25.20.37 (190400-0):3)
03-03 20:06:42.388  6565 14024 W Auth    : [GetToken] GetToken failed with status code: NetworkError  [CONTEXT service_id=343 ]
03-03 20:06:42.389  6565 14024 W GLSActivity: [GmsAccountAuthenticatorImpl] error status while fetching token:NetworkError
03-03 20:06:42.396 19919 19961 E PlayCommon: [62] Failed to get auth token: java.io.IOException: NetworkError
03-03 20:06:42.396 19919 19961 W PlayCommon: [62] Deferring log upload because couldn't retrieve auth token
--------- beginning of main
03-03 20:06:44.342  5000  5000 E sehhealth-service: Could not open /sys/class/power_supply/battery/lrp
--------- beginning of system
03-03 20:06:44.342  5405  7447 D BatteryService: Sending ACTION_BATTERY_CHANGED: level:49, status:2, health:2, ac:false, usb:true, wireless:false, pogo:false, misc:0x20000, charge_type:1, charger_type:0, voltage:3917, temperature:384, online:19, current_avg:593, ps:false, hvc:false, capacity:280000, current_event:0x18000, current_now:596, mcc:0, mcv:0, cc:1889097, present:true, scale:100, technology:Li-ion
03-03 20:06:44.348  5405  5569 D MotionRecognitionService: [SAR]  onReceive : ACTION_BATTERY_CHANGED, Plugged: 2
03-03 20:06:44.349  5405  5405 D PhoneWindowManagerExt: ACTION_BATTERY_CHANGED - Level=49, status=2
03-03 20:06:44.353  5405  5712 I DeviceBatteryInfoService: action: android.intent.action.BATTERY_CHANGED
03-03 20:06:44.354  5405  5712 I DeviceBatteryInfoService: phone battery level: 49
03-03 20:06:44.354  5405  5712 I DeviceBatteryInfoService: phone battery status: 2
03-03 20:06:44.355  5405  5405 D AdaptiveBrightnessLongtermModelBuilder: Received android.intent.action.BATTERY_CHANGED
03-03 20:06:44.357  5405  5405 D SemWifiApBroadcastReceiver: Received : android.intent.action.BATTERY_CHANGED
03-03 20:06:44.358  5405  6722 D FreecessController: com.sec.android.app.camera(10107) is important[!isUidIdle]
03-03 20:06:44.361  5740  5740 D SemBigDataInfoController: Intent: android.intent.action.BATTERY_CHANGED
03-03 20:06:44.361  5740  5740 D SemBigDataInfoController: Intent: android.intent.action.BATTERY_CHANGED
03-03 20:06:44.362  5763  5763 D KeyguardUpdateMonitor: received broadcast android.intent.action.BATTERY_CHANGED
03-03 20:06:44.363  5763  5763 D SamsungBatteryMeterDrawable: onBatteryLevelChanged isSomethingChanged: false
03-03 20:06:44.364  5763  5763 D SamsungBatteryMeterDrawable: onBatteryLevelChanged isSomethingChanged: false
03-03 20:06:44.365  5763  5763 D SamsungBatteryMeterDrawable: onBatteryLevelChanged isSomethingChanged: false
03-03 20:06:44.366  5763  5763 D SamsungBatteryMeterDrawable: onBatteryLevelChanged isSomethingChanged: false
03-03 20:06:44.367 13984 13984 I [SCPMV2][SystemMonitorReceiver]: onReceive: android.intent.action.BATTERY_CHANGED
03-03 20:06:44.369  5763  5763 I PowerUI : mBootCompleted = true |  mFullyConnected = true
03-03 20:06:44.369  5763  5763 I PowerUI : BATTERY_HEALTH_CHECK extraHealth=2 mBatteryMiscEvent=131072
03-03 20:06:44.369  5763  5763 W PowerUI : Plug reason
03-03 20:06:44.369  5763  5763 W PowerUI : Skip charging animation - by plug status
03-03 20:06:44.370  5763  5763 D PowerUI : priorPlugType = 2 mPlugType = 2 priorBatteryStatus = 2 mBatteryStatus = 2
03-03 20:06:44.370  5763 11897 D SecPowerUI.Notification: dismissing low battery warning: level=49
03-03 20:06:44.370  5763 11897 D SecPowerUI.Notification: updateNotification mWarning=false mPlaySound=false
03-03 20:06:44.370  5763  5763 W PowerUI : Plug reason
03-03 20:06:44.370  5763  5763 W PowerUI : Skip charging sound - by plug status
03-03 20:06:44.370  5763  5763 I PowerUI : oldMisalign : false, curMisalign : false
03-03 20:06:44.371  5763 11897 D SecPowerUI.Notification: SecBatteryStatsSnapshot{batteryLevel=49, currentBatteryMode=0, chargingTime=5539000, chargingType=11, batteryHealth=2, automaticTestMode=false, isHiccupState=false}
03-03 20:06:44.372  5763  5763 D SecPowerUI.Notification: showChargingNotice oldChargingType : 11 / currentChargingType : 11, oldChargingTime : 5539000 / mChargingTime : 5525000
03-03 20:06:44.372  5763  5763 D SecPowerUI.Notification: showChargingNotification()
03-03 20:06:44.373  5763  5763 D SecPowerUI.Notification: SecBatteryStatsSnapshot{batteryLevel=49, currentBatteryMode=0, chargingTime=5525000, chargingType=11, batteryHealth=2, automaticTestMode=false, isHiccupState=false}
03-03 20:06:44.373  5763 11897 D SecPowerUI.Notification: 1. restoreScreenTimeOut - saved_value : :
03-03 20:06:44.373  5763 11897 E SecPowerUI.Notification: no saved value, so we do nothing !!
03-03 20:06:44.376  5405  5421 D ApplicationPolicy: isStatusBarNotificationAllowedAsUser: packageName = com.android.systemui,userId = 0
03-03 20:06:44.376  5405  5421 D ApplicationPolicy: isStatusBarNotificationAllowedAsUser: packageName = com.android.systemui,userId = -1
03-03 20:06:44.376  5405  5421 D ApplicationPolicy: isStatusBarNotificationAllowedAsUser: converting userId from USER_ALLto 0
03-03 20:06:44.377  5763  5763 D PowerUI : Battery swelling mode - priorBatterySwellingMode = 0 mBatterySwellingMode = 0 mBatteryStatus = 2
03-03 20:06:44.378  5763  5763 I PowerUI : mBatteryMiscEvent = 131072
03-03 20:06:44.379  5763  5763 I PowerUI : checkShouldTurnOffProtectBattery : -1, Scheduling start ? : false
03-03 20:06:44.379  5763  5763 I PowerUI : Clear time
03-03 20:06:44.379  5405  5421 D SettingsProvider: isChangeAllowed() : name = charger_connected_time
03-03 20:06:44.379  5405  5421 D SettingsProvider: edmUri: content://com.sec.knox.provider/RestrictionPolicy3
03-03 20:06:44.379  5405  5421 D SettingsProvider: projectionArgs: isSettingsChangesAllowed
03-03 20:06:44.380  5405  5421 D SettingsProvider: selectionArgs: false
03-03 20:06:44.380  5405  5421 D SettingsProvider: selectionArgs: 10052
03-03 20:06:44.380  5405  5421 D SecContentProvider: query(), uri = 17 selection = isSettingsChangesAllowed
03-03 20:06:44.380  5405  5421 D SecContentProvider: called from android.uid.systemui:10052
03-03 20:06:44.380  5405  5421 D RestrictionPolicy: isSettingsChangesAllowedAsUser, userId 0 : true
03-03 20:06:44.380  5405  5421 D SettingsProvider: ret = 1
03-03 20:06:44.382  5763  5763 D KeyguardUpdateMonitor: handleBatteryUpdate
03-03 20:06:44.386  5763  5763 D KeyguardSecIndicationController: addIndicationTimeout() returned - unlocking
03-03 20:06:44.386  5763  5763 D KeyguardSecIndicationController: addIndication() returned - unlocking
03-03 20:06:44.386  5763  5763 D KeyguardSecIndicationController: addIndication() returned - unlocking
03-03 20:06:44.386  5763  5763 D KeyguardSecIndicationController: addBatteryAndOwnerInfoIndication() battery status = BatteryStatus{status=2,level=49,plugged=2,health=2,maxChargingWattage=-1,remaining=5525000ultraFastCharger=0}
03-03 20:06:44.387  5763  5763 I AODBatteryManager: updateBatteryData: ACTION_BATTERY_CHANGED
03-03 20:06:44.388  5763  5763 I AODBatteryManager: saveBatteryData : AOD BatteryData [mBatteryLevel=49, mBatteryStatus=CHARGING, mBatteryPlugType=USB, mBatteryPlugged=true, mRemainingChargeTime=5525000, mBatteryChargingType=1, mBatteryChargerType=NORMAL, mBatteryOnline=NOT_DEFINED, mBatterySwellingMode=NONE, mBatteryProtectMode=false]
03-03 20:06:44.388  5763  5763 I ChargingInfoManager: updateChargingInfo: newState = AOD ChargingInfo [mState=BATTERY_AND_REMAIN_TIME, mIsCharging=true, mIsFullyCharged=false, mIsBatteryProtectMode=false], oldState = AOD ChargingInfo [mState=BATTERY_AND_REMAIN_TIME, mIsCharging=true, mIsFullyCharged=false, mIsBatteryProtectMode=false]
03-03 20:06:44.583  5405  5405 I Telecom:SamsungTelecomServiceImpl: isInManagedCall - callingPackage : android
03-03 20:06:44.602  6173  6173 I Launcher.NotificationListener: onNotificationPosted : com.android.systemui number : 0
03-03 20:06:44.805  5763  5763 D BubblesManager: onEntryUpdated : shouldBubbleUp=false ,key=-1|com.android.systemui|2131428972|charging_state|10052
03-03 20:06:44.853  5763  5763 I FaceWidgetPositionAlgorithm: getMediaContainerHeight() height = 0 container Visibility = 8, isValid = false, mIsDozing = false, fraction = 1.0, source = 0, target = 0
03-03 20:06:44.853  5763  5763 I FaceWidgetPositionAlgorithm: getMediaContainerHeight() supplier = 0
03-03 20:06:44.911  5763  5763 I FaceWidgetPositionAlgorithm: getMediaContainerHeight() height = 0 container Visibility = 8, isValid = false, mIsDozing = false, fraction = 1.0, source = 0, target = 0
03-03 20:06:44.911  5763  5763 I FaceWidgetPositionAlgorithm: getMediaContainerHeight() supplier = 0
03-03 20:06:44.982  5763  5763 I FaceWidgetPositionAlgorithm: getMediaContainerHeight() height = 0 container Visibility = 8, isValid = false, mIsDozing = false, fraction = 1.0, source = 0, target = 0
03-03 20:06:44.983  5763  5763 I FaceWidgetPositionAlgorithm: getMediaContainerHeight() supplier = 0
03-03 20:06:45.103  5763  5783 I ndroid.systemui: Background young concurrent copying GC freed 16MB AllocSpace bytes, 4(80KB) LOS objects, 43% free, 20MB/37MB, paused 471us,130us total 161.775ms
03-03 20:06:45.103  5763  5783 W ndroid.systemui: Reducing the number of considered missed Gc histogram windows from 112 to 100
03-03 20:06:45.963  4564  4564 D io_stats: !@   8,0 r 253388 9632868 w 399817 189050388 d 0 0 f 0 0 iot 315404 0 th 0 0 0 pt 0 inp 0 0 2013.779
03-03 20:06:47.314  5405  5636 W DeviceStorageMonitorService: updateBroadcasts(/data) oldLevel:0, newLevel:0, seq:1
03-03 20:06:47.317  5405  5636 D DeviceStorageMonitorService: Available File Node Number is [12604700]
03-03 20:06:47.317  5405  5636 W DeviceStorageMonitorService: updateBroadcasts_filenode(/data) fn_oldLevel:0, fn_newLevel:0, seq:1
03-03 20:06:49.388  5763  5763 D SecPowerUI.Notification: showChargingNotice oldChargingType : 11 / currentChargingType : 11, oldChargingTime : 5525000 / mChargingTime : 5525000
03-03 20:06:49.388  5763  5763 D SecPowerUI.Notification: There is no change about charging status, so return!
--------- beginning of system
03-03 20:06:51.775  7525  8838 I SDHMS:D : SIOP:: AP:371 BAT:384 USB:0 CHG:392 WIFI:367 SKIN:369 SKINF:368 SKINB:369 LRP:369 LRF:368 LRB:369 
--------- beginning of main
03-03 20:06:51.853  5052  5052 I SurfaceFlinger: SFWD update time=2019668911363
03-03 20:06:51.853  5405  5652 D UsbStatsMonitor: 0 0 0 0 0 0 0 0 0 0 0 0 0 0 0 0 0 0 0 0 0 0 0 0 0 0 0 0 0 0 0 0 0 0 0 0 0 0 0 0 0 0 0 0 0 0 0 0 0
03-03 20:06:51.968  4564  4564 D io_stats: !@   8,0 r 253388 9632868 w 399819 189050396 d 0 0 f 0 0 iot 315408 0 th 0 0 0 pt 0 inp 0 0 2019.783
03-03 20:06:54.390  5405  5421 D BatteryService: Sending ACTION_BATTERY_CHANGED: level:49, status:2, health:2, ac:false, usb:true, wireless:false, pogo:false, misc:0x20000, charge_type:1, charger_type:0, voltage:3917, temperature:384, online:19, current_avg:589, ps:false, hvc:false, capacity:280000, current_event:0x18000, current_now:588, mcc:0, mcv:0, cc:1892898, present:true, scale:100, technology:Li-ion
03-03 20:06:54.391  5000  5000 E sehhealth-service: Could not open /sys/class/power_supply/battery/lrp
03-03 20:06:54.396  5405  5405 D PhoneWindowManagerExt: ACTION_BATTERY_CHANGED - Level=49, status=2
03-03 20:06:54.398  5405  5712 I DeviceBatteryInfoService: action: android.intent.action.BATTERY_CHANGED
03-03 20:06:54.398  5405  5712 I DeviceBatteryInfoService: phone battery level: 49
03-03 20:06:54.398  5405  5712 I DeviceBatteryInfoService: phone battery status: 2
03-03 20:06:54.399  5405  5405 D AdaptiveBrightnessLongtermModelBuilder: Received android.intent.action.BATTERY_CHANGED
03-03 20:06:54.399  5405  5569 D MotionRecognitionService: [SAR]  onReceive : ACTION_BATTERY_CHANGED, Plugged: 2
03-03 20:06:54.400  5405  5405 D SemWifiApBroadcastReceiver: Received : android.intent.action.BATTERY_CHANGED
03-03 20:06:54.401  5740  5740 D SemBigDataInfoController: Intent: android.intent.action.BATTERY_CHANGED
03-03 20:06:54.408 13984 13984 I [SCPMV2][SystemMonitorReceiver]: onReceive: android.intent.action.BATTERY_CHANGED
03-03 20:06:54.410  5763  5763 D KeyguardUpdateMonitor: received broadcast android.intent.action.BATTERY_CHANGED
03-03 20:06:54.411  5763  5763 D SamsungBatteryMeterDrawable: onBatteryLevelChanged isSomethingChanged: false
03-03 20:06:54.411  5763  5763 D SamsungBatteryMeterDrawable: onBatteryLevelChanged isSomethingChanged: false
03-03 20:06:54.412  5740  5740 D SemBigDataInfoController: Intent: android.intent.action.BATTERY_CHANGED
03-03 20:06:54.412  5763  5763 D SamsungBatteryMeterDrawable: onBatteryLevelChanged isSomethingChanged: false
03-03 20:06:54.413  5763  5763 D SamsungBatteryMeterDrawable: onBatteryLevelChanged isSomethingChanged: false
03-03 20:06:54.414  5763  5763 I PowerUI : mBootCompleted = true |  mFullyConnected = true
03-03 20:06:54.415  5763  5763 I PowerUI : BATTERY_HEALTH_CHECK extraHealth=2 mBatteryMiscEvent=131072
03-03 20:06:54.415  5763 11996 D SecPowerUI.Notification: dismissing low battery warning: level=49
03-03 20:06:54.416  5763 11996 D SecPowerUI.Notification: updateNotification mWarning=false mPlaySound=false
03-03 20:06:54.416  5763 11996 D SecPowerUI.Notification: SecBatteryStatsSnapshot{batteryLevel=49, currentBatteryMode=0, chargingTime=5525000, chargingType=11, batteryHealth=2, automaticTestMode=false, isHiccupState=false}
03-03 20:06:54.417  5763  5763 W PowerUI : Plug reason
03-03 20:06:54.417  5763  5763 W PowerUI : Skip charging animation - by plug status
03-03 20:06:54.417  5763  5763 D PowerUI : priorPlugType = 2 mPlugType = 2 priorBatteryStatus = 2 mBatteryStatus = 2
03-03 20:06:54.417  5763  5763 W PowerUI : Plug reason
03-03 20:06:54.417  5763  5763 W PowerUI : Skip charging sound - by plug status
03-03 20:06:54.417  5763  5763 I PowerUI : oldMisalign : false, curMisalign : false
03-03 20:06:54.417  5763 11996 D SecPowerUI.Notification: 1. restoreScreenTimeOut - saved_value : :
03-03 20:06:54.417  5763 11996 E SecPowerUI.Notification: no saved value, so we do nothing !!
03-03 20:06:54.419  5763  5763 D SecPowerUI.Notification: showChargingNotice oldChargingType : 11 / currentChargingType : 11, oldChargingTime : 5525000 / mChargingTime : 5525000
03-03 20:06:54.419  5763  5763 D SecPowerUI.Notification: There is no change about charging status, so return!
03-03 20:06:54.419  5763  5763 D PowerUI : Battery swelling mode - priorBatterySwellingMode = 0 mBatterySwellingMode = 0 mBatteryStatus = 2
03-03 20:06:54.419  5763  5763 I PowerUI : mBatteryMiscEvent = 131072
03-03 20:06:54.420  5763  5763 I PowerUI : checkShouldTurnOffProtectBattery : -1, Scheduling start ? : false
03-03 20:06:54.420  5763  5763 I PowerUI : Clear time
03-03 20:06:54.421  5405  5421 D SettingsProvider: isChangeAllowed() : name = charger_connected_time
03-03 20:06:54.421  5405  5421 D SettingsProvider: edmUri: content://com.sec.knox.provider/RestrictionPolicy3
03-03 20:06:54.421  5405  5421 D SettingsProvider: projectionArgs: isSettingsChangesAllowed
03-03 20:06:54.421  5405  5421 D SettingsProvider: selectionArgs: false
03-03 20:06:54.421  5405  5421 D SettingsProvider: selectionArgs: 10052
03-03 20:06:54.421  5405  5421 D SecContentProvider: query(), uri = 17 selection = isSettingsChangesAllowed
03-03 20:06:54.421  5405  5421 D SecContentProvider: called from android.uid.systemui:10052
03-03 20:06:54.422  5405  5421 D RestrictionPolicy: isSettingsChangesAllowedAsUser, userId 0 : true
03-03 20:06:54.422  5405  5421 D SettingsProvider: ret = 1
03-03 20:06:54.423  5763  5763 D KeyguardUpdateMonitor: handleBatteryUpdate
