--------- beginning of system
03-03 20:06:24.112  5405  7613 D BatteryService: Sending ACTION_BATTERY_CHANGED: level:49, status:2, health:2, ac:false, usb:true, wireless:false, pogo:false, misc:0x20000, charge_type:1, charger_type:0, voltage:3917, temperature:384, online:19, current_avg:588, ps:false, hvc:false, capacity:280000, current_event:0x18000, current_now:581, mcc:0, mcv:0, cc:1885296, present:true, scale:100, technology:Li-ion
--------- beginning of main
03-03 20:06:24.113  5000  5000 E sehhealth-service: Could not open /sys/class/power_supply/battery/lrp
03-03 20:06:24.118  5405  5569 D MotionRecognitionService: [SAR]  onReceive : ACTION_BATTERY_CHANGED, Plugged: 2
03-03 20:06:24.121  5405  5405 D PhoneWindowManagerExt: ACTION_BATTERY_CHANGED - Level=49, status=2
03-03 20:06:24.122  5405  5712 I DeviceBatteryInfoService: action: android.intent.action.BATTERY_CHANGED
03-03 20:06:24.122  5405  5712 I DeviceBatteryInfoService: phone battery level: 49
03-03 20:06:24.122  5405  5712 I DeviceBatteryInfoService: phone battery status: 2
03-03 20:06:24.124  5405  5405 D AdaptiveBrightnessLongtermModelBuilder: Received android.intent.action.BATTERY_CHANGED
03-03 20:06:24.125  5740  5740 D SemBigDataInfoController: Intent: android.intent.action.BATTERY_CHANGED
03-03 20:06:24.127  5740  5740 D SemBigDataInfoController: Intent: android.intent.action.BATTERY_CHANGED
03-03 20:06:24.129  5763  5763 D KeyguardUpdateMonitor: received broadcast android.intent.action.BATTERY_CHANGED
03-03 20:06:24.129  5763  5763 D SamsungBatteryMeterDrawable: onBatteryLevelChanged isSomethingChanged: false
03-03 20:06:24.130  5763  5763 D SamsungBatteryMeterDrawable: onBatteryLevelChanged isSomethingChanged: false
03-03 20:06:24.131  5763  5763 D SamsungBatteryMeterDrawable: onBatteryLevelChanged isSomethingChanged: false
03-03 20:06:24.133 13984 13984 I [SCPMV2][SystemMonitorReceiver]: onReceive: android.intent.action.BATTERY_CHANGED
03-03 20:06:24.135  5763  5763 D SamsungBatteryMeterDrawable: onBatteryLevelChanged isSomethingChanged: false
03-03 20:06:24.137  5763  5763 I PowerUI : mBootCompleted = true |  mFullyConnected = true
03-03 20:06:24.137  5763  5763 I PowerUI : BATTERY_HEALTH_CHECK extraHealth=2 mBatteryMiscEvent=131072
03-03 20:06:24.137  5763  5763 W PowerUI : Plug reason
03-03 20:06:24.137  5763  5763 W PowerUI : Skip charging animation - by plug status
03-03 20:06:24.137  5763  5763 D PowerUI : priorPlugType = 2 mPlugType = 2 priorBatteryStatus = 2 mBatteryStatus = 2
03-03 20:06:24.137  5763  5763 W PowerUI : Plug reason
03-03 20:06:24.137  5763  5763 W PowerUI : Skip charging sound - by plug status
03-03 20:06:24.138  5763 11872 D SecPowerUI.Notification: dismissing low battery warning: level=49
03-03 20:06:24.138  5763 11872 D SecPowerUI.Notification: updateNotification mWarning=false mPlaySound=false
03-03 20:06:24.138  5763 11872 D SecPowerUI.Notification: SecBatteryStatsSnapshot{batteryLevel=49, currentBatteryMode=0, chargingTime=5553000, chargingType=11, batteryHealth=2, automaticTestMode=false, isHiccupState=false}
03-03 20:06:24.139  5405  5405 D SemWifiApBroadcastReceiver: Received : android.intent.action.BATTERY_CHANGED
03-03 20:06:24.141  5763  5763 I PowerUI : oldMisalign : false, curMisalign : false
03-03 20:06:24.141  5763 11872 D SecPowerUI.Notification: 1. restoreScreenTimeOut - saved_value : :
03-03 20:06:24.141  5763 11872 E SecPowerUI.Notification: no saved value, so we do nothing !!
03-03 20:06:24.142  5763  5763 D SecPowerUI.Notification: showChargingNotice oldChargingType : 11 / currentChargingType : 11, oldChargingTime : 5553000 / mChargingTime : 5539000
03-03 20:06:24.143  5763  5763 D SecPowerUI.Notification: showChargingNotification()
03-03 20:06:24.143  5763  5763 D SecPowerUI.Notification: SecBatteryStatsSnapshot{batteryLevel=49, currentBatteryMode=0, chargingTime=5539000, chargingType=11, batteryHealth=2, automaticTestMode=false, isHiccupState=false}
03-03 20:06:24.148  5405  5421 D ApplicationPolicy: isStatusBarNotificationAllowedAsUser: packageName = com.android.systemui,userId = 0
03-03 20:06:24.149  5405  5421 D ApplicationPolicy: isStatusBarNotificationAllowedAsUser: packageName = com.android.systemui,userId = -1
03-03 20:06:24.149  5405  5421 D ApplicationPolicy: isStatusBarNotificationAllowedAsUser: converting userId from USER_ALLto 0
03-03 20:06:24.151  5763  5763 D PowerUI : Battery swelling mode - priorBatterySwellingMode = 0 mBatterySwellingMode = 0 mBatteryStatus = 2
03-03 20:06:24.151  5763  5763 I PowerUI : mBatteryMiscEvent = 131072
03-03 20:06:24.154  5763  5763 I PowerUI : checkShouldTurnOffProtectBattery : -1, Scheduling start ? : false
03-03 20:06:24.154  5763  5763 I PowerUI : Clear time
03-03 20:06:24.155  5405  5421 D SettingsProvider: isChangeAllowed() : name = charger_connected_time
03-03 20:06:24.155  5405  5421 D SettingsProvider: edmUri: content://com.sec.knox.provider/RestrictionPolicy3
03-03 20:06:24.155  5405  5421 D SettingsProvider: projectionArgs: isSettingsChangesAllowed
03-03 20:06:24.155  5405  5421 D SettingsProvider: selectionArgs: false
03-03 20:06:24.155  5405  5421 D SettingsProvider: selectionArgs: 10052
03-03 20:06:24.155  5405  5421 D SecContentProvider: query(), uri = 17 selection = isSettingsChangesAllowed
03-03 20:06:24.156  5405  5421 D SecContentProvider: called from android.uid.systemui:10052
03-03 20:06:24.156  5405  5421 D RestrictionPolicy: isSettingsChangesAllowedAsUser, userId 0 : true
03-03 20:06:24.156  5405  5421 D SettingsProvider: ret = 1
03-03 20:06:24.159  5763  5763 D KeyguardUpdateMonitor: handleBatteryUpdate
03-03 20:06:24.166  5763  5763 D KeyguardSecIndicationController: addIndicationTimeout() returned - unlocking
03-03 20:06:24.166  5763  5763 D KeyguardSecIndicationController: addIndication() returned - unlocking
03-03 20:06:24.166  5763  5763 D KeyguardSecIndicationController: addIndication() returned - unlocking
03-03 20:06:24.167  5763  5763 D KeyguardSecIndicationController: addBatteryAndOwnerInfoIndication() battery status = BatteryStatus{status=2,level=49,plugged=2,health=2,maxChargingWattage=-1,remaining=5539000ultraFastCharger=0}
03-03 20:06:24.167  5763  5763 I AODBatteryManager: updateBatteryData: ACTION_BATTERY_CHANGED
03-03 20:06:24.170  5763  5763 I AODBatteryManager: saveBatteryData : AOD BatteryData [mBatteryLevel=49, mBatteryStatus=CHARGING, mBatteryPlugType=USB, mBatteryPlugged=true, mRemainingChargeTime=5539000, mBatteryChargingType=1, mBatteryChargerType=NORMAL, mBatteryOnline=NOT_DEFINED, mBatterySwellingMode=NONE, mBatteryProtectMode=false]
03-03 20:06:24.170  5763  5763 I ChargingInfoManager: updateChargingInfo: newState = AOD ChargingInfo [mState=BATTERY_AND_REMAIN_TIME, mIsCharging=true, mIsFullyCharged=false, mIsBatteryProtectMode=false], oldState = AOD ChargingInfo [mState=BATTERY_AND_REMAIN_TIME, mIsCharging=true, mIsFullyCharged=false, mIsBatteryProtectMode=false]
03-03 20:06:24.359  5405  5405 I Telecom:SamsungTelecomServiceImpl: isInManagedCall - callingPackage : android
03-03 20:06:24.382  6173  6173 I Launcher.NotificationListener: onNotificationPosted : com.android.systemui number : 0
03-03 20:06:24.585  5763  5763 D BubblesManager: onEntryUpdated : shouldBubbleUp=false ,key=-1|com.android.systemui|2131428972|charging_state|10052
03-03 20:06:24.645  5763  5763 I FaceWidgetPositionAlgorithm: getMediaContainerHeight() height = 0 container Visibility = 8, isValid = false, mIsDozing = false, fraction = 1.0, source = 0, target = 0
03-03 20:06:24.645  5763  5763 I FaceWidgetPositionAlgorithm: getMediaContainerHeight() supplier = 0
03-03 20:06:24.700  5763  5763 I FaceWidgetPositionAlgorithm: getMediaContainerHeight() height = 0 container Visibility = 8, isValid = false, mIsDozing = false, fraction = 1.0, source = 0, target = 0
03-03 20:06:24.700  5763  5763 I FaceWidgetPositionAlgorithm: getMediaContainerHeight() supplier = 0
03-03 20:06:24.768  5763  5763 I FaceWidgetPositionAlgorithm: getMediaContainerHeight() height = 0 container Visibility = 8, isValid = false, mIsDozing = false, fraction = 1.0, source = 0, target = 0
03-03 20:06:24.768  5763  5763 I FaceWidgetPositionAlgorithm: getMediaContainerHeight() supplier = 0
03-03 20:06:25.949  4564  4564 D io_stats: !@   8,0 r 253349 9631960 w 399810 189049524 d 0 0 f 0 0 iot 315360 0 th 0 0 0 pt 0 inp 0 0 1993.764
03-03 20:06:26.044  5405  6722 D FreecessController: com.sec.android.app.myfiles(10119) is important[!isUidIdle]
03-03 20:06:27.841  5405  5454 E Watchdog: !@Sync: 67 heap: 85 / 102 FD: 921 [2026-03-03 20:06:27.840]
