--------- beginning of main
03-03 20:07:45.194  5763  5763 I FaceWidgetPositionAlgorithm: getMediaContainerHeight() height = 0 container Visibility = 8, isValid = false, mIsDozing = false, fraction = 1.0, source = 0, target = 0
03-03 20:07:45.194  5763  5763 I FaceWidgetPositionAlgorithm: getMediaContainerHeight() supplier = 0
03-03 20:07:45.234  5763  5763 I FaceWidgetPositionAlgorithm: getMediaContainerHeight() height = 0 container Visibility = 8, isValid = false, mIsDozing = false, fraction = 1.0, source = 0, target = 0
03-03 20:07:45.234  5763  5763 I FaceWidgetPositionAlgorithm: getMediaContainerHeight() supplier = 0
--------- beginning of system
03-03 20:07:46.009  4564  4564 D io_stats: !@   8,0 r 253404 9632956 w 399848 189050832 d 0 0 f 0 0 iot 315464 0 th 0 0 0 pt 0 inp 0 0 2073.825
03-03 20:07:47.398  5405  5636 W DeviceStorageMonitorService: updateBroadcasts(/data) oldLevel:0, newLevel:0, seq:1
03-03 20:07:47.401  5405  5636 D DeviceStorageMonitorService: Available File Node Number is [12604700]
03-03 20:07:47.401  5405  5636 W DeviceStorageMonitorService: updateBroadcasts_filenode(/data) fn_oldLevel:0, fn_newLevel:0, seq:1
03-03 20:07:48.011  4564  4564 D io_stats: !@   8,0 r 253404 9632956 w 399849 189050836 d 0 0 f 0 0 iot 315468 0 th 0 0 0 pt 0 inp 0 0 2075.827
03-03 20:07:49.702  5763  5763 D SecPowerUI.Notification: showChargingNotice oldChargingType : 11 / currentChargingType : 11, oldChargingTime : 5463000 / mChargingTime : 5463000
03-03 20:07:49.702  5763  5763 D SecPowerUI.Notification: There is no change about charging status, so return!
03-03 20:07:51.780  7525  8838 I SDHMS:D : SIOP:: AP:371 BAT:384 USB:0 CHG:392 WIFI:367 SKIN:369 SKINF:368 SKINB:369 LRP:369 LRF:368 LRB:369 
03-03 20:07:51.919  5405  5652 D UsbStatsMonitor: 0 0 0 0 0 0 0 0 0 0 0 0 0 0 0 0 0 0 0 0 0 0 0 0 0 0 0 0 0 0 0 0 0 0 0 0 0 0 0 0 0 0 0 0 0 0 0 0 0
03-03 20:07:54.016  4564  4564 D io_stats: !@   8,0 r 253404 9632956 w 399999 189058044 d 0 0 f 0 0 iot 315504 0 th 0 0 0 pt 0 inp 0 0 2081.832
03-03 20:07:54.727  5405  5421 D BatteryService: Sending ACTION_BATTERY_CHANGED: level:50, status:2, health:2, ac:false, usb:true, wireless:false, pogo:false, misc:0x20000, charge_type:1, charger_type:0, voltage:3919, temperature:384, online:19, current_avg:580, ps:false, hvc:false, capacity:280000, current_event:0x18000, current_now:591, mcc:0, mcv:0, cc:1908102, present:true, scale:100, technology:Li-ion
03-03 20:07:54.728  5000  5000 E sehhealth-service: Could not open /sys/class/power_supply/battery/lrp
03-03 20:07:54.734  5405  5405 D PhoneWindowManagerExt: ACTION_BATTERY_CHANGED - Level=50, status=2
03-03 20:07:54.735  5405  5569 D MotionRecognitionService: [SAR]  onReceive : ACTION_BATTERY_CHANGED, Plugged: 2
03-03 20:07:54.739  5405  5712 I DeviceBatteryInfoService: action: android.intent.action.BATTERY_CHANGED
03-03 20:07:54.739  5405  5712 I DeviceBatteryInfoService: phone battery level: 50
03-03 20:07:54.739  5405  5712 I DeviceBatteryInfoService: phone battery status: 2
03-03 20:07:54.741  5405  5405 D AdaptiveBrightnessLongtermModelBuilder: Received android.intent.action.BATTERY_CHANGED
03-03 20:07:54.741  5740  5740 D SemBigDataInfoController: Intent: android.intent.action.BATTERY_CHANGED
03-03 20:07:54.741  5405  5405 D SemWifiApBroadcastReceiver: Received : android.intent.action.BATTERY_CHANGED
03-03 20:07:54.746  5763  5763 D KeyguardUpdateMonitor: received broadcast android.intent.action.BATTERY_CHANGED
03-03 20:07:54.746  5740  5740 D SemBigDataInfoController: Intent: android.intent.action.BATTERY_CHANGED
03-03 20:07:54.747  5763  5763 D SamsungBatteryMeterDrawable: onBatteryLevelChanged isSomethingChanged: false
03-03 20:07:54.748  5763  5763 D SamsungBatteryMeterDrawable: onBatteryLevelChanged isSomethingChanged: false
03-03 20:07:54.749 13984 13984 I [SCPMV2][SystemMonitorReceiver]: onReceive: android.intent.action.BATTERY_CHANGED
03-03 20:07:54.749  5763  5763 D SamsungBatteryMeterDrawable: onBatteryLevelChanged isSomethingChanged: false
03-03 20:07:54.750  5763  5763 D SamsungBatteryMeterDrawable: onBatteryLevelChanged isSomethingChanged: false
03-03 20:07:54.751  5763  5763 I PowerUI : mBootCompleted = true |  mFullyConnected = true
03-03 20:07:54.751  5763  5763 I PowerUI : BATTERY_HEALTH_CHECK extraHealth=2 mBatteryMiscEvent=131072
03-03 20:07:54.752  5763  5763 W PowerUI : Plug reason
03-03 20:07:54.752  5763  5763 W PowerUI : Skip charging animation - by plug status
03-03 20:07:54.752  5763  5763 D PowerUI : priorPlugType = 2 mPlugType = 2 priorBatteryStatus = 2 mBatteryStatus = 2
03-03 20:07:54.752  5763  5763 W PowerUI : Plug reason
03-03 20:07:54.752  5763  5763 W PowerUI : Skip charging sound - by plug status
03-03 20:07:54.752  5763  5763 I PowerUI : oldMisalign : false, curMisalign : false
03-03 20:07:54.753  5763 11872 D SecPowerUI.Notification: dismissing low battery warning: level=50
03-03 20:07:54.754  5763 11872 D SecPowerUI.Notification: updateNotification mWarning=false mPlaySound=false
03-03 20:07:54.755  5763 11872 D SecPowerUI.Notification: SecBatteryStatsSnapshot{batteryLevel=50, currentBatteryMode=0, chargingTime=5463000, chargingType=11, batteryHealth=2, automaticTestMode=false, isHiccupState=false}
03-03 20:07:54.755  5763  5763 D SecPowerUI.Notification: showChargingNotice oldChargingType : 11 / currentChargingType : 11, oldChargingTime : 5463000 / mChargingTime : 5463000
03-03 20:07:54.755  5763  5763 D SecPowerUI.Notification: There is no change about charging status, so return!
03-03 20:07:54.755  5763  5763 D PowerUI : Battery swelling mode - priorBatterySwellingMode = 0 mBatterySwellingMode = 0 mBatteryStatus = 2
03-03 20:07:54.755  5763  5763 I PowerUI : mBatteryMiscEvent = 131072
03-03 20:07:54.757  5763 11872 D SecPowerUI.Notification: 1. restoreScreenTimeOut - saved_value : :
03-03 20:07:54.757  5763 11872 E SecPowerUI.Notification: no saved value, so we do nothing !!
03-03 20:07:54.758  5763  5763 I PowerUI : checkShouldTurnOffProtectBattery : -1, Scheduling start ? : false
03-03 20:07:54.758  5763  5763 I PowerUI : Clear time
03-03 20:07:54.759  5405  5421 D SettingsProvider: isChangeAllowed() : name = charger_connected_time
03-03 20:07:54.759  5405  5421 D SettingsProvider: edmUri: content://com.sec.knox.provider/RestrictionPolicy3
03-03 20:07:54.759  5405  5421 D SettingsProvider: projectionArgs: isSettingsChangesAllowed
03-03 20:07:54.759  5405  5421 D SettingsProvider: selectionArgs: false
03-03 20:07:54.759  5405  5421 D SettingsProvider: selectionArgs: 10052
03-03 20:07:54.760  5405  5421 D SecContentProvider: query(), uri = 17 selection = isSettingsChangesAllowed
03-03 20:07:54.760  5405  5421 D SecContentProvider: called from android.uid.systemui:10052
03-03 20:07:54.760  5405  5421 D RestrictionPolicy: isSettingsChangesAllowedAsUser, userId 0 : true
03-03 20:07:54.761  5405  5421 D SettingsProvider: ret = 1
03-03 20:07:54.763  5763  5763 D KeyguardUpdateMonitor: handleBatteryUpdate
03-03 20:07:54.765  5763  5763 I AODBatteryManager: updateBatteryData: ACTION_BATTERY_CHANGED
03-03 20:07:54.767  5763  5763 I AODBatteryManager: saveBatteryData : AOD BatteryData [mBatteryLevel=50, mBatteryStatus=CHARGING, mBatteryPlugType=USB, mBatteryPlugged=true, mRemainingChargeTime=5463000, mBatteryChargingType=1, mBatteryChargerType=NORMAL, mBatteryOnline=NOT_DEFINED, mBatterySwellingMode=NONE, mBatteryProtectMode=false]
03-03 20:07:56.068  5405  6722 D FreecessController: com.sec.android.app.myfiles(10119) is important[!isUidIdle]
--------- beginning of system
03-03 20:07:57.914  5405  5454 E Watchdog: !@Sync: 70 heap: 89 / 102 FD: 922 [2026-03-03 20:07:57.913]
03-03 20:07:59.378  5405  6722 D FreecessController: com.sec.android.app.camera(10107) is important[!isUidIdle]
--------- beginning of main
03-03 20:07:59.766  5763  5763 D SecPowerUI.Notification: showChargingNotice oldChargingType : 11 / currentChargingType : 11, oldChargingTime : 5463000 / mChargingTime : 5463000
03-03 20:07:59.767  5763  5763 D SecPowerUI.Notification: There is no change about charging status, so return!
03-03 20:08:00.005  5763  6242 D QSClockBellTower: onReceive(android.intent.action.TIME_TICK) mTimeZoneString:null
03-03 20:08:00.006  5763  5763 D KeyguardUpdateMonitor: received broadcast android.intent.action.TIME_TICK
03-03 20:08:00.013  5763  5763 D QSClockBellTower: He is ready to ring the bell. (((QSClockBellSound - TimeText:20:08, TimeContentDescription:20:08, DateText:Tue, 3 March, ShortDateText:Tue, 3 Mar, Demo:false, QuickStar-Second(false|12:34:56))))
03-03 20:08:00.015  5763  5763 D QSClockIndicatorView: Home Indicator status_bar_clock 20:08 notifyTimeChanged(QSClockBellSound - TimeText:20:08, TimeContentDescription:20:08, DateText:Tue, 3 March, ShortDateText:Tue, 3 Mar, Demo:false, QuickStar-Second(false|12:34:56)) ClockVisibleByPolicy:true, ClockVisibleByUser:true, visible?true, parent:android.widget.LinearLayout{6e0da4a V.E...... ......ID 0,0-97,55 #7f0b04f0 app:id/left_clock_container}
03-03 20:08:00.017  5763  5763 D QSClockBellTower: Everyone heard the bell. run(currentTime:1772543280007,   getTime():Tue Mar 03 20:08:00 GMT+07:00 2026,   getTimeZone():libcore.util.ZoneInfo[mDstSavings=0,mUseDst=false,mDelegate=[id="Asia/Bangkok",mRawOffset=25200000,mEarliestRawOffset=24124000,transitions=3]])
03-03 20:08:00.020  5763  5763 D KeyguardUpdateMonitor: handleTimeUpdate
03-03 20:08:00.022  5763  5763 D FaceWidgetPagesController: onTimeChanged()
03-03 20:08:00.047  5763  5763 I FaceWidgetPositionAlgorithm: getMediaContainerHeight() height = 0 container Visibility = 8, isValid = false, mIsDozing = false, fraction = 1.0, source = 0, target = 0
03-03 20:08:00.048  5763  5763 I FaceWidgetPositionAlgorithm: getMediaContainerHeight() supplier = 0
03-03 20:08:00.053  5763  5763 V QsExpandAnimator: setQsExpansionPosition 0.0
03-03 20:08:00.064  5763  5763 V QsExpandAnimator: updateAnimators
03-03 20:08:00.064  5763  5763 V QsExpandAnimator: clearAnimationState 
03-03 20:08:00.065  5763  5763 V QsExpandAnimator: updateViews
03-03 20:08:00.072  5763  5763 V QsExpandAnimator: updateTileAnimator
03-03 20:08:00.076  5763  5763 V QsExpandAnimator: updateHeaderAnimator
03-03 20:08:00.078  5763  5763 V QsExpandAnimator: updateBarAnimator
03-03 20:08:00.078  5763  5763 V QsExpandAnimator: setQsExpansionPosition 0.0
03-03 20:08:00.078  5763  5763 V QsExpandAnimator: onAnimationAtStart
03-03 20:08:01.774  7525  8838 I SDHMS:D : SIOP:: AP:370 BAT:384 USB:0 CHG:392 WIFI:368 SKIN:369 SKINF:368 SKINB:369 LRP:369 LRF:368 LRB:369 
03-03 20:08:04.024  4564  4564 D io_stats: !@   8,0 r 253404 9632956 w 400001 189058052 d 0 0 f 0 0 iot 315508 0 th 0 0 0 pt 0 inp 0 0 2091.839
03-03 20:08:04.750  5000  5000 E sehhealth-service: Could not open /sys/class/power_supply/battery/lrp
03-03 20:08:04.751  5405  5421 D BatteryService: Sending ACTION_BATTERY_CHANGED: level:50, status:2, health:2, ac:false, usb:true, wireless:false, pogo:false, misc:0x20000, charge_type:1, charger_type:0, voltage:3918, temperature:384, online:19, current_avg:585, ps:false, hvc:false, capacity:280000, current_event:0x18000, current_now:585, mcc:0, mcv:0, cc:1908102, present:true, scale:100, technology:Li-ion
03-03 20:08:04.756  5405  5569 D MotionRecognitionService: [SAR]  onReceive : ACTION_BATTERY_CHANGED, Plugged: 2
03-03 20:08:04.757  5405  5405 D PhoneWindowManagerExt: ACTION_BATTERY_CHANGED - Level=50, status=2
03-03 20:08:04.759  5405  5712 I DeviceBatteryInfoService: action: android.intent.action.BATTERY_CHANGED
03-03 20:08:04.759  5405  5712 I DeviceBatteryInfoService: phone battery level: 50
03-03 20:08:04.759  5405  5712 I DeviceBatteryInfoService: phone battery status: 2
03-03 20:08:04.760  5405  5405 D AdaptiveBrightnessLongtermModelBuilder: Received android.intent.action.BATTERY_CHANGED
03-03 20:08:04.761  5405  5405 D SemWifiApBroadcastReceiver: Received : android.intent.action.BATTERY_CHANGED
03-03 20:08:04.762  5740  5740 D SemBigDataInfoController: Intent: android.intent.action.BATTERY_CHANGED
03-03 20:08:04.763  5740  5740 D SemBigDataInfoController: Intent: android.intent.action.BATTERY_CHANGED
03-03 20:08:04.764  5763  5763 D KeyguardUpdateMonitor: received broadcast android.intent.action.BATTERY_CHANGED
03-03 20:08:04.765  5763  5763 D SamsungBatteryMeterDrawable: onBatteryLevelChanged isSomethingChanged: false
03-03 20:08:04.766  5763  5763 D SamsungBatteryMeterDrawable: onBatteryLevelChanged isSomethingChanged: false
03-03 20:08:04.767  5763  5763 D SamsungBatteryMeterDrawable: onBatteryLevelChanged isSomethingChanged: false
03-03 20:08:04.768  5763  5763 D SamsungBatteryMeterDrawable: onBatteryLevelChanged isSomethingChanged: false
03-03 20:08:04.769  5763  5763 I PowerUI : mBootCompleted = true |  mFullyConnected = true
03-03 20:08:04.770  5763  5763 I PowerUI : BATTERY_HEALTH_CHECK extraHealth=2 mBatteryMiscEvent=131072
03-03 20:08:04.770  5763  5763 W PowerUI : Plug reason
03-03 20:08:04.770 13984 13984 I [SCPMV2][SystemMonitorReceiver]: onReceive: android.intent.action.BATTERY_CHANGED
03-03 20:08:04.770  5763  5763 W PowerUI : Skip charging animation - by plug status
03-03 20:08:04.770  5763  5763 D PowerUI : priorPlugType = 2 mPlugType = 2 priorBatteryStatus = 2 mBatteryStatus = 2
03-03 20:08:04.770  5763  5763 W PowerUI : Plug reason
03-03 20:08:04.770  5763  5763 W PowerUI : Skip charging sound - by plug status
03-03 20:08:04.770  5763  5763 I PowerUI : oldMisalign : false, curMisalign : false
03-03 20:08:04.772  5763 11897 D SecPowerUI.Notification: dismissing low battery warning: level=50
03-03 20:08:04.772  5763 11897 D SecPowerUI.Notification: updateNotification mWarning=false mPlaySound=false
03-03 20:08:04.772  5763 11897 D SecPowerUI.Notification: SecBatteryStatsSnapshot{batteryLevel=50, currentBatteryMode=0, chargingTime=5463000, chargingType=11, batteryHealth=2, automaticTestMode=false, isHiccupState=false}
03-03 20:08:04.774  5763 11897 D SecPowerUI.Notification: 1. restoreScreenTimeOut - saved_value : :
03-03 20:08:04.774  5763 11897 E SecPowerUI.Notification: no saved value, so we do nothing !!
03-03 20:08:04.774  5763  5763 D SecPowerUI.Notification: showChargingNotice oldChargingType : 11 / currentChargingType : 11, oldChargingTime : 5463000 / mChargingTime : 5445000
03-03 20:08:04.775  5763  5763 D SecPowerUI.Notification: showChargingNotification()
03-03 20:08:04.775  5763  5763 D SecPowerUI.Notification: SecBatteryStatsSnapshot{batteryLevel=50, currentBatteryMode=0, chargingTime=5445000, chargingType=11, batteryHealth=2, automaticTestMode=false, isHiccupState=false}
03-03 20:08:04.779  5405  5421 D ApplicationPolicy: isStatusBarNotificationAllowedAsUser: packageName = com.android.systemui,userId = 0
03-03 20:08:04.780  5405  5421 D ApplicationPolicy: isStatusBarNotificationAllowedAsUser: packageName = com.android.systemui,userId = -1
03-03 20:08:04.780  5405  5421 D ApplicationPolicy: isStatusBarNotificationAllowedAsUser: converting userId from USER_ALLto 0
03-03 20:08:04.782  5763  5763 D PowerUI : Battery swelling mode - priorBatterySwellingMode = 0 mBatterySwellingMode = 0 mBatteryStatus = 2
03-03 20:08:04.782  5763  5763 I PowerUI : mBatteryMiscEvent = 131072
03-03 20:08:04.783  5763  5763 I PowerUI : checkShouldTurnOffProtectBattery : -1, Scheduling start ? : false
03-03 20:08:04.784  5763  5763 I PowerUI : Clear time
03-03 20:08:04.785  5405  5421 D SettingsProvider: isChangeAllowed() : name = charger_connected_time
03-03 20:08:04.785  5405  5421 D SettingsProvider: edmUri: content://com.sec.knox.provider/RestrictionPolicy3
03-03 20:08:04.785  5405  5421 D SettingsProvider: projectionArgs: isSettingsChangesAllowed
03-03 20:08:04.785  5405  5421 D SettingsProvider: selectionArgs: false
03-03 20:08:04.785  5405  5421 D SettingsProvider: selectionArgs: 10052
03-03 20:08:04.785  5405  5421 D SecContentProvider: query(), uri = 17 selection = isSettingsChangesAllowed
03-03 20:08:04.785  5405  5421 D SecContentProvider: called from android.uid.systemui:10052
03-03 20:08:04.786  5405  5421 D RestrictionPolicy: isSettingsChangesAllowedAsUser, userId 0 : true
03-03 20:08:04.786  5405  5421 D SettingsProvider: ret = 1
03-03 20:08:04.788  5763  5763 D KeyguardUpdateMonitor: handleBatteryUpdate
03-03 20:08:04.795  5763  5763 D KeyguardSecIndicationController: addIndicationTimeout() returned - unlocking
03-03 20:08:04.795  5763  5763 D KeyguardSecIndicationController: addIndication() returned - unlocking
03-03 20:08:04.796  5763  5763 D KeyguardSecIndicationController: addIndication() returned - unlocking
03-03 20:08:04.796  5763  5763 D KeyguardSecIndicationController: addBatteryAndOwnerInfoIndication() battery status = BatteryStatus{status=2,level=50,plugged=2,health=2,maxChargingWattage=-1,remaining=5445000ultraFastCharger=0}
03-03 20:08:04.796  5763  5763 I AODBatteryManager: updateBatteryData: ACTION_BATTERY_CHANGED
03-03 20:08:04.798  5763  5763 I AODBatteryManager: saveBatteryData : AOD BatteryData [mBatteryLevel=50, mBatteryStatus=CHARGING, mBatteryPlugType=USB, mBatteryPlugged=true, mRemainingChargeTime=5445000, mBatteryChargingType=1, mBatteryChargerType=NORMAL, mBatteryOnline=NOT_DEFINED, mBatterySwellingMode=NONE, mBatteryProtectMode=false]
03-03 20:08:04.799  5763  5763 I ChargingInfoManager: updateChargingInfo: newState = AOD ChargingInfo [mState=BATTERY_AND_REMAIN_TIME, mIsCharging=true, mIsFullyCharged=false, mIsBatteryProtectMode=false], oldState = AOD ChargingInfo [mState=BATTERY_AND_REMAIN_TIME, mIsCharging=true, mIsFullyCharged=false, mIsBatteryProtectMode=false]
03-03 20:08:04.990  5405  5405 I Telecom:SamsungTelecomServiceImpl: isInManagedCall - callingPackage : android
03-03 20:08:04.998  6173  6173 I Launcher.NotificationListener: onNotificationPosted : com.android.systemui number : 0
03-03 20:08:05.201  5763  5763 D BubblesManager: onEntryUpdated : shouldBubbleUp=false ,key=-1|com.android.systemui|2131428972|charging_state|10052
03-03 20:08:05.234  5763  5763 I FaceWidgetPositionAlgorithm: getMediaContainerHeight() height = 0 container Visibility = 8, isValid = false, mIsDozing = false, fraction = 1.0, source = 0, target = 0
03-03 20:08:05.235  5763  5763 I FaceWidgetPositionAlgorithm: getMediaContainerHeight() supplier = 0
--------- beginning of system
03-03 20:08:08.026  4564  4564 D io_stats: !@   8,0 r 253404 9632956 w 400009 189058112 d 0 0 f 0 0 iot 315512 0 th 0 0 0 pt 0 inp 0 0 2095.842
--------- beginning of main
03-03 20:08:09.788  5763  5763 D SecPowerUI.Notification: showChargingNotice oldChargingType : 11 / currentChargingType : 11, oldChargingTime : 5445000 / mChargingTime : 5445000
03-03 20:08:09.788  5763  5763 D SecPowerUI.Notification: There is no change about charging status, so return!
03-03 20:08:11.074  5405  6722 D FreecessController: com.sec.android.app.myfiles(10119) is important[!isUidIdle]
--------- beginning of system
03-03 20:08:11.779  7525  8838 I SDHMS:D : SIOP:: AP:371 BAT:384 USB:0 CHG:392 WIFI:367 SKIN:369 SKINF:368 SKINB:369 LRP:369 LRF:368 LRB:369 
03-03 20:08:14.383  5405  6722 D FreecessController: com.sec.android.app.camera(10107) is important[!isUidIdle]
03-03 20:08:14.823  5405  5421 D BatteryService: Sending ACTION_BATTERY_CHANGED: level:50, status:2, health:2, ac:false, usb:true, wireless:false, pogo:false, misc:0x20000, charge_type:1, charger_type:0, voltage:3920, temperature:384, online:19, current_avg:566, ps:false, hvc:false, capacity:280000, current_event:0x18000, current_now:563, mcc:0, mcv:0, cc:1911903, present:true, scale:100, technology:Li-ion
--------- beginning of main
03-03 20:08:14.823  5000  5000 E sehhealth-service: Could not open /sys/class/power_supply/battery/lrp
03-03 20:08:14.830  5405  5569 D MotionRecognitionService: [SAR]  onReceive : ACTION_BATTERY_CHANGED, Plugged: 2
03-03 20:08:14.832  5405  5405 D PhoneWindowManagerExt: ACTION_BATTERY_CHANGED - Level=50, status=2
03-03 20:08:14.832  5405  5712 I DeviceBatteryInfoService: action: android.intent.action.BATTERY_CHANGED
03-03 20:08:14.833  5405  5712 I DeviceBatteryInfoService: phone battery level: 50
03-03 20:08:14.833  5405  5405 D AdaptiveBrightnessLongtermModelBuilder: Received android.intent.action.BATTERY_CHANGED
03-03 20:08:14.834  5405  5405 D SemWifiApBroadcastReceiver: Received : android.intent.action.BATTERY_CHANGED
03-03 20:08:14.835  5405  5712 I DeviceBatteryInfoService: phone battery status: 2
03-03 20:08:14.839  5740  5740 D SemBigDataInfoController: Intent: android.intent.action.BATTERY_CHANGED
03-03 20:08:14.840  5740  5740 D SemBigDataInfoController: Intent: android.intent.action.BATTERY_CHANGED
03-03 20:08:14.843  5763  5763 I AODBatteryManager: updateBatteryData: ACTION_BATTERY_CHANGED
03-03 20:08:14.845 13984 13984 I [SCPMV2][SystemMonitorReceiver]: onReceive: android.intent.action.BATTERY_CHANGED
03-03 20:08:14.846  5763  5763 I AODBatteryManager: saveBatteryData : AOD BatteryData [mBatteryLevel=50, mBatteryStatus=CHARGING, mBatteryPlugType=USB, mBatteryPlugged=true, mRemainingChargeTime=5445000, mBatteryChargingType=1, mBatteryChargerType=NORMAL, mBatteryOnline=NOT_DEFINED, mBatterySwellingMode=NONE, mBatteryProtectMode=false]
03-03 20:08:14.846  5763  5763 D KeyguardUpdateMonitor: received broadcast android.intent.action.BATTERY_CHANGED
03-03 20:08:14.847  5763  5763 D SamsungBatteryMeterDrawable: onBatteryLevelChanged isSomethingChanged: false
03-03 20:08:14.848  5763  5763 D SamsungBatteryMeterDrawable: onBatteryLevelChanged isSomethingChanged: false
03-03 20:08:14.849  5763  5763 D SamsungBatteryMeterDrawable: onBatteryLevelChanged isSomethingChanged: false
03-03 20:08:14.850  5763  5763 D SamsungBatteryMeterDrawable: onBatteryLevelChanged isSomethingChanged: false
03-03 20:08:14.851  5763  5763 I PowerUI : mBootCompleted = true |  mFullyConnected = true
03-03 20:08:14.851  5763  5763 I PowerUI : BATTERY_HEALTH_CHECK extraHealth=2 mBatteryMiscEvent=131072
03-03 20:08:14.851  5763  5763 W PowerUI : Plug reason
03-03 20:08:14.851  5763  5763 W PowerUI : Skip charging animation - by plug status
03-03 20:08:14.851  5763  5763 D PowerUI : priorPlugType = 2 mPlugType = 2 priorBatteryStatus = 2 mBatteryStatus = 2
03-03 20:08:14.851  5763  5763 W PowerUI : Plug reason
03-03 20:08:14.851  5763 11996 D SecPowerUI.Notification: dismissing low battery warning: level=50
03-03 20:08:14.851  5763 11996 D SecPowerUI.Notification: updateNotification mWarning=false mPlaySound=false
03-03 20:08:14.852  5763 11996 D SecPowerUI.Notification: SecBatteryStatsSnapshot{batteryLevel=50, currentBatteryMode=0, chargingTime=5445000, chargingType=11, batteryHealth=2, automaticTestMode=false, isHiccupState=false}
03-03 20:08:14.852  5763  5763 W PowerUI : Skip charging sound - by plug status
03-03 20:08:14.852  5763  5763 I PowerUI : oldMisalign : false, curMisalign : false
03-03 20:08:14.853  5763 11996 D SecPowerUI.Notification: 1. restoreScreenTimeOut - saved_value : :
03-03 20:08:14.853  5763 11996 E SecPowerUI.Notification: no saved value, so we do nothing !!
03-03 20:08:14.854  5763  5763 D SecPowerUI.Notification: showChargingNotice oldChargingType : 11 / currentChargingType : 11, oldChargingTime : 5445000 / mChargingTime : 5445000
03-03 20:08:14.854  5763  5763 D SecPowerUI.Notification: There is no change about charging status, so return!
03-03 20:08:14.855  5763  5763 D PowerUI : Battery swelling mode - priorBatterySwellingMode = 0 mBatterySwellingMode = 0 mBatteryStatus = 2
03-03 20:08:14.855  5763  5763 I PowerUI : mBatteryMiscEvent = 131072
03-03 20:08:14.857  5763  5763 I PowerUI : checkShouldTurnOffProtectBattery : -1, Scheduling start ? : false
03-03 20:08:14.857  5763  5763 I PowerUI : Clear time
03-03 20:08:14.859  5405  5421 D SettingsProvider: isChangeAllowed() : name = charger_connected_time
03-03 20:08:14.859  5405  5421 D SettingsProvider: edmUri: content://com.sec.knox.provider/RestrictionPolicy3
03-03 20:08:14.859  5405  5421 D SettingsProvider: projectionArgs: isSettingsChangesAllowed
03-03 20:08:14.859  5405  5421 D SettingsProvider: selectionArgs: false
03-03 20:08:14.859  5405  5421 D SettingsProvider: selectionArgs: 10052
03-03 20:08:14.859  5405  5421 D SecContentProvider: query(), uri = 17 selection = isSettingsChangesAllowed
03-03 20:08:14.859  5405  5421 D SecContentProvider: called from android.uid.systemui:10052
03-03 20:08:14.860  5405  5421 D RestrictionPolicy: isSettingsChangesAllowedAsUser, userId 0 : true
03-03 20:08:14.860  5405  5421 D SettingsProvider: ret = 1
03-03 20:08:14.863  5763  5763 D KeyguardUpdateMonitor: handleBatteryUpdate
--------- beginning of main
03-03 20:08:19.864  5763  5763 D SecPowerUI.Notification: showChargingNotice oldChargingType : 11 / currentChargingType : 11, oldChargingTime : 5445000 / mChargingTime : 5445000
03-03 20:08:19.864  5763  5763 D SecPowerUI.Notification: There is no change about charging status, so return!
03-03 20:08:20.017  6509  7903 I ContactsProvider_EventLog: cp_s: [CONTACT con(623) dat(3473) acc({sec(6)=5, google(7)=2, google(2)=628}) calls([logtype:100 cnt:1804, logtype:300 cnt:500, logtype:500 cnt:1, logtype:1000 cnt:195]) Iso(GB) uId(0) ]
03-03 20:08:20.017  6509  7903 I ContactsProvider_EventLog: cp_s: [ agr({[2 ,6]=1, [6 ,2]=1, [6]=2, [2 ,2]=6, [2]=610, [2 ,2 ,6]=1, [7 ,2]=2}) ]
03-03 20:08:20.017  6509  7903 I ContactsProvider_EventLog: cp_s: [ cnt({acore(6509)=1}) ]
03-03 20:08:20.017  6509  7903 I ContactsProvider_EventLog: cp_s: [PROFILE ] [SAPROFILE ]
03-03 20:08:20.017  6509  7903 I ContactsProvider_EventLog: cp_s: [STATE R(F) ]
--------- beginning of system
03-03 20:08:21.781  7525  8838 I SDHMS:D : SIOP:: AP:370 BAT:384 USB:0 CHG:392 WIFI:367 SKIN:369 SKINF:368 SKINB:369 LRP:369 LRF:368 LRB:369 
--------- beginning of system
03-03 20:08:24.889  5405  5421 D BatteryService: Sending ACTION_BATTERY_CHANGED: level:50, status:2, health:2, ac:false, usb:true, wireless:false, pogo:false, misc:0x20000, charge_type:1, charger_type:0, voltage:3919, temperature:384, online:19, current_avg:587, ps:false, hvc:false, capacity:280000, current_event:0x18000, current_now:592, mcc:0, mcv:0, cc:1911903, present:true, scale:100, technology:Li-ion
--------- beginning of main
03-03 20:08:24.889  5000  5000 E sehhealth-service: Could not open /sys/class/power_supply/battery/lrp
03-03 20:08:24.895  5405  5569 D MotionRecognitionService: [SAR]  onReceive : ACTION_BATTERY_CHANGED, Plugged: 2
03-03 20:08:24.895  5405  5405 D PhoneWindowManagerExt: ACTION_BATTERY_CHANGED - Level=50, status=2
03-03 20:08:24.898  5405  5712 I DeviceBatteryInfoService: action: android.intent.action.BATTERY_CHANGED
03-03 20:08:24.898  5405  5712 I DeviceBatteryInfoService: phone battery level: 50
03-03 20:08:24.898  5405  5712 I DeviceBatteryInfoService: phone battery status: 2
03-03 20:08:24.900  5405  5405 D AdaptiveBrightnessLongtermModelBuilder: Received android.intent.action.BATTERY_CHANGED
03-03 20:08:24.902  5405  5405 D SemWifiApBroadcastReceiver: Received : android.intent.action.BATTERY_CHANGED
03-03 20:08:24.905  5740  5740 D SemBigDataInfoController: Intent: android.intent.action.BATTERY_CHANGED
03-03 20:08:24.905  5740  5740 D SemBigDataInfoController: Intent: android.intent.action.BATTERY_CHANGED
03-03 20:08:24.908  5763  5763 D KeyguardUpdateMonitor: received broadcast android.intent.action.BATTERY_CHANGED
03-03 20:08:24.911  5763  5763 D SamsungBatteryMeterDrawable: onBatteryLevelChanged isSomethingChanged: false
03-03 20:08:24.914 13984 13984 I [SCPMV2][SystemMonitorReceiver]: onReceive: android.intent.action.BATTERY_CHANGED
03-03 20:08:24.915  5763  5763 D SamsungBatteryMeterDrawable: onBatteryLevelChanged isSomethingChanged: false
03-03 20:08:24.916  5763  5763 D SamsungBatteryMeterDrawable: onBatteryLevelChanged isSomethingChanged: false
03-03 20:08:24.917  5763  5763 D SamsungBatteryMeterDrawable: onBatteryLevelChanged isSomethingChanged: false
03-03 20:08:24.918  5763  5763 I PowerUI : mBootCompleted = true |  mFullyConnected = true
03-03 20:08:24.919  5763  5763 I PowerUI : BATTERY_HEALTH_CHECK extraHealth=2 mBatteryMiscEvent=131072
03-03 20:08:24.919  5763  5763 W PowerUI : Plug reason
03-03 20:08:24.919  5763  5763 W PowerUI : Skip charging animation - by plug status
03-03 20:08:24.919  5763  5763 D PowerUI : priorPlugType = 2 mPlugType = 2 priorBatteryStatus = 2 mBatteryStatus = 2
03-03 20:08:24.919  5763  5763 W PowerUI : Plug reason
03-03 20:08:24.919  5763  5763 W PowerUI : Skip charging sound - by plug status
03-03 20:08:24.919  5763  5763 I PowerUI : oldMisalign : false, curMisalign : false
03-03 20:08:24.920  5763 12012 D SecPowerUI.Notification: dismissing low battery warning: level=50
03-03 20:08:24.920  5763 12012 D SecPowerUI.Notification: updateNotification mWarning=false mPlaySound=false
03-03 20:08:24.920  5763 12012 D SecPowerUI.Notification: SecBatteryStatsSnapshot{batteryLevel=50, currentBatteryMode=0, chargingTime=5445000, chargingType=11, batteryHealth=2, automaticTestMode=false, isHiccupState=false}
03-03 20:08:24.922  5763 12012 D SecPowerUI.Notification: 1. restoreScreenTimeOut - saved_value : :
03-03 20:08:24.922  5763 12012 E SecPowerUI.Notification: no saved value, so we do nothing !!
03-03 20:08:24.922  5763  5763 D SecPowerUI.Notification: showChargingNotice oldChargingType : 11 / currentChargingType : 11, oldChargingTime : 5445000 / mChargingTime : 5431000
03-03 20:08:24.922  5763  5763 D SecPowerUI.Notification: showChargingNotification()
03-03 20:08:24.922  5763  5763 D SecPowerUI.Notification: SecBatteryStatsSnapshot{batteryLevel=50, currentBatteryMode=0, chargingTime=5431000, chargingType=11, batteryHealth=2, automaticTestMode=false, isHiccupState=false}
03-03 20:08:24.928  5405  5421 D ApplicationPolicy: isStatusBarNotificationAllowedAsUser: packageName = com.android.systemui,userId = 0
03-03 20:08:24.929  5405  5421 D ApplicationPolicy: isStatusBarNotificationAllowedAsUser: packageName = com.android.systemui,userId = -1
03-03 20:08:24.929  5405  5421 D ApplicationPolicy: isStatusBarNotificationAllowedAsUser: converting userId from USER_ALLto 0
03-03 20:08:24.931  5763  5763 D PowerUI : Battery swelling mode - priorBatterySwellingMode = 0 mBatterySwellingMode = 0 mBatteryStatus = 2
03-03 20:08:24.931  5763  5763 I PowerUI : mBatteryMiscEvent = 131072
03-03 20:08:24.933  5763  5763 I PowerUI : checkShouldTurnOffProtectBattery : -1, Scheduling start ? : false
03-03 20:08:24.933  5763  5763 I PowerUI : Clear time
03-03 20:08:24.934  5405  7613 D SettingsProvider: isChangeAllowed() : name = charger_connected_time
03-03 20:08:24.935  5405  7613 D SettingsProvider: edmUri: content://com.sec.knox.provider/RestrictionPolicy3
03-03 20:08:24.935  5405  7613 D SettingsProvider: projectionArgs: isSettingsChangesAllowed
03-03 20:08:24.935  5405  7613 D SettingsProvider: selectionArgs: false
03-03 20:08:24.935  5405  7613 D SettingsProvider: selectionArgs: 10052
03-03 20:08:24.935  5405  7613 D SecContentProvider: query(), uri = 17 selection = isSettingsChangesAllowed
03-03 20:08:24.935  5405  7613 D SecContentProvider: called from android.uid.systemui:10052
03-03 20:08:24.936  5405  7613 D RestrictionPolicy: isSettingsChangesAllowedAsUser, userId 0 : true
03-03 20:08:24.936  5405  7613 D SettingsProvider: ret = 1
03-03 20:08:24.939  5763  5763 D KeyguardUpdateMonitor: handleBatteryUpdate
03-03 20:08:24.946  5763  5763 D KeyguardSecIndicationController: addIndicationTimeout() returned - unlocking
03-03 20:08:24.946  5763  5763 D KeyguardSecIndicationController: addIndication() returned - unlocking
03-03 20:08:24.947  5763  5763 D KeyguardSecIndicationController: addIndication() returned - unlocking
03-03 20:08:24.947  5763  5763 D KeyguardSecIndicationController: addBatteryAndOwnerInfoIndication() battery status = BatteryStatus{status=2,level=50,plugged=2,health=2,maxChargingWattage=-1,remaining=5431000ultraFastCharger=0}
03-03 20:08:24.947  5763  5763 I AODBatteryManager: updateBatteryData: ACTION_BATTERY_CHANGED
03-03 20:08:24.949  5763  5763 I AODBatteryManager: saveBatteryData : AOD BatteryData [mBatteryLevel=50, mBatteryStatus=CHARGING, mBatteryPlugType=USB, mBatteryPlugged=true, mRemainingChargeTime=5431000, mBatteryChargingType=1, mBatteryChargerType=NORMAL, mBatteryOnline=NOT_DEFINED, mBatterySwellingMode=NONE, mBatteryProtectMode=false]
03-03 20:08:24.950  5763  5763 I ChargingInfoManager: updateChargingInfo: newState = AOD ChargingInfo [mState=BATTERY_AND_REMAIN_TIME, mIsCharging=true, mIsFullyCharged=false, mIsBatteryProtectMode=false], oldState = AOD ChargingInfo [mState=BATTERY_AND_REMAIN_TIME, mIsCharging=true, mIsFullyCharged=false, mIsBatteryProtectMode=false]
03-03 20:08:25.139  5405  5405 I Telecom:SamsungTelecomServiceImpl: isInManagedCall - callingPackage : android
03-03 20:08:25.158  6173  6173 I Launcher.NotificationListener: onNotificationPosted : com.android.systemui number : 0
03-03 20:08:25.360  5763  5763 D BubblesManager: onEntryUpdated : shouldBubbleUp=false ,key=-1|com.android.systemui|2131428972|charging_state|10052
03-03 20:08:25.403  5763  5763 I FaceWidgetPositionAlgorithm: getMediaContainerHeight() height = 0 container Visibility = 8, isValid = false, mIsDozing = false, fraction = 1.0, source = 0, target = 0
03-03 20:08:25.403  5763  5763 I FaceWidgetPositionAlgorithm: getMediaContainerHeight() supplier = 0
03-03 20:08:25.465  5763  5763 I FaceWidgetPositionAlgorithm: getMediaContainerHeight() height = 0 container Visibility = 8, isValid = false, mIsDozing = false, fraction = 1.0, source = 0, target = 0
03-03 20:08:25.466  5763  5763 I FaceWidgetPositionAlgorithm: getMediaContainerHeight() supplier = 0
03-03 20:08:25.531  5763  5763 I FaceWidgetPositionAlgorithm: getMediaContainerHeight() height = 0 container Visibility = 8, isValid = false, mIsDozing = false, fraction = 1.0, source = 0, target = 0
03-03 20:08:25.531  5763  5763 I FaceWidgetPositionAlgorithm: getMediaContainerHeight() supplier = 0
03-03 20:08:26.080  5405  6722 D FreecessController: com.sec.android.app.myfiles(10119) is important[!isUidIdle]
03-03 20:08:27.938  5405  5454 E Watchdog: !@Sync: 71 heap: 89 / 102 FD: 922 [2026-03-03 20:08:27.937]
03-03 20:08:28.040  4564  4564 D io_stats: !@   8,0 r 253404 9632956 w 400014 189058132 d 0 0 f 0 0 iot 315512 0 th 0 0 0 pt 0 inp 0 0 2115.856
03-03 20:08:29.387  5405  6722 D FreecessController: com.sec.android.app.camera(10107) is important[!isUidIdle]
03-03 20:08:29.940  5763  5763 D SecPowerUI.Notification: showChargingNotice oldChargingType : 11 / currentChargingType : 11, oldChargingTime : 5431000 / mChargingTime : 5431000
03-03 20:08:29.940  5763  5763 D SecPowerUI.Notification: There is no change about charging status, so return!
--------- beginning of system
03-03 20:08:31.782  7525  8838 I SDHMS:D : SIOP:: AP:371 BAT:384 USB:0 CHG:392 WIFI:367 SKIN:369 SKINF:368 SKINB:369 LRP:369 LRF:368 LRB:369 
03-03 20:08:34.943  5405  7447 D BatteryService: Sending ACTION_BATTERY_CHANGED: level:50, status:2, health:2, ac:false, usb:true, wireless:false, pogo:false, misc:0x20000, charge_type:1, charger_type:0, voltage:3920, temperature:384, online:19, current_avg:593, ps:false, hvc:false, capacity:280000, current_event:0x18000, current_now:594, mcc:0, mcv:0, cc:1915704, present:true, scale:100, technology:Li-ion
--------- beginning of main
03-03 20:08:34.943  5000  5000 E sehhealth-service: Could not open /sys/class/power_supply/battery/lrp
03-03 20:08:34.949  5405  5569 D MotionRecognitionService: [SAR]  onReceive : ACTION_BATTERY_CHANGED, Plugged: 2
03-03 20:08:34.953  5405  5405 D PhoneWindowManagerExt: ACTION_BATTERY_CHANGED - Level=50, status=2
03-03 20:08:34.954  5405  5712 I DeviceBatteryInfoService: action: android.intent.action.BATTERY_CHANGED
03-03 20:08:34.954  5405  5712 I DeviceBatteryInfoService: phone battery level: 50
03-03 20:08:34.954  5405  5712 I DeviceBatteryInfoService: phone battery status: 2
03-03 20:08:34.956  5405  5405 D AdaptiveBrightnessLongtermModelBuilder: Received android.intent.action.BATTERY_CHANGED
03-03 20:08:34.958  5405  5405 D SemWifiApBroadcastReceiver: Received : android.intent.action.BATTERY_CHANGED
03-03 20:08:34.961  5740  5740 D SemBigDataInfoController: Intent: android.intent.action.BATTERY_CHANGED
03-03 20:08:34.962  5740  5740 D SemBigDataInfoController: Intent: android.intent.action.BATTERY_CHANGED
03-03 20:08:34.968 13984 13984 I [SCPMV2][SystemMonitorReceiver]: onReceive: android.intent.action.BATTERY_CHANGED
03-03 20:08:34.969  5763  5763 D KeyguardUpdateMonitor: received broadcast android.intent.action.BATTERY_CHANGED
03-03 20:08:34.970  5763  5763 D SamsungBatteryMeterDrawable: onBatteryLevelChanged isSomethingChanged: false
03-03 20:08:34.971  5763  5763 D SamsungBatteryMeterDrawable: onBatteryLevelChanged isSomethingChanged: false
03-03 20:08:34.972  5763  5763 D SamsungBatteryMeterDrawable: onBatteryLevelChanged isSomethingChanged: false
03-03 20:08:34.973  5763  5763 D SamsungBatteryMeterDrawable: onBatteryLevelChanged isSomethingChanged: false
03-03 20:08:34.974  5763  5763 I PowerUI : mBootCompleted = true |  mFullyConnected = true
03-03 20:08:34.974  5763  5763 I PowerUI : BATTERY_HEALTH_CHECK extraHealth=2 mBatteryMiscEvent=131072
03-03 20:08:34.975  5763  5763 W PowerUI : Plug reason
03-03 20:08:34.975  5763  5763 W PowerUI : Skip charging animation - by plug status
03-03 20:08:34.975  5763  5763 D PowerUI : priorPlugType = 2 mPlugType = 2 priorBatteryStatus = 2 mBatteryStatus = 2
03-03 20:08:34.975  5763  5763 W PowerUI : Plug reason
03-03 20:08:34.975  5763  5763 W PowerUI : Skip charging sound - by plug status
03-03 20:08:34.975  5763 12026 D SecPowerUI.Notification: dismissing low battery warning: level=50
03-03 20:08:34.976  5763 12026 D SecPowerUI.Notification: updateNotification mWarning=false mPlaySound=false
03-03 20:08:34.976  5763  5763 I PowerUI : oldMisalign : false, curMisalign : false
03-03 20:08:34.977  5763 12026 D SecPowerUI.Notification: SecBatteryStatsSnapshot{batteryLevel=50, currentBatteryMode=0, chargingTime=5431000, chargingType=11, batteryHealth=2, automaticTestMode=false, isHiccupState=false}
03-03 20:08:34.978  5763  5763 D SecPowerUI.Notification: showChargingNotice oldChargingType : 11 / currentChargingType : 11, oldChargingTime : 5431000 / mChargingTime : 5431000
03-03 20:08:34.978  5763 12026 D SecPowerUI.Notification: 1. restoreScreenTimeOut - saved_value : :
03-03 20:08:34.978  5763 12026 E SecPowerUI.Notification: no saved value, so we do nothing !!
03-03 20:08:34.979  5763  5763 D SecPowerUI.Notification: There is no change about charging status, so return!
03-03 20:08:34.979  5763  5763 D PowerUI : Battery swelling mode - priorBatterySwellingMode = 0 mBatterySwellingMode = 0 mBatteryStatus = 2
03-03 20:08:34.979  5763  5763 I PowerUI : mBatteryMiscEvent = 131072
03-03 20:08:34.980  5763  5763 I PowerUI : checkShouldTurnOffProtectBattery : -1, Scheduling start ? : false
03-03 20:08:34.980  5763  5763 I PowerUI : Clear time
03-03 20:08:34.981  5405  5421 D SettingsProvider: isChangeAllowed() : name = charger_connected_time
03-03 20:08:34.981  5405  5421 D SettingsProvider: edmUri: content://com.sec.knox.provider/RestrictionPolicy3
03-03 20:08:34.981  5405  5421 D SettingsProvider: projectionArgs: isSettingsChangesAllowed
03-03 20:08:34.981  5405  5421 D SettingsProvider: selectionArgs: false
03-03 20:08:34.981  5405  5421 D SettingsProvider: selectionArgs: 10052
03-03 20:08:34.981  5405  5421 D SecContentProvider: query(), uri = 17 selection = isSettingsChangesAllowed
03-03 20:08:34.981  5405  5421 D SecContentProvider: called from android.uid.systemui:10052
03-03 20:08:34.982  5405  5421 D RestrictionPolicy: isSettingsChangesAllowedAsUser, userId 0 : true
03-03 20:08:34.982  5405  5421 D SettingsProvider: ret = 1
03-03 20:08:34.983  5763  5763 I AODBatteryManager: updateBatteryData: ACTION_BATTERY_CHANGED
03-03 20:08:34.985  5763  5763 I AODBatteryManager: saveBatteryData : AOD BatteryData [mBatteryLevel=50, mBatteryStatus=CHARGING, mBatteryPlugType=USB, mBatteryPlugged=true, mRemainingChargeTime=5431000, mBatteryChargingType=1, mBatteryChargerType=NORMAL, mBatteryOnline=NOT_DEFINED, mBatterySwellingMode=NONE, mBatteryProtectMode=false]
03-03 20:08:34.985  5763  5763 D KeyguardUpdateMonitor: handleBatteryUpdate
--------- beginning of system
03-03 20:08:38.047  4564  4564 D io_stats: !@   8,0 r 253404 9632956 w 400016 189058140 d 0 0 f 0 0 iot 315512 0 th 0 0 0 pt 0 inp 0 0 2125.863
--------- beginning of main
03-03 20:08:39.988  5763  5763 D SecPowerUI.Notification: showChargingNotice oldChargingType : 11 / currentChargingType : 11, oldChargingTime : 5431000 / mChargingTime : 5431000
03-03 20:08:39.988  5763  5763 D SecPowerUI.Notification: There is no change about charging status, so return!
03-03 20:08:40.049  4564  4564 D io_stats: !@   8,0 r 253421 9633520 w 400018 189058204 d 0 0 f 0 0 iot 315524 0 th 0 0 0 pt 0 inp 0 0 2127.864
03-03 20:08:41.086  5405  6722 D FreecessController: com.sec.android.app.myfiles(10119) is important[!isUidIdle]
03-03 20:08:41.782  7525  8838 I SDHMS:D : SIOP:: AP:370 BAT:384 USB:0 CHG:392 WIFI:367 SKIN:369 SKINF:368 SKINB:369 LRP:369 LRF:368 LRB:369 
--------- beginning of system
03-03 20:08:44.388  5405  6722 D FreecessController: com.sec.android.app.camera(10107) is important[!isUidIdle]
03-03 20:08:45.008  5405  5421 D BatteryService: Sending ACTION_BATTERY_CHANGED: level:50, status:2, health:2, ac:false, usb:true, wireless:false, pogo:false, misc:0x20000, charge_type:1, charger_type:0, voltage:3920, temperature:384, online:19, current_avg:593, ps:false, hvc:false, capacity:280000, current_event:0x18000, current_now:593, mcc:0, mcv:0, cc:1915704, present:true, scale:100, technology:Li-ion
--------- beginning of main
03-03 20:08:45.008  5000  5000 E sehhealth-service: Could not open /sys/class/power_supply/battery/lrp
03-03 20:08:45.014  5405  5569 D MotionRecognitionService: [SAR]  onReceive : ACTION_BATTERY_CHANGED, Plugged: 2
03-03 20:08:45.018  5405  5405 D PhoneWindowManagerExt: ACTION_BATTERY_CHANGED - Level=50, status=2
03-03 20:08:45.018  5405  5712 I DeviceBatteryInfoService: action: android.intent.action.BATTERY_CHANGED
03-03 20:08:45.019  5405  5712 I DeviceBatteryInfoService: phone battery level: 50
03-03 20:08:45.019  5405  5712 I DeviceBatteryInfoService: phone battery status: 2
03-03 20:08:45.020  5405  5405 D AdaptiveBrightnessLongtermModelBuilder: Received android.intent.action.BATTERY_CHANGED
03-03 20:08:45.022  5405  5405 D SemWifiApBroadcastReceiver: Received : android.intent.action.BATTERY_CHANGED
03-03 20:08:45.023  5740  5740 D SemBigDataInfoController: Intent: android.intent.action.BATTERY_CHANGED
03-03 20:08:45.025  5740  5740 D SemBigDataInfoController: Intent: android.intent.action.BATTERY_CHANGED
03-03 20:08:45.027  5763  5763 D KeyguardUpdateMonitor: received broadcast android.intent.action.BATTERY_CHANGED
03-03 20:08:45.030  5763  5763 D SamsungBatteryMeterDrawable: onBatteryLevelChanged isSomethingChanged: false
03-03 20:08:45.032  5763  5763 D SamsungBatteryMeterDrawable: onBatteryLevelChanged isSomethingChanged: false
03-03 20:08:45.034  5763  5763 D SamsungBatteryMeterDrawable: onBatteryLevelChanged isSomethingChanged: false
03-03 20:08:45.035  5763  5763 D SamsungBatteryMeterDrawable: onBatteryLevelChanged isSomethingChanged: false
03-03 20:08:45.036 13984 13984 I [SCPMV2][SystemMonitorReceiver]: onReceive: android.intent.action.BATTERY_CHANGED
03-03 20:08:45.037  5763  5763 I PowerUI : mBootCompleted = true |  mFullyConnected = true
03-03 20:08:45.037  5763  5763 I PowerUI : BATTERY_HEALTH_CHECK extraHealth=2 mBatteryMiscEvent=131072
03-03 20:08:45.037  5763  5763 W PowerUI : Plug reason
03-03 20:08:45.038  5763  5763 W PowerUI : Skip charging animation - by plug status
03-03 20:08:45.038  5763  5763 D PowerUI : priorPlugType = 2 mPlugType = 2 priorBatteryStatus = 2 mBatteryStatus = 2
03-03 20:08:45.038  5763  5763 W PowerUI : Plug reason
03-03 20:08:45.038  5763  5763 W PowerUI : Skip charging sound - by plug status
03-03 20:08:45.038  5763  5763 I PowerUI : oldMisalign : false, curMisalign : false
03-03 20:08:45.040  5763  6585 D SecPowerUI.Notification: dismissing low battery warning: level=50
03-03 20:08:45.040  5763  6585 D SecPowerUI.Notification: updateNotification mWarning=false mPlaySound=false
03-03 20:08:45.040  5763  6585 D SecPowerUI.Notification: SecBatteryStatsSnapshot{batteryLevel=50, currentBatteryMode=0, chargingTime=5431000, chargingType=11, batteryHealth=2, automaticTestMode=false, isHiccupState=false}
03-03 20:08:45.041  5763  5763 D SecPowerUI.Notification: showChargingNotice oldChargingType : 11 / currentChargingType : 11, oldChargingTime : 5431000 / mChargingTime : 5417000
03-03 20:08:45.041  5763  5763 D SecPowerUI.Notification: showChargingNotification()
03-03 20:08:45.041  5763  5763 D SecPowerUI.Notification: SecBatteryStatsSnapshot{batteryLevel=50, currentBatteryMode=0, chargingTime=5417000, chargingType=11, batteryHealth=2, automaticTestMode=false, isHiccupState=false}
03-03 20:08:45.042  5763  6585 D SecPowerUI.Notification: 1. restoreScreenTimeOut - saved_value : :
03-03 20:08:45.042  5763  6585 E SecPowerUI.Notification: no saved value, so we do nothing !!
03-03 20:08:45.047  5405  5421 D ApplicationPolicy: isStatusBarNotificationAllowedAsUser: packageName = com.android.systemui,userId = 0
03-03 20:08:45.048  5405  5421 D ApplicationPolicy: isStatusBarNotificationAllowedAsUser: packageName = com.android.systemui,userId = -1
03-03 20:08:45.049  5405  5421 D ApplicationPolicy: isStatusBarNotificationAllowedAsUser: converting userId from USER_ALLto 0
03-03 20:08:45.051  5763  5763 D PowerUI : Battery swelling mode - priorBatterySwellingMode = 0 mBatterySwellingMode = 0 mBatteryStatus = 2
03-03 20:08:45.051  5763  5763 I PowerUI : mBatteryMiscEvent = 131072
03-03 20:08:45.053  5763  5763 I PowerUI : checkShouldTurnOffProtectBattery : -1, Scheduling start ? : false
03-03 20:08:45.053  5763  5763 I PowerUI : Clear time
03-03 20:08:45.054  5405  7447 D SettingsProvider: isChangeAllowed() : name = charger_connected_time
03-03 20:08:45.054  5405  7447 D SettingsProvider: edmUri: content://com.sec.knox.provider/RestrictionPolicy3
03-03 20:08:45.054  5405  7447 D SettingsProvider: projectionArgs: isSettingsChangesAllowed
03-03 20:08:45.054  5405  7447 D SettingsProvider: selectionArgs: false
03-03 20:08:45.054  5405  7447 D SettingsProvider: selectionArgs: 10052
03-03 20:08:45.054  5405  7447 D SecContentProvider: query(), uri = 17 selection = isSettingsChangesAllowed
03-03 20:08:45.054  5405  7447 D SecContentProvider: called from android.uid.systemui:10052
03-03 20:08:45.055  5405  7447 D RestrictionPolicy: isSettingsChangesAllowedAsUser, userId 0 : true
03-03 20:08:45.055  5405  7447 D SettingsProvider: ret = 1
03-03 20:08:45.057  5763  5763 D KeyguardUpdateMonitor: handleBatteryUpdate
03-03 20:08:45.064  5763  5763 D KeyguardSecIndicationController: addIndicationTimeout() returned - unlocking
03-03 20:08:45.064  5763  5763 D KeyguardSecIndicationController: addIndication() returned - unlocking
03-03 20:08:45.064  5763  5763 D KeyguardSecIndicationController: addIndication() returned - unlocking
03-03 20:08:45.065  5763  5763 D KeyguardSecIndicationController: addBatteryAndOwnerInfoIndication() battery status = BatteryStatus{status=2,level=50,plugged=2,health=2,maxChargingWattage=-1,remaining=5417000ultraFastCharger=0}
03-03 20:08:45.065  5763  5763 I AODBatteryManager: updateBatteryData: ACTION_BATTERY_CHANGED
03-03 20:08:45.067  5763  5763 I AODBatteryManager: saveBatteryData : AOD BatteryData [mBatteryLevel=50, mBatteryStatus=CHARGING, mBatteryPlugType=USB, mBatteryPlugged=true, mRemainingChargeTime=5417000, mBatteryChargingType=1, mBatteryChargerType=NORMAL, mBatteryOnline=NOT_DEFINED, mBatterySwellingMode=NONE, mBatteryProtectMode=false]
03-03 20:08:45.068  5763  5763 I ChargingInfoManager: updateChargingInfo: newState = AOD ChargingInfo [mState=BATTERY_AND_REMAIN_TIME, mIsCharging=true, mIsFullyCharged=false, mIsBatteryProtectMode=false], oldState = AOD ChargingInfo [mState=BATTERY_AND_REMAIN_TIME, mIsCharging=true, mIsFullyCharged=false, mIsBatteryProtectMode=false]
03-03 20:08:45.257  5405  5405 I Telecom:SamsungTelecomServiceImpl: isInManagedCall - callingPackage : android
03-03 20:08:45.275  6173  6173 I Launcher.NotificationListener: onNotificationPosted : com.android.systemui number : 0
03-03 20:08:45.477  5763  5763 D BubblesManager: onEntryUpdated : shouldBubbleUp=false ,key=-1|com.android.systemui|2131428972|charging_state|10052
03-03 20:08:45.534  5763  5763 I FaceWidgetPositionAlgorithm: getMediaContainerHeight() height = 0 container Visibility = 8, isValid = false, mIsDozing = false, fraction = 1.0, source = 0, target = 0
03-03 20:08:45.534  5763  5763 I FaceWidgetPositionAlgorithm: getMediaContainerHeight() supplier = 0
03-03 20:08:45.591  5763  5763 I FaceWidgetPositionAlgorithm: getMediaContainerHeight() height = 0 container Visibility = 8, isValid = false, mIsDozing = false, fraction = 1.0, source = 0, target = 0
03-03 20:08:45.591  5763  5763 I FaceWidgetPositionAlgorithm: getMediaContainerHeight() supplier = 0
03-03 20:08:45.654  5763  5763 I FaceWidgetPositionAlgorithm: getMediaContainerHeight() height = 0 container Visibility = 8, isValid = false, mIsDozing = false, fraction = 1.0, source = 0, target = 0
03-03 20:08:45.654  5763  5763 I FaceWidgetPositionAlgorithm: getMediaContainerHeight() supplier = 0
03-03 20:08:47.417  5405  5636 W DeviceStorageMonitorService: updateBroadcasts(/data) oldLevel:0, newLevel:0, seq:1
03-03 20:08:47.421  5405  5636 D DeviceStorageMonitorService: Available File Node Number is [12604700]
03-03 20:08:47.421  5405  5636 W DeviceStorageMonitorService: updateBroadcasts_filenode(/data) fn_oldLevel:0, fn_newLevel:0, seq:1
03-03 20:08:50.056  4564  4564 D io_stats: !@   8,0 r 253421 9633520 w 400020 189058212 d 0 0 f 0 0 iot 315524 0 th 0 0 0 pt 0 inp 0 0 2137.871
