--------- beginning of system
03-03 20:08:24.889  5405  5421 D BatteryService: Sending ACTION_BATTERY_CHANGED: level:50, status:2, health:2, ac:false, usb:true, wireless:false, pogo:false, misc:0x20000, charge_type:1, charger_type:0, voltage:3919, temperature:384, online:19, current_avg:587, ps:false, hvc:false, capacity:280000, current_event:0x18000, current_now:592, mcc:0, mcv:0, cc:1911903, present:true, scale:100, technology:Li-ion
--------- beginning of main
03-03 20:08:24.889  5000  5000 E sehhealth-service: Could not open /sys/class/power_supply/battery/lrp
03-03 20:08:24.895  5405  5569 D MotionRecognitionService: [SAR]  onReceive : ACTION_BATTERY_CHANGED, Plugged: 2
03-03 20:08:24.895  5405  5405 D PhoneWindowManagerExt: ACTION_BATTERY_CHANGED - Level=50, status=2
03-03 20:08:24.898  5405  5712 I DeviceBatteryInfoService: action: android.intent.action.BATTERY_CHANGED
03-03 20:08:24.898  5405  5712 I DeviceBatteryInfoService: phone battery level: 50
03-03 20:08:24.898  5405  5712 I DeviceBatteryInfoService: phone battery status: 2
03-03 20:08:24.900  5405  5405 D AdaptiveBrightnessLongtermModelBuilder: Received android.intent.action.BATTERY_CHANGED
03-03 20:08:24.902  5405  5405 D SemWifiApBroadcastReceiver: Received : android.intent.action.BATTERY_CHANGED
03-03 20:08:24.905  5740  5740 D SemBigDataInfoController: Intent: android.intent.action.BATTERY_CHANGED
03-03 20:08:24.905  5740  5740 D SemBigDataInfoController: Intent: android.intent.action.BATTERY_CHANGED
03-03 20:08:24.908  5763  5763 D KeyguardUpdateMonitor: received broadcast android.intent.action.BATTERY_CHANGED
03-03 20:08:24.911  5763  5763 D SamsungBatteryMeterDrawable: onBatteryLevelChanged isSomethingChanged: false
03-03 20:08:24.914 13984 13984 I [SCPMV2][SystemMonitorReceiver]: onReceive: android.intent.action.BATTERY_CHANGED
03-03 20:08:24.915  5763  5763 D SamsungBatteryMeterDrawable: onBatteryLevelChanged isSomethingChanged: false
03-03 20:08:24.916  5763  5763 D SamsungBatteryMeterDrawable: onBatteryLevelChanged isSomethingChanged: false
03-03 20:08:24.917  5763  5763 D SamsungBatteryMeterDrawable: onBatteryLevelChanged isSomethingChanged: false
03-03 20:08:24.918  5763  5763 I PowerUI : mBootCompleted = true |  mFullyConnected = true
03-03 20:08:24.919  5763  5763 I PowerUI : BATTERY_HEALTH_CHECK extraHealth=2 mBatteryMiscEvent=131072
03-03 20:08:24.919  5763  5763 W PowerUI : Plug reason
03-03 20:08:24.919  5763  5763 W PowerUI : Skip charging animation - by plug status
03-03 20:08:24.919  5763  5763 D PowerUI : priorPlugType = 2 mPlugType = 2 priorBatteryStatus = 2 mBatteryStatus = 2
03-03 20:08:24.919  5763  5763 W PowerUI : Plug reason
03-03 20:08:24.919  5763  5763 W PowerUI : Skip charging sound - by plug status
03-03 20:08:24.919  5763  5763 I PowerUI : oldMisalign : false, curMisalign : false
03-03 20:08:24.920  5763 12012 D SecPowerUI.Notification: dismissing low battery warning: level=50
03-03 20:08:24.920  5763 12012 D SecPowerUI.Notification: updateNotification mWarning=false mPlaySound=false
03-03 20:08:24.920  5763 12012 D SecPowerUI.Notification: SecBatteryStatsSnapshot{batteryLevel=50, currentBatteryMode=0, chargingTime=5445000, chargingType=11, batteryHealth=2, automaticTestMode=false, isHiccupState=false}
03-03 20:08:24.922  5763 12012 D SecPowerUI.Notification: 1. restoreScreenTimeOut - saved_value : :
03-03 20:08:24.922  5763 12012 E SecPowerUI.Notification: no saved value, so we do nothing !!
03-03 20:08:24.922  5763  5763 D SecPowerUI.Notification: showChargingNotice oldChargingType : 11 / currentChargingType : 11, oldChargingTime : 5445000 / mChargingTime : 5431000
03-03 20:08:24.922  5763  5763 D SecPowerUI.Notification: showChargingNotification()
03-03 20:08:24.922  5763  5763 D SecPowerUI.Notification: SecBatteryStatsSnapshot{batteryLevel=50, currentBatteryMode=0, chargingTime=5431000, chargingType=11, batteryHealth=2, automaticTestMode=false, isHiccupState=false}
03-03 20:08:24.928  5405  5421 D ApplicationPolicy: isStatusBarNotificationAllowedAsUser: packageName = com.android.systemui,userId = 0
03-03 20:08:24.929  5405  5421 D ApplicationPolicy: isStatusBarNotificationAllowedAsUser: packageName = com.android.systemui,userId = -1
03-03 20:08:24.929  5405  5421 D ApplicationPolicy: isStatusBarNotificationAllowedAsUser: converting userId from USER_ALLto 0
03-03 20:08:24.931  5763  5763 D PowerUI : Battery swelling mode - priorBatterySwellingMode = 0 mBatterySwellingMode = 0 mBatteryStatus = 2
03-03 20:08:24.931  5763  5763 I PowerUI : mBatteryMiscEvent = 131072
03-03 20:08:24.933  5763  5763 I PowerUI : checkShouldTurnOffProtectBattery : -1, Scheduling start ? : false
03-03 20:08:24.933  5763  5763 I PowerUI : Clear time
03-03 20:08:24.934  5405  7613 D SettingsProvider: isChangeAllowed() : name = charger_connected_time
03-03 20:08:24.935  5405  7613 D SettingsProvider: edmUri: content://com.sec.knox.provider/RestrictionPolicy3
03-03 20:08:24.935  5405  7613 D SettingsProvider: projectionArgs: isSettingsChangesAllowed
03-03 20:08:24.935  5405  7613 D SettingsProvider: selectionArgs: false
03-03 20:08:24.935  5405  7613 D SettingsProvider: selectionArgs: 10052
03-03 20:08:24.935  5405  7613 D SecContentProvider: query(), uri = 17 selection = isSettingsChangesAllowed
03-03 20:08:24.935  5405  7613 D SecContentProvider: called from android.uid.systemui:10052
03-03 20:08:24.936  5405  7613 D RestrictionPolicy: isSettingsChangesAllowedAsUser, userId 0 : true
03-03 20:08:24.936  5405  7613 D SettingsProvider: ret = 1
03-03 20:08:24.939  5763  5763 D KeyguardUpdateMonitor: handleBatteryUpdate
03-03 20:08:24.946  5763  5763 D KeyguardSecIndicationController: addIndicationTimeout() returned - unlocking
03-03 20:08:24.946  5763  5763 D KeyguardSecIndicationController: addIndication() returned - unlocking
03-03 20:08:24.947  5763  5763 D KeyguardSecIndicationController: addIndication() returned - unlocking
03-03 20:08:24.947  5763  5763 D KeyguardSecIndicationController: addBatteryAndOwnerInfoIndication() battery status = BatteryStatus{status=2,level=50,plugged=2,health=2,maxChargingWattage=-1,remaining=5431000ultraFastCharger=0}
03-03 20:08:24.947  5763  5763 I AODBatteryManager: updateBatteryData: ACTION_BATTERY_CHANGED
03-03 20:08:24.949  5763  5763 I AODBatteryManager: saveBatteryData : AOD BatteryData [mBatteryLevel=50, mBatteryStatus=CHARGING, mBatteryPlugType=USB, mBatteryPlugged=true, mRemainingChargeTime=5431000, mBatteryChargingType=1, mBatteryChargerType=NORMAL, mBatteryOnline=NOT_DEFINED, mBatterySwellingMode=NONE, mBatteryProtectMode=false]
03-03 20:08:24.950  5763  5763 I ChargingInfoManager: updateChargingInfo: newState = AOD ChargingInfo [mState=BATTERY_AND_REMAIN_TIME, mIsCharging=true, mIsFullyCharged=false, mIsBatteryProtectMode=false], oldState = AOD ChargingInfo [mState=BATTERY_AND_REMAIN_TIME, mIsCharging=true, mIsFullyCharged=false, mIsBatteryProtectMode=false]
03-03 20:08:25.139  5405  5405 I Telecom:SamsungTelecomServiceImpl: isInManagedCall - callingPackage : android
03-03 20:08:25.158  6173  6173 I Launcher.NotificationListener: onNotificationPosted : com.android.systemui number : 0
03-03 20:08:25.360  5763  5763 D BubblesManager: onEntryUpdated : shouldBubbleUp=false ,key=-1|com.android.systemui|2131428972|charging_state|10052
03-03 20:08:25.403  5763  5763 I FaceWidgetPositionAlgorithm: getMediaContainerHeight() height = 0 container Visibility = 8, isValid = false, mIsDozing = false, fraction = 1.0, source = 0, target = 0
03-03 20:08:25.403  5763  5763 I FaceWidgetPositionAlgorithm: getMediaContainerHeight() supplier = 0
03-03 20:08:25.465  5763  5763 I FaceWidgetPositionAlgorithm: getMediaContainerHeight() height = 0 container Visibility = 8, isValid = false, mIsDozing = false, fraction = 1.0, source = 0, target = 0
03-03 20:08:25.466  5763  5763 I FaceWidgetPositionAlgorithm: getMediaContainerHeight() supplier = 0
03-03 20:08:25.531  5763  5763 I FaceWidgetPositionAlgorithm: getMediaContainerHeight() height = 0 container Visibility = 8, isValid = false, mIsDozing = false, fraction = 1.0, source = 0, target = 0
03-03 20:08:25.531  5763  5763 I FaceWidgetPositionAlgorithm: getMediaContainerHeight() supplier = 0
03-03 20:08:26.080  5405  6722 D FreecessController: com.sec.android.app.myfiles(10119) is important[!isUidIdle]
03-03 20:08:27.938  5405  5454 E Watchdog: !@Sync: 71 heap: 89 / 102 FD: 922 [2026-03-03 20:08:27.937]
03-03 20:08:28.040  4564  4564 D io_stats: !@   8,0 r 253404 9632956 w 400014 189058132 d 0 0 f 0 0 iot 315512 0 th 0 0 0 pt 0 inp 0 0 2115.856
03-03 20:08:29.387  5405  6722 D FreecessController: com.sec.android.app.camera(10107) is important[!isUidIdle]
03-03 20:08:29.940  5763  5763 D SecPowerUI.Notification: showChargingNotice oldChargingType : 11 / currentChargingType : 11, oldChargingTime : 5431000 / mChargingTime : 5431000
03-03 20:08:29.940  5763  5763 D SecPowerUI.Notification: There is no change about charging status, so return!
