--------- beginning of system
03-03 20:08:51.784  7525  8838 I SDHMS:D : SIOP:: AP:370 BAT:384 USB:0 CHG:391 WIFI:367 SKIN:369 SKINF:368 SKINB:369 LRP:369 LRF:368 LRB:369 
--------- beginning of main
03-03 20:08:51.855  5052  5052 I SurfaceFlinger: SFWD update time=2139671039739
03-03 20:08:51.976  5405  5652 D UsbStatsMonitor: 0 0 0 0 0 0 0 0 0 0 0 0 0 0 0 0 0 0 0 0 0 0 0 0 0 0 0 0 0 0 0 0 0 0 0 0 0 0 0 0 0 0 0 0 0 0 0 0 0
03-03 20:08:54.059  4564  4564 D io_stats: !@   8,0 r 253421 9633520 w 400021 189058216 d 0 0 f 0 0 iot 315528 0 th 0 0 0 pt 0 inp 0 0 2141.875
03-03 20:08:55.037  5405  7613 D BatteryService: Sending ACTION_BATTERY_CHANGED: level:50, status:2, health:2, ac:false, usb:true, wireless:false, pogo:false, misc:0x20000, charge_type:1, charger_type:0, voltage:3919, temperature:384, online:19, current_avg:553, ps:false, hvc:false, capacity:280000, current_event:0x18000, current_now:510, mcc:0, mcv:0, cc:1919505, present:true, scale:100, technology:Li-ion
03-03 20:08:55.038  5000  5000 E sehhealth-service: Could not open /sys/class/power_supply/battery/lrp
03-03 20:08:55.042  5405  5569 D MotionRecognitionService: [SAR]  onReceive : ACTION_BATTERY_CHANGED, Plugged: 2
03-03 20:08:55.043  5405  5405 D PhoneWindowManagerExt: ACTION_BATTERY_CHANGED - Level=50, status=2
03-03 20:08:55.044  5405  5712 I DeviceBatteryInfoService: action: android.intent.action.BATTERY_CHANGED
03-03 20:08:55.045  5405  5712 I DeviceBatteryInfoService: phone battery level: 50
03-03 20:08:55.045  5405  5712 I DeviceBatteryInfoService: phone battery status: 2
03-03 20:08:55.045  5405  5405 D AdaptiveBrightnessLongtermModelBuilder: Received android.intent.action.BATTERY_CHANGED
03-03 20:08:55.046  5405  5405 D SemWifiApBroadcastReceiver: Received : android.intent.action.BATTERY_CHANGED
03-03 20:08:55.047  5740  5740 D SemBigDataInfoController: Intent: android.intent.action.BATTERY_CHANGED
03-03 20:08:55.047  5740  5740 D SemBigDataInfoController: Intent: android.intent.action.BATTERY_CHANGED
03-03 20:08:55.049  5763  5763 D KeyguardUpdateMonitor: received broadcast android.intent.action.BATTERY_CHANGED
03-03 20:08:55.050  5763  5763 D SamsungBatteryMeterDrawable: onBatteryLevelChanged isSomethingChanged: false
03-03 20:08:55.051  5763  5763 D SamsungBatteryMeterDrawable: onBatteryLevelChanged isSomethingChanged: false
03-03 20:08:55.051  5763  5763 D SamsungBatteryMeterDrawable: onBatteryLevelChanged isSomethingChanged: false
03-03 20:08:55.052 13984 13984 I [SCPMV2][SystemMonitorReceiver]: onReceive: android.intent.action.BATTERY_CHANGED
03-03 20:08:55.052  5763  5763 D SamsungBatteryMeterDrawable: onBatteryLevelChanged isSomethingChanged: false
03-03 20:08:55.053  5763  5763 I PowerUI : mBootCompleted = true |  mFullyConnected = true
03-03 20:08:55.053  5763  5763 I PowerUI : BATTERY_HEALTH_CHECK extraHealth=2 mBatteryMiscEvent=131072
03-03 20:08:55.054  5763  5763 W PowerUI : Plug reason
03-03 20:08:55.054  5763  5763 W PowerUI : Skip charging animation - by plug status
03-03 20:08:55.054  5763  9282 D SecPowerUI.Notification: dismissing low battery warning: level=50
03-03 20:08:55.054  5763  5763 D PowerUI : priorPlugType = 2 mPlugType = 2 priorBatteryStatus = 2 mBatteryStatus = 2
03-03 20:08:55.054  5763  9282 D SecPowerUI.Notification: updateNotification mWarning=false mPlaySound=false
03-03 20:08:55.055  5763  5763 W PowerUI : Plug reason
03-03 20:08:55.055  5763  5763 W PowerUI : Skip charging sound - by plug status
03-03 20:08:55.055  5763  9282 D SecPowerUI.Notification: SecBatteryStatsSnapshot{batteryLevel=50, currentBatteryMode=0, chargingTime=5417000, chargingType=11, batteryHealth=2, automaticTestMode=false, isHiccupState=false}
03-03 20:08:55.055  5763  5763 I PowerUI : oldMisalign : false, curMisalign : false
03-03 20:08:55.056  5763  9282 D SecPowerUI.Notification: 1. restoreScreenTimeOut - saved_value : :
03-03 20:08:55.056  5763  9282 E SecPowerUI.Notification: no saved value, so we do nothing !!
03-03 20:08:55.057  5763  5763 D SecPowerUI.Notification: showChargingNotice oldChargingType : 11 / currentChargingType : 11, oldChargingTime : 5417000 / mChargingTime : 5417000
03-03 20:08:55.057  5763  5763 D SecPowerUI.Notification: There is no change about charging status, so return!
03-03 20:08:55.057  5763  5763 D PowerUI : Battery swelling mode - priorBatterySwellingMode = 0 mBatterySwellingMode = 0 mBatteryStatus = 2
03-03 20:08:55.057  5763  5763 I PowerUI : mBatteryMiscEvent = 131072
03-03 20:08:55.059  5763  5763 I PowerUI : checkShouldTurnOffProtectBattery : -1, Scheduling start ? : false
03-03 20:08:55.059  5763  5763 I PowerUI : Clear time
03-03 20:08:55.060  5405  7447 D SettingsProvider: isChangeAllowed() : name = charger_connected_time
03-03 20:08:55.060  5405  7447 D SettingsProvider: edmUri: content://com.sec.knox.provider/RestrictionPolicy3
03-03 20:08:55.060  5405  7447 D SettingsProvider: projectionArgs: isSettingsChangesAllowed
03-03 20:08:55.060  5405  7447 D SettingsProvider: selectionArgs: false
03-03 20:08:55.060  5405  7447 D SettingsProvider: selectionArgs: 10052
03-03 20:08:55.060  5405  7447 D SecContentProvider: query(), uri = 17 selection = isSettingsChangesAllowed
03-03 20:08:55.060  5405  7447 D SecContentProvider: called from android.uid.systemui:10052
03-03 20:08:55.061  5405  7447 D RestrictionPolicy: isSettingsChangesAllowedAsUser, userId 0 : true
03-03 20:08:55.061  5405  7447 D SettingsProvider: ret = 1
03-03 20:08:55.063  5763  5763 D KeyguardUpdateMonitor: handleBatteryUpdate
03-03 20:08:55.065  5763  5763 I AODBatteryManager: updateBatteryData: ACTION_BATTERY_CHANGED
03-03 20:08:55.067  5763  5763 I AODBatteryManager: saveBatteryData : AOD BatteryData [mBatteryLevel=50, mBatteryStatus=CHARGING, mBatteryPlugType=USB, mBatteryPlugged=true, mRemainingChargeTime=5417000, mBatteryChargingType=1, mBatteryChargerType=NORMAL, mBatteryOnline=NOT_DEFINED, mBatterySwellingMode=NONE, mBatteryProtectMode=false]
03-03 20:08:56.091  5405  6722 D FreecessController: com.sec.android.app.myfiles(10119) is important[!isUidIdle]
