03-03 20:36:14.347  5405  6729 D SGM:GameManager: setPkgDataWithConfigurationImpl(). final csvUserId=0
03-03 20:36:14.348  5405  6729 D SGM:GameManager: setPkgDataWithConfigurationImpl(). userId=0
03-03 20:36:14.348  5405  6729 D SGM:GameManager: setPkgDataWithConfigurationImpl(). dss=1.0
03-03 20:36:14.348  5405  6729 D SGM:GameManager: setAOSPGameMode() pkgName : com.samsung.android.game.gamelab, ASOP_gameMode : 2
03-03 20:36:14.350  5405  6729 D SGM:DatabaseHelper: updateOrAddPkg(), update packageName: com.samsung.android.game.gamelab, userID: 0, result: 2
03-03 20:36:14.351  5405  6729 D SGM:DatabaseHelper: addActionLog(), tag: SET_PKG
03-03 20:36:14.351  5405  6729 D SGM:DatabaseHelper: addActionLog(), msg:   [com.samsung.android.game.gamelab] 
03-03 20:36:14.357  5405  6729 D SGM:DatabaseHelper: addActionLog(), delete log data to avoid overflow, id: 20776
03-03 20:36:14.358  5405  6729 D SGM:DatabaseHelper: addActionLog(), ret: 21278
03-03 20:36:14.358  5405  6729 D SGM:GameManager: setPkgDataWithConfigurationImpl(). configuration: packageName: org.lichess.mobileapp, performancePolicyForSsrm: {"cpu_level":2,"gpu_level":0,"siop_mode":1}, optimalAspectRatio: 1.7777778, dynamicSurfaceScaling: 0.75, category: 1, categoryByUser: 1, fillBlackSurfaceOnMargins: false, userId: 0
03-03 20:36:14.358  5405  6729 D SGM:GameManager: setPkgDataWithConfigurationImpl(). final csvUserId=0
03-03 20:36:14.358  5405  6729 D SGM:GameManager: setPkgDataWithConfigurationImpl(). userId=0
03-03 20:36:14.359  5405  6729 D SGM:GameManager: setPkgDataWithConfigurationImpl(). dss=0.75
03-03 20:36:14.359  5405  6729 D SGM:GameManager: setAOSPGameMode() pkgName : org.lichess.mobileapp, ASOP_gameMode : 2
03-03 20:36:14.359  5405  6729 I GameManagerService: Disabling downscale for org.lichess.mobileapp
03-03 20:36:14.372  5405  6729 V GameManagerService: Package configuration not found for org.lichess.mobileapp
03-03 20:36:14.373  5405  6729 D SGM:DatabaseHelper: updateOrAddPkg(), update packageName: org.lichess.mobileapp, userID: 0, result: 2
03-03 20:36:14.374  5405  6729 D SGM:DatabaseHelper: addActionLog(), tag: SET_PKG
03-03 20:36:14.374  5405  6729 D SGM:DatabaseHelper: addActionLog(), msg:   [org.lichess.mobileapp] DSS: 0.75, GTC: 2/0/0, GameSDK: -1/-1/true
03-03 20:36:14.380  5405  6729 D SGM:DatabaseHelper: addActionLog(), delete log data to avoid overflow, id: 20777
03-03 20:36:14.381  5405  6729 D SGM:DatabaseHelper: addActionLog(), ret: 21279
03-03 20:36:14.381  5405  6729 D SGM:GameManager: setPkgDataWithConfigurationImpl(). configuration: packageName: com.chess.clock, performancePolicyForSsrm: {"cpu_level":2,"gpu_level":0,"siop_mode":1}, optimalAspectRatio: 1.7777778, dynamicSurfaceScaling: 0.75, category: 1, categoryByUser: 1, fillBlackSurfaceOnMargins: false, userId: 0
03-03 20:36:14.381  5405  6729 D SGM:GameManager: setPkgDataWithConfigurationImpl(). final csvUserId=0
03-03 20:36:14.381  5405  6729 D SGM:GameManager: setPkgDataWithConfigurationImpl(). userId=0
03-03 20:36:14.381  5405  6729 D SGM:GameManager: setPkgDataWithConfigurationImpl(). dss=0.75
03-03 20:36:14.382  5405  6729 D SGM:GameManager: setAOSPGameMode() pkgName : com.chess.clock, ASOP_gameMode : 2
03-03 20:36:14.382  5405  6729 I GameManagerService: Disabling downscale for com.chess.clock
03-03 20:36:14.390  5405  6729 V GameManagerService: Package configuration not found for com.chess.clock
03-03 20:36:14.391  5405  6729 D SGM:DatabaseHelper: updateOrAddPkg(), update packageName: com.chess.clock, userID: 0, result: 2
03-03 20:36:14.392  5405  6729 D SGM:DatabaseHelper: addActionLog(), tag: SET_PKG
03-03 20:36:14.392  5405  6729 D SGM:DatabaseHelper: addActionLog(), msg:   [com.chess.clock] DSS: 0.75, GTC: 2/0/0, GameSDK: -1/-1/true
03-03 20:36:14.396  5405  6729 D SGM:DatabaseHelper: addActionLog(), delete log data to avoid overflow, id: 20778
03-03 20:36:14.396  5405  6729 D SGM:DatabaseHelper: addActionLog(), ret: 21280
03-03 20:36:14.396  5405  6729 D SGM:GameManager: setPkgDataWithConfigurationImpl(). configuration: packageName: com.samsung.android.game.gametools, performancePolicyForSsrm: {}, optimalAspectRatio: 1.7777778, dynamicSurfaceScaling: 1.0, category: 3, categoryByUser: 3, fillBlackSurfaceOnMargins: false, userId: 0
03-03 20:36:14.396  5405  6729 D SGM:GameManager: setPkgDataWithConfigurationImpl(). final csvUserId=0
03-03 20:36:14.396  5405  6729 D SGM:GameManager: setPkgDataWithConfigurationImpl(). userId=0
03-03 20:36:14.396  5405  6729 D SGM:GameManager: setPkgDataWithConfigurationImpl(). dss=1.0
03-03 20:36:14.396  5405  6729 D SGM:GameManager: setAOSPGameMode() pkgName : com.samsung.android.game.gametools, ASOP_gameMode : 2
03-03 20:36:14.397  5405  6729 D SGM:DatabaseHelper: updateOrAddPkg(), update packageName: com.samsung.android.game.gametools, userID: 0, result: 2
03-03 20:36:14.398  5405  6729 D SGM:DatabaseHelper: addActionLog(), tag: SET_PKG
03-03 20:36:14.398  5405  6729 D SGM:DatabaseHelper: addActionLog(), msg:   [com.samsung.android.game.gametools] 
03-03 20:36:14.401  5405  6729 D SGM:DatabaseHelper: addActionLog(), delete log data to avoid overflow, id: 20779
03-03 20:36:14.401  5405  6729 D SGM:DatabaseHelper: addActionLog(), ret: 21281
03-03 20:36:14.401  5405  6729 D SGM:GameManager: setPkgDataWithConfigurationImpl(). configuration: packageName: com.samsung.android.game.gamehome, performancePolicyForSsrm: {}, optimalAspectRatio: 1.7777778, dynamicSurfaceScaling: 1.0, category: 3, categoryByUser: 3, fillBlackSurfaceOnMargins: false, userId: 0
03-03 20:36:14.401  5405  6729 D SGM:GameManager: setPkgDataWithConfigurationImpl(). final csvUserId=0
03-03 20:36:14.401  5405  6729 D SGM:GameManager: setPkgDataWithConfigurationImpl(). userId=0
03-03 20:36:14.401  5405  6729 D SGM:GameManager: setPkgDataWithConfigurationImpl(). dss=1.0
03-03 20:36:14.401  5405  6729 D SGM:GameManager: setAOSPGameMode() pkgName : com.samsung.android.game.gamehome, ASOP_gameMode : 2
03-03 20:36:14.402  5405  6729 D SGM:DatabaseHelper: updateOrAddPkg(), update packageName: com.samsung.android.game.gamehome, userID: 0, result: 2
03-03 20:36:14.402  5405  6729 D SGM:DatabaseHelper: addActionLog(), tag: SET_PKG
03-03 20:36:14.402  5405  6729 D SGM:DatabaseHelper: addActionLog(), msg:   [com.samsung.android.game.gamehome] 
03-03 20:36:14.404  5405  6729 D SGM:DatabaseHelper: addActionLog(), delete log data to avoid overflow, id: 20780
03-03 20:36:14.404  5405  6729 D SGM:DatabaseHelper: addActionLog(), ret: 21282
03-03 20:36:14.404  5405  6729 D SGM:GameManager: setPkgDataWithConfigurationImpl(). configuration: packageName: com.sec.android.app.samsungapps, performancePolicyForSsrm: {}, optimalAspectRatio: 1.7777778, dynamicSurfaceScaling: 1.0, category: 3, categoryByUser: 3, fillBlackSurfaceOnMargins: false, userId: 0
03-03 20:36:14.404  5405  6729 D SGM:GameManager: setPkgDataWithConfigurationImpl(). final csvUserId=0
03-03 20:36:14.404  5405  6729 D SGM:GameManager: setPkgDataWithConfigurationImpl(). userId=0
03-03 20:36:14.404  5405  6729 D SGM:GameManager: setPkgDataWithConfigurationImpl(). dss=1.0
03-03 20:36:14.404  5405  6729 D SGM:GameManager: setAOSPGameMode() pkgName : com.sec.android.app.samsungapps, ASOP_gameMode : 2
03-03 20:36:14.405  5405  6729 D SGM:DatabaseHelper: updateOrAddPkg(), update packageName: com.sec.android.app.samsungapps, userID: 0, result: 2
03-03 20:36:14.405  5405  6729 D SGM:DatabaseHelper: addActionLog(), tag: SET_PKG
03-03 20:36:14.405  5405  6729 D SGM:DatabaseHelper: addActionLog(), msg:   [com.sec.android.app.samsungapps] 
03-03 20:36:14.408  5405  6729 D SGM:DatabaseHelper: addActionLog(), delete log data to avoid overflow, id: 20781
03-03 20:36:14.408  5405  6729 D SGM:DatabaseHelper: addActionLog(), ret: 21283
03-03 20:36:14.408  5405  6729 D SGM:GameManager: sendPackageDataToSdhms(). sending intent to SDHMS.
03-03 20:36:14.408  5405  6729 V SGM:GameManager: sendPackageDataToSdhms(). configArray=[packageName: com.samsung.android.game.gamelab, performancePolicyForSsrm: {}, optimalAspectRatio: 1.7777778, dynamicSurfaceScaling: 1.0, category: 3, categoryByUser: 3, fillBlackSurfaceOnMargins: false, userId: 0, packageName: org.lichess.mobileapp, performancePolicyForSsrm: {"cpu_level":2,"gpu_level":0,"siop_mode":1}, optimalAspectRatio: 1.7777778, dynamicSurfaceScaling: 0.75, category: 1, categoryByUser: 1, fillBlackSurfaceOnMargins: false, userId: 0, packageName: com.chess.clock, performancePolicyForSsrm: {"cpu_level":2,"gpu_level":0,"siop_mode":1}, optimalAspectRatio: 1.7777778, dynamicSurfaceScaling: 0.75, category: 1, categoryByUser: 1, fillBlackSurfaceOnMargins: false, userId: 0, packageName: com.samsung.android.game.gametools, performancePolicyForSsrm: {}, optimalAspectRatio: 1.7777778, dynamicSurfaceScaling: 1.0, category: 3, categoryByUser: 3, fillBlackSurfaceOnMargins: false, userId: 0, packageName: com.samsung.android.game.gamehome, performancePolicyForSsrm: {}, optimalAspectRatio: 1.7777778, dynamicSurfaceScaling: 1.0, category: 3, categoryByUser: 3, fillBlackSurfaceOnMargins: false, userId: 0, packageName: com.sec.android.app.samsungapps, performancePolicyForSsrm: {}, optimalAspectRatio: 1.7777778, dynamicSurfaceScaling: 1.0, category: 3, categoryByUser: 3, fillBlackSurfaceOnMargins: false, userId: 0]
03-03 20:36:14.410 23070 23108 I GOS:GmsGlobalPackageDataSetter: setPkgData(), ret: true
03-03 20:36:14.419 23070 23108 I GOS:VrrFeature: setVrr(): !isAvailable() return!
03-03 20:36:14.480 23070 23108 I GOS:AlarmController: onUpdateAlarm(), User not agreed, remove Ringlog data. successful: true
03-03 20:36:14.480 23070 23108 I GOS:AlarmController: onUpdateAlarm(), end!
03-03 20:36:14.482 23070 23108 I GOS:MainIntentService: onHandleIntent(). type(INIT_GOS) from 201
03-03 20:36:14.483  5405  6729 D SGM:GameManager: identifyForegroundApp. com.android.settings, mCurrentUserId: 0, callerUserId: 0
03-03 20:36:14.483  5405  6729 D SGM:PkgDataHelper: getGamePkgData(). com.android.settings
03-03 20:36:14.486 23070 23108 I GOS:AutoControlFeature: updateControlLevels maxBrightness=255, maxFps=60
03-03 20:36:14.486 23070 23108 I GOS:AutoControlFeature: update(): brightness=false, volume=false, fps=false
03-03 20:36:14.488 23070 23108 I GOS:WifiQosFeature: updatePolicy(). mTid: 0
03-03 20:36:14.491 23070 23108 I GOS:ClearBGProcessFeature: mLruNum=1
03-03 20:36:14.492 23070 23108 I GOS:ClearBGProcessFeature: loadSurviveMap apps=com.android.vending
03-03 20:36:14.507 23070 23108 I GOS:ClearBGProcessFeature: updateSurviveList mSurviveAppList=[com.sec.android.app.clockpackage, 10185, com.samsung.android.app.reminder, 10165, com.android.vending, 10228, com.samsung.android.calendar, 10220]
03-03 20:36:14.510  5405  7590 D InputManager: checkInputFeature : features = 0x101
03-03 20:36:14.511 23070 23108 I GOS:SeInputManager: checkInputFeature(), ret: 257
03-03 20:36:14.511 23070 23108 I GOS:TspFeature: isAvailableForSystemHelper(), tspVrrInputAvailable: false
03-03 20:36:14.512  5405  7590 D SGM:GameManager: respondWithJson. command: is_variable_refresh_rate_supported
03-03 20:36:14.512  5405  7590 D SGM:GameManager: jsonParam : null
03-03 20:36:14.512  5405  7590 D SGM:GameManager: response : {"value_bool_1":false}
03-03 20:36:14.513 23070 23108 I GOS:TspFeature: isAvailableForSystemHelper(), vrrAvailable: false
03-03 20:36:15.003  5000  5000 E sehhealth-service: Could not open /sys/class/power_supply/battery/lrp
03-03 20:36:15.296  4564  4564 D io_stats: !@   8,0 r 256678 9709816 w 405203 189177396 d 0 0 f 0 0 iot 318776 0 th 0 0 0 pt 0 inp 0 0 3783.112
03-03 20:36:18.089  7385  7582 I bbhc    : (REDACTED) getHotwordActive::active query: %s, watch: %s, devices connected: %s
03-03 20:36:18.973 23071 23157 D CompatibilityChangeReporter: Compat change id reported: 183155436; UID 10223; state: ENABLED
03-03 20:36:18.999  5405  6729 D CompatibilityChangeReporter: Compat change id reported: 161145287; UID 10223; state: DISABLED
03-03 20:36:19.104 23071 23091 V ClearcutMetricXmitter: Transmission is done.
03-03 20:36:19.111 23071 23091 V ClearcutMetricXmitter: Transmission is done.
03-03 20:36:19.299  4564  4564 D io_stats: !@   8,0 r 256680 9709824 w 405218 189177812 d 0 0 f 0 0 iot 318868 0 th 0 0 0 pt 0 inp 0 0 3787.115
03-03 20:36:21.878  7525  8838 I SDHMS:D : SIOP:: AP:375 BAT:387 USB:0 CHG:394 WIFI:369 SKIN:372 SKINF:370 SKINB:372 LRP:372 LRF:370 LRB:372 
03-03 20:36:21.931  4604 23069 I keystore2: keystore2::watchdog: Watchdog thread idle -> terminating. Have a great day.
03-03 20:36:23.303  4564  4564 D io_stats: !@   8,0 r 256680 9709824 w 405220 189177820 d 0 0 f 0 0 iot 318876 0 th 0 0 0 pt 0 inp 0 0 3791.118
03-03 20:36:23.378  6509  7903 I CountryMonitor: current Iso GB
03-03 20:36:23.383  6509  7903 I ContactsProvider_EventLog: cp_s: [CONTACT con(623) dat(3473) acc({sec(6)=5, google(7)=2, google(2)=628}) calls([logtype:100 cnt:1804, logtype:300 cnt:500, logtype:500 cnt:1, logtype:1000 cnt:195]) Iso(GB) uId(0) ]
03-03 20:36:23.383  6509  7903 I ContactsProvider_EventLog: cp_s: [ agr({[2 ,6]=1, [6 ,2]=1, [6]=2, [2 ,2]=6, [2]=610, [2 ,2 ,6]=1, [7 ,2]=2}) ]
03-03 20:36:23.383  6509  7903 I ContactsProvider_EventLog: cp_s: [ cnt({acore(6509)=1}) ]
03-03 20:36:23.383  6509  7903 I ContactsProvider_EventLog: cp_s: [PROFILE ] [SAPROFILE ]
03-03 20:36:23.383  6509  7903 I ContactsProvider_EventLog: cp_s: [STATE R(F) ]
03-03 20:36:24.383  5405  5730 W FileUtils: Failed to chmod(AtomicFile[/data/system_de/0/system/game-manager-service.xml]): android.system.ErrnoException: chmod failed: ENOENT (No such file or directory)
03-03 20:36:25.064  5405  6729 D BatteryService: Sending ACTION_BATTERY_CHANGED: level:58, status:2, health:2, ac:false, usb:true, wireless:false, pogo:false, misc:0x20000, charge_type:1, charger_type:0, voltage:3959, temperature:387, online:19, current_avg:581, ps:false, hvc:false, capacity:280000, current_event:0x18000, current_now:575, mcc:0, mcv:0, cc:2223585, present:true, scale:100, technology:Li-ion
03-03 20:36:25.065  5000  5000 E sehhealth-service: Could not open /sys/class/power_supply/battery/lrp
03-03 20:36:25.072  5405  5569 D MotionRecognitionService: [SAR]  onReceive : ACTION_BATTERY_CHANGED, Plugged: 2
03-03 20:36:25.075  5405  5405 D PhoneWindowManagerExt: ACTION_BATTERY_CHANGED - Level=58, status=2
03-03 20:36:25.075  5405  5712 I DeviceBatteryInfoService: action: android.intent.action.BATTERY_CHANGED
03-03 20:36:25.076  5405  5712 I DeviceBatteryInfoService: phone battery level: 58
03-03 20:36:25.076  5405  5712 I DeviceBatteryInfoService: phone battery status: 2
03-03 20:36:25.077  5405  5405 D AdaptiveBrightnessLongtermModelBuilder: Received android.intent.action.BATTERY_CHANGED
03-03 20:36:25.079  5405  5405 D SemWifiApBroadcastReceiver: Received : android.intent.action.BATTERY_CHANGED
03-03 20:36:25.080  5740  5740 D SemBigDataInfoController: Intent: android.intent.action.BATTERY_CHANGED
03-03 20:36:25.083  5740  5740 D SemBigDataInfoController: Intent: android.intent.action.BATTERY_CHANGED
03-03 20:36:25.086  5763  5763 D KeyguardUpdateMonitor: received broadcast android.intent.action.BATTERY_CHANGED
03-03 20:36:25.087  5763  5763 D SamsungBatteryMeterDrawable: onBatteryLevelChanged isSomethingChanged: false
03-03 20:36:25.087  5763  5763 D SamsungBatteryMeterDrawable: onBatteryLevelChanged isSomethingChanged: false
03-03 20:36:25.088  5763  5763 D SamsungBatteryMeterDrawable: onBatteryLevelChanged isSomethingChanged: false
03-03 20:36:25.093  5763  5763 D SamsungBatteryMeterDrawable: onBatteryLevelChanged isSomethingChanged: false
03-03 20:36:25.094  5763  5763 I PowerUI : mBootCompleted = true |  mFullyConnected = true
03-03 20:36:25.094  5763  5763 I PowerUI : BATTERY_HEALTH_CHECK extraHealth=2 mBatteryMiscEvent=131072
03-03 20:36:25.095  5763  5763 W PowerUI : Plug reason
03-03 20:36:25.095  5763  5763 W PowerUI : Skip charging animation - by plug status
03-03 20:36:25.095  5763  5763 D PowerUI : priorPlugType = 2 mPlugType = 2 priorBatteryStatus = 2 mBatteryStatus = 2
03-03 20:36:25.095  5763 11996 D SecPowerUI.Notification: dismissing low battery warning: level=58
03-03 20:36:25.095  5763 11996 D SecPowerUI.Notification: updateNotification mWarning=false mPlaySound=false
03-03 20:36:25.095  5763 11996 D SecPowerUI.Notification: SecBatteryStatsSnapshot{batteryLevel=58, currentBatteryMode=0, chargingTime=4189000, chargingType=11, batteryHealth=2, automaticTestMode=false, isHiccupState=false}
03-03 20:36:25.095  5763  5763 W PowerUI : Plug reason
03-03 20:36:25.096  5763  5763 W PowerUI : Skip charging sound - by plug status
03-03 20:36:25.096  5763  5763 I PowerUI : oldMisalign : false, curMisalign : false
03-03 20:36:25.097  5763 11996 D SecPowerUI.Notification: 1. restoreScreenTimeOut - saved_value : :
03-03 20:36:25.098  5763 11996 E SecPowerUI.Notification: no saved value, so we do nothing !!
03-03 20:36:25.099  5763  5763 D SecPowerUI.Notification: showChargingNotice oldChargingType : 11 / currentChargingType : 11, oldChargingTime : 4189000 / mChargingTime : 4175000
03-03 20:36:25.099  5763  5763 D SecPowerUI.Notification: showChargingNotification()
03-03 20:36:25.099  5763  5763 D SecPowerUI.Notification: SecBatteryStatsSnapshot{batteryLevel=58, currentBatteryMode=0, chargingTime=4175000, chargingType=11, batteryHealth=2, automaticTestMode=false, isHiccupState=false}
03-03 20:36:25.107  5405  7590 D ApplicationPolicy: isStatusBarNotificationAllowedAsUser: packageName = com.android.systemui,userId = 0
03-03 20:36:25.107  5405  7590 D ApplicationPolicy: isStatusBarNotificationAllowedAsUser: packageName = com.android.systemui,userId = -1
03-03 20:36:25.108  5405  7590 D ApplicationPolicy: isStatusBarNotificationAllowedAsUser: converting userId from USER_ALLto 0
03-03 20:36:25.109  5763  5763 D PowerUI : Battery swelling mode - priorBatterySwellingMode = 0 mBatterySwellingMode = 0 mBatteryStatus = 2
03-03 20:36:25.109  5763  5763 I PowerUI : mBatteryMiscEvent = 131072
03-03 20:36:25.111  5763  5763 I PowerUI : checkShouldTurnOffProtectBattery : -1, Scheduling start ? : false
03-03 20:36:25.111  5763  5763 I PowerUI : Clear time
03-03 20:36:25.112  5405  7590 D SettingsProvider: isChangeAllowed() : name = charger_connected_time
03-03 20:36:25.112  5405  7590 D SettingsProvider: edmUri: content://com.sec.knox.provider/RestrictionPolicy3
03-03 20:36:25.112  5405  7590 D SettingsProvider: projectionArgs: isSettingsChangesAllowed
03-03 20:36:25.112  5405  7590 D SettingsProvider: selectionArgs: false
03-03 20:36:25.112  5405  7590 D SettingsProvider: selectionArgs: 10052
03-03 20:36:25.113  5405  7590 D SecContentProvider: query(), uri = 17 selection = isSettingsChangesAllowed
03-03 20:36:25.113  5405  7590 D SecContentProvider: called from android.uid.systemui:10052
03-03 20:36:25.113  5405  7590 D RestrictionPolicy: isSettingsChangesAllowedAsUser, userId 0 : true
03-03 20:36:25.113  5405  7590 D SettingsProvider: ret = 1
03-03 20:36:25.116  5763  5763 D KeyguardUpdateMonitor: handleBatteryUpdate
03-03 20:36:25.122  5763  5763 D KeyguardSecIndicationController: addIndicationTimeout() returned - unlocking
03-03 20:36:25.122  5763  5763 D KeyguardSecIndicationController: addIndication() returned - unlocking
03-03 20:36:25.122  5763  5763 D KeyguardSecIndicationController: addIndication() returned - unlocking
03-03 20:36:25.122  5763  5763 D KeyguardSecIndicationController: addBatteryAndOwnerInfoIndication() battery status = BatteryStatus{status=2,level=58,plugged=2,health=2,maxChargingWattage=-1,remaining=4175000ultraFastCharger=0}
03-03 20:36:25.123  5763  5763 I AODBatteryManager: updateBatteryData: ACTION_BATTERY_CHANGED
03-03 20:36:25.125  5763  5763 I AODBatteryManager: saveBatteryData : AOD BatteryData [mBatteryLevel=58, mBatteryStatus=CHARGING, mBatteryPlugType=USB, mBatteryPlugged=true, mRemainingChargeTime=4175000, mBatteryChargingType=1, mBatteryChargerType=NORMAL, mBatteryOnline=NOT_DEFINED, mBatterySwellingMode=NONE, mBatteryProtectMode=false]
03-03 20:36:25.125  5763  5763 I ChargingInfoManager: updateChargingInfo: newState = AOD ChargingInfo [mState=BATTERY_AND_REMAIN_TIME, mIsCharging=true, mIsFullyCharged=false, mIsBatteryProtectMode=false], oldState = AOD ChargingInfo [mState=BATTERY_AND_REMAIN_TIME, mIsCharging=true, mIsFullyCharged=false, mIsBatteryProtectMode=false]
03-03 20:36:25.305  4564  4564 D io_stats: !@   8,0 r 256680 9709824 w 405317 189179664 d 0 0 f 0 0 iot 318896 0 th 0 0 0 pt 0 inp 0 0 3793.121
03-03 20:36:25.316  5405  5405 I Telecom:SamsungTelecomServiceImpl: isInManagedCall - callingPackage : android
03-03 20:36:25.336  6173  6173 I Launcher.NotificationListener: onNotificationPosted : com.android.systemui number : 0
03-03 20:36:25.538  5763  5763 D BubblesManager: onEntryUpdated : shouldBubbleUp=false ,key=-1|com.android.systemui|2131428972|charging_state|10052
03-03 20:36:25.582  5763  5763 I FaceWidgetPositionAlgorithm: getClockContainerHeight() supplier = 270, bottom margin = 0, real height = 333
03-03 20:36:25.583  5763  5763 I FaceWidgetPositionAlgorithm: getClockContainerHeight() supplier = 270, bottom margin = 63, real height = 333
03-03 20:36:25.584  5763  5763 I FaceWidgetPositionAlgorithm: getMediaContainerHeight() height = 0 container Visibility = 8, isValid = false, mIsDozing = false, fraction = 1.0, source = 0, target = 0
03-03 20:36:25.584  5763  5763 I FaceWidgetPositionAlgorithm: getMediaContainerHeight() supplier = 0
03-03 20:36:25.641  5763  5763 I FaceWidgetPositionAlgorithm: getClockContainerHeight() supplier = 270, bottom margin = 0, real height = 333
03-03 20:36:25.642  5763  5763 I FaceWidgetPositionAlgorithm: getClockContainerHeight() supplier = 270, bottom margin = 63, real height = 333
03-03 20:36:25.642  5763  5763 I FaceWidgetPositionAlgorithm: getMediaContainerHeight() height = 0 container Visibility = 8, isValid = false, mIsDozing = false, fraction = 1.0, source = 0, target = 0
03-03 20:36:25.643  5763  5763 I FaceWidgetPositionAlgorithm: getMediaContainerHeight() supplier = 0
03-03 20:36:25.700  5763  5763 I FaceWidgetPositionAlgorithm: getClockContainerHeight() supplier = 270, bottom margin = 0, real height = 333
03-03 20:36:25.700  5763  5763 I FaceWidgetPositionAlgorithm: getClockContainerHeight() supplier = 270, bottom margin = 63, real height = 333
03-03 20:36:25.700  5763  5763 I FaceWidgetPositionAlgorithm: getMediaContainerHeight() height = 0 container Visibility = 8, isValid = false, mIsDozing = false, fraction = 1.0, source = 0, target = 0
03-03 20:36:25.701  5763  5763 I FaceWidgetPositionAlgorithm: getMediaContainerHeight() supplier = 0
03-03 20:36:29.272  5405  5454 E Watchdog: !@Sync: 127 heap: 94 / 103 FD: 916 [2026-03-03 20:36:29.271]
03-03 20:36:29.308  4564  4564 D io_stats: !@   8,0 r 256680 9709824 w 405319 189179672 d 0 0 f 0 0 iot 318900 0 th 0 0 0 pt 0 inp 0 0 3797.124
03-03 20:36:30.118  5763  5763 D SecPowerUI.Notification: showChargingNotice oldChargingType : 11 / currentChargingType : 11, oldChargingTime : 4175000 / mChargingTime : 4175000
03-03 20:36:30.118  5763  5763 D SecPowerUI.Notification: There is no change about charging status, so return!
03-03 20:36:31.877  7525  8838 I SDHMS:D : SIOP:: AP:373 BAT:387 USB:0 CHG:394 WIFI:370 SKIN:371 SKINF:370 SKINB:371 LRP:371 LRF:370 LRB:371 
03-03 20:36:35.112  5405  7628 D BatteryService: Sending ACTION_BATTERY_CHANGED: level:58, status:2, health:2, ac:false, usb:true, wireless:false, pogo:false, misc:0x20000, charge_type:1, charger_type:0, voltage:3959, temperature:387, online:19, current_avg:583, ps:false, hvc:false, capacity:280000, current_event:0x18000, current_now:583, mcc:0, mcv:0, cc:2223585, present:true, scale:100, technology:Li-ion
03-03 20:36:35.113  5000  5000 E sehhealth-service: Could not open /sys/class/power_supply/battery/lrp
03-03 20:36:35.118  5405  5405 D PhoneWindowManagerExt: ACTION_BATTERY_CHANGED - Level=58, status=2
03-03 20:36:35.120  5405  5569 D MotionRecognitionService: [SAR]  onReceive : ACTION_BATTERY_CHANGED, Plugged: 2
03-03 20:36:35.120  5405  5712 I DeviceBatteryInfoService: action: android.intent.action.BATTERY_CHANGED
03-03 20:36:35.120  5405  5712 I DeviceBatteryInfoService: phone battery level: 58
03-03 20:36:35.121  5405  5712 I DeviceBatteryInfoService: phone battery status: 2
03-03 20:36:35.122  5405  5405 D AdaptiveBrightnessLongtermModelBuilder: Received android.intent.action.BATTERY_CHANGED
03-03 20:36:35.124  5405  5405 D SemWifiApBroadcastReceiver: Received : android.intent.action.BATTERY_CHANGED
03-03 20:36:35.125  5740  5740 D SemBigDataInfoController: Intent: android.intent.action.BATTERY_CHANGED
03-03 20:36:35.129  5763  5763 D KeyguardUpdateMonitor: received broadcast android.intent.action.BATTERY_CHANGED
03-03 20:36:35.130  5763  5763 D SamsungBatteryMeterDrawable: onBatteryLevelChanged isSomethingChanged: false
03-03 20:36:35.134  5740  5740 D SemBigDataInfoController: Intent: android.intent.action.BATTERY_CHANGED
03-03 20:36:35.131  5763  5763 D SamsungBatteryMeterDrawable: onBatteryLevelChanged isSomethingChanged: false
03-03 20:36:35.136  5763  5763 D SamsungBatteryMeterDrawable: onBatteryLevelChanged isSomethingChanged: false
03-03 20:36:35.137  5763  5763 D SamsungBatteryMeterDrawable: onBatteryLevelChanged isSomethingChanged: false
03-03 20:36:35.139  5763  5763 I PowerUI : mBootCompleted = true |  mFullyConnected = true
03-03 20:36:35.139  5763  5763 I PowerUI : BATTERY_HEALTH_CHECK extraHealth=2 mBatteryMiscEvent=131072
03-03 20:36:35.139  5763  5763 W PowerUI : Plug reason
03-03 20:36:35.139  5763  5763 W PowerUI : Skip charging animation - by plug status
03-03 20:36:35.139  5763  5763 D PowerUI : priorPlugType = 2 mPlugType = 2 priorBatteryStatus = 2 mBatteryStatus = 2
03-03 20:36:35.140  5763  5763 W PowerUI : Plug reason
03-03 20:36:35.140  5763  5763 W PowerUI : Skip charging sound - by plug status
03-03 20:36:35.140  5763  5763 I PowerUI : oldMisalign : false, curMisalign : false
03-03 20:36:35.140  5763 12012 D SecPowerUI.Notification: dismissing low battery warning: level=58
03-03 20:36:35.140  5763 12012 D SecPowerUI.Notification: updateNotification mWarning=false mPlaySound=false
03-03 20:36:35.141  5763 12012 D SecPowerUI.Notification: SecBatteryStatsSnapshot{batteryLevel=58, currentBatteryMode=0, chargingTime=4175000, chargingType=11, batteryHealth=2, automaticTestMode=false, isHiccupState=false}
03-03 20:36:35.142  5763 12012 D SecPowerUI.Notification: 1. restoreScreenTimeOut - saved_value : :
03-03 20:36:35.143  5763 12012 E SecPowerUI.Notification: no saved value, so we do nothing !!
03-03 20:36:35.143  5763  5763 D SecPowerUI.Notification: showChargingNotice oldChargingType : 11 / currentChargingType : 11, oldChargingTime : 4175000 / mChargingTime : 4157000
03-03 20:36:35.143  5763  5763 D SecPowerUI.Notification: showChargingNotification()
03-03 20:36:35.143  5763  5763 D SecPowerUI.Notification: SecBatteryStatsSnapshot{batteryLevel=58, currentBatteryMode=0, chargingTime=4157000, chargingType=11, batteryHealth=2, automaticTestMode=false, isHiccupState=false}
03-03 20:36:35.147  5405  7590 D ApplicationPolicy: isStatusBarNotificationAllowedAsUser: packageName = com.android.systemui,userId = 0
03-03 20:36:35.147  5405  7590 D ApplicationPolicy: isStatusBarNotificationAllowedAsUser: packageName = com.android.systemui,userId = -1
03-03 20:36:35.147  5405  7590 D ApplicationPolicy: isStatusBarNotificationAllowedAsUser: converting userId from USER_ALLto 0
03-03 20:36:35.148  5763  5763 D PowerUI : Battery swelling mode - priorBatterySwellingMode = 0 mBatterySwellingMode = 0 mBatteryStatus = 2
03-03 20:36:35.148  5763  5763 I PowerUI : mBatteryMiscEvent = 131072
03-03 20:36:35.150  5763  5763 I PowerUI : checkShouldTurnOffProtectBattery : -1, Scheduling start ? : false
03-03 20:36:35.150  5763  5763 I PowerUI : Clear time
03-03 20:36:35.150  5405  7590 D SettingsProvider: isChangeAllowed() : name = charger_connected_time
03-03 20:36:35.151  5405  7590 D SettingsProvider: edmUri: content://com.sec.knox.provider/RestrictionPolicy3
03-03 20:36:35.151  5405  7590 D SettingsProvider: projectionArgs: isSettingsChangesAllowed
03-03 20:36:35.151  5405  7590 D SettingsProvider: selectionArgs: false
03-03 20:36:35.151  5405  7590 D SettingsProvider: selectionArgs: 10052
03-03 20:36:35.151  5405  7590 D SecContentProvider: query(), uri = 17 selection = isSettingsChangesAllowed
03-03 20:36:35.151  5405  7590 D SecContentProvider: called from android.uid.systemui:10052
03-03 20:36:35.151  5405  7590 D RestrictionPolicy: isSettingsChangesAllowedAsUser, userId 0 : true
03-03 20:36:35.151  5405  7590 D SettingsProvider: ret = 1
03-03 20:36:35.153  5763  5763 D KeyguardUpdateMonitor: handleBatteryUpdate
03-03 20:36:35.157  5763  5763 D KeyguardSecIndicationController: addIndicationTimeout() returned - unlocking
03-03 20:36:35.157  5763  5763 D KeyguardSecIndicationController: addIndication() returned - unlocking
03-03 20:36:35.157  5763  5763 D KeyguardSecIndicationController: addIndication() returned - unlocking
03-03 20:36:35.157  5763  5763 D KeyguardSecIndicationController: addBatteryAndOwnerInfoIndication() battery status = BatteryStatus{status=2,level=58,plugged=2,health=2,maxChargingWattage=-1,remaining=4157000ultraFastCharger=0}
03-03 20:36:35.158  5763  5763 I AODBatteryManager: updateBatteryData: ACTION_BATTERY_CHANGED
03-03 20:36:35.159  5763  5763 I AODBatteryManager: saveBatteryData : AOD BatteryData [mBatteryLevel=58, mBatteryStatus=CHARGING, mBatteryPlugType=USB, mBatteryPlugged=true, mRemainingChargeTime=4157000, mBatteryChargingType=1, mBatteryChargerType=NORMAL, mBatteryOnline=NOT_DEFINED, mBatterySwellingMode=NONE, mBatteryProtectMode=false]
03-03 20:36:35.159  5763  5763 I ChargingInfoManager: updateChargingInfo: newState = AOD ChargingInfo [mState=BATTERY_AND_REMAIN_TIME, mIsCharging=true, mIsFullyCharged=false, mIsBatteryProtectMode=false], oldState = AOD ChargingInfo [mState=BATTERY_AND_REMAIN_TIME, mIsCharging=true, mIsFullyCharged=false, mIsBatteryProtectMode=false]
03-03 20:36:35.355  5405  5405 I Telecom:SamsungTelecomServiceImpl: isInManagedCall - callingPackage : android
03-03 20:36:35.373  6173  6173 I Launcher.NotificationListener: onNotificationPosted : com.android.systemui number : 0
03-03 20:36:35.575  5763  5763 D BubblesManager: onEntryUpdated : shouldBubbleUp=false ,key=-1|com.android.systemui|2131428972|charging_state|10052
03-03 20:36:35.624  5763  5763 I FaceWidgetPositionAlgorithm: getClockContainerHeight() supplier = 270, bottom margin = 0, real height = 333
03-03 20:36:35.625  5763  5763 I FaceWidgetPositionAlgorithm: getClockContainerHeight() supplier = 270, bottom margin = 63, real height = 333
03-03 20:36:35.625  5763  5763 I FaceWidgetPositionAlgorithm: getMediaContainerHeight() height = 0 container Visibility = 8, isValid = false, mIsDozing = false, fraction = 1.0, source = 0, target = 0
03-03 20:36:35.626  5763  5763 I FaceWidgetPositionAlgorithm: getMediaContainerHeight() supplier = 0
03-03 20:36:35.684  5763  5763 I FaceWidgetPositionAlgorithm: getClockContainerHeight() supplier = 270, bottom margin = 0, real height = 333
03-03 20:36:35.685  5763  5763 I FaceWidgetPositionAlgorithm: getClockContainerHeight() supplier = 270, bottom margin = 63, real height = 333
03-03 20:36:35.685  5763  5763 I FaceWidgetPositionAlgorithm: getMediaContainerHeight() height = 0 container Visibility = 8, isValid = false, mIsDozing = false, fraction = 1.0, source = 0, target = 0
03-03 20:36:35.686  5763  5763 I FaceWidgetPositionAlgorithm: getMediaContainerHeight() supplier = 0
03-03 20:36:35.731  5763  5763 I FaceWidgetPositionAlgorithm: getClockContainerHeight() supplier = 270, bottom margin = 0, real height = 333
03-03 20:36:35.732  5763  5763 I FaceWidgetPositionAlgorithm: getClockContainerHeight() supplier = 270, bottom margin = 63, real height = 333
03-03 20:36:35.732  5763  5763 I FaceWidgetPositionAlgorithm: getMediaContainerHeight() height = 0 container Visibility = 8, isValid = false, mIsDozing = false, fraction = 1.0, source = 0, target = 0
03-03 20:36:35.732  5763  5763 I FaceWidgetPositionAlgorithm: getMediaContainerHeight() supplier = 0
03-03 20:36:39.315  4564  4564 D io_stats: !@   8,0 r 256680 9709824 w 405322 189179684 d 0 0 f 0 0 iot 318904 0 th 0 0 0 pt 0 inp 0 0 3807.131
03-03 20:36:40.157  5763  5763 D SecPowerUI.Notification: showChargingNotice oldChargingType : 11 / currentChargingType : 11, oldChargingTime : 4157000 / mChargingTime : 4157000
03-03 20:36:40.157  5763  5763 D SecPowerUI.Notification: There is no change about charging status, so return!
03-03 20:36:41.878  7525  8838 I SDHMS:D : SIOP:: AP:372 BAT:387 USB:0 CHG:394 WIFI:370 SKIN:371 SKINF:370 SKINB:371 LRP:371 LRF:370 LRB:371 
03-03 20:36:43.318  4564  4564 D io_stats: !@   8,0 r 256680 9709824 w 405323 189179688 d 0 0 f 0 0 iot 318908 0 th 0 0 0 pt 0 inp 0 0 3811.134
03-03 20:36:45.154  5405  7590 D BatteryService: Sending ACTION_BATTERY_CHANGED: level:58, status:2, health:2, ac:false, usb:true, wireless:false, pogo:false, misc:0x20000, charge_type:1, charger_type:0, voltage:3959, temperature:387, online:19, current_avg:563, ps:false, hvc:false, capacity:280000, current_event:0x18000, current_now:560, mcc:0, mcv:0, cc:2227386, present:true, scale:100, technology:Li-ion
03-03 20:36:45.155  5000  5000 E sehhealth-service: Could not open /sys/class/power_supply/battery/lrp
03-03 20:36:45.161  5405  5569 D MotionRecognitionService: [SAR]  onReceive : ACTION_BATTERY_CHANGED, Plugged: 2
03-03 20:36:45.163  5405  5405 D PhoneWindowManagerExt: ACTION_BATTERY_CHANGED - Level=58, status=2
03-03 20:36:45.169  5405  5712 I DeviceBatteryInfoService: action: android.intent.action.BATTERY_CHANGED
03-03 20:36:45.169  5405  5712 I DeviceBatteryInfoService: phone battery level: 58
03-03 20:36:45.169  5405  5712 I DeviceBatteryInfoService: phone battery status: 2
03-03 20:36:45.171  5405  5405 D AdaptiveBrightnessLongtermModelBuilder: Received android.intent.action.BATTERY_CHANGED
03-03 20:36:45.178  5405  5405 D SemWifiApBroadcastReceiver: Received : android.intent.action.BATTERY_CHANGED
03-03 20:36:45.179  5740  5740 D SemBigDataInfoController: Intent: android.intent.action.BATTERY_CHANGED
03-03 20:36:45.180  5740  5740 D SemBigDataInfoController: Intent: android.intent.action.BATTERY_CHANGED
03-03 20:36:45.181  5763  5763 D KeyguardUpdateMonitor: received broadcast android.intent.action.BATTERY_CHANGED
03-03 20:36:45.182  5763  5763 D SamsungBatteryMeterDrawable: onBatteryLevelChanged isSomethingChanged: false
03-03 20:36:45.185  5763  5763 D SamsungBatteryMeterDrawable: onBatteryLevelChanged isSomethingChanged: false
03-03 20:36:45.185  5763  5763 D SamsungBatteryMeterDrawable: onBatteryLevelChanged isSomethingChanged: false
03-03 20:36:45.186  5763  5763 D SamsungBatteryMeterDrawable: onBatteryLevelChanged isSomethingChanged: false
03-03 20:36:45.186  5763  5763 I PowerUI : mBootCompleted = true |  mFullyConnected = true
03-03 20:36:45.186  5763  5763 I PowerUI : BATTERY_HEALTH_CHECK extraHealth=2 mBatteryMiscEvent=131072
03-03 20:36:45.187  5763  5763 W PowerUI : Plug reason
03-03 20:36:45.187  5763  5763 W PowerUI : Skip charging animation - by plug status
03-03 20:36:45.187  5763  5763 D PowerUI : priorPlugType = 2 mPlugType = 2 priorBatteryStatus = 2 mBatteryStatus = 2
03-03 20:36:45.187  5763  5763 W PowerUI : Plug reason
03-03 20:36:45.187  5763  5763 W PowerUI : Skip charging sound - by plug status
03-03 20:36:45.187  5763 12026 D SecPowerUI.Notification: dismissing low battery warning: level=58
03-03 20:36:45.187  5763 12026 D SecPowerUI.Notification: updateNotification mWarning=false mPlaySound=false
03-03 20:36:45.187  5763 12026 D SecPowerUI.Notification: SecBatteryStatsSnapshot{batteryLevel=58, currentBatteryMode=0, chargingTime=4157000, chargingType=11, batteryHealth=2, automaticTestMode=false, isHiccupState=false}
03-03 20:36:45.187  5763  5763 I PowerUI : oldMisalign : false, curMisalign : false
03-03 20:36:45.189  5763 12026 D SecPowerUI.Notification: 1. restoreScreenTimeOut - saved_value : :
03-03 20:36:45.189  5763 12026 E SecPowerUI.Notification: no saved value, so we do nothing !!
03-03 20:36:45.190  5763  5763 D SecPowerUI.Notification: showChargingNotice oldChargingType : 11 / currentChargingType : 11, oldChargingTime : 4157000 / mChargingTime : 4157000
03-03 20:36:45.190  5763  5763 D SecPowerUI.Notification: There is no change about charging status, so return!
03-03 20:36:45.190  5763  5763 D PowerUI : Battery swelling mode - priorBatterySwellingMode = 0 mBatterySwellingMode = 0 mBatteryStatus = 2
03-03 20:36:45.190  5763  5763 I PowerUI : mBatteryMiscEvent = 131072
03-03 20:36:45.193  5763  5763 I PowerUI : checkShouldTurnOffProtectBattery : -1, Scheduling start ? : false
03-03 20:36:45.193  5763  5763 I PowerUI : Clear time
03-03 20:36:45.194  5405  7628 D SettingsProvider: isChangeAllowed() : name = charger_connected_time
03-03 20:36:45.194  5405  7628 D SettingsProvider: edmUri: content://com.sec.knox.provider/RestrictionPolicy3
03-03 20:36:45.194  5405  7628 D SettingsProvider: projectionArgs: isSettingsChangesAllowed
03-03 20:36:45.194  5405  7628 D SettingsProvider: selectionArgs: false
03-03 20:36:45.194  5405  7628 D SettingsProvider: selectionArgs: 10052
03-03 20:36:45.195  5405  7628 D SecContentProvider: query(), uri = 17 selection = isSettingsChangesAllowed
03-03 20:36:45.195  5405  7628 D SecContentProvider: called from android.uid.systemui:10052
03-03 20:36:45.195  5405  7628 D RestrictionPolicy: isSettingsChangesAllowedAsUser, userId 0 : true
03-03 20:36:45.196  5405  7628 D SettingsProvider: ret = 1
03-03 20:36:45.198  5763  5763 D KeyguardUpdateMonitor: handleBatteryUpdate
03-03 20:36:45.201  5763  5763 I AODBatteryManager: updateBatteryData: ACTION_BATTERY_CHANGED
03-03 20:36:45.204  5763  5763 I AODBatteryManager: saveBatteryData : AOD BatteryData [mBatteryLevel=58, mBatteryStatus=CHARGING, mBatteryPlugType=USB, mBatteryPlugged=true, mRemainingChargeTime=4157000, mBatteryChargingType=1, mBatteryChargerType=NORMAL, mBatteryOnline=NOT_DEFINED, mBatterySwellingMode=NONE, mBatteryProtectMode=false]
03-03 20:36:49.341  5405  5636 W DeviceStorageMonitorService: updateBroadcasts(/data) oldLevel:0, newLevel:0, seq:1
03-03 20:36:49.344  5405  5636 D DeviceStorageMonitorService: Available File Node Number is [12604688]
03-03 20:36:49.345  5405  5636 W DeviceStorageMonitorService: updateBroadcasts_filenode(/data) fn_oldLevel:0, fn_newLevel:0, seq:1
03-03 20:36:50.199  5763  5763 D SecPowerUI.Notification: showChargingNotice oldChargingType : 11 / currentChargingType : 11, oldChargingTime : 4157000 / mChargingTime : 4157000
03-03 20:36:50.199  5763  5763 D SecPowerUI.Notification: There is no change about charging status, so return!
03-03 20:36:51.878  7525  8838 I SDHMS:D : SIOP:: AP:372 BAT:387 USB:0 CHG:394 WIFI:369 SKIN:371 SKINF:370 SKINB:371 LRP:371 LRF:370 LRB:371 
03-03 20:36:51.889  5052  5052 I SurfaceFlinger: SFWD update time=3819705610114
03-03 20:36:53.245  5405  5652 D UsbStatsMonitor: 0 0 0 0 0 0 0 0 0 0 0 0 0 0 0 0 0 0 0 0 0 0 0 0 0 0 0 0 0 0 0 0 0 0 0 0 0 0 0 0 0 0 0 0 0 0 0 0 0
03-03 20:36:53.326  4564  4564 D io_stats: !@   8,0 r 256680 9709824 w 405325 189179696 d 0 0 f 0 0 iot 318912 0 th 0 0 0 pt 0 inp 0 0 3821.142
03-03 20:36:55.361  5000  5000 E sehhealth-service: Could not open /sys/class/power_supply/battery/lrp
03-03 20:36:55.361  5405  6729 D BatteryService: Sending ACTION_BATTERY_CHANGED: level:58, status:2, health:2, ac:false, usb:true, wireless:false, pogo:false, misc:0x20000, charge_type:1, charger_type:0, voltage:3959, temperature:387, online:19, current_avg:574, ps:false, hvc:false, capacity:280000, current_event:0x18000, current_now:572, mcc:0, mcv:0, cc:2227386, present:true, scale:100, technology:Li-ion
03-03 20:36:55.367  5405  5569 D MotionRecognitionService: [SAR]  onReceive : ACTION_BATTERY_CHANGED, Plugged: 2
03-03 20:36:55.368  5405  5405 D PhoneWindowManagerExt: ACTION_BATTERY_CHANGED - Level=58, status=2
03-03 20:36:55.370  5405  5712 I DeviceBatteryInfoService: action: android.intent.action.BATTERY_CHANGED
03-03 20:36:55.370  5405  5712 I DeviceBatteryInfoService: phone battery level: 58
03-03 20:36:55.370  5405  5712 I DeviceBatteryInfoService: phone battery status: 2
03-03 20:36:55.372  5405  5405 D AdaptiveBrightnessLongtermModelBuilder: Received android.intent.action.BATTERY_CHANGED
03-03 20:36:55.375  5405  5405 D SemWifiApBroadcastReceiver: Received : android.intent.action.BATTERY_CHANGED
03-03 20:36:55.377  5740  5740 D SemBigDataInfoController: Intent: android.intent.action.BATTERY_CHANGED
03-03 20:36:55.378  5740  5740 D SemBigDataInfoController: Intent: android.intent.action.BATTERY_CHANGED
03-03 20:36:55.382  5763  5763 D KeyguardUpdateMonitor: received broadcast android.intent.action.BATTERY_CHANGED
03-03 20:36:55.383  5763  5763 D SamsungBatteryMeterDrawable: onBatteryLevelChanged isSomethingChanged: false
03-03 20:36:55.384  5763  5763 D SamsungBatteryMeterDrawable: onBatteryLevelChanged isSomethingChanged: false
03-03 20:36:55.385  5763  5763 D SamsungBatteryMeterDrawable: onBatteryLevelChanged isSomethingChanged: false
03-03 20:36:55.386  5763  5763 D SamsungBatteryMeterDrawable: onBatteryLevelChanged isSomethingChanged: false
03-03 20:36:55.387  5763  5763 I PowerUI : mBootCompleted = true |  mFullyConnected = true
03-03 20:36:55.387  5763  5763 I PowerUI : BATTERY_HEALTH_CHECK extraHealth=2 mBatteryMiscEvent=131072
03-03 20:36:55.387  5763  6585 D SecPowerUI.Notification: dismissing low battery warning: level=58
03-03 20:36:55.387  5763  6585 D SecPowerUI.Notification: updateNotification mWarning=false mPlaySound=false
03-03 20:36:55.388  5763  6585 D SecPowerUI.Notification: SecBatteryStatsSnapshot{batteryLevel=58, currentBatteryMode=0, chargingTime=4157000, chargingType=11, batteryHealth=2, automaticTestMode=false, isHiccupState=false}
03-03 20:36:55.389  5763  6585 D SecPowerUI.Notification: 1. restoreScreenTimeOut - saved_value : :
03-03 20:36:55.389  5763  6585 E SecPowerUI.Notification: no saved value, so we do nothing !!
03-03 20:36:55.391  5763  5763 W PowerUI : Plug reason
03-03 20:36:55.391  5763  5763 W PowerUI : Skip charging animation - by plug status
03-03 20:36:55.391  5763  5763 D PowerUI : priorPlugType = 2 mPlugType = 2 priorBatteryStatus = 2 mBatteryStatus = 2
03-03 20:36:55.391  5763  5763 W PowerUI : Plug reason
03-03 20:36:55.391  5763  5763 W PowerUI : Skip charging sound - by plug status
03-03 20:36:55.391  5763  5763 I PowerUI : oldMisalign : false, curMisalign : false
03-03 20:36:55.393  5763  5763 D SecPowerUI.Notification: showChargingNotice oldChargingType : 11 / currentChargingType : 11, oldChargingTime : 4157000 / mChargingTime : 4142000
03-03 20:36:55.393  5763  5763 D SecPowerUI.Notification: showChargingNotification()
03-03 20:36:55.394  5763  5763 D SecPowerUI.Notification: SecBatteryStatsSnapshot{batteryLevel=58, currentBatteryMode=0, chargingTime=4142000, chargingType=11, batteryHealth=2, automaticTestMode=false, isHiccupState=false}
03-03 20:36:55.400  5405  6729 D ApplicationPolicy: isStatusBarNotificationAllowedAsUser: packageName = com.android.systemui,userId = 0
03-03 20:36:55.401  5405  6729 D ApplicationPolicy: isStatusBarNotificationAllowedAsUser: packageName = com.android.systemui,userId = -1
03-03 20:36:55.401  5405  6729 D ApplicationPolicy: isStatusBarNotificationAllowedAsUser: converting userId from USER_ALLto 0
03-03 20:36:55.403  5763  5763 D PowerUI : Battery swelling mode - priorBatterySwellingMode = 0 mBatterySwellingMode = 0 mBatteryStatus = 2
03-03 20:36:55.403  5763  5763 I PowerUI : mBatteryMiscEvent = 131072
03-03 20:36:55.405  5763  5763 I PowerUI : checkShouldTurnOffProtectBattery : -1, Scheduling start ? : false
03-03 20:36:55.405  5763  5763 I PowerUI : Clear time
03-03 20:36:55.406  5405  6729 D SettingsProvider: isChangeAllowed() : name = charger_connected_time
03-03 20:36:55.406  5405  6729 D SettingsProvider: edmUri: content://com.sec.knox.provider/RestrictionPolicy3
03-03 20:36:55.407  5405  6729 D SettingsProvider: projectionArgs: isSettingsChangesAllowed
03-03 20:36:55.407  5405  6729 D SettingsProvider: selectionArgs: false
03-03 20:36:55.407  5405  6729 D SettingsProvider: selectionArgs: 10052
03-03 20:36:55.407  5405  6729 D SecContentProvider: query(), uri = 17 selection = isSettingsChangesAllowed
03-03 20:36:55.407  5405  6729 D SecContentProvider: called from android.uid.systemui:10052
03-03 20:36:55.408  5405  6729 D RestrictionPolicy: isSettingsChangesAllowedAsUser, userId 0 : true
03-03 20:36:55.408  5405  6729 D SettingsProvider: ret = 1
03-03 20:36:55.411  5763  5763 I AODBatteryManager: updateBatteryData: ACTION_BATTERY_CHANGED
03-03 20:36:55.413  5763  5763 I AODBatteryManager: saveBatteryData : AOD BatteryData [mBatteryLevel=58, mBatteryStatus=CHARGING, mBatteryPlugType=USB, mBatteryPlugged=true, mRemainingChargeTime=4142000, mBatteryChargingType=1, mBatteryChargerType=NORMAL, mBatteryOnline=NOT_DEFINED, mBatterySwellingMode=NONE, mBatteryProtectMode=false]
03-03 20:36:55.414  5763  5763 I ChargingInfoManager: updateChargingInfo: newState = AOD ChargingInfo [mState=BATTERY_AND_REMAIN_TIME, mIsCharging=true, mIsFullyCharged=false, mIsBatteryProtectMode=false], oldState = AOD ChargingInfo [mState=BATTERY_AND_REMAIN_TIME, mIsCharging=true, mIsFullyCharged=false, mIsBatteryProtectMode=false]
03-03 20:36:55.414  5763  5763 D KeyguardUpdateMonitor: handleBatteryUpdate
03-03 20:36:55.421  5763  5763 D KeyguardSecIndicationController: addIndicationTimeout() returned - unlocking
03-03 20:36:55.421  5763  5763 D KeyguardSecIndicationController: addIndication() returned - unlocking
03-03 20:36:55.421  5763  5763 D KeyguardSecIndicationController: addIndication() returned - unlocking
03-03 20:36:55.421  5763  5763 D KeyguardSecIndicationController: addBatteryAndOwnerInfoIndication() battery status = BatteryStatus{status=2,level=58,plugged=2,health=2,maxChargingWattage=-1,remaining=4142000ultraFastCharger=0}
03-03 20:36:55.610  5405  5405 I Telecom:SamsungTelecomServiceImpl: isInManagedCall - callingPackage : android
03-03 20:36:55.628  6173  6173 I Launcher.NotificationListener: onNotificationPosted : com.android.systemui number : 0
03-03 20:36:55.830  5763  5763 D BubblesManager: onEntryUpdated : shouldBubbleUp=false ,key=-1|com.android.systemui|2131428972|charging_state|10052
03-03 20:36:55.884  5763  5763 I FaceWidgetPositionAlgorithm: getClockContainerHeight() supplier = 270, bottom margin = 0, real height = 333
03-03 20:36:55.886  5763  5763 I FaceWidgetPositionAlgorithm: getClockContainerHeight() supplier = 270, bottom margin = 63, real height = 333
03-03 20:36:55.886  5763  5763 I FaceWidgetPositionAlgorithm: getMediaContainerHeight() height = 0 container Visibility = 8, isValid = false, mIsDozing = false, fraction = 1.0, source = 0, target = 0
03-03 20:36:55.886  5763  5763 I FaceWidgetPositionAlgorithm: getMediaContainerHeight() supplier = 0
03-03 20:36:55.945  5763  5763 I FaceWidgetPositionAlgorithm: getClockContainerHeight() supplier = 270, bottom margin = 0, real height = 333
03-03 20:36:55.946  5763  5763 I FaceWidgetPositionAlgorithm: getClockContainerHeight() supplier = 270, bottom margin = 63, real height = 333
03-03 20:36:55.946  5763  5763 I FaceWidgetPositionAlgorithm: getMediaContainerHeight() height = 0 container Visibility = 8, isValid = false, mIsDozing = false, fraction = 1.0, source = 0, target = 0
03-03 20:36:55.946  5763  5763 I FaceWidgetPositionAlgorithm: getMediaContainerHeight() supplier = 0
03-03 20:36:56.003  5763  5763 I FaceWidgetPositionAlgorithm: getClockContainerHeight() supplier = 270, bottom margin = 0, real height = 333
03-03 20:36:56.004  5763  5763 I FaceWidgetPositionAlgorithm: getClockContainerHeight() supplier = 270, bottom margin = 63, real height = 333
03-03 20:36:56.004  5763  5763 I FaceWidgetPositionAlgorithm: getMediaContainerHeight() height = 0 container Visibility = 8, isValid = false, mIsDozing = false, fraction = 1.0, source = 0, target = 0
03-03 20:36:56.004  5763  5763 I FaceWidgetPositionAlgorithm: getMediaContainerHeight() supplier = 0
03-03 20:36:59.295  5405  5454 E Watchdog: !@Sync: 128 heap: 94 / 103 FD: 916 [2026-03-03 20:36:59.295]
03-03 20:37:00.005  5763  5763 D KeyguardUpdateMonitor: received broadcast android.intent.action.TIME_TICK
03-03 20:37:00.006  5763  5763 D KeyguardUpdateMonitor: handleTimeUpdate
03-03 20:37:00.008  5763  6242 D QSClockBellTower: onReceive(android.intent.action.TIME_TICK) mTimeZoneString:null
03-03 20:37:00.009  5763  5763 D FaceWidgetPagesController: onTimeChanged()
03-03 20:37:00.015  5763  5763 D QSClockBellTower: He is ready to ring the bell. (((QSClockBellSound - TimeText:20:37, TimeContentDescription:20:37, DateText:Tue, 3 March, ShortDateText:Tue, 3 Mar, Demo:false, QuickStar-Second(false|12:34:56))))
03-03 20:37:00.018  5763  5763 D QSClockIndicatorView: Home Indicator status_bar_clock 20:37 notifyTimeChanged(QSClockBellSound - TimeText:20:37, TimeContentDescription:20:37, DateText:Tue, 3 March, ShortDateText:Tue, 3 Mar, Demo:false, QuickStar-Second(false|12:34:56)) ClockVisibleByPolicy:true, ClockVisibleByUser:true, visible?true, parent:android.widget.LinearLayout{6e0da4a V.E...... ......ID 0,0-97,55 #7f0b04f0 app:id/left_clock_container}
03-03 20:37:00.019  5763  5763 D QSClockBellTower: Everyone heard the bell. run(currentTime:1772545020010,   getTime():Tue Mar 03 20:37:00 GMT+07:00 2026,   getTimeZone():libcore.util.ZoneInfo[mDstSavings=0,mUseDst=false,mDelegate=[id="Asia/Bangkok",mRawOffset=25200000,mEarliestRawOffset=24124000,transitions=3]])
03-03 20:37:00.035  5763  5763 I FaceWidgetPositionAlgorithm: getClockContainerHeight() supplier = 270, bottom margin = 0, real height = 333
03-03 20:37:00.036  5763  5763 I FaceWidgetPositionAlgorithm: getClockContainerHeight() supplier = 270, bottom margin = 63, real height = 333
