03-03 20:42:47.343  5405  5569 D MotionRecognitionService: [SAR]  onReceive : ACTION_BATTERY_CHANGED, Plugged: 2
03-03 20:42:47.346  5405  5405 D PhoneWindowManagerExt: ACTION_BATTERY_CHANGED - Level=60, status=2
03-03 20:42:47.346  5405  5712 I DeviceBatteryInfoService: action: android.intent.action.BATTERY_CHANGED
03-03 20:42:47.347  5405  5712 I DeviceBatteryInfoService: phone battery level: 60
03-03 20:42:47.347  5405  5712 I DeviceBatteryInfoService: phone battery status: 2
03-03 20:42:47.349  5405  5405 D AdaptiveBrightnessLongtermModelBuilder: Received android.intent.action.BATTERY_CHANGED
03-03 20:42:47.351  5405  5405 D SemWifiApBroadcastReceiver: Received : android.intent.action.BATTERY_CHANGED
03-03 20:42:47.353  5740  5740 D SemBigDataInfoController: Intent: android.intent.action.BATTERY_CHANGED
03-03 20:42:47.356  5740  5740 D SemBigDataInfoController: Intent: android.intent.action.BATTERY_CHANGED
03-03 20:42:47.358  5763  5763 D KeyguardUpdateMonitor: received broadcast android.intent.action.BATTERY_CHANGED
03-03 20:42:47.359  5763  5763 D SamsungBatteryMeterDrawable: onBatteryLevelChanged isSomethingChanged: false
03-03 20:42:47.360  5763  5763 D SamsungBatteryMeterDrawable: onBatteryLevelChanged isSomethingChanged: false
03-03 20:42:47.361  5763  5763 D SamsungBatteryMeterDrawable: onBatteryLevelChanged isSomethingChanged: false
03-03 20:42:47.362  5763  5763 D SamsungBatteryMeterDrawable: onBatteryLevelChanged isSomethingChanged: false
03-03 20:42:47.364  5763  5763 I PowerUI : mBootCompleted = true |  mFullyConnected = true
03-03 20:42:47.364  5763  5763 I PowerUI : BATTERY_HEALTH_CHECK extraHealth=2 mBatteryMiscEvent=131072
03-03 20:42:47.365  5763  5763 W PowerUI : Plug reason
03-03 20:42:47.365  5763  5763 W PowerUI : Skip charging animation - by plug status
03-03 20:42:47.365  5763  5763 D PowerUI : priorPlugType = 2 mPlugType = 2 priorBatteryStatus = 2 mBatteryStatus = 2
03-03 20:42:47.365  5763  5763 W PowerUI : Plug reason
03-03 20:42:47.365  5763 11800 D SecPowerUI.Notification: dismissing low battery warning: level=60
03-03 20:42:47.365  5763 11800 D SecPowerUI.Notification: updateNotification mWarning=false mPlaySound=false
03-03 20:42:47.365  5763  5763 W PowerUI : Skip charging sound - by plug status
03-03 20:42:47.365  5763 11800 D SecPowerUI.Notification: SecBatteryStatsSnapshot{batteryLevel=60, currentBatteryMode=0, chargingTime=3879000, chargingType=11, batteryHealth=2, automaticTestMode=false, isHiccupState=false}
03-03 20:42:47.366  5763  5763 I PowerUI : oldMisalign : false, curMisalign : false
03-03 20:42:47.367  5763 11800 D SecPowerUI.Notification: 1. restoreScreenTimeOut - saved_value : :
03-03 20:42:47.367  5763 11800 E SecPowerUI.Notification: no saved value, so we do nothing !!
03-03 20:42:47.367  5763  5763 D SecPowerUI.Notification: showChargingNotice oldChargingType : 11 / currentChargingType : 11, oldChargingTime : 3879000 / mChargingTime : 3879000
03-03 20:42:47.367  5763  5763 D SecPowerUI.Notification: There is no change about charging status, so return!
03-03 20:42:47.367  5763  5763 D PowerUI : Battery swelling mode - priorBatterySwellingMode = 0 mBatterySwellingMode = 0 mBatteryStatus = 2
03-03 20:42:47.368  5763  5763 I PowerUI : mBatteryMiscEvent = 131072
03-03 20:42:47.370  5763  5763 I PowerUI : checkShouldTurnOffProtectBattery : -1, Scheduling start ? : false
03-03 20:42:47.370  5763  5763 I PowerUI : Clear time
03-03 20:42:47.371  5405  7590 D SettingsProvider: isChangeAllowed() : name = charger_connected_time
03-03 20:42:47.371  5405  7590 D SettingsProvider: edmUri: content://com.sec.knox.provider/RestrictionPolicy3
03-03 20:42:47.371  5405  7590 D SettingsProvider: projectionArgs: isSettingsChangesAllowed
03-03 20:42:47.371  5405  7590 D SettingsProvider: selectionArgs: false
03-03 20:42:47.371  5405  7590 D SettingsProvider: selectionArgs: 10052
03-03 20:42:47.372  5405  7590 D SecContentProvider: query(), uri = 17 selection = isSettingsChangesAllowed
03-03 20:42:47.372  5405  7590 D SecContentProvider: called from android.uid.systemui:10052
03-03 20:42:47.373  5405  7590 D RestrictionPolicy: isSettingsChangesAllowedAsUser, userId 0 : true
03-03 20:42:47.373  5405  7590 D SettingsProvider: ret = 1
03-03 20:42:47.376  5763  5763 D KeyguardUpdateMonitor: handleBatteryUpdate
03-03 20:42:47.378  5763  5763 I AODBatteryManager: updateBatteryData: ACTION_BATTERY_CHANGED
03-03 20:42:47.381  5763  5763 I AODBatteryManager: saveBatteryData : AOD BatteryData [mBatteryLevel=60, mBatteryStatus=CHARGING, mBatteryPlugType=USB, mBatteryPlugged=true, mRemainingChargeTime=3879000, mBatteryChargingType=1, mBatteryChargerType=NORMAL, mBatteryOnline=NOT_DEFINED, mBatterySwellingMode=NONE, mBatteryProtectMode=false]
03-03 20:42:49.609  5405  5636 W DeviceStorageMonitorService: updateBroadcasts(/data) oldLevel:0, newLevel:0, seq:1
03-03 20:42:49.612  5405  5636 D DeviceStorageMonitorService: Available File Node Number is [12604688]
03-03 20:42:49.612  5405  5636 W DeviceStorageMonitorService: updateBroadcasts_filenode(/data) fn_oldLevel:0, fn_newLevel:0, seq:1
03-03 20:42:51.599  4564  4564 D io_stats: !@   8,0 r 256709 9710196 w 405527 189187284 d 0 0 f 0 0 iot 319204 0 th 0 0 0 pt 0 inp 0 0 4179.415
03-03 20:42:51.897  5052  5052 I SurfaceFlinger: SFWD update time=4179712944972
03-03 20:42:51.897  7525  8838 I SDHMS:D : SIOP:: AP:374 BAT:389 USB:0 CHG:395 WIFI:371 SKIN:373 SKINF:372 SKINB:373 LRP:373 LRF:372 LRB:373 
03-03 20:42:52.376  5763  5763 D SecPowerUI.Notification: showChargingNotice oldChargingType : 11 / currentChargingType : 11, oldChargingTime : 3879000 / mChargingTime : 3879000
03-03 20:42:52.377  5763  5763 D SecPowerUI.Notification: There is no change about charging status, so return!
03-03 20:42:53.545  5405  5652 D UsbStatsMonitor: 0 0 0 0 0 0 0 0 0 0 0 0 0 0 0 0 0 0 0 0 0 0 0 0 0 0 0 0 0 0 0 0 0 0 0 0 0 0 0 0 0 0 0 0 0 0 0 0 0
03-03 20:42:53.601  4564  4564 D io_stats: !@   8,0 r 256709 9710196 w 405528 189187288 d 0 0 f 0 0 iot 319208 0 th 0 0 0 pt 0 inp 0 0 4181.417
03-03 20:42:57.527  5000  5000 E sehhealth-service: Could not open /sys/class/power_supply/battery/lrp
03-03 20:42:57.603  4564  4564 D io_stats: !@   8,0 r 256709 9710196 w 405533 189187324 d 0 0 f 0 0 iot 319220 0 th 0 0 0 pt 0 inp 0 0 4185.419
03-03 20:42:59.595  5405  5454 E Watchdog: !@Sync: 140 heap: 102 / 103 FD: 920 objects: 1664509 WaitTime: 0.000 GCcnt: 0 FullGC: 0 [2026-03-03 20:42:59.590]
03-03 20:43:00.009  5763  5763 D KeyguardUpdateMonitor: received broadcast android.intent.action.TIME_TICK
03-03 20:43:00.012  5763  6242 D QSClockBellTower: onReceive(android.intent.action.TIME_TICK) mTimeZoneString:null
03-03 20:43:00.013  5763  5763 D KeyguardUpdateMonitor: handleTimeUpdate
03-03 20:43:00.016  5763  5763 D FaceWidgetPagesController: onTimeChanged()
03-03 20:43:00.023  5763  5763 D QSClockBellTower: He is ready to ring the bell. (((QSClockBellSound - TimeText:20:43, TimeContentDescription:20:43, DateText:Tue, 3 March, ShortDateText:Tue, 3 Mar, Demo:false, QuickStar-Second(false|12:34:56))))
03-03 20:43:00.026  5763  5763 D QSClockIndicatorView: Home Indicator status_bar_clock 20:43 notifyTimeChanged(QSClockBellSound - TimeText:20:43, TimeContentDescription:20:43, DateText:Tue, 3 March, ShortDateText:Tue, 3 Mar, Demo:false, QuickStar-Second(false|12:34:56)) ClockVisibleByPolicy:true, ClockVisibleByUser:true, visible?true, parent:android.widget.LinearLayout{6e0da4a V.E...... ......ID 0,0-97,55 #7f0b04f0 app:id/left_clock_container}
03-03 20:43:00.027  5763  5763 D QSClockBellTower: Everyone heard the bell. run(currentTime:1772545380017,   getTime():Tue Mar 03 20:43:00 GMT+07:00 2026,   getTimeZone():libcore.util.ZoneInfo[mDstSavings=0,mUseDst=false,mDelegate=[id="Asia/Bangkok",mRawOffset=25200000,mEarliestRawOffset=24124000,transitions=3]])
03-03 20:43:00.044  5763  5763 I FaceWidgetPositionAlgorithm: getClockContainerHeight() supplier = 270, bottom margin = 0, real height = 333
03-03 20:43:00.045  5763  5763 I FaceWidgetPositionAlgorithm: getClockContainerHeight() supplier = 270, bottom margin = 63, real height = 333
03-03 20:43:00.045  5763  5763 I FaceWidgetPositionAlgorithm: getMediaContainerHeight() height = 0 container Visibility = 8, isValid = false, mIsDozing = false, fraction = 1.0, source = 0, target = 0
03-03 20:43:00.045  5763  5763 I FaceWidgetPositionAlgorithm: getMediaContainerHeight() supplier = 0
03-03 20:43:00.050  5763  5763 V QsExpandAnimator: setQsExpansionPosition 0.0
03-03 20:43:00.061  5763  5763 V QsExpandAnimator: updateAnimators
03-03 20:43:00.061  5763  5763 V QsExpandAnimator: clearAnimationState 
03-03 20:43:00.062  5763  5763 V QsExpandAnimator: updateViews
03-03 20:43:00.067  5763  5763 V QsExpandAnimator: updateTileAnimator
03-03 20:43:00.070  5763  5763 V QsExpandAnimator: updateHeaderAnimator
03-03 20:43:00.071  5763  5763 V QsExpandAnimator: updateBarAnimator
03-03 20:43:00.071  5763  5763 V QsExpandAnimator: setQsExpansionPosition 0.0
03-03 20:43:00.071  5763  5763 V QsExpandAnimator: onAnimationAtStart
03-03 20:43:01.901  7525  8838 I SDHMS:D : SIOP:: AP:374 BAT:390 USB:0 CHG:395 WIFI:371 SKIN:373 SKINF:372 SKINB:373 LRP:373 LRF:372 LRB:373 
03-03 20:43:03.607  4564  4564 D io_stats: !@   8,0 r 256709 9710196 w 405535 189187340 d 0 0 f 0 0 iot 319224 0 th 0 0 0 pt 0 inp 0 0 4191.423
03-03 20:43:07.558  5405  7590 D BatteryService: Sending ACTION_BATTERY_CHANGED: level:60, status:2, health:2, ac:false, usb:true, wireless:false, pogo:false, misc:0x20000, charge_type:1, charger_type:0, voltage:3969, temperature:390, online:19, current_avg:581, ps:false, hvc:false, capacity:280000, current_event:0x18000, current_now:582, mcc:0, mcv:0, cc:2299605, present:true, scale:100, technology:Li-ion
03-03 20:43:07.559  5000  5000 E sehhealth-service: Could not open /sys/class/power_supply/battery/lrp
03-03 20:43:07.563  5405  5569 D MotionRecognitionService: [SAR]  onReceive : ACTION_BATTERY_CHANGED, Plugged: 2
03-03 20:43:07.565  5405  5405 D PhoneWindowManagerExt: ACTION_BATTERY_CHANGED - Level=60, status=2
03-03 20:43:07.568  5405  5405 D AdaptiveBrightnessLongtermModelBuilder: Received android.intent.action.BATTERY_CHANGED
03-03 20:43:07.569  5405  5712 I DeviceBatteryInfoService: action: android.intent.action.BATTERY_CHANGED
03-03 20:43:07.569  5405  5712 I DeviceBatteryInfoService: phone battery level: 60
03-03 20:43:07.569  5405  5712 I DeviceBatteryInfoService: phone battery status: 2
03-03 20:43:07.570  5405  5405 D SemWifiApBroadcastReceiver: Received : android.intent.action.BATTERY_CHANGED
03-03 20:43:07.571  5740  5740 D SemBigDataInfoController: Intent: android.intent.action.BATTERY_CHANGED
03-03 20:43:07.576  5763  5763 D KeyguardUpdateMonitor: received broadcast android.intent.action.BATTERY_CHANGED
03-03 20:43:07.577  5763  5763 D SamsungBatteryMeterDrawable: onBatteryLevelChanged isSomethingChanged: false
03-03 20:43:07.578  5763  5763 D SamsungBatteryMeterDrawable: onBatteryLevelChanged isSomethingChanged: false
03-03 20:43:07.579  5763  5763 D SamsungBatteryMeterDrawable: onBatteryLevelChanged isSomethingChanged: false
03-03 20:43:07.581  5763  5763 D SamsungBatteryMeterDrawable: onBatteryLevelChanged isSomethingChanged: false
03-03 20:43:07.581  5740  5740 D SemBigDataInfoController: Intent: android.intent.action.BATTERY_CHANGED
03-03 20:43:07.583  5763  5763 I PowerUI : mBootCompleted = true |  mFullyConnected = true
03-03 20:43:07.583  5763  5763 I PowerUI : BATTERY_HEALTH_CHECK extraHealth=2 mBatteryMiscEvent=131072
03-03 20:43:07.583  5763 11872 D SecPowerUI.Notification: dismissing low battery warning: level=60
03-03 20:43:07.583  5763 11872 D SecPowerUI.Notification: updateNotification mWarning=false mPlaySound=false
03-03 20:43:07.584  5763 11872 D SecPowerUI.Notification: SecBatteryStatsSnapshot{batteryLevel=60, currentBatteryMode=0, chargingTime=3879000, chargingType=11, batteryHealth=2, automaticTestMode=false, isHiccupState=false}
03-03 20:43:07.585  5763 11872 D SecPowerUI.Notification: 1. restoreScreenTimeOut - saved_value : :
03-03 20:43:07.586  5763 11872 E SecPowerUI.Notification: no saved value, so we do nothing !!
03-03 20:43:07.586  5763  5763 W PowerUI : Plug reason
03-03 20:43:07.586  5763  5763 W PowerUI : Skip charging animation - by plug status
03-03 20:43:07.586  5763  5763 D PowerUI : priorPlugType = 2 mPlugType = 2 priorBatteryStatus = 2 mBatteryStatus = 2
03-03 20:43:07.587  5763  5763 W PowerUI : Plug reason
03-03 20:43:07.587  5763  5763 W PowerUI : Skip charging sound - by plug status
03-03 20:43:07.587  5763  5763 I PowerUI : oldMisalign : false, curMisalign : false
03-03 20:43:07.590  5763  5763 D SecPowerUI.Notification: showChargingNotice oldChargingType : 11 / currentChargingType : 11, oldChargingTime : 3879000 / mChargingTime : 3861000
03-03 20:43:07.590  5763  5763 D SecPowerUI.Notification: showChargingNotification()
03-03 20:43:07.590  5763  5763 D SecPowerUI.Notification: SecBatteryStatsSnapshot{batteryLevel=60, currentBatteryMode=0, chargingTime=3861000, chargingType=11, batteryHealth=2, automaticTestMode=false, isHiccupState=false}
03-03 20:43:07.599  5405  7590 D ApplicationPolicy: isStatusBarNotificationAllowedAsUser: packageName = com.android.systemui,userId = 0
03-03 20:43:07.599  5405  7590 D ApplicationPolicy: isStatusBarNotificationAllowedAsUser: packageName = com.android.systemui,userId = -1
03-03 20:43:07.599  5405  7590 D ApplicationPolicy: isStatusBarNotificationAllowedAsUser: converting userId from USER_ALLto 0
03-03 20:43:07.602  5763  5763 D PowerUI : Battery swelling mode - priorBatterySwellingMode = 0 mBatterySwellingMode = 0 mBatteryStatus = 2
03-03 20:43:07.602  5763  5763 I PowerUI : mBatteryMiscEvent = 131072
03-03 20:43:07.605  5763  5763 I PowerUI : checkShouldTurnOffProtectBattery : -1, Scheduling start ? : false
03-03 20:43:07.605  5763  5763 I PowerUI : Clear time
03-03 20:43:07.607  5405  7590 D SettingsProvider: isChangeAllowed() : name = charger_connected_time
03-03 20:43:07.607  5405  7590 D SettingsProvider: edmUri: content://com.sec.knox.provider/RestrictionPolicy3
03-03 20:43:07.607  5405  7590 D SettingsProvider: projectionArgs: isSettingsChangesAllowed
03-03 20:43:07.607  5405  7590 D SettingsProvider: selectionArgs: false
03-03 20:43:07.607  5405  7590 D SettingsProvider: selectionArgs: 10052
03-03 20:43:07.609  5405  7590 D SecContentProvider: query(), uri = 17 selection = isSettingsChangesAllowed
03-03 20:43:07.609  5405  7590 D SecContentProvider: called from android.uid.systemui:10052
03-03 20:43:07.609  5405  7590 D RestrictionPolicy: isSettingsChangesAllowedAsUser, userId 0 : true
03-03 20:43:07.610  5405  7590 D SettingsProvider: ret = 1
03-03 20:43:07.611  4564  4564 D io_stats: !@   8,0 r 256709 9710196 w 405537 189187348 d 0 0 f 0 0 iot 319228 0 th 0 0 0 pt 0 inp 0 0 4195.427
03-03 20:43:07.612  5763  5763 D KeyguardUpdateMonitor: handleBatteryUpdate
03-03 20:43:07.620  5763  5763 D KeyguardSecIndicationController: addIndicationTimeout() returned - unlocking
03-03 20:43:07.621  5763  5763 D KeyguardSecIndicationController: addIndication() returned - unlocking
03-03 20:43:07.621  5763  5763 D KeyguardSecIndicationController: addIndication() returned - unlocking
03-03 20:43:07.621  5763  5763 D KeyguardSecIndicationController: addBatteryAndOwnerInfoIndication() battery status = BatteryStatus{status=2,level=60,plugged=2,health=2,maxChargingWattage=-1,remaining=3861000ultraFastCharger=0}
03-03 20:43:07.621  5763  5763 I AODBatteryManager: updateBatteryData: ACTION_BATTERY_CHANGED
03-03 20:43:07.624  5763  5763 I AODBatteryManager: saveBatteryData : AOD BatteryData [mBatteryLevel=60, mBatteryStatus=CHARGING, mBatteryPlugType=USB, mBatteryPlugged=true, mRemainingChargeTime=3861000, mBatteryChargingType=1, mBatteryChargerType=NORMAL, mBatteryOnline=NOT_DEFINED, mBatterySwellingMode=NONE, mBatteryProtectMode=false]
03-03 20:43:07.625  5763  5763 I ChargingInfoManager: updateChargingInfo: newState = AOD ChargingInfo [mState=BATTERY_AND_REMAIN_TIME, mIsCharging=true, mIsFullyCharged=false, mIsBatteryProtectMode=false], oldState = AOD ChargingInfo [mState=BATTERY_AND_REMAIN_TIME, mIsCharging=true, mIsFullyCharged=false, mIsBatteryProtectMode=false]
03-03 20:43:07.811  5405  5405 I Telecom:SamsungTelecomServiceImpl: isInManagedCall - callingPackage : android
03-03 20:43:07.829  6173  6173 I Launcher.NotificationListener: onNotificationPosted : com.android.systemui number : 0
03-03 20:43:08.030  5763  5763 D BubblesManager: onEntryUpdated : shouldBubbleUp=false ,key=-1|com.android.systemui|2131428972|charging_state|10052
03-03 20:43:08.081  5763  5763 I FaceWidgetPositionAlgorithm: getClockContainerHeight() supplier = 270, bottom margin = 0, real height = 333
03-03 20:43:08.083  5763  5763 I FaceWidgetPositionAlgorithm: getClockContainerHeight() supplier = 270, bottom margin = 63, real height = 333
03-03 20:43:08.083  5763  5763 I FaceWidgetPositionAlgorithm: getMediaContainerHeight() height = 0 container Visibility = 8, isValid = false, mIsDozing = false, fraction = 1.0, source = 0, target = 0
03-03 20:43:08.083  5763  5763 I FaceWidgetPositionAlgorithm: getMediaContainerHeight() supplier = 0
03-03 20:43:08.149  5763  5763 I FaceWidgetPositionAlgorithm: getClockContainerHeight() supplier = 270, bottom margin = 0, real height = 333
03-03 20:43:08.149  5763  5763 I FaceWidgetPositionAlgorithm: getClockContainerHeight() supplier = 270, bottom margin = 63, real height = 333
03-03 20:43:08.150  5763  5763 I FaceWidgetPositionAlgorithm: getMediaContainerHeight() height = 0 container Visibility = 8, isValid = false, mIsDozing = false, fraction = 1.0, source = 0, target = 0
03-03 20:43:08.150  5763  5763 I FaceWidgetPositionAlgorithm: getMediaContainerHeight() supplier = 0
03-03 20:43:08.209  5763  5763 I FaceWidgetPositionAlgorithm: getClockContainerHeight() supplier = 270, bottom margin = 0, real height = 333
03-03 20:43:08.209  5763  5763 I FaceWidgetPositionAlgorithm: getClockContainerHeight() supplier = 270, bottom margin = 63, real height = 333
03-03 20:43:08.209  5763  5763 I FaceWidgetPositionAlgorithm: getMediaContainerHeight() height = 0 container Visibility = 8, isValid = false, mIsDozing = false, fraction = 1.0, source = 0, target = 0
03-03 20:43:08.210  5763  5763 I FaceWidgetPositionAlgorithm: getMediaContainerHeight() supplier = 0
03-03 20:43:11.901  7525  8838 I SDHMS:D : SIOP:: AP:374 BAT:390 USB:0 CHG:395 WIFI:371 SKIN:373 SKINF:372 SKINB:373 LRP:373 LRF:372 LRB:373 
03-03 20:43:12.611  5763  5763 D SecPowerUI.Notification: showChargingNotice oldChargingType : 11 / currentChargingType : 11, oldChargingTime : 3861000 / mChargingTime : 3861000
03-03 20:43:12.611  5763  5763 D SecPowerUI.Notification: There is no change about charging status, so return!
03-03 20:43:17.618  4564  4564 D io_stats: !@   8,0 r 256709 9710196 w 405576 189189604 d 0 0 f 0 0 iot 319248 0 th 0 0 0 pt 0 inp 0 0 4205.433
03-03 20:43:17.625  5405  7610 D BatteryService: Sending ACTION_BATTERY_CHANGED: level:60, status:2, health:2, ac:false, usb:true, wireless:false, pogo:false, misc:0x20000, charge_type:1, charger_type:0, voltage:3969, temperature:390, online:19, current_avg:578, ps:false, hvc:false, capacity:280000, current_event:0x18000, current_now:578, mcc:0, mcv:0, cc:2299605, present:true, scale:100, technology:Li-ion
03-03 20:43:17.625  5000  5000 E sehhealth-service: Could not open /sys/class/power_supply/battery/lrp
03-03 20:43:17.631  5405  5569 D MotionRecognitionService: [SAR]  onReceive : ACTION_BATTERY_CHANGED, Plugged: 2
03-03 20:43:17.631  5405  5405 D PhoneWindowManagerExt: ACTION_BATTERY_CHANGED - Level=60, status=2
03-03 20:43:17.635  5405  5712 I DeviceBatteryInfoService: action: android.intent.action.BATTERY_CHANGED
03-03 20:43:17.636  5405  5712 I DeviceBatteryInfoService: phone battery level: 60
03-03 20:43:17.636  5405  5712 I DeviceBatteryInfoService: phone battery status: 2
03-03 20:43:17.636  5405  5405 D AdaptiveBrightnessLongtermModelBuilder: Received android.intent.action.BATTERY_CHANGED
03-03 20:43:17.639  5405  5405 D SemWifiApBroadcastReceiver: Received : android.intent.action.BATTERY_CHANGED
03-03 20:43:17.641  5740  5740 D SemBigDataInfoController: Intent: android.intent.action.BATTERY_CHANGED
03-03 20:43:17.643  5740  5740 D SemBigDataInfoController: Intent: android.intent.action.BATTERY_CHANGED
03-03 20:43:17.649  5763  5763 D KeyguardUpdateMonitor: received broadcast android.intent.action.BATTERY_CHANGED
03-03 20:43:17.650  5763  5763 D SamsungBatteryMeterDrawable: onBatteryLevelChanged isSomethingChanged: false
03-03 20:43:17.651  5763  5763 D SamsungBatteryMeterDrawable: onBatteryLevelChanged isSomethingChanged: false
03-03 20:43:17.653  5763  5763 D SamsungBatteryMeterDrawable: onBatteryLevelChanged isSomethingChanged: false
03-03 20:43:17.654  5763  5763 D SamsungBatteryMeterDrawable: onBatteryLevelChanged isSomethingChanged: false
03-03 20:43:17.655  5763  5763 I PowerUI : mBootCompleted = true |  mFullyConnected = true
03-03 20:43:17.655  5763  5763 I PowerUI : BATTERY_HEALTH_CHECK extraHealth=2 mBatteryMiscEvent=131072
03-03 20:43:17.655  5763  5763 W PowerUI : Plug reason
03-03 20:43:17.656  5763  5763 W PowerUI : Skip charging animation - by plug status
03-03 20:43:17.656  5763  5763 D PowerUI : priorPlugType = 2 mPlugType = 2 priorBatteryStatus = 2 mBatteryStatus = 2
03-03 20:43:17.656  5763  5763 W PowerUI : Plug reason
03-03 20:43:17.656  5763  5763 W PowerUI : Skip charging sound - by plug status
03-03 20:43:17.656  5763  5763 I PowerUI : oldMisalign : false, curMisalign : false
03-03 20:43:17.656  5763 11897 D SecPowerUI.Notification: dismissing low battery warning: level=60
03-03 20:43:17.656  5763 11897 D SecPowerUI.Notification: updateNotification mWarning=false mPlaySound=false
03-03 20:43:17.656  5763 11897 D SecPowerUI.Notification: SecBatteryStatsSnapshot{batteryLevel=60, currentBatteryMode=0, chargingTime=3861000, chargingType=11, batteryHealth=2, automaticTestMode=false, isHiccupState=false}
03-03 20:43:17.658  5763 11897 D SecPowerUI.Notification: 1. restoreScreenTimeOut - saved_value : :
03-03 20:43:17.658  5763 11897 E SecPowerUI.Notification: no saved value, so we do nothing !!
03-03 20:43:17.658  5763  5763 D SecPowerUI.Notification: showChargingNotice oldChargingType : 11 / currentChargingType : 11, oldChargingTime : 3861000 / mChargingTime : 3847000
03-03 20:43:17.658  5763  5763 D SecPowerUI.Notification: showChargingNotification()
03-03 20:43:17.659  5763  5763 D SecPowerUI.Notification: SecBatteryStatsSnapshot{batteryLevel=60, currentBatteryMode=0, chargingTime=3847000, chargingType=11, batteryHealth=2, automaticTestMode=false, isHiccupState=false}
03-03 20:43:17.665  5405  7610 D ApplicationPolicy: isStatusBarNotificationAllowedAsUser: packageName = com.android.systemui,userId = 0
03-03 20:43:17.666  5405  7610 D ApplicationPolicy: isStatusBarNotificationAllowedAsUser: packageName = com.android.systemui,userId = -1
03-03 20:43:17.666  5405  7610 D ApplicationPolicy: isStatusBarNotificationAllowedAsUser: converting userId from USER_ALLto 0
03-03 20:43:17.668  5763  5763 D PowerUI : Battery swelling mode - priorBatterySwellingMode = 0 mBatterySwellingMode = 0 mBatteryStatus = 2
03-03 20:43:17.668  5763  5763 I PowerUI : mBatteryMiscEvent = 131072
03-03 20:43:17.671  5763  5763 I PowerUI : checkShouldTurnOffProtectBattery : -1, Scheduling start ? : false
03-03 20:43:17.671  5763  5763 I PowerUI : Clear time
03-03 20:43:17.672  5405  7610 D SettingsProvider: isChangeAllowed() : name = charger_connected_time
03-03 20:43:17.672  5405  7610 D SettingsProvider: edmUri: content://com.sec.knox.provider/RestrictionPolicy3
03-03 20:43:17.673  5405  7610 D SettingsProvider: projectionArgs: isSettingsChangesAllowed
03-03 20:43:17.673  5405  7610 D SettingsProvider: selectionArgs: false
03-03 20:43:17.673  5405  7610 D SettingsProvider: selectionArgs: 10052
03-03 20:43:17.673  5405  7610 D SecContentProvider: query(), uri = 17 selection = isSettingsChangesAllowed
03-03 20:43:17.673  5405  7610 D SecContentProvider: called from android.uid.systemui:10052
03-03 20:43:17.674  5405  7610 D RestrictionPolicy: isSettingsChangesAllowedAsUser, userId 0 : true
03-03 20:43:17.674  5405  7610 D SettingsProvider: ret = 1
03-03 20:43:17.677  5763  5763 D KeyguardUpdateMonitor: handleBatteryUpdate
03-03 20:43:17.685  5763  5763 D KeyguardSecIndicationController: addIndicationTimeout() returned - unlocking
03-03 20:43:17.685  5763  5763 D KeyguardSecIndicationController: addIndication() returned - unlocking
03-03 20:43:17.685  5763  5763 D KeyguardSecIndicationController: addIndication() returned - unlocking
03-03 20:43:17.685  5763  5763 D KeyguardSecIndicationController: addBatteryAndOwnerInfoIndication() battery status = BatteryStatus{status=2,level=60,plugged=2,health=2,maxChargingWattage=-1,remaining=3847000ultraFastCharger=0}
03-03 20:43:17.685  5763  5763 I AODBatteryManager: updateBatteryData: ACTION_BATTERY_CHANGED
03-03 20:43:17.688  5763  5763 I AODBatteryManager: saveBatteryData : AOD BatteryData [mBatteryLevel=60, mBatteryStatus=CHARGING, mBatteryPlugType=USB, mBatteryPlugged=true, mRemainingChargeTime=3847000, mBatteryChargingType=1, mBatteryChargerType=NORMAL, mBatteryOnline=NOT_DEFINED, mBatterySwellingMode=NONE, mBatteryProtectMode=false]
03-03 20:43:17.688  5763  5763 I ChargingInfoManager: updateChargingInfo: newState = AOD ChargingInfo [mState=BATTERY_AND_REMAIN_TIME, mIsCharging=true, mIsFullyCharged=false, mIsBatteryProtectMode=false], oldState = AOD ChargingInfo [mState=BATTERY_AND_REMAIN_TIME, mIsCharging=true, mIsFullyCharged=false, mIsBatteryProtectMode=false]
03-03 20:43:17.875  5405  5405 I Telecom:SamsungTelecomServiceImpl: isInManagedCall - callingPackage : android
03-03 20:43:17.893  6173  6173 I Launcher.NotificationListener: onNotificationPosted : com.android.systemui number : 0
03-03 20:43:18.088  7385  8221 I bbhc    : (REDACTED) getHotwordActive::active query: %s, watch: %s, devices connected: %s
03-03 20:43:18.094  5763  5763 D BubblesManager: onEntryUpdated : shouldBubbleUp=false ,key=-1|com.android.systemui|2131428972|charging_state|10052
03-03 20:43:18.137  5763  5763 I FaceWidgetPositionAlgorithm: getClockContainerHeight() supplier = 270, bottom margin = 0, real height = 333
03-03 20:43:18.138  5763  5763 I FaceWidgetPositionAlgorithm: getClockContainerHeight() supplier = 270, bottom margin = 63, real height = 333
03-03 20:43:18.138  5763  5763 I FaceWidgetPositionAlgorithm: getMediaContainerHeight() height = 0 container Visibility = 8, isValid = false, mIsDozing = false, fraction = 1.0, source = 0, target = 0
03-03 20:43:18.138  5763  5763 I FaceWidgetPositionAlgorithm: getMediaContainerHeight() supplier = 0
03-03 20:43:18.198  5763  5763 I FaceWidgetPositionAlgorithm: getClockContainerHeight() supplier = 270, bottom margin = 0, real height = 333
03-03 20:43:18.199  5763  5763 I FaceWidgetPositionAlgorithm: getClockContainerHeight() supplier = 270, bottom margin = 63, real height = 333
03-03 20:43:18.199  5763  5763 I FaceWidgetPositionAlgorithm: getMediaContainerHeight() height = 0 container Visibility = 8, isValid = false, mIsDozing = false, fraction = 1.0, source = 0, target = 0
03-03 20:43:18.199  5763  5763 I FaceWidgetPositionAlgorithm: getMediaContainerHeight() supplier = 0
03-03 20:43:18.258  5763  5763 I FaceWidgetPositionAlgorithm: getClockContainerHeight() supplier = 270, bottom margin = 0, real height = 333
03-03 20:43:18.258  5763  5763 I FaceWidgetPositionAlgorithm: getClockContainerHeight() supplier = 270, bottom margin = 63, real height = 333
03-03 20:43:18.259  5763  5763 I FaceWidgetPositionAlgorithm: getMediaContainerHeight() height = 0 container Visibility = 8, isValid = false, mIsDozing = false, fraction = 1.0, source = 0, target = 0
03-03 20:43:18.259  5763  5763 I FaceWidgetPositionAlgorithm: getMediaContainerHeight() supplier = 0
03-03 20:43:21.902  7525  8838 I SDHMS:D : SIOP:: AP:374 BAT:390 USB:0 CHG:395 WIFI:371 SKIN:373 SKINF:372 SKINB:373 LRP:373 LRF:372 LRB:373 
03-03 20:43:22.678  5763  5763 D SecPowerUI.Notification: showChargingNotice oldChargingType : 11 / currentChargingType : 11, oldChargingTime : 3847000 / mChargingTime : 3847000
03-03 20:43:22.678  5763  5763 D SecPowerUI.Notification: There is no change about charging status, so return!
03-03 20:43:24.199  6509  7903 I ContactsProvider_EventLog: cp_s: [CONTACT con(623) dat(3473) acc({sec(6)=5, google(7)=2, google(2)=628}) calls([logtype:100 cnt:1804, logtype:300 cnt:500, logtype:500 cnt:1, logtype:1000 cnt:195]) Iso(GB) uId(0) ]
03-03 20:43:24.199  6509  7903 I ContactsProvider_EventLog: cp_s: [ agr({[2 ,6]=1, [6 ,2]=1, [6]=2, [2 ,2]=6, [2]=610, [2 ,2 ,6]=1, [7 ,2]=2}) ]
03-03 20:43:24.199  6509  7903 I ContactsProvider_EventLog: cp_s: [ cnt({acore(6509)=1}) ]
03-03 20:43:24.199  6509  7903 I ContactsProvider_EventLog: cp_s: [PROFILE ] [SAPROFILE ]
03-03 20:43:24.199  6509  7903 I ContactsProvider_EventLog: cp_s: [STATE R(F) ]
03-03 20:43:25.624  4564  4564 D io_stats: !@   8,0 r 256709 9710196 w 405578 189189612 d 0 0 f 0 0 iot 319252 0 th 0 0 0 pt 0 inp 0 0 4213.439
03-03 20:43:27.626  4564  4564 D io_stats: !@   8,0 r 256709 9710196 w 405580 189189620 d 0 0 f 0 0 iot 319256 0 th 0 0 0 pt 0 inp 0 0 4215.441
03-03 20:43:27.665  5000  5000 E sehhealth-service: Could not open /sys/class/power_supply/battery/lrp
03-03 20:43:27.665  5405  7610 D BatteryService: Sending ACTION_BATTERY_CHANGED: level:60, status:2, health:2, ac:false, usb:true, wireless:false, pogo:false, misc:0x20000, charge_type:1, charger_type:0, voltage:3969, temperature:390, online:19, current_avg:581, ps:false, hvc:false, capacity:280000, current_event:0x18000, current_now:582, mcc:0, mcv:0, cc:2303406, present:true, scale:100, technology:Li-ion
03-03 20:43:27.670  5405  5569 D MotionRecognitionService: [SAR]  onReceive : ACTION_BATTERY_CHANGED, Plugged: 2
03-03 20:43:27.671  5405  5405 D PhoneWindowManagerExt: ACTION_BATTERY_CHANGED - Level=60, status=2
03-03 20:43:27.674  5405  5712 I DeviceBatteryInfoService: action: android.intent.action.BATTERY_CHANGED
03-03 20:43:27.674  5405  5712 I DeviceBatteryInfoService: phone battery level: 60
03-03 20:43:27.674  5405  5712 I DeviceBatteryInfoService: phone battery status: 2
03-03 20:43:27.675  5405  5405 D AdaptiveBrightnessLongtermModelBuilder: Received android.intent.action.BATTERY_CHANGED
03-03 20:43:27.677  5405  5405 D SemWifiApBroadcastReceiver: Received : android.intent.action.BATTERY_CHANGED
03-03 20:43:27.679  5740  5740 D SemBigDataInfoController: Intent: android.intent.action.BATTERY_CHANGED
03-03 20:43:27.681  5740  5740 D SemBigDataInfoController: Intent: android.intent.action.BATTERY_CHANGED
03-03 20:43:27.683  5763  5763 D KeyguardUpdateMonitor: received broadcast android.intent.action.BATTERY_CHANGED
03-03 20:43:27.684  5763  5763 D SamsungBatteryMeterDrawable: onBatteryLevelChanged isSomethingChanged: false
03-03 20:43:27.685  5763  5763 D SamsungBatteryMeterDrawable: onBatteryLevelChanged isSomethingChanged: false
03-03 20:43:27.686  5763  5763 D SamsungBatteryMeterDrawable: onBatteryLevelChanged isSomethingChanged: false
03-03 20:43:27.688  5763  5763 D SamsungBatteryMeterDrawable: onBatteryLevelChanged isSomethingChanged: false
03-03 20:43:27.690  5763  5763 I PowerUI : mBootCompleted = true |  mFullyConnected = true
03-03 20:43:27.690  5763  5763 I PowerUI : BATTERY_HEALTH_CHECK extraHealth=2 mBatteryMiscEvent=131072
03-03 20:43:27.690  5763  5763 W PowerUI : Plug reason
03-03 20:43:27.691  5763  5763 W PowerUI : Skip charging animation - by plug status
03-03 20:43:27.691  5763  5763 D PowerUI : priorPlugType = 2 mPlugType = 2 priorBatteryStatus = 2 mBatteryStatus = 2
03-03 20:43:27.691  5763  5763 W PowerUI : Plug reason
03-03 20:43:27.691  5763  5763 W PowerUI : Skip charging sound - by plug status
03-03 20:43:27.691  5763  5763 I PowerUI : oldMisalign : false, curMisalign : false
03-03 20:43:27.692  5763 11996 D SecPowerUI.Notification: dismissing low battery warning: level=60
03-03 20:43:27.692  5763 11996 D SecPowerUI.Notification: updateNotification mWarning=false mPlaySound=false
03-03 20:43:27.692  5763 11996 D SecPowerUI.Notification: SecBatteryStatsSnapshot{batteryLevel=60, currentBatteryMode=0, chargingTime=3847000, chargingType=11, batteryHealth=2, automaticTestMode=false, isHiccupState=false}
03-03 20:43:27.693  5763  5763 D SecPowerUI.Notification: showChargingNotice oldChargingType : 11 / currentChargingType : 11, oldChargingTime : 3847000 / mChargingTime : 3847000
03-03 20:43:27.694  5763  5763 D SecPowerUI.Notification: There is no change about charging status, so return!
03-03 20:43:27.694  5763  5763 D PowerUI : Battery swelling mode - priorBatterySwellingMode = 0 mBatterySwellingMode = 0 mBatteryStatus = 2
03-03 20:43:27.694  5763  5763 I PowerUI : mBatteryMiscEvent = 131072
03-03 20:43:27.694  5763 11996 D SecPowerUI.Notification: 1. restoreScreenTimeOut - saved_value : :
03-03 20:43:27.694  5763 11996 E SecPowerUI.Notification: no saved value, so we do nothing !!
03-03 20:43:27.696  5763  5763 I PowerUI : checkShouldTurnOffProtectBattery : -1, Scheduling start ? : false
03-03 20:43:27.696  5763  5763 I PowerUI : Clear time
03-03 20:43:27.697  5405  6726 D SettingsProvider: isChangeAllowed() : name = charger_connected_time
03-03 20:43:27.698  5405  6726 D SettingsProvider: edmUri: content://com.sec.knox.provider/RestrictionPolicy3
03-03 20:43:27.698  5405  6726 D SettingsProvider: projectionArgs: isSettingsChangesAllowed
03-03 20:43:27.698  5405  6726 D SettingsProvider: selectionArgs: false
03-03 20:43:27.698  5405  6726 D SettingsProvider: selectionArgs: 10052
03-03 20:43:27.698  5405  6726 D SecContentProvider: query(), uri = 17 selection = isSettingsChangesAllowed
03-03 20:43:27.698  5405  6726 D SecContentProvider: called from android.uid.systemui:10052
03-03 20:43:27.698  5405  6726 D RestrictionPolicy: isSettingsChangesAllowedAsUser, userId 0 : true
03-03 20:43:27.699  5405  6726 D SettingsProvider: ret = 1
03-03 20:43:27.702  5763  5763 D KeyguardUpdateMonitor: handleBatteryUpdate
03-03 20:43:27.704  5763  5763 I AODBatteryManager: updateBatteryData: ACTION_BATTERY_CHANGED
03-03 20:43:27.707  5763  5763 I AODBatteryManager: saveBatteryData : AOD BatteryData [mBatteryLevel=60, mBatteryStatus=CHARGING, mBatteryPlugType=USB, mBatteryPlugged=true, mRemainingChargeTime=3847000, mBatteryChargingType=1, mBatteryChargerType=NORMAL, mBatteryOnline=NOT_DEFINED, mBatterySwellingMode=NONE, mBatteryProtectMode=false]
03-03 20:43:29.619  5405  5454 E Watchdog: !@Sync: 141 heap: 103 / 103 FD: 920 [2026-03-03 20:43:29.618]
03-03 20:43:31.902  7525  8838 I SDHMS:D : SIOP:: AP:374 BAT:390 USB:0 CHG:395 WIFI:371 SKIN:373 SKINF:372 SKINB:373 LRP:373 LRF:372 LRB:373 
03-03 20:43:32.702  5763  5763 D SecPowerUI.Notification: showChargingNotice oldChargingType : 11 / currentChargingType : 11, oldChargingTime : 3847000 / mChargingTime : 3847000
03-03 20:43:32.702  5763  5763 D SecPowerUI.Notification: There is no change about charging status, so return!
03-03 20:43:33.630  4564  4564 D io_stats: !@   8,0 r 256709 9710196 w 405581 189189624 d 0 0 f 0 0 iot 319260 0 th 0 0 0 pt 0 inp 0 0 4221.446
03-03 20:43:37.721  5405  7610 D BatteryService: Sending ACTION_BATTERY_CHANGED: level:60, status:2, health:2, ac:false, usb:true, wireless:false, pogo:false, misc:0x20000, charge_type:1, charger_type:0, voltage:3970, temperature:390, online:19, current_avg:582, ps:false, hvc:false, capacity:280000, current_event:0x18000, current_now:583, mcc:0, mcv:0, cc:2303406, present:true, scale:100, technology:Li-ion
03-03 20:43:37.722  5000  5000 E sehhealth-service: Could not open /sys/class/power_supply/battery/lrp
03-03 20:43:37.726  5405  5569 D MotionRecognitionService: [SAR]  onReceive : ACTION_BATTERY_CHANGED, Plugged: 2
03-03 20:43:37.727  5405  5405 D PhoneWindowManagerExt: ACTION_BATTERY_CHANGED - Level=60, status=2
03-03 20:43:37.729  5405  5712 I DeviceBatteryInfoService: action: android.intent.action.BATTERY_CHANGED
03-03 20:43:37.730  5405  5712 I DeviceBatteryInfoService: phone battery level: 60
03-03 20:43:37.730  5405  5712 I DeviceBatteryInfoService: phone battery status: 2
03-03 20:43:37.731  5405  5405 D AdaptiveBrightnessLongtermModelBuilder: Received android.intent.action.BATTERY_CHANGED
03-03 20:43:37.732  5405  5405 D SemWifiApBroadcastReceiver: Received : android.intent.action.BATTERY_CHANGED
03-03 20:43:37.734  5740  5740 D SemBigDataInfoController: Intent: android.intent.action.BATTERY_CHANGED
03-03 20:43:37.735  5740  5740 D SemBigDataInfoController: Intent: android.intent.action.BATTERY_CHANGED
03-03 20:43:37.740  5763  5763 D KeyguardUpdateMonitor: received broadcast android.intent.action.BATTERY_CHANGED
03-03 20:43:37.740  5763  5763 D SamsungBatteryMeterDrawable: onBatteryLevelChanged isSomethingChanged: false
03-03 20:43:37.741  5763  5763 D SamsungBatteryMeterDrawable: onBatteryLevelChanged isSomethingChanged: false
03-03 20:43:37.742  5763  5763 D SamsungBatteryMeterDrawable: onBatteryLevelChanged isSomethingChanged: false
03-03 20:43:37.743  5763  5763 D SamsungBatteryMeterDrawable: onBatteryLevelChanged isSomethingChanged: false
03-03 20:43:37.744  5763  5763 I PowerUI : mBootCompleted = true |  mFullyConnected = true
03-03 20:43:37.744  5763  5763 I PowerUI : BATTERY_HEALTH_CHECK extraHealth=2 mBatteryMiscEvent=131072
03-03 20:43:37.744  5763  5763 W PowerUI : Plug reason
03-03 20:43:37.744  5763  5763 W PowerUI : Skip charging animation - by plug status
03-03 20:43:37.744  5763  5763 D PowerUI : priorPlugType = 2 mPlugType = 2 priorBatteryStatus = 2 mBatteryStatus = 2
03-03 20:43:37.744  5763  5763 W PowerUI : Plug reason
03-03 20:43:37.744  5763  5763 W PowerUI : Skip charging sound - by plug status
03-03 20:43:37.744  5763 12012 D SecPowerUI.Notification: dismissing low battery warning: level=60
03-03 20:43:37.745  5763 12012 D SecPowerUI.Notification: updateNotification mWarning=false mPlaySound=false
03-03 20:43:37.745  5763 12012 D SecPowerUI.Notification: SecBatteryStatsSnapshot{batteryLevel=60, currentBatteryMode=0, chargingTime=3847000, chargingType=11, batteryHealth=2, automaticTestMode=false, isHiccupState=false}
03-03 20:43:37.746  5763  5763 I PowerUI : oldMisalign : false, curMisalign : false
03-03 20:43:37.747  5763 12012 D SecPowerUI.Notification: 1. restoreScreenTimeOut - saved_value : :
03-03 20:43:37.747  5763 12012 E SecPowerUI.Notification: no saved value, so we do nothing !!
03-03 20:43:37.749  5763  5763 D SecPowerUI.Notification: showChargingNotice oldChargingType : 11 / currentChargingType : 11, oldChargingTime : 3847000 / mChargingTime : 3833000
03-03 20:43:37.749  5763  5763 D SecPowerUI.Notification: showChargingNotification()
03-03 20:43:37.750  5763  5763 D SecPowerUI.Notification: SecBatteryStatsSnapshot{batteryLevel=60, currentBatteryMode=0, chargingTime=3833000, chargingType=11, batteryHealth=2, automaticTestMode=false, isHiccupState=false}
03-03 20:43:37.758  5405  7610 D ApplicationPolicy: isStatusBarNotificationAllowedAsUser: packageName = com.android.systemui,userId = 0
03-03 20:43:37.758  5405  7610 D ApplicationPolicy: isStatusBarNotificationAllowedAsUser: packageName = com.android.systemui,userId = -1
03-03 20:43:37.758  5405  7610 D ApplicationPolicy: isStatusBarNotificationAllowedAsUser: converting userId from USER_ALLto 0
03-03 20:43:37.761  5763  5763 D PowerUI : Battery swelling mode - priorBatterySwellingMode = 0 mBatterySwellingMode = 0 mBatteryStatus = 2
03-03 20:43:37.761  5763  5763 I PowerUI : mBatteryMiscEvent = 131072
03-03 20:43:37.763  5763  5763 I PowerUI : checkShouldTurnOffProtectBattery : -1, Scheduling start ? : false
03-03 20:43:37.763  5763  5763 I PowerUI : Clear time
03-03 20:43:37.764  5405  7610 D SettingsProvider: isChangeAllowed() : name = charger_connected_time
03-03 20:43:37.764  5405  7610 D SettingsProvider: edmUri: content://com.sec.knox.provider/RestrictionPolicy3
03-03 20:43:37.764  5405  7610 D SettingsProvider: projectionArgs: isSettingsChangesAllowed
03-03 20:43:37.765  5405  7610 D SettingsProvider: selectionArgs: false
03-03 20:43:37.765  5405  7610 D SettingsProvider: selectionArgs: 10052
03-03 20:43:37.765  5405  7610 D SecContentProvider: query(), uri = 17 selection = isSettingsChangesAllowed
03-03 20:43:37.765  5405  7610 D SecContentProvider: called from android.uid.systemui:10052
03-03 20:43:37.766  5405  7610 D RestrictionPolicy: isSettingsChangesAllowedAsUser, userId 0 : true
03-03 20:43:37.766  5405  7610 D SettingsProvider: ret = 1
03-03 20:43:37.769  5763  5763 D KeyguardUpdateMonitor: handleBatteryUpdate
03-03 20:43:37.777  5763  5763 D KeyguardSecIndicationController: addIndicationTimeout() returned - unlocking
03-03 20:43:37.777  5763  5763 D KeyguardSecIndicationController: addIndication() returned - unlocking
03-03 20:43:37.777  5763  5763 D KeyguardSecIndicationController: addIndication() returned - unlocking
03-03 20:43:37.777  5763  5763 D KeyguardSecIndicationController: addBatteryAndOwnerInfoIndication() battery status = BatteryStatus{status=2,level=60,plugged=2,health=2,maxChargingWattage=-1,remaining=3833000ultraFastCharger=0}
03-03 20:43:37.777  5763  5763 I AODBatteryManager: updateBatteryData: ACTION_BATTERY_CHANGED
03-03 20:43:37.779  5763  5763 I AODBatteryManager: saveBatteryData : AOD BatteryData [mBatteryLevel=60, mBatteryStatus=CHARGING, mBatteryPlugType=USB, mBatteryPlugged=true, mRemainingChargeTime=3833000, mBatteryChargingType=1, mBatteryChargerType=NORMAL, mBatteryOnline=NOT_DEFINED, mBatterySwellingMode=NONE, mBatteryProtectMode=false]
03-03 20:43:37.780  5763  5763 I ChargingInfoManager: updateChargingInfo: newState = AOD ChargingInfo [mState=BATTERY_AND_REMAIN_TIME, mIsCharging=true, mIsFullyCharged=false, mIsBatteryProtectMode=false], oldState = AOD ChargingInfo [mState=BATTERY_AND_REMAIN_TIME, mIsCharging=true, mIsFullyCharged=false, mIsBatteryProtectMode=false]
03-03 20:43:37.968  5405  5405 I Telecom:SamsungTelecomServiceImpl: isInManagedCall - callingPackage : android
03-03 20:43:37.981  6173  6173 I Launcher.NotificationListener: onNotificationPosted : com.android.systemui number : 0
03-03 20:43:38.182  5763  5763 D BubblesManager: onEntryUpdated : shouldBubbleUp=false ,key=-1|com.android.systemui|2131428972|charging_state|10052
03-03 20:43:38.233  5763  5763 I FaceWidgetPositionAlgorithm: getClockContainerHeight() supplier = 270, bottom margin = 0, real height = 333
03-03 20:43:38.234  5763  5763 I FaceWidgetPositionAlgorithm: getClockContainerHeight() supplier = 270, bottom margin = 63, real height = 333
03-03 20:43:38.235  5763  5763 I FaceWidgetPositionAlgorithm: getMediaContainerHeight() height = 0 container Visibility = 8, isValid = false, mIsDozing = false, fraction = 1.0, source = 0, target = 0
03-03 20:43:38.235  5763  5763 I FaceWidgetPositionAlgorithm: getMediaContainerHeight() supplier = 0
03-03 20:43:38.295  5763  5763 I FaceWidgetPositionAlgorithm: getClockContainerHeight() supplier = 270, bottom margin = 0, real height = 333
03-03 20:43:38.295  5763  5763 I FaceWidgetPositionAlgorithm: getClockContainerHeight() supplier = 270, bottom margin = 63, real height = 333
03-03 20:43:38.296  5763  5763 I FaceWidgetPositionAlgorithm: getMediaContainerHeight() height = 0 container Visibility = 8, isValid = false, mIsDozing = false, fraction = 1.0, source = 0, target = 0
03-03 20:43:38.296  5763  5763 I FaceWidgetPositionAlgorithm: getMediaContainerHeight() supplier = 0
03-03 20:43:38.344  5763  5763 I FaceWidgetPositionAlgorithm: getClockContainerHeight() supplier = 270, bottom margin = 0, real height = 333
03-03 20:43:38.344  5763  5763 I FaceWidgetPositionAlgorithm: getClockContainerHeight() supplier = 270, bottom margin = 63, real height = 333
03-03 20:43:38.344  5763  5763 I FaceWidgetPositionAlgorithm: getMediaContainerHeight() height = 0 container Visibility = 8, isValid = false, mIsDozing = false, fraction = 1.0, source = 0, target = 0
03-03 20:43:38.344  5763  5763 I FaceWidgetPositionAlgorithm: getMediaContainerHeight() supplier = 0
03-03 20:43:41.902  7525  8838 I SDHMS:D : SIOP:: AP:374 BAT:390 USB:0 CHG:395 WIFI:372 SKIN:373 SKINF:372 SKINB:373 LRP:373 LRF:372 LRB:373 
03-03 20:43:42.770  5763  5763 D SecPowerUI.Notification: showChargingNotice oldChargingType : 11 / currentChargingType : 11, oldChargingTime : 3833000 / mChargingTime : 3833000
03-03 20:43:42.770  5763  5763 D SecPowerUI.Notification: There is no change about charging status, so return!
03-03 20:43:43.637  4564  4564 D io_stats: !@   8,0 r 256709 9710196 w 405584 189189636 d 0 0 f 0 0 iot 319264 0 th 0 0 0 pt 0 inp 0 0 4231.453
03-03 20:43:47.773  5000  5000 E sehhealth-service: Could not open /sys/class/power_supply/battery/lrp
03-03 20:43:47.773  5405  6726 D BatteryService: Sending ACTION_BATTERY_CHANGED: level:60, status:2, health:2, ac:false, usb:true, wireless:false, pogo:false, misc:0x20000, charge_type:1, charger_type:0, voltage:3970, temperature:390, online:19, current_avg:559, ps:false, hvc:false, capacity:280000, current_event:0x18000, current_now:555, mcc:0, mcv:0, cc:2307207, present:true, scale:100, technology:Li-ion
03-03 20:43:47.779  5405  5569 D MotionRecognitionService: [SAR]  onReceive : ACTION_BATTERY_CHANGED, Plugged: 2
03-03 20:43:47.781  5405  5405 D PhoneWindowManagerExt: ACTION_BATTERY_CHANGED - Level=60, status=2
03-03 20:43:47.783  5405  5712 I DeviceBatteryInfoService: action: android.intent.action.BATTERY_CHANGED
03-03 20:43:47.783  5405  5712 I DeviceBatteryInfoService: phone battery level: 60
03-03 20:43:47.783  5405  5712 I DeviceBatteryInfoService: phone battery status: 2
03-03 20:43:47.784  5405  5405 D AdaptiveBrightnessLongtermModelBuilder: Received android.intent.action.BATTERY_CHANGED
03-03 20:43:47.786  5405  5405 D SemWifiApBroadcastReceiver: Received : android.intent.action.BATTERY_CHANGED
03-03 20:43:47.788  5740  5740 D SemBigDataInfoController: Intent: android.intent.action.BATTERY_CHANGED
03-03 20:43:47.791  5740  5740 D SemBigDataInfoController: Intent: android.intent.action.BATTERY_CHANGED
03-03 20:43:47.794  5763  5763 D KeyguardUpdateMonitor: received broadcast android.intent.action.BATTERY_CHANGED
03-03 20:43:47.795  5763  5763 D SamsungBatteryMeterDrawable: onBatteryLevelChanged isSomethingChanged: false
03-03 20:43:47.796  5763  5763 D SamsungBatteryMeterDrawable: onBatteryLevelChanged isSomethingChanged: false
03-03 20:43:47.797  5763  5763 D SamsungBatteryMeterDrawable: onBatteryLevelChanged isSomethingChanged: false
03-03 20:43:47.799  5763  5763 D SamsungBatteryMeterDrawable: onBatteryLevelChanged isSomethingChanged: false
03-03 20:43:47.800  5763  5763 I PowerUI : mBootCompleted = true |  mFullyConnected = true
03-03 20:43:47.801  5763  5763 I PowerUI : BATTERY_HEALTH_CHECK extraHealth=2 mBatteryMiscEvent=131072
03-03 20:43:47.801  5763  5763 W PowerUI : Plug reason
03-03 20:43:47.801  5763  5763 W PowerUI : Skip charging animation - by plug status
03-03 20:43:47.801  5763  5763 D PowerUI : priorPlugType = 2 mPlugType = 2 priorBatteryStatus = 2 mBatteryStatus = 2
03-03 20:43:47.801  5763  5763 W PowerUI : Plug reason
03-03 20:43:47.801  5763  5763 W PowerUI : Skip charging sound - by plug status
03-03 20:43:47.802  5763  5763 I PowerUI : oldMisalign : false, curMisalign : false
03-03 20:43:47.802  5763 12026 D SecPowerUI.Notification: dismissing low battery warning: level=60
03-03 20:43:47.803  5763 12026 D SecPowerUI.Notification: updateNotification mWarning=false mPlaySound=false
03-03 20:43:47.803  5763 12026 D SecPowerUI.Notification: SecBatteryStatsSnapshot{batteryLevel=60, currentBatteryMode=0, chargingTime=3833000, chargingType=11, batteryHealth=2, automaticTestMode=false, isHiccupState=false}
03-03 20:43:47.805  5763 12026 D SecPowerUI.Notification: 1. restoreScreenTimeOut - saved_value : :
03-03 20:43:47.806  5763 12026 E SecPowerUI.Notification: no saved value, so we do nothing !!
03-03 20:43:47.806  5763  5763 D SecPowerUI.Notification: showChargingNotice oldChargingType : 11 / currentChargingType : 11, oldChargingTime : 3833000 / mChargingTime : 3833000
03-03 20:43:47.806  5763  5763 D SecPowerUI.Notification: There is no change about charging status, so return!
03-03 20:43:47.806  5763  5763 D PowerUI : Battery swelling mode - priorBatterySwellingMode = 0 mBatterySwellingMode = 0 mBatteryStatus = 2
03-03 20:43:47.806  5763  5763 I PowerUI : mBatteryMiscEvent = 131072
03-03 20:43:47.809  5763  5763 I PowerUI : checkShouldTurnOffProtectBattery : -1, Scheduling start ? : false
03-03 20:43:47.810  5763  5763 I PowerUI : Clear time
03-03 20:43:47.811  5405  6726 D SettingsProvider: isChangeAllowed() : name = charger_connected_time
03-03 20:43:47.811  5405  6726 D SettingsProvider: edmUri: content://com.sec.knox.provider/RestrictionPolicy3
03-03 20:43:47.811  5405  6726 D SettingsProvider: projectionArgs: isSettingsChangesAllowed
03-03 20:43:47.811  5405  6726 D SettingsProvider: selectionArgs: false
03-03 20:43:47.811  5405  6726 D SettingsProvider: selectionArgs: 10052
03-03 20:43:47.811  5405  6726 D SecContentProvider: query(), uri = 17 selection = isSettingsChangesAllowed
03-03 20:43:47.812  5405  6726 D SecContentProvider: called from android.uid.systemui:10052
03-03 20:43:47.812  5405  6726 D RestrictionPolicy: isSettingsChangesAllowedAsUser, userId 0 : true
03-03 20:43:47.812  5405  6726 D SettingsProvider: ret = 1
03-03 20:43:47.815  5763  5763 D KeyguardUpdateMonitor: handleBatteryUpdate
03-03 20:43:47.818  5763  5763 I AODBatteryManager: updateBatteryData: ACTION_BATTERY_CHANGED
03-03 20:43:47.821  5763  5763 I AODBatteryManager: saveBatteryData : AOD BatteryData [mBatteryLevel=60, mBatteryStatus=CHARGING, mBatteryPlugType=USB, mBatteryPlugged=true, mRemainingChargeTime=3833000, mBatteryChargingType=1, mBatteryChargerType=NORMAL, mBatteryOnline=NOT_DEFINED, mBatterySwellingMode=NONE, mBatteryProtectMode=false]
