03-03 20:36:04.996  5763  5763 I AODBatteryManager: saveBatteryData : AOD BatteryData [mBatteryLevel=58, mBatteryStatus=CHARGING, mBatteryPlugType=USB, mBatteryPlugged=true, mRemainingChargeTime=4189000, mBatteryChargingType=1, mBatteryChargerType=NORMAL, mBatteryOnline=NOT_DEFINED, mBatterySwellingMode=NONE, mBatteryProtectMode=false]
03-03 20:36:07.291  4564  4564 D io_stats: !@   8,0 r 256465 9708884 w 404993 189174696 d 0 0 f 0 0 iot 318684 0 th 0 0 0 pt 0 inp 0 0 3775.106
03-03 20:36:09.992  5763  5763 D SecPowerUI.Notification: showChargingNotice oldChargingType : 11 / currentChargingType : 11, oldChargingTime : 4189000 / mChargingTime : 4189000
03-03 20:36:09.993  5763  5763 D SecPowerUI.Notification: There is no change about charging status, so return!
03-03 20:36:11.727  5405  5550 D ActivityTaskManager: SafeActivityOptions created, mOriginalCallingPid=5405, mOriginalCallingUid=1000, options=ActivityOptions(146731982), mPackageName=null, mAnimationType=-1, mStartX=0, mStartY=0, mWidth=0, mHeight=0, caller=com.android.server.am.PendingIntentRecord.sendInner:486 com.android.server.am.ActivityManagerService.sendIntentSender:6608 com.android.server.am.ActivityManagerService.sendIntentSender:6597 android.app.PendingIntent.sendAndReturnResult:1029 android.app.PendingIntent.send:1000 com.android.server.alarm.AlarmManagerService$DeliveryTracker.deliverLocked:6377 com.android.server.alarm.AlarmManagerService.deliverAlarmsLocked:5218 
03-03 20:36:11.730  5405  5550 D ActivityManager: Received BROADCAST intent 0xd9f046c Key{broadcastIntent pkg=android intent=act=com.android.server.action.NETWORK_STATS_POLL flags=0x4000000 u=0} requestCode=0 sent=0 from uid 1000
03-03 20:36:11.736  5405  5550 D ActivityTaskManager: SafeActivityOptions created, mOriginalCallingPid=5405, mOriginalCallingUid=1000, options=ActivityOptions(221512188), mPackageName=null, mAnimationType=-1, mStartX=0, mStartY=0, mWidth=0, mHeight=0, caller=com.android.server.am.PendingIntentRecord.sendInner:486 com.android.server.am.ActivityManagerService.sendIntentSender:6608 com.android.server.am.ActivityManagerService.sendIntentSender:6597 android.app.PendingIntent.sendAndReturnResult:1029 android.app.PendingIntent.send:1000 com.android.server.alarm.AlarmManagerService$DeliveryTracker.deliverLocked:6377 com.android.server.alarm.AlarmManagerService.deliverAlarmsLocked:5218 
03-03 20:36:11.746  5405  5612 W BestClock: java.time.DateTimeException: Missing NTP fix
03-03 20:36:11.750  5405  5464 W libprocessgroup: Failed to open /dev/blkio//cgroup.procs: No such file or directory
03-03 20:36:11.750  5405  5550 D ActivityManager: Received SERVICE intent 0xd1163da Key{startService pkg=com.samsung.android.lool intent=act=com.samsung.android.sm.SCHEDULED_WIDGET_UPDATE pkg=com.samsung.android.lool flags=0x4000000 u=0} requestCode=30 from uid 1000
03-03 20:36:11.752  5405  5550 D ActivityTaskManager: SafeActivityOptions created, mOriginalCallingPid=5405, mOriginalCallingUid=1000, options=ActivityOptions(212324485), mPackageName=null, mAnimationType=-1, mStartX=0, mStartY=0, mWidth=0, mHeight=0, caller=com.android.server.am.PendingIntentRecord.sendInner:486 com.android.server.am.ActivityManagerService.sendIntentSender:6608 com.android.server.am.ActivityManagerService.sendIntentSender:6597 android.app.PendingIntent.sendAndReturnResult:1029 android.app.PendingIntent.send:1000 com.android.server.alarm.AlarmManagerService$DeliveryTracker.deliverLocked:6377 com.android.server.alarm.AlarmManagerService.deliverAlarmsLocked:5218 
03-03 20:36:11.752  7860  7860 I SmWidget.Glance.Service: onStartCommand(): com.samsung.android.sm.SCHEDULED_WIDGET_UPDATE
03-03 20:36:11.752  7860  7860 I SmWidget.UpdateMgr: updateAllWidgetsInternal(), status : 1, Configuration : {1.1 ?mcc?mnc [en_GB] ldltr sw411dp w411dp h865dp 420dpi nrml long port finger -keyb/v/h -nav/h winConfig={ mBounds=Rect(0, 0 - 1080, 2400) mAppBounds=Rect(0, 88 - 1080, 2361) mMaxBounds=Rect(0, 0 - 1080, 2400) mDisplayRotation=ROTATION_0 mWindowingMode=fullscreen mDisplayWindowingMode=fullscreen mActivityType=undefined mAlwaysOnTop=undefined mRotation=ROTATION_0 mPopOver=undefined mStageConfig=undefined mFreeformTaskPinningState=undefined mFreeformStashState=undefined} s.18 fontWeightAdjustment=0 ff=0 bf=0 bts=0 themeSeq=0 nightDim=-1}
03-03 20:36:11.754  7860  7860 I SmWidget.UpdateMgr: getUpdateViews() config loaded id 7 as widgetId: 7, BgColor: 0, BgOpacity: 90, BgOpacityIndex: -1, mBgShape: 0, TextColor: 1, matchDark: true, usageOption: 0
03-03 20:36:11.756  7860  7860 I SmWidget.View.4x1: color : -855309, opacity : 229
03-03 20:36:11.762  5405  5550 D ActivityManager: Received SERVICE intent 0x943cd35 Key{startService pkg=com.samsung.android.rubin.app intent=cmp=com.samsung.android.rubin.app/com.samsung.android.rubin.scloudsync.batcher.UserDataSyncBatcher flags=0x4000000 u=0} requestCode=1 from uid 1000
03-03 20:36:11.762  5405  5464 W libprocessgroup: Failed to open /dev/blkio//cgroup.procs: No such file or directory
03-03 20:36:11.763  5405  5550 D ActivityTaskManager: SafeActivityOptions created, mOriginalCallingPid=5405, mOriginalCallingUid=1000, options=ActivityOptions(129843688), mPackageName=null, mAnimationType=-1, mStartX=0, mStartY=0, mWidth=0, mHeight=0, caller=com.android.server.am.PendingIntentRecord.sendInner:486 com.android.server.am.ActivityManagerService.sendIntentSender:6608 com.android.server.am.ActivityManagerService.sendIntentSender:6597 android.app.PendingIntent.sendAndReturnResult:1029 android.app.PendingIntent.send:1000 com.android.server.alarm.AlarmManagerService$DeliveryTracker.deliverLocked:6377 com.android.server.alarm.AlarmManagerService.deliverAlarmsLocked:5218 
03-03 20:36:11.765  5405  5464 W libprocessgroup: Failed to open /dev/blkio//cgroup.procs: No such file or directory
03-03 20:36:11.766  5405  5550 D ActivityManager: Received BROADCAST intent 0xccdb789 Key{broadcastIntent pkg=com.samsung.android.rubin.app intent=act=com.samsung.android.rubin.controller.keepaliveservice.ACTION_SERVICE_ALARM pkg=com.samsung.android.rubin.app cmp=com.samsung.android.rubin.app/com.samsung.android.rubin.controller.KeepAliveService$AlarmBroadcastReceiver flags=0x4000000 u=0} requestCode=0 sent=0 from uid 1000
03-03 20:36:11.768  5405  5550 D ActivityTaskManager: SafeActivityOptions created, mOriginalCallingPid=5405, mOriginalCallingUid=1000, options=ActivityOptions(119140353), mPackageName=null, mAnimationType=-1, mStartX=0, mStartY=0, mWidth=0, mHeight=0, caller=com.android.server.am.PendingIntentRecord.sendInner:486 com.android.server.am.ActivityManagerService.sendIntentSender:6608 com.android.server.am.ActivityManagerService.sendIntentSender:6597 android.app.PendingIntent.sendAndReturnResult:1029 android.app.PendingIntent.send:1000 com.android.server.alarm.AlarmManagerService$DeliveryTracker.deliverLocked:6377 com.android.server.alarm.AlarmManagerService.deliverAlarmsLocked:5218 
03-03 20:36:11.770  5405  5550 D ActivityManager: Received BROADCAST intent 0x1516d33 Key{broadcastIntent pkg=com.google.android.gms/com.google.android.gms.scheduler intent=act=com.google.android.gms.gcm.ACTION_CHECK_QUEUE cmp=com.google.android.gms/.gcm.nts.SchedulerInternalReceiver flags=0x2000000 u=0} requestCode=0 sent=0 from uid 1000
03-03 20:36:11.771  5405  5550 D ActivityTaskManager: SafeActivityOptions created, mOriginalCallingPid=5405, mOriginalCallingUid=1000, options=ActivityOptions(250719910), mPackageName=null, mAnimationType=-1, mStartX=0, mStartY=0, mWidth=0, mHeight=0, caller=com.android.server.am.PendingIntentRecord.sendInner:486 com.android.server.am.ActivityManagerService.sendIntentSender:6608 com.android.server.am.ActivityManagerService.sendIntentSender:6597 android.app.PendingIntent.sendAndReturnResult:1029 android.app.PendingIntent.send:1000 com.android.server.alarm.AlarmManagerService$DeliveryTracker.deliverLocked:6377 com.android.server.alarm.AlarmManagerService.deliverAlarmsLocked:5218 
03-03 20:36:11.776  5405  5550 D CompatibilityChangeReporter: Compat change id reported: 135634846; UID 10077; state: DISABLED
03-03 20:36:11.776  5405  5550 D CompatibilityChangeReporter: Compat change id reported: 177438394; UID 10077; state: DISABLED
03-03 20:36:11.776  5405  5550 D CompatibilityChangeReporter: Compat change id reported: 135772972; UID 10077; state: DISABLED
03-03 20:36:11.777  5405  5550 D CompatibilityChangeReporter: Compat change id reported: 135754954; UID 10077; state: ENABLED
03-03 20:36:11.778  5405  5550 D ActivityManager: Received SERVICE intent 0x1e38af8 Key{startService pkg=com.samsung.android.game.gos intent=cmp=com.samsung.android.game.gos/.service.MainIntentService flags=0x2000000 u=0} requestCode=1000 from uid 1000
03-03 20:36:11.779  5405  5461 D CompatibilityChangeReporter: Compat change id reported: 143937733; UID 10077; state: ENABLED
03-03 20:36:11.782  8865  8865 I Rubin   : [2] nd.a.d(SourceFile:3) : [SCloudSync] user data sync batchTime: 1772544971769
03-03 20:36:11.786  5405  5612 W BestClock: java.time.DateTimeException: Missing NTP fix
03-03 20:36:11.787  7860  7860 I SmWidget.View.4x1: color : -855309, opacity : 229
03-03 20:36:11.790  5405  5405 D CompatibilityChangeReporter: Compat change id reported: 135634846; UID 10223; state: DISABLED
03-03 20:36:11.790  5405  5405 D CompatibilityChangeReporter: Compat change id reported: 177438394; UID 10223; state: DISABLED
03-03 20:36:11.790  5405  5405 D CompatibilityChangeReporter: Compat change id reported: 135772972; UID 10223; state: DISABLED
03-03 20:36:11.790  5405  5405 D CompatibilityChangeReporter: Compat change id reported: 135754954; UID 10223; state: ENABLED
03-03 20:36:11.790  8865 23068 I Rubin   : [154] wd.j.b(SourceFile:1) : requesting CheckRubinIDStatus()
03-03 20:36:11.799  4905  4905 D Zygote  : Forked child process 23070
03-03 20:36:11.801  5405  5461 I ActivityManager: Start proc 23070:com.samsung.android.game.gos/u0a77 for service {com.samsung.android.game.gos/com.samsung.android.game.gos.service.MainIntentService}
03-03 20:36:11.803  5405  5461 D CompatibilityChangeReporter: Compat change id reported: 143937733; UID 10223; state: ENABLED
03-03 20:36:11.808  5405  5464 W libprocessgroup: Failed to open /dev/blkio//cgroup.procs: No such file or directory
03-03 20:36:11.808  5405  5464 W libprocessgroup: Failed to open /dev/blkio//cgroup.procs: No such file or directory
03-03 20:36:11.811  7860  7860 I AppWidgetManager: updateAppWidget() appWidgetIds = [7]
03-03 20:36:11.822  4605  4605 W keymaster_tee: [WRN]begin req PARAMS: A32 B2 P64 
03-03 20:36:11.825  4905  4905 D Zygote  : Forked child process 23071
03-03 20:36:11.826  5405  5461 I ActivityManager: Start proc 23071:com.google.android.partnersetup/u0a223 for service {com.google.android.partnersetup/com.google.android.partnersetup.InstalledAppJobService}
03-03 20:36:11.827  4604 10090 I keystore2: keystore2::security_level: In create_operation. Success to create IKeystoreOperation. 5010, None
03-03 20:36:11.854  4605  4605 W keymaster_tee: [WRN]begin req PARAMS: A32 B2 P64 
03-03 20:36:11.857  4604 11087 I keystore2: keystore2::security_level: In create_operation. Success to create IKeystoreOperation. 5010, None
03-03 20:36:11.867  7525  8838 I SDHMS:D : SIOP:: AP:372 BAT:387 USB:0 CHG:393 WIFI:369 SKIN:371 SKINF:370 SKINB:371 LRP:371 LRF:370 LRB:371 
03-03 20:36:11.869 23070 23070 I ndroid.game.gos: Using CollectorTypeCC GC.
03-03 20:36:11.873 23071 23071 I id.partnersetup: Using CollectorTypeCC GC.
03-03 20:36:11.874 23070 23070 E ndroid.game.gos: Not starting debugger since process cannot load the jdwp agent.
03-03 20:36:11.878 23071 23071 E id.partnersetup: Not starting debugger since process cannot load the jdwp agent.
03-03 20:36:11.880 23070 23070 D nativeloader: Load libframework-connectivity-tiramisu-jni.so using APEX ns com_android_tethering for caller /apex/com.android.tethering/javalib/framework-connectivity-t.jar: ok
03-03 20:36:11.884 23070 23070 D ActivityThread: setConscryptValidator
03-03 20:36:11.884 23071 23071 D nativeloader: Load libframework-connectivity-tiramisu-jni.so using APEX ns com_android_tethering for caller /apex/com.android.tethering/javalib/framework-connectivity-t.jar: ok
03-03 20:36:11.884 23070 23070 D ActivityThread: setConscryptValidator - put
03-03 20:36:11.885  4605  4605 W keymaster_tee: [WRN]begin req PARAMS: A32 B2 P64 
03-03 20:36:11.887 23071 23071 D ActivityThread: setConscryptValidator
03-03 20:36:11.887 23071 23071 D ActivityThread: setConscryptValidator - put
03-03 20:36:11.888  4604 11087 I keystore2: keystore2::security_level: In create_operation. Success to create IKeystoreOperation. 5010, None
03-03 20:36:11.889  5405  6729 I ActivityManager: DSS OFF for com.samsung.android.game.gos
03-03 20:36:11.901  5405  7590 I ActivityManager: DSS OFF for com.google.android.partnersetup
03-03 20:36:11.904 23070 23070 D CompatibilityChangeReporter: Compat change id reported: 171979766; UID 10077; state: ENABLED
03-03 20:36:11.906  4605  4605 W keymaster_tee: [WRN]begin req PARAMS: A32 B2 P64 
03-03 20:36:11.909  4604 11087 I keystore2: keystore2::security_level: In create_operation. Success to create IKeystoreOperation. 5010, None
03-03 20:36:11.913 23071 23071 D CompatibilityChangeReporter: Compat change id reported: 171979766; UID 10223; state: ENABLED
03-03 20:36:11.924 23071 23071 D nativeloader: Configuring clns-4 for other apk /system/framework/org.apache.http.legacy.jar. target_sdk_version=35, uses_libraries=ALL, library_path=/data/app/~~ll-BgCxBpR6EttSl3IEVlQ==/com.google.android.partnersetup-0DqiNtTHfi95mSad57UqhA==/lib/arm64, permitted_path=/data:/mnt/expand:/data/user/0/com.google.android.partnersetup
03-03 20:36:11.924 23071 23071 D nativeloader: Extending system_exposed_libraries: libhumantracking.arcsoft.so:libPortraitDistortionCorrection.arcsoft.so:libPortraitDistortionCorrectionCali.arcsoft.so:libface_landmark.arcsoft.so:libFacialStickerEngine.arcsoft.so:libveengine.arcsoft.so:liblow_light_hdr.arcsoft.so:libhigh_dynamic_range.arcsoft.so:libFacialAttributeDetection.arcsoft.so:libBeauty_v4.camera.samsung.so:libexifa.camera.samsung.so:libjpega.camera.samsung.so:libOpenCv.camera.samsung.so:libImageScreener.camera.samsung.so:libMyFilter.camera.samsung.so:libtensorflowLite.myfilter.camera.samsung.so:libtensorflowlite_inference_api.myfilter.camera.samsung.so:libEventFinder.camera.samsung.so:libHIDTSnapJNI.camera.samsung.so:libSmartScan.camera.samsung.so:libRectify.camera.samsung.so:libDocRectifyWrapper.camera.samsung.so:libUltraWideDistortionCorrection.camera.samsung.so:libWideDistortionCorrection.camera.samsung.so:libHpr_RecGAE_cvFeature_v1.0.camera.samsung.so:libHprFace_GAE_api.camera.samsung.so:libFace_Landmark_API.camera.samsung.so:libHprFace_GAE_jn
03-03 20:36:11.924  4605  4605 W keymaster_tee: [WRN]begin req PARAMS: A32 B2 P64 
03-03 20:36:11.926  4604 11087 I keystore2: keystore2::security_level: In create_operation. Success to create IKeystoreOperation. 5010, None
03-03 20:36:11.934 23071 23071 D nativeloader: Configuring clns-5 for other apk /data/app/~~ll-BgCxBpR6EttSl3IEVlQ==/com.google.android.partnersetup-0DqiNtTHfi95mSad57UqhA==/base.apk. target_sdk_version=35, uses_libraries=, library_path=/data/app/~~ll-BgCxBpR6EttSl3IEVlQ==/com.google.android.partnersetup-0DqiNtTHfi95mSad57UqhA==/lib/arm64, permitted_path=/data:/mnt/expand:/data/user/0/com.google.android.partnersetup
03-03 20:36:11.941 23071 23071 D nativeloader: Load libframework-connectivity-jni.so using APEX ns com_android_tethering for caller /apex/com.android.tethering/javalib/framework-connectivity.jar: ok
03-03 20:36:11.942  8865 23068 I Rubin   : [154] sd.c.b(SourceFile:1) : executeCall(): true
03-03 20:36:11.947 23071 23071 V GraphicsEnvironment: ANGLE Developer option for 'com.google.android.partnersetup' set to: 'default'
03-03 20:36:11.948 23071 23071 V GraphicsEnvironment: ANGLE GameManagerService for com.google.android.partnersetup: false
03-03 20:36:11.948 23071 23071 V GraphicsEnvironment: Neither updatable production driver nor prerelease driver is supported.
03-03 20:36:11.952  8865 23068 W System.err: java.net.UnknownHostException: Unable to resolve host "api.rb.sbixby.com": No address associated with hostname
03-03 20:36:11.952  8865 23068 W System.err: 	at java.net.Inet6AddressImpl.lookupHostByName(Inet6AddressImpl.java:156)
03-03 20:36:11.952  8865 23068 W System.err: 	at java.net.Inet6AddressImpl.lookupAllHostAddr(Inet6AddressImpl.java:103)
03-03 20:36:11.952  8865 23068 W System.err: 	at java.net.InetAddress.getAllByName(InetAddress.java:1152)
03-03 20:36:11.952  8865 23068 W System.err: 	at ll.q$a$a.a(SourceFile:1)
03-03 20:36:11.952  8865 23068 W System.err: 	at ql.k.f(SourceFile:15)
03-03 20:36:11.952  8865 23068 W System.err: 	at ql.k.e(SourceFile:3)
03-03 20:36:11.952  8865 23068 W System.err: 	at ql.k.d(SourceFile:4)
03-03 20:36:11.952  8865 23068 W System.err: 	at ql.d.b(SourceFile:27)
03-03 20:36:11.952  8865 23068 W System.err: 	at ql.d.c(SourceFile:1)
03-03 20:36:11.952  8865 23068 W System.err: 	at ql.d.a(SourceFile:7)
03-03 20:36:11.953  8865 23068 W System.err: 	at ql.e.v(SourceFile:8)
03-03 20:36:11.953  8865 23068 W System.err: 	at ql.a.intercept(SourceFile:2)
03-03 20:36:11.953 23071 23071 D NetworkSecurityConfig: No Network Security Config specified, using platform default
03-03 20:36:11.953  8865 23068 W System.err: 	at rl.g.a(SourceFile:12)
03-03 20:36:11.953  8865 23068 W System.err: 	at ol.a.intercept(SourceFile:22)
03-03 20:36:11.953  8865 23068 W System.err: 	at rl.g.a(SourceFile:12)
03-03 20:36:11.953  8865 23068 W System.err: 	at rl.a.intercept(SourceFile:22)
03-03 20:36:11.953  8865 23068 W System.err: 	at rl.g.a(SourceFile:12)
03-03 20:36:11.953  8865 23068 W System.err: 	at rl.j.intercept(SourceFile:7)
03-03 20:36:11.953  8865 23068 W System.err: 	at rl.g.a(SourceFile:12)
03-03 20:36:11.953  8865 23068 W System.err: 	at be.e.e(SourceFile:5)
03-03 20:36:11.953  8865 23068 W System.err: 	at be.e.b(Unknown Source:0)
03-03 20:36:11.953  8865 23068 W System.err: 	at be.d.intercept(Unknown Source:2)
03-03 20:36:11.953  8865 23068 W System.err: 	at rl.g.a(SourceFile:12)
03-03 20:36:11.953  8865 23068 W System.err: 	at ql.e.t(SourceFile:16)
03-03 20:36:11.953  8865 23068 W System.err: 	at ql.e.execute(SourceFile:5)
03-03 20:36:11.953  8865 23068 W System.err: 	at oq.i.execute(SourceFile:15)
03-03 20:36:11.953  8865 23068 W System.err: 	at oq.g$b.execute(Unknown Source:2)
03-03 20:36:11.953  8865 23068 W System.err: 	at sd.c.b(SourceFile:3)
03-03 20:36:11.953  8865 23068 W System.err: 	at sd.c.a(Unknown Source:6)
03-03 20:36:11.953  8865 23068 W System.err: 	at wd.j.b(SourceFile:13)
03-03 20:36:11.953  8865 23068 W System.err: 	at sd.d.b(Unknown Source:2)
03-03 20:36:11.953  8865 23068 W System.err: 	at z7.r.D(SourceFile:1)
03-03 20:36:11.954  8865 23068 W System.err: 	at com.samsung.android.rubin.scloudsync.batcher.UserDataSyncBatcher$a.run(SourceFile:1)
03-03 20:36:11.954  8865 23068 W System.err: 	at java.util.concurrent.ThreadPoolExecutor.runWorker(ThreadPoolExecutor.java:1145)
03-03 20:36:11.954  8865 23068 W System.err: 	at java.util.concurrent.ThreadPoolExecutor$Worker.run(ThreadPoolExecutor.java:644)
03-03 20:36:11.954  8865 23068 W System.err: 	at java.lang.Thread.run(Thread.java:1012)
03-03 20:36:11.954  8865 23068 W System.err: Caused by: android.system.GaiException: android_getaddrinfo failed: EAI_NODATA (No address associated with hostname)
03-03 20:36:11.954  8865 23068 W System.err: 	at libcore.io.Linux.android_getaddrinfo(Native Method)
03-03 20:36:11.954  8865 23068 W System.err: 	at libcore.io.ForwardingOs.android_getaddrinfo(ForwardingOs.java:133)
03-03 20:36:11.954  8865 23068 W System.err: 	at libcore.io.BlockGuardOs.android_getaddrinfo(BlockGuardOs.java:222)
03-03 20:36:11.954  8865 23068 W System.err: 	at libcore.io.ForwardingOs.android_getaddrinfo(ForwardingOs.java:133)
03-03 20:36:11.954  8865 23068 W System.err: 	at java.net.Inet6AddressImpl.lookupHostByName(Inet6AddressImpl.java:135)
03-03 20:36:11.954  8865 23068 W System.err: 	... 35 more
03-03 20:36:11.955 23071 23071 D NetworkSecurityConfig: No Network Security Config specified, using platform default
03-03 20:36:11.956  5405  7590 I GenerationRegistry: mBackingStore.isClosed() : false
03-03 20:36:11.967 23071 23071 D CompatibilityChangeReporter: Compat change id reported: 194532703; UID 10223; state: ENABLED
03-03 20:36:11.968  5405  6729 D CompatibilityChangeReporter: Compat change id reported: 194532703; UID 10223; state: ENABLED
03-03 20:36:11.969  5405  7590 I GenerationRegistry: mBackingStore.isClosed() : false
03-03 20:36:11.974 23070 23103 I SQLiteConnection: /data/user/0/com.samsung.android.game.gos/databases/gos-db.db-wal 1048576 bytes: Bigger than 1048576; truncating
03-03 20:36:11.996 23070 23103 I GOS:DssFeature: dpi: 420, width: 1080, height: 2273
03-03 20:36:11.999 23070 23103 I GOS:VrrFeature: updateDisplayModes(): displayModes: [{id=1, width=1080, height=2400, fps=60.000004, alternativeRefreshRates=[]}]
03-03 20:36:11.999 23070 23103 I GOS:VrrFeature: updateDisplayModes()-{96=null, 48=null, 120=null, 90=null, 60=1}
03-03 20:36:12.000  5405  7590 D SGM:GameManager: respondWithJson. command: is_variable_refresh_rate_supported
03-03 20:36:12.000  5405  7590 D SGM:GameManager: jsonParam : null
03-03 20:36:12.000  5405  7590 D SGM:GameManager: response : {"value_bool_1":false}
03-03 20:36:12.001 23070 23103 I GOS:PlatformUtil: getSemPlatformVersion(). SEM_PLATFORM_INT: 140100
03-03 20:36:12.006 23070 23103 I GOS:Initializer: DB is already initialized
03-03 20:36:12.013 23070 23103 I GOS:Initializer: finished initGos()
03-03 20:36:12.016 23070 23108 I GOS:MainIntentService: onHandleIntent(). type(ON_ALARM) from 4
03-03 20:36:12.016 23070 23108 I GOS:MainIntentService: received UPDATE_ALARM type alarm: ON_ALARM
03-03 20:36:12.021  5405  7462 I GenerationRegistry: mBackingStore.isClosed() : false
03-03 20:36:12.027 23070 23108 W GOS:RequestHeader: tryToAddMcc(), can't find mcc
03-03 20:36:12.027 23070 23108 W GOS:RequestHeader: tryToAddMnc(), can't find mnc
03-03 20:36:12.073  5405  6729 W JobScheduler: Job didn't exist in JobStore: e44d920 #u0a223/4096 com.google.android.partnersetup/.InstalledAppJobService
03-03 20:36:12.075  5405  5550 D ActivityTaskManager: SafeActivityOptions created, mOriginalCallingPid=5405, mOriginalCallingUid=1000, options=ActivityOptions(189913985), mPackageName=null, mAnimationType=-1, mStartX=0, mStartY=0, mWidth=0, mHeight=0, caller=com.android.server.am.PendingIntentRecord.sendInner:486 com.android.server.am.ActivityManagerService.sendIntentSender:6608 com.android.server.am.ActivityManagerService.sendIntentSender:6597 android.app.PendingIntent.sendAndReturnResult:1029 android.app.PendingIntent.send:1000 com.android.server.alarm.AlarmManagerService$DeliveryTracker.deliverLocked:6377 com.android.server.alarm.AlarmManagerService.deliverAlarmsLocked:5218 
03-03 20:36:12.080  5405  5464 W libprocessgroup: Failed to open /dev/blkio//cgroup.procs: No such file or directory
03-03 20:36:12.082  5405  5550 D ActivityManager: Received SERVICE intent 0x464e08b Key{startService pkg=com.wssyncmldm intent=cmp=com.wssyncmldm/com.samsung.android.fotaagent.device.services.PollingIntentService flags=0x4000000 u=0} requestCode=0 from uid 1000
03-03 20:36:12.091 11152 23110 I IDM_FOTA: [PollingIntentService(1/onHandleIntent)] Polling State: Start to check polling
03-03 20:36:12.094 11152 23110 I IDM_FOTA: [PollingStartState(1/onEntry)] 
03-03 20:36:12.098  5405  5464 W libprocessgroup: Failed to open /dev/blkio//cgroup.procs: No such file or directory
03-03 20:36:12.102  5405  5464 W libprocessgroup: Failed to open /dev/blkio//cgroup.procs: No such file or directory
03-03 20:36:12.107 11152 23110 W IDM_FOTA: [NetworkUtil(5/isNetworkConnected)] NetworkInfo is null
03-03 20:36:12.118 11152 23110 W IDM_FOTA: [NetworkUtil(5/isAnyNetworkConnected)] NetworkInfo is null
03-03 20:36:12.119 11152 23110 E IDM_FOTA: [BaseRestClient(4/isNetworkAvailable)] FAIL_NETWORK by no network
03-03 20:36:12.121 11152 23110 E IDM_FOTA: [BaseRestClient(4/onSetUp)] 4NeZFunzVd9phhe4PklVQ6pktZEnHZm2rsCTawamsdStwkJECRlxpiRkqgs0S8v62cG1+SZtwnuSVx3DfaqJntiUq9Yf/1if/nPnqW7CH8aIwjwtY6/dny7iGPSs3UbJ1L3aVwYifcmoGZkIMNs4Rg==
03-03 20:36:12.122 11152 23110 E IDM_FOTA: [BaseRestClient(4/onSetUp)] l+jPDwDsJ1+hmCVo9dNjzVpLsyvUsNY/rA068qf5dxVSlIT7UMHfep6MvCxBz3WTaCDrJG4BhxTUnPVgo6lSXo/wm4KYC/hXCTuNHWdrCO+yTy78txHhiru4VCK68rqs7jIgJjBmxiGsLgEDRBLdIA==
03-03 20:36:12.123 11152 23110 E IDM_FOTA: [BaseRestClient(4/onSetUp)] l+jPDwDsJ1+hmCVo9dNjzVpLsyvUsNY/rA068qf5dxVSlIT7UMHfep6MvCxBz3WTaCDrJG4BhxTUnPVgo6lSXjvlDw8qcxm4bFMgiKuLocSsxAHeK89EbbqJzaK6R6d1TptK/Y2NtNoNOuvBV4FwuQ==
03-03 20:36:12.124 11152 23110 E IDM_FOTA: [BaseRestClient(4/onSetUp)] l+jPDwDsJ1+hmCVo9dNjzVpLsyvUsNY/rA068qf5dxVSlIT7UMHfep6MvCxBz3WTaCDrJG4BhxTUnPVgo6lSXjKXkRPkmmQeg67XoV63A/isxAHeK89EbbqJzaK6R6d1TptK/Y2NtNoNOuvBV4FwuQ==
03-03 20:36:12.124 11152 23110 E IDM_FOTA: [BaseRestClient(4/onSetUp)] l+jPDwDsJ1+hmCVo9dNjzVpLsyvUsNY/rA068qf5dxUUZLwQPBJWcwYZzAcSMXc0YdRx/rhGApjNdh5IBuTSYTdXDUKDUVGZ6OhPgtjD94BYK7LDuUKo49mtn2auxgJ+gVXTPbthK+VI/a2nqKgTHA==
03-03 20:36:12.125 11152 23110 E IDM_FOTA: [BaseRestClient(4/onSetUp)] l+jPDwDsJ1+hmCVo9dNjzVpLsyvUsNY/rA068qf5dxUUZLwQPBJWcwYZzAcSMXc0YdRx/rhGApjNdh5IBuTSYdACFfJakDkxnwbPRDHxW1sI2coz3VXTZDBVqsTua7qPdBoG46aQK9KoXg+6bvZfIg==
03-03 20:36:12.126 11152 23110 E IDM_FOTA: [BaseRestClient(4/onSetUp)] l+jPDwDsJ1+hmCVo9dNjzVpLsyvUsNY/rA068qf5dxUUZLwQPBJWcwYZzAcSMXc0IDtv4kHaNffiyV2ByIgt7D5N4XZHSCmXaWiTEdWbExCJS4h78nWxhDFj5w3uf/B0EkRBRuCStL+Y5huk8k6JyQ==
03-03 20:36:12.126 11152 23110 E IDM_FOTA: [BaseRestClient(4/onSetUp)] l+jPDwDsJ1+hmCVo9dNjzVpLsyvUsNY/rA068qf5dxVqehWFMm8M0DHmBTzD0+A7AvvMRwHh/eTAU9xtu2vn3r/omGBm5ixjevkNv3grh7CCR+E3eWZvZZqmlT9P7D/4mHKNPCVxKbseVzV8vYOMRcwRM02YOqPj+hJ08O8fKB4=
03-03 20:36:12.127 11152 23110 E IDM_FOTA: [BaseRestClient(4/onSetUp)] FCDwl9n6Im4aKPlFIb/wPPPPNU4DCXWpuvV1BjXZtNGqV/P6KaUGVTVO+mjcAD7XfQNPnTt2ki6PeU+jZXsDHz2J4q4CyjQvXs6Gb41ZNtUu7zbBkJlYZAh0LtanHtTJ
03-03 20:36:12.127 11152 23110 E IDM_FOTA: [BaseRestClient(4/onSetUp)] 9W8FW4h+HKFbkQZct9+IWEfGxIObZheIPzE1pZdUzErCXPZHKLv9o+athOywTp+C1ON+bM/mx4kRSfmOuelvjA==
03-03 20:36:12.128 11152 23110 E IDM_FOTA: [BaseRestClient(4/onSetUp)] WmDW2AFRcw4n//9CWmAX3DD00F5aZLThw1NkzWSrYNf3Hq6aoiSPQHEjmP/8zH/h
03-03 20:36:12.129 11152 23110 E IDM_FOTA: [BaseRestClient(4/onSetUp)] WmDW2AFRcw4n//9CWmAX3PeBQi3C6WcJCAdLNXiffDyt6CeGqGOdgkog7J7yEKrg
03-03 20:36:12.130 11152 23110 E IDM_FOTA: [BaseRestClient(4/onSetUp)] 9W8FW4h+HKFbkQZct9+IWD8N6fZmc05LdsnmIuhJmw6tNhdwjHPdnr3ubOEP1DI/LtmCjjuWyfX2YjBK0Uh/aA==
03-03 20:36:12.132 11152 23110 W IDM_FOTA: [BaseRestClient(2/execute)] Fail to set up!
03-03 20:36:12.133 11152 23110 I IDM_FOTA: [PollingStartState(13/onExecute)] Receive result: fail in PollingRestClient
03-03 20:36:12.135 11152 23110 I IDM_FOTA: [PollingStartState(16/onExecute)] Network is not available; Do not cancel alarm to retry 1 hour later
03-03 20:36:12.137 11152 23110 I IDM_FOTA: [PollingState(1/onEntry)] 
03-03 20:36:12.138 11152 23110 I IDM_FOTA: [PollingIntentService(4/onHandleIntent)] Polling State: Finish to check polling
03-03 20:36:12.149 23070 23108 I GOS:AlarmController: onUpdateAlarm(), start!, IntentType: ON_ALARM
03-03 20:36:12.151 23070 23108 I GOS:AlarmController: onUpdateAlarm() - network update is available. millisFromLastUpdate: 23079979137
03-03 20:36:12.200 23071 23071 I GooglePartnerSetup: Phenotype client.register successes
03-03 20:36:12.317  5405  5464 W libprocessgroup: Failed to open /dev/blkio//cgroup.procs: No such file or directory
03-03 20:36:12.319  5405  5464 W libprocessgroup: Failed to open /dev/blkio//cgroup.procs: No such file or directory
03-03 20:36:12.368 23071 23104 I GooglePartnerSetup: Phenotype commit successes
03-03 20:36:12.488  5405  5464 W libprocessgroup: Failed to open /dev/blkio//cgroup.procs: No such file or directory
03-03 20:36:12.491  5405  5464 W libprocessgroup: Failed to open /dev/blkio//cgroup.procs: No such file or directory
03-03 20:36:12.547  5405  7462 D CompatibilityChangeReporter: Compat change id reported: 135634846; UID 10224; state: DISABLED
03-03 20:36:12.547  5405  7462 D CompatibilityChangeReporter: Compat change id reported: 177438394; UID 10224; state: DISABLED
03-03 20:36:12.547  5405  7462 D CompatibilityChangeReporter: Compat change id reported: 135772972; UID 10224; state: DISABLED
03-03 20:36:12.547  5405  7462 D CompatibilityChangeReporter: Compat change id reported: 135754954; UID 10224; state: ENABLED
03-03 20:36:12.549  5405  5461 D CompatibilityChangeReporter: Compat change id reported: 143937733; UID 10224; state: ENABLED
03-03 20:36:12.560  4905  4905 D Zygote  : Forked child process 23115
03-03 20:36:12.563  5405  5461 I ActivityManager: Start proc 23115:com.google.process.gapps/u0a224 for content provider {com.google.android.gsf/com.google.android.gsf.settings.GoogleSettingsProvider}
03-03 20:36:12.619 23115 23115 I e.process.gapps: Using CollectorTypeCC GC.
03-03 20:36:12.625 23115 23115 E e.process.gapps: Not starting debugger since process cannot load the jdwp agent.
03-03 20:36:12.631 23115 23115 D nativeloader: Load libframework-connectivity-tiramisu-jni.so using APEX ns com_android_tethering for caller /apex/com.android.tethering/javalib/framework-connectivity-t.jar: ok
03-03 20:36:12.635 23115 23115 D ActivityThread: setConscryptValidator
03-03 20:36:12.635 23115 23115 D ActivityThread: setConscryptValidator - put
03-03 20:36:12.638  5405  7590 I ActivityManager: DSS OFF for com.google.android.gsf
03-03 20:36:12.655 23115 23115 D CompatibilityChangeReporter: Compat change id reported: 171979766; UID 10224; state: ENABLED
03-03 20:36:12.678 23115 23115 D nativeloader: Configuring clns-shared-4 for other apk /system/framework/org.apache.http.legacy.jar. target_sdk_version=33, uses_libraries=ALL, library_path=/system/system_ext/priv-app/GoogleServicesFramework/lib/arm64:/system/system_ext/priv-app/GoogleServicesFramework/GoogleServicesFramework.apk!/lib/arm64-v8a:/system/lib64:/system/system_ext/lib64, permitted_path=/data:/mnt/expand:/data/user/0/com.google.android.gsf:/system/system_ext/priv-app/GoogleServicesFramework:/system/lib64:/system/system_ext/lib64
03-03 20:36:12.678 23115 23115 D nativeloader: Extending system_exposed_libraries: libhumantracking.arcsoft.so:libPortraitDistortionCorrection.arcsoft.so:libPortraitDistortionCorrectionCali.arcsoft.so:libface_landmark.arcsoft.so:libFacialStickerEngine.arcsoft.so:libveengine.arcsoft.so:liblow_light_hdr.arcsoft.so:libhigh_dynamic_range.arcsoft.so:libFacialAttributeDetection.arcsoft.so:libBeauty_v4.camera.samsung.so:libexifa.camera.samsung.so:libjpega.camera.samsung.so:libOpenCv.camera.samsung.so:libImageScreener.camera.samsung.so:libMyFilter.camera.samsung.so:libtensorflowLite.myfilter.camera.samsung.so:libtensorflowlite_inference_api.myfilter.camera.samsung.so:libEventFinder.camera.samsung.so:libHIDTSnapJNI.camera.samsung.so:libSmartScan.camera.samsung.so:libRectify.camera.samsung.so:libDocRectifyWrapper.camera.samsung.so:libUltraWideDistortionCorrection.camera.samsung.so:libWideDistortionCorrection.camera.samsung.so:libHpr_RecGAE_cvFeature_v1.0.camera.samsung.so:libHprFace_GAE_api.camera.samsung.so:libFace_Landmark_API.camera.samsung.so:libHprFace_GAE_jn
03-03 20:36:12.694 23115 23115 D nativeloader: Configuring clns-shared-5 for other apk /system/system_ext/priv-app/GoogleServicesFramework/GoogleServicesFramework.apk. target_sdk_version=33, uses_libraries=, library_path=/system/system_ext/priv-app/GoogleServicesFramework/lib/arm64:/system/system_ext/priv-app/GoogleServicesFramework/GoogleServicesFramework.apk!/lib/arm64-v8a:/system/lib64:/system/system_ext/lib64, permitted_path=/data:/mnt/expand:/data/user/0/com.google.android.gsf:/system/system_ext/priv-app/GoogleServicesFramework:/system/lib64:/system/system_ext/lib64
03-03 20:36:12.715 23115 23115 D nativeloader: Load libframework-connectivity-jni.so using APEX ns com_android_tethering for caller /apex/com.android.tethering/javalib/framework-connectivity.jar: ok
03-03 20:36:12.731 23115 23115 V GraphicsEnvironment: ANGLE Developer option for 'com.google.android.gsf' set to: 'default'
03-03 20:36:12.733 23115 23115 V GraphicsEnvironment: ANGLE GameManagerService for com.google.android.gsf: false
03-03 20:36:12.733 23115 23115 V GraphicsEnvironment: Neither updatable production driver nor prerelease driver is supported.
03-03 20:36:12.742 23115 23115 D NetworkSecurityConfig: No Network Security Config specified, using platform default
03-03 20:36:12.750 23115 23115 D NetworkSecurityConfig: No Network Security Config specified, using platform default
03-03 20:36:12.767  5405  7590 I GenerationRegistry: mBackingStore.isClosed() : false
03-03 20:36:12.817 23115 23115 I GoogleHttpClient: GMS http client unavailable, use old client
03-03 20:36:12.915  5405  7590 D CompatibilityChangeReporter: Compat change id reported: 201794303; UID 10224; state: ENABLED
03-03 20:36:13.094  5405  5460 D CompatibilityChangeReporter: Compat change id reported: 135634846; UID 10242; state: DISABLED
03-03 20:36:13.095  5405  5461 D CompatibilityChangeReporter: Compat change id reported: 143937733; UID 10242; state: ENABLED
03-03 20:36:13.112  4905  4905 D Zygote  : Forked child process 23129
03-03 20:36:13.114  5405  5461 I ActivityManager: Start proc 23129:com.android.chrome/u0a242 for broadcast {com.android.chrome/com.google.android.apps.chrome.rlz.RevenueStatsConfigurationUpdateReceiver}
03-03 20:36:13.171 23129 23129 I .android.chrome: Using CollectorTypeCC GC.
03-03 20:36:13.176 23129 23129 E .android.chrome: Not starting debugger since process cannot load the jdwp agent.
03-03 20:36:13.183 23129 23129 D nativeloader: Load libframework-connectivity-tiramisu-jni.so using APEX ns com_android_tethering for caller /apex/com.android.tethering/javalib/framework-connectivity-t.jar: ok
03-03 20:36:13.186 23129 23129 D ActivityThread: setConscryptValidator
03-03 20:36:13.187 23129 23129 D ActivityThread: setConscryptValidator - put
03-03 20:36:13.192  5405  7590 I ActivityManager: DSS OFF for com.android.chrome
03-03 20:36:13.199  5405  5542 I UMR     : B|Compact com.google.process.gapps(23115)
03-03 20:36:13.206 23129 23129 D CompatibilityChangeReporter: Compat change id reported: 171979766; UID 10242; state: ENABLED
03-03 20:36:13.223  5405  5542 I UMR     : E|Compact d_rss=-25452KB
03-03 20:36:13.230 23129 23129 W ziparchive: Unable to open '/data/app/~~T4LbHtNyPxLSkUCLaopR4w==/com.google.android.trichromelibrary_710312533-qbU0ND9mvInMnIjW7XUB-w==/base.dm': No such file or directory
03-03 20:36:13.230 23129 23129 W ziparchive: Unable to open '/data/app/~~T4LbHtNyPxLSkUCLaopR4w==/com.google.android.trichromelibrary_710312533-qbU0ND9mvInMnIjW7XUB-w==/base.dm': No such file or directory
03-03 20:36:13.232 23129 23129 W .android.chrome: Entry not found
03-03 20:36:13.234 23129 23129 D nativeloader: Configuring clns-4 for other apk /data/app/~~T4LbHtNyPxLSkUCLaopR4w==/com.google.android.trichromelibrary_710312533-qbU0ND9mvInMnIjW7XUB-w==/base.apk. target_sdk_version=35, uses_libraries=ALL, library_path=/data/app/~~I8NxXWYa_YidGMN2Hllt5Q==/com.android.chrome-HTYglD0ocs-NJKwI_CdHyA==/lib/arm64:/data/app/~~I8NxXWYa_YidGMN2Hllt5Q==/com.android.chrome-HTYglD0ocs-NJKwI_CdHyA==/base.apk!/lib/arm64-v8a:/data/app/~~T4LbHtNyPxLSkUCLaopR4w==/com.google.android.trichromelibrary_710312533-qbU0ND9mvInMnIjW7XUB-w==/base.apk!/lib/arm64-v8a, permitted_path=/data:/mnt/expand:/data/user/0/com.android.chrome
03-03 20:36:13.234 23129 23129 D nativeloader: Extending system_exposed_libraries: libhumantracking.arcsoft.so:libPortraitDistortionCorrection.arcsoft.so:libPortraitDistortionCorrectionCali.arcsoft.so:libface_landmark.arcsoft.so:libFacialStickerEngine.arcsoft.so:libveengine.arcsoft.so:liblow_light_hdr.arcsoft.so:libhigh_dynamic_range.arcsoft.so:libFacialAttributeDetection.arcsoft.so:libBeauty_v4.camera.samsung.so:libexifa.camera.samsung.so:libjpega.camera.samsung.so:libOpenCv.camera.samsung.so:libImageScreener.camera.samsung.so:libMyFilter.camera.samsung.so:libtensorflowLite.myfilter.camera.samsung.so:libtensorflowlite_inference_api.myfilter.camera.samsung.so:libEventFinder.camera.samsung.so:libHIDTSnapJNI.camera.samsung.so:libSmartScan.camera.samsung.so:libRectify.camera.samsung.so:libDocRectifyWrapper.camera.samsung.so:libUltraWideDistortionCorrection.camera.samsung.so:libWideDistortionCorrection.camera.samsung.so:libHpr_RecGAE_cvFeature_v1.0.camera.samsung.so:libHprFace_GAE_api.camera.samsung.so:libFace_Landmark_API.camera.samsung.so:libHprFace_GAE_jn
03-03 20:36:13.254 23129 23129 D nativeloader: Configuring clns-5 for other apk /data/app/~~I8NxXWYa_YidGMN2Hllt5Q==/com.android.chrome-HTYglD0ocs-NJKwI_CdHyA==/base.apk. target_sdk_version=35, uses_libraries=, library_path=/data/app/~~I8NxXWYa_YidGMN2Hllt5Q==/com.android.chrome-HTYglD0ocs-NJKwI_CdHyA==/lib/arm64:/data/app/~~I8NxXWYa_YidGMN2Hllt5Q==/com.android.chrome-HTYglD0ocs-NJKwI_CdHyA==/base.apk!/lib/arm64-v8a:/data/app/~~T4LbHtNyPxLSkUCLaopR4w==/com.google.android.trichromelibrary_710312533-qbU0ND9mvInMnIjW7XUB-w==/base.apk!/lib/arm64-v8a, permitted_path=/data:/mnt/expand:/data/user/0/com.android.chrome
03-03 20:36:13.281 23129 23129 D nativeloader: Load libframework-connectivity-jni.so using APEX ns com_android_tethering for caller /apex/com.android.tethering/javalib/framework-connectivity.jar: ok
03-03 20:36:13.294  4564  4564 D io_stats: !@   8,0 r 256476 9708956 w 405121 189176040 d 0 0 f 0 0 iot 318724 0 th 0 0 0 pt 0 inp 0 0 3781.110
03-03 20:36:13.294 23129 23129 V GraphicsEnvironment: ANGLE Developer option for 'com.android.chrome' set to: 'default'
03-03 20:36:13.296 23129 23129 V GraphicsEnvironment: ANGLE GameManagerService for com.android.chrome: false
03-03 20:36:13.296 23129 23129 V GraphicsEnvironment: Neither updatable production driver nor prerelease driver is supported.
03-03 20:36:13.306 23129 23129 I LoadedApk: No resource references to update in package com.google.android.trichromelibrary
03-03 20:36:13.307 23129 23129 D NetworkSecurityConfig: Using Network Security Config from resource 0_resource_name_obfuscated debugBuild: false
03-03 20:36:13.315 23129 23129 D NetworkSecurityConfig: Using Network Security Config from resource 0_resource_name_obfuscated debugBuild: false
03-03 20:36:13.320 23129 23129 I cr_SplitCompatApp: version=136.0.7103.125 (710312533) minSdkVersion=29 isBundle=true processName=com.android.chrome isIsolatedProcess=false
03-03 20:36:13.345 23129 23144 W ziparchive: Unable to open '/data/app/~~I8NxXWYa_YidGMN2Hllt5Q==/com.android.chrome-HTYglD0ocs-NJKwI_CdHyA==/split_chrome.dm': No such file or directory
03-03 20:36:13.345 23129 23144 W ziparchive: Unable to open '/data/app/~~I8NxXWYa_YidGMN2Hllt5Q==/com.android.chrome-HTYglD0ocs-NJKwI_CdHyA==/split_chrome.dm': No such file or directory
03-03 20:36:13.454 23129 23129 W .android.chrome: Long monitor contention with owner CrAsyncTask #1 (23144) at void android.app.LoadedApk$SplitDependencyLoaderImpl.constructSplit(int, int[], int)(LoadedApk.java:705) waiters=0 in java.lang.ClassLoader android.app.LoadedApk.getClassLoader() for 108ms
03-03 20:36:13.591  6565  8605 I FontLog : (REDACTED) Received query %s, URI %s
03-03 20:36:13.592  6565  8605 I FontLog : (REDACTED) Query [%s] resolved to %s
03-03 20:36:13.596  6565  8605 I FontLog : (REDACTED) Font PFD returned from cache for %s
03-03 20:36:13.598  6565  8605 I FontLog : (REDACTED) Fetch %s end status %s
03-03 20:36:13.617 23129 23148 I cr_LibraryLoader: Loading monochrome_64 from within /data/app/~~I8NxXWYa_YidGMN2Hllt5Q==/com.android.chrome-HTYglD0ocs-NJKwI_CdHyA==/base.apk
03-03 20:36:13.631  5405  6729 D CompatibilityChangeReporter: Compat change id reported: 161145287; UID 10242; state: DISABLED
03-03 20:36:13.651 23129 23148 D nativeloader: Load /data/app/~~I8NxXWYa_YidGMN2Hllt5Q==/com.android.chrome-HTYglD0ocs-NJKwI_CdHyA==/base.apk!/lib/arm64-v8a/libchromium_android_linker.so using ns clns-5 from class loader (caller=/data/app/~~I8NxXWYa_YidGMN2Hllt5Q==/com.android.chrome-HTYglD0ocs-NJKwI_CdHyA==/base.apk): ok
03-03 20:36:13.652 23129 23148 I cr_Linker: loadLibraryImplLocked: monochrome_64, relroMode=1
03-03 20:36:13.654  6565  8605 I FontLog : (REDACTED) Pulling font file for id = %d, cache size = %d
03-03 20:36:13.743 23129 23148 D nativeloader: Load /data/app/~~T4LbHtNyPxLSkUCLaopR4w==/com.google.android.trichromelibrary_710312533-qbU0ND9mvInMnIjW7XUB-w==/base.apk!/lib/arm64-v8a/libmonochrome_64.so using ns clns-5 from class loader (caller=/data/app/~~I8NxXWYa_YidGMN2Hllt5Q==/com.android.chrome-HTYglD0ocs-NJKwI_CdHyA==/base.apk): ok
03-03 20:36:13.768 23129 23148 I cr_LibraryLoader: Successfully loaded native library
03-03 20:36:13.771 23129 23148 I cr_CachingUmaRecorder: Flushed 13 samples from 12 histograms, 0 samples were dropped.
03-03 20:36:13.777  6565  8605 I FontLog : (REDACTED) Received query %s, URI %s
03-03 20:36:13.779  6565  8605 I FontLog : (REDACTED) Query [%s] resolved to %s
03-03 20:36:13.783  6565  8605 I FontLog : (REDACTED) Font PFD returned from cache for %s
03-03 20:36:13.784  6565  8605 I FontLog : (REDACTED) Fetch %s end status %s
03-03 20:36:13.790  6565  8605 I FontLog : (REDACTED) Pulling font file for id = %d, cache size = %d
03-03 20:36:13.811  6565  8605 I FontLog : (REDACTED) Received query %s, URI %s
03-03 20:36:13.812  6565  8605 I FontLog : (REDACTED) Query [%s] resolved to %s
03-03 20:36:13.814  6565  8605 I FontLog : (REDACTED) Font PFD returned from cache for %s
03-03 20:36:13.815  6565  8605 I FontLog : (REDACTED) Fetch %s end status %s
03-03 20:36:13.823  6565  9097 I FontLog : (REDACTED) Pulling font file for id = %d, cache size = %d
03-03 20:36:13.843  6565  9097 I FontLog : (REDACTED) Received query %s, URI %s
03-03 20:36:13.844  6565  9097 I FontLog : (REDACTED) Query [%s] resolved to %s
03-03 20:36:13.847  6565  9097 I FontLog : (REDACTED) Font PFD returned from cache for %s
03-03 20:36:13.848  6565  9097 I FontLog : (REDACTED) Fetch %s end status %s
03-03 20:36:13.854  6565  8605 I FontLog : (REDACTED) Pulling font file for id = %d, cache size = %d
03-03 20:36:13.889  6565  8605 I FontLog : (REDACTED) Received query %s, URI %s
03-03 20:36:13.890  6565  8605 I FontLog : (REDACTED) Query [%s] resolved to %s
03-03 20:36:13.893  6565  8605 I FontLog : (REDACTED) Font PFD returned from cache for %s
03-03 20:36:13.894  6565  8605 I FontLog : (REDACTED) Fetch %s end status %s
03-03 20:36:13.901  6565  8605 I FontLog : (REDACTED) Pulling font file for id = %d, cache size = %d
03-03 20:36:14.155 23070 23108 I GOS:DataUpdater: request insert for 0
03-03 20:36:14.159 23070 23108 I GOS:DataUpdater: updateGlobalAndPkgData(), isRegisteredDevice: true
03-03 20:36:14.206 23070 23108 W GOS:NetworkConnector: doDirectly(), Failed: Network is not connected. Allow background data usage : true
03-03 20:36:14.211 23070 23108 I GOS:DataUpdater: updateGlobalAndPkgData(), isUpdateGlobalSuccessful=false
03-03 20:36:14.216 23070 23108 I GOS:DataUpdater: updatePackageList(), src pkgNameList, size: 87, [audimobile.android, com.Splitwise.SplitwiseMobile, com.android.chrome, com.android.settings, com.android.stk, com.android.stk2, com.android.traceur, com.android.vending, com.apps2you.alfa, com.chess.clock, com.doe.dwp, com.github.android, com.google.android.apps.authenticator2, com.google.android.apps.classroom, com.google.android.apps.docs, com.google.android.apps.googleassistant, com.google.android.apps.maps, com.google.android.apps.messaging, com.google.android.apps.photos, com.google.android.apps.tachyon, com.google.android.apps.translate, com.google.android.apps.youtube.music, com.google.android.gm, com.google.android.googlequicksearchbox, com.google.android.youtube, com.google.audio.hearing.visualization.accessibility.scribe, com.grabtaxi.passenger, com.intsig.camscanner, com.lazada.android, com.lenovo.anyshare.gps, com.linkedin.android, com.linkedin.android.learning, com.liu.app, com.microsoft.office.officehubrow, com.microsoft.office.outlook, com.okta.android.auth, com.pittvandewitt.wavelet, com.samsung.accessibility, com.samsung.android.app.contacts, com.samsung.android.app.galaxyfinder, com.samsung.android.app.notes, com.samsung.android.app.taskedge, com.samsung.android.app.tips, com.samsung.android.app.watchmanagerstub, com.samsung.android.bixby.agent, com.samsung.android.calendar, com.samsung.android.dialer, com.samsung.android.game.gamehome, com.samsung.android.game.gamelab, com.samsung.android.game.gametools, com.samsung.android.gru, com.samsung.android.incallui, com.samsung.android.lool, com.samsung.android.messaging, com.samsung.android.privateshare, com.samsung.android.samsungpass, com.scb.phone, com.sec.android.app.camera, com.sec.android.app.clockpackage, com.sec.android.app.fm, com.sec.android.app.myfiles, com.sec.android.app.popupcalculator, com.sec.android.app.samsungapps, com.sec.android.app.voicenote, com.sec.android.easyMover, com.sec.android.gallery3d, com.sec.location.nfwlocationprivacy, com.simonandschuster.pimsleur.unified.android, com.sololearn, com.soundcloud.android, com.t2p.bigc, com.tdcm.trueidapp, com.thmtlphoenix, com.udemy.android, com.utorrent.client, com.westernunion.android.mtapp, com.whatsapp, com.windscribe.vpn, ee.mtakso.client, io.bluewallet.bluewallet, money.whish.android, org.chromium.webapk.af340e8802f37990a_v2, org.lichess.mobileapp, org.readera, org.videolan.vlc, th.co.truemoney.wallet, tv.twitch.android.app]
03-03 20:36:14.217 23070 23108 I GOS:GmsGlobalPackageDataSetter: applyAllGames(), begin, needManagerInit: true
03-03 20:36:14.237 23070 23108 W GOS:GmsGlobalPackageDataSetter: applySingleGame(), start
03-03 20:36:14.238 23070 23108 W GOS:GmsGlobalPackageDataSetter: applySingleGame(), start
03-03 20:36:14.261 23070 23108 I GOS:SiopModeFeature: getUpdatedConfig. global siopMode: 1
03-03 20:36:14.268 23070 23108 I GOS:Dss : getDssValueForCurrentMode(). is multi resolution
03-03 20:36:14.269 23070 23108 I GOS:DssFeature: dpi: 420, width: 1080, height: 2273
03-03 20:36:14.271 23070 23108 I GOS:Dss : getDssValueForCurrentMode(). global target short side is available.
03-03 20:36:14.273 23070 23108 I GOS:DssFeature: dpi: 420, width: 1080, height: 2273
03-03 20:36:14.273 23070 23108 I GOS:DssFeature: dpi: 420, width: 1080, height: 2273
03-03 20:36:14.273 23070 23108 I GOS:TssCore: getDssByShortSide(). displayShortSide : 1080, targetShortSide : 810, tempDss : 75.0, resultDss : 75.0
03-03 20:36:14.274 23070 23108 I GOS:TssCore: getMergedEachModeTss()-merged: [1080, 810, 810, 720], org.lichess.mobileapp
03-03 20:36:14.275 23070 23108 I GOS:DssFeature: dpi: 420, width: 1080, height: 2273
03-03 20:36:14.275 23070 23108 I GOS:TssCore: getDssByShortSide(). displayShortSide : 1080, targetShortSide : 810, tempDss : 75.0, resultDss : 75.0
03-03 20:36:14.275 23070 23108 I GOS:Dss : getDssValueForCurrentMode(). mode level : 1, target short side is 810, dss for other modes : 75.0
03-03 20:36:14.280 23070 23108 W GOS:GmsGlobalPackageDataSetter: applySingleGame(), start
03-03 20:36:14.300 23070 23108 I GOS:SiopModeFeature: getUpdatedConfig. global siopMode: 1
03-03 20:36:14.305 23070 23108 I GOS:Dss : getDssValueForCurrentMode(). is multi resolution
03-03 20:36:14.305 23070 23108 I GOS:DssFeature: dpi: 420, width: 1080, height: 2273
03-03 20:36:14.307 23070 23108 I GOS:Dss : getDssValueForCurrentMode(). global target short side is available.
03-03 20:36:14.309 23070 23108 I GOS:DssFeature: dpi: 420, width: 1080, height: 2273
03-03 20:36:14.309 23070 23108 I GOS:DssFeature: dpi: 420, width: 1080, height: 2273
03-03 20:36:14.309 23070 23108 I GOS:TssCore: getDssByShortSide(). displayShortSide : 1080, targetShortSide : 810, tempDss : 75.0, resultDss : 75.0
03-03 20:36:14.310 23070 23108 I GOS:TssCore: getMergedEachModeTss()-merged: [1080, 810, 810, 720], com.chess.clock
03-03 20:36:14.311 23070 23108 I GOS:DssFeature: dpi: 420, width: 1080, height: 2273
03-03 20:36:14.311 23070 23108 I GOS:TssCore: getDssByShortSide(). displayShortSide : 1080, targetShortSide : 810, tempDss : 75.0, resultDss : 75.0
03-03 20:36:14.311 23070 23108 I GOS:Dss : getDssValueForCurrentMode(). mode level : 1, target short side is 810, dss for other modes : 75.0
03-03 20:36:14.315 23070 23108 W GOS:GmsGlobalPackageDataSetter: applySingleGame(), start
03-03 20:36:14.317 23070 23108 W GOS:GmsGlobalPackageDataSetter: applySingleGame(), start
03-03 20:36:14.318 23070 23108 W GOS:GmsGlobalPackageDataSetter: applySingleGame(), start
03-03 20:36:14.325  5405  6729 D SGM:GameManager: setPerformanceMode(), tunePerformanceMode: 1, callerPackageName: , mCurrentUserId: 0, callerUserId: 0
03-03 20:36:14.327  5405  6729 D SGM:DatabaseHelper: addActionLog(), tag: SET_GLO
03-03 20:36:14.327  5405  6729 D SGM:DatabaseHelper: addActionLog(), msg: setPerformanceMode(), SiopMode: 1
03-03 20:36:14.338  5405  6729 D SGM:DatabaseHelper: addActionLog(), delete log data to avoid overflow, id: 20774
03-03 20:36:14.338  5405  6729 D SGM:DatabaseHelper: addActionLog(), ret: 21276
03-03 20:36:14.340  5405  6729 D SGM:GameManager: setPackageConfigurations(). mCurrentUserId: 0, callerUserId: 0
03-03 20:36:14.341  5405  6729 D SGM:DatabaseHelper: addActionLog(), tag: SET_PKG
03-03 20:36:14.341  5405  6729 D SGM:DatabaseHelper: addActionLog(), msg: setPackageConfigurations() 0x0 0ppi
03-03 20:36:14.347  5405  6729 D SGM:DatabaseHelper: addActionLog(), delete log data to avoid overflow, id: 20775
03-03 20:36:14.347  5405  6729 D SGM:DatabaseHelper: addActionLog(), ret: 21277
03-03 20:36:14.347  5405  6729 D SGM:GameManager: setPkgDataWithConfigurationImpl(). configuration: packageName: com.samsung.android.game.gamelab, performancePolicyForSsrm: {}, optimalAspectRatio: 1.7777778, dynamicSurfaceScaling: 1.0, category: 3, categoryByUser: 3, fillBlackSurfaceOnMargins: false, userId: 0
