03-03 20:41:41.955  5763  5763 D SecPowerUI.Notification: showChargingNotice oldChargingType : 11 / currentChargingType : 11, oldChargingTime : 3926000 / mChargingTime : 3926000
03-03 20:41:41.956  5763  5763 D SecPowerUI.Notification: There is no change about charging status, so return!
03-03 20:41:45.549  4564  4564 D io_stats: !@   8,0 r 256709 9710196 w 405513 189187228 d 0 0 f 0 0 iot 319172 0 th 0 0 0 pt 0 inp 0 0 4113.365
03-03 20:41:46.976  5405  6726 D BatteryService: Sending ACTION_BATTERY_CHANGED: level:60, status:2, health:2, ac:false, usb:true, wireless:false, pogo:false, misc:0x20000, charge_type:1, charger_type:0, voltage:3967, temperature:389, online:19, current_avg:557, ps:false, hvc:false, capacity:280000, current_event:0x18000, current_now:553, mcc:0, mcv:0, cc:2284401, present:true, scale:100, technology:Li-ion
03-03 20:41:46.977  5000  5000 E sehhealth-service: Could not open /sys/class/power_supply/battery/lrp
03-03 20:41:46.983  5405  5569 D MotionRecognitionService: [SAR]  onReceive : ACTION_BATTERY_CHANGED, Plugged: 2
03-03 20:41:46.983  5405  5405 D PhoneWindowManagerExt: ACTION_BATTERY_CHANGED - Level=60, status=2
03-03 20:41:46.985  5405  5712 I DeviceBatteryInfoService: action: android.intent.action.BATTERY_CHANGED
03-03 20:41:46.986  5405  5712 I DeviceBatteryInfoService: phone battery level: 60
03-03 20:41:46.986  5405  5712 I DeviceBatteryInfoService: phone battery status: 2
03-03 20:41:46.986  5405  5405 D AdaptiveBrightnessLongtermModelBuilder: Received android.intent.action.BATTERY_CHANGED
03-03 20:41:46.988  5405  5405 D SemWifiApBroadcastReceiver: Received : android.intent.action.BATTERY_CHANGED
03-03 20:41:46.994  5740  5740 D SemBigDataInfoController: Intent: android.intent.action.BATTERY_CHANGED
03-03 20:41:46.995  5740  5740 D SemBigDataInfoController: Intent: android.intent.action.BATTERY_CHANGED
03-03 20:41:46.995  5763  5763 D KeyguardUpdateMonitor: received broadcast android.intent.action.BATTERY_CHANGED
03-03 20:41:46.996  5763  5763 D SamsungBatteryMeterDrawable: onBatteryLevelChanged isSomethingChanged: false
03-03 20:41:46.997  5763  5763 D SamsungBatteryMeterDrawable: onBatteryLevelChanged isSomethingChanged: false
03-03 20:41:46.998  5763  5763 D SamsungBatteryMeterDrawable: onBatteryLevelChanged isSomethingChanged: false
03-03 20:41:46.999  5763  5763 D SamsungBatteryMeterDrawable: onBatteryLevelChanged isSomethingChanged: false
03-03 20:41:46.999  5763  5763 I PowerUI : mBootCompleted = true |  mFullyConnected = true
03-03 20:41:47.000  5763  5763 I PowerUI : BATTERY_HEALTH_CHECK extraHealth=2 mBatteryMiscEvent=131072
03-03 20:41:47.000  5763  5763 W PowerUI : Plug reason
03-03 20:41:47.000  5763 11996 D SecPowerUI.Notification: dismissing low battery warning: level=60
03-03 20:41:47.000  5763 11996 D SecPowerUI.Notification: updateNotification mWarning=false mPlaySound=false
03-03 20:41:47.000  5763  5763 W PowerUI : Skip charging animation - by plug status
03-03 20:41:47.000  5763  5763 D PowerUI : priorPlugType = 2 mPlugType = 2 priorBatteryStatus = 2 mBatteryStatus = 2
03-03 20:41:47.000  5763 11996 D SecPowerUI.Notification: SecBatteryStatsSnapshot{batteryLevel=60, currentBatteryMode=0, chargingTime=3926000, chargingType=11, batteryHealth=2, automaticTestMode=false, isHiccupState=false}
03-03 20:41:47.001  5763  5763 W PowerUI : Plug reason
03-03 20:41:47.001  5763  5763 W PowerUI : Skip charging sound - by plug status
03-03 20:41:47.001  5763  5763 I PowerUI : oldMisalign : false, curMisalign : false
03-03 20:41:47.002  5763 11996 D SecPowerUI.Notification: 1. restoreScreenTimeOut - saved_value : :
03-03 20:41:47.002  5763 11996 E SecPowerUI.Notification: no saved value, so we do nothing !!
03-03 20:41:47.003  5763  5763 D SecPowerUI.Notification: showChargingNotice oldChargingType : 11 / currentChargingType : 11, oldChargingTime : 3926000 / mChargingTime : 3926000
03-03 20:41:47.003  5763  5763 D SecPowerUI.Notification: There is no change about charging status, so return!
03-03 20:41:47.003  5763  5763 D PowerUI : Battery swelling mode - priorBatterySwellingMode = 0 mBatterySwellingMode = 0 mBatteryStatus = 2
03-03 20:41:47.003  5763  5763 I PowerUI : mBatteryMiscEvent = 131072
03-03 20:41:47.005  5763  5763 I PowerUI : checkShouldTurnOffProtectBattery : -1, Scheduling start ? : false
03-03 20:41:47.006  5763  5763 I PowerUI : Clear time
03-03 20:41:47.007  5405  7610 D SettingsProvider: isChangeAllowed() : name = charger_connected_time
03-03 20:41:47.007  5405  7610 D SettingsProvider: edmUri: content://com.sec.knox.provider/RestrictionPolicy3
03-03 20:41:47.007  5405  7610 D SettingsProvider: projectionArgs: isSettingsChangesAllowed
03-03 20:41:47.007  5405  7610 D SettingsProvider: selectionArgs: false
03-03 20:41:47.007  5405  7610 D SettingsProvider: selectionArgs: 10052
03-03 20:41:47.007  5405  7610 D SecContentProvider: query(), uri = 17 selection = isSettingsChangesAllowed
03-03 20:41:47.008  5405  7610 D SecContentProvider: called from android.uid.systemui:10052
03-03 20:41:47.008  5405  7610 D RestrictionPolicy: isSettingsChangesAllowedAsUser, userId 0 : true
03-03 20:41:47.008  5405  7610 D SettingsProvider: ret = 1
03-03 20:41:47.011  5763  5763 D KeyguardUpdateMonitor: handleBatteryUpdate
03-03 20:41:47.013  5763  5763 I AODBatteryManager: updateBatteryData: ACTION_BATTERY_CHANGED
03-03 20:41:47.015  5763  5763 I AODBatteryManager: saveBatteryData : AOD BatteryData [mBatteryLevel=60, mBatteryStatus=CHARGING, mBatteryPlugType=USB, mBatteryPlugged=true, mRemainingChargeTime=3926000, mBatteryChargingType=1, mBatteryChargerType=NORMAL, mBatteryOnline=NOT_DEFINED, mBatterySwellingMode=NONE, mBatteryProtectMode=false]
03-03 20:41:49.573  5405  5636 W DeviceStorageMonitorService: updateBroadcasts(/data) oldLevel:0, newLevel:0, seq:1
03-03 20:41:49.576  5405  5636 D DeviceStorageMonitorService: Available File Node Number is [12604688]
03-03 20:41:49.576  5405  5636 W DeviceStorageMonitorService: updateBroadcasts_filenode(/data) fn_oldLevel:0, fn_newLevel:0, seq:1
03-03 20:41:51.895  5052  5052 I SurfaceFlinger: SFWD update time=4119711552168
03-03 20:41:51.898  7525  8838 I SDHMS:D : SIOP:: AP:374 BAT:389 USB:0 CHG:395 WIFI:371 SKIN:373 SKINF:372 SKINB:373 LRP:373 LRF:372 LRB:373 
03-03 20:41:52.012  5763  5763 D SecPowerUI.Notification: showChargingNotice oldChargingType : 11 / currentChargingType : 11, oldChargingTime : 3926000 / mChargingTime : 3926000
03-03 20:41:52.012  5763  5763 D SecPowerUI.Notification: There is no change about charging status, so return!
03-03 20:41:53.501  5405  5652 D UsbStatsMonitor: 0 0 0 0 0 0 0 0 0 0 0 0 0 0 0 0 0 0 0 0 0 0 0 0 0 0 0 0 0 0 0 0 0 0 0 0 0 0 0 0 0 0 0 0 0 0 0 0 0
03-03 20:41:55.557  4564  4564 D io_stats: !@   8,0 r 256709 9710196 w 405514 189187232 d 0 0 f 0 0 iot 319176 0 th 0 0 0 pt 0 inp 0 0 4123.372
03-03 20:41:55.976  5763  5865 I Tile.HotspotTile: handleUpdateState
03-03 20:41:55.979  5763  5763 I Tile.HotspotTile: onDataSaverChanged: false
03-03 20:41:55.980  5763  5763 I Tile.HotspotTile: onHotspotChanged: false
03-03 20:41:55.981  5405  7590 D CompatibilityChangeReporter: Compat change id reported: 161145287; UID 10052; state: DISABLED
03-03 20:41:55.982  5405  5670 I SemWifiApTetheredClientInfo: getWifiApStaListDetail
03-03 20:41:55.983  5763  5763 D Tile.HotspotTile: updateItems
03-03 20:41:55.983  5763  5763 D Tile.HotspotTile:  updateConnectedDeviceList mConnectedDevices = []
03-03 20:41:55.984  5763  5865 D NetworkController: IsPowerOffServiceState is true
03-03 20:41:55.984  5763  5865 D Tile.AirplaneModeTile:  handleUpdateState: airplane mode is enabled : enter mSetting.getValue() == 1 mIsWiFiOnlyDevice false isNoSimState true isPowerOffServiceState true
03-03 20:41:55.984  5763  5865 D Tile.AirplaneModeTile:  handleUpdateState:  value = true, state = 2
03-03 20:41:55.985  5763  5865 I Tile.HotspotTile: handleUpdateState
03-03 20:41:55.989  5763  5865 I Tile.HotspotTile: handleUpdateState
03-03 20:41:55.994  5763  5865 I Tile.HotspotTile: handleUpdateState
03-03 20:41:56.001  5405  7610 D SyncManager: userId - 0 auto - true
03-03 20:41:56.004  5763  5865 D Tile.SyncTile: hasUserRestriction: false
03-03 20:41:56.028  5763  5865 D Tile.DndTile: handleUpdateState zen 0  state = BooleanState[spec=Dnd,icon=ResourceIcon[resId=0x7f0809c1],iconSupplier=null,label=Do not
03-03 20:41:56.028  5763  5865 D Tile.DndTile: disturb,secondaryLabel=null,contentDescription=null,stateDescription=null,dualLabelContentDescription=null,expandedAccessibilityClassName=null,disabledByPolicy=false,dualTarget=true,isTransient=false,state=1,slash="null",sideViewCustomDrawable=null,tileClassName=null,value=false,forceExpandIcon=false]
03-03 20:41:56.208  5763  5865 D Tile.WifiTile: handleUpdateState isTransient=false transientEnabling =false cb.isTransient=false state.state = 1 mStateBeforeClick.value =false enabled =false
03-03 20:41:56.212  5763  5865 W Settings: Setting all_sound_off has moved from android.provider.Settings.System to android.provider.Settings.Global, returning read-only value.
03-03 20:41:56.264  5763  5865 D Tile.MobileDataTile: handleUpdateState : state false
03-03 20:41:56.307  5763  5865 D Tile.RotationLockTile:  handleUpdateState: false orientation = true
03-03 20:41:56.318  5763  5865 D Tile.BluetoothTile:  handleUpdateState enabled = false connected = false connecting = false changedState =false bluetoothState = 10 enabledChanging = false state = BooleanState[spec=Bluetooth,icon=ResourceIcon[resId=0x7f0809bd],iconSupplier=null,label=Bluetooth,secondaryLabel=null,contentDescription=Bluetooth,Off,stateDescription=null,dualLabelContentDescription=null,expandedAccessibilityClassName=null,disabledByPolicy=false,dualTarget=true,isTransient=false,state=1,slash="null",sideViewCustomDrawable=null,tileClassName=null,value=false,forceExpandIcon=false]
03-03 20:41:57.032  5405  7610 D BatteryService: Sending ACTION_BATTERY_CHANGED: level:60, status:2, health:2, ac:false, usb:true, wireless:false, pogo:false, misc:0x20000, charge_type:1, charger_type:0, voltage:3967, temperature:389, online:19, current_avg:577, ps:false, hvc:false, capacity:280000, current_event:0x18000, current_now:582, mcc:0, mcv:0, cc:2284401, present:true, scale:100, technology:Li-ion
03-03 20:41:57.032  5000  5000 E sehhealth-service: Could not open /sys/class/power_supply/battery/lrp
03-03 20:41:57.037  5405  5569 D MotionRecognitionService: [SAR]  onReceive : ACTION_BATTERY_CHANGED, Plugged: 2
03-03 20:41:57.039  5405  5405 D PhoneWindowManagerExt: ACTION_BATTERY_CHANGED - Level=60, status=2
03-03 20:41:57.041  5405  5712 I DeviceBatteryInfoService: action: android.intent.action.BATTERY_CHANGED
03-03 20:41:57.041  5405  5712 I DeviceBatteryInfoService: phone battery level: 60
03-03 20:41:57.041  5405  5712 I DeviceBatteryInfoService: phone battery status: 2
03-03 20:41:57.043  5405  5405 D AdaptiveBrightnessLongtermModelBuilder: Received android.intent.action.BATTERY_CHANGED
03-03 20:41:57.047  5405  5405 D SemWifiApBroadcastReceiver: Received : android.intent.action.BATTERY_CHANGED
03-03 20:41:57.049  5740  5740 D SemBigDataInfoController: Intent: android.intent.action.BATTERY_CHANGED
03-03 20:41:57.050  5740  5740 D SemBigDataInfoController: Intent: android.intent.action.BATTERY_CHANGED
03-03 20:41:57.051  5763  5763 D KeyguardUpdateMonitor: received broadcast android.intent.action.BATTERY_CHANGED
03-03 20:41:57.053  5763  5763 D SamsungBatteryMeterDrawable: onBatteryLevelChanged isSomethingChanged: false
03-03 20:41:57.055  5763  5763 D SamsungBatteryMeterDrawable: onBatteryLevelChanged isSomethingChanged: false
03-03 20:41:57.057  5763  5763 D SamsungBatteryMeterDrawable: onBatteryLevelChanged isSomethingChanged: false
03-03 20:41:57.057  5763  5763 D SamsungBatteryMeterDrawable: onBatteryLevelChanged isSomethingChanged: false
03-03 20:41:57.059  5763  5763 I PowerUI : mBootCompleted = true |  mFullyConnected = true
03-03 20:41:57.059  5763  5763 I PowerUI : BATTERY_HEALTH_CHECK extraHealth=2 mBatteryMiscEvent=131072
03-03 20:41:57.059  5763 12012 D SecPowerUI.Notification: dismissing low battery warning: level=60
03-03 20:41:57.060  5763 12012 D SecPowerUI.Notification: updateNotification mWarning=false mPlaySound=false
03-03 20:41:57.060  5763 12012 D SecPowerUI.Notification: SecBatteryStatsSnapshot{batteryLevel=60, currentBatteryMode=0, chargingTime=3926000, chargingType=11, batteryHealth=2, automaticTestMode=false, isHiccupState=false}
03-03 20:41:57.061  5763  5763 W PowerUI : Plug reason
03-03 20:41:57.061  5763  5763 W PowerUI : Skip charging animation - by plug status
03-03 20:41:57.061  5763  5763 D PowerUI : priorPlugType = 2 mPlugType = 2 priorBatteryStatus = 2 mBatteryStatus = 2
03-03 20:41:57.061  5763  5763 W PowerUI : Plug reason
03-03 20:41:57.061  5763  5763 W PowerUI : Skip charging sound - by plug status
03-03 20:41:57.061  5763  5763 I PowerUI : oldMisalign : false, curMisalign : false
03-03 20:41:57.062  5763 12012 D SecPowerUI.Notification: 1. restoreScreenTimeOut - saved_value : :
03-03 20:41:57.062  5763 12012 E SecPowerUI.Notification: no saved value, so we do nothing !!
03-03 20:41:57.063  5763  5763 D SecPowerUI.Notification: showChargingNotice oldChargingType : 11 / currentChargingType : 11, oldChargingTime : 3926000 / mChargingTime : 3908000
03-03 20:41:57.063  5763  5763 D SecPowerUI.Notification: showChargingNotification()
03-03 20:41:57.064  5763  5763 D SecPowerUI.Notification: SecBatteryStatsSnapshot{batteryLevel=60, currentBatteryMode=0, chargingTime=3908000, chargingType=11, batteryHealth=2, automaticTestMode=false, isHiccupState=false}
03-03 20:41:57.070  5405  6726 D ApplicationPolicy: isStatusBarNotificationAllowedAsUser: packageName = com.android.systemui,userId = 0
03-03 20:41:57.070  5405  6726 D ApplicationPolicy: isStatusBarNotificationAllowedAsUser: packageName = com.android.systemui,userId = -1
03-03 20:41:57.070  5405  6726 D ApplicationPolicy: isStatusBarNotificationAllowedAsUser: converting userId from USER_ALLto 0
03-03 20:41:57.073  5763  5763 D PowerUI : Battery swelling mode - priorBatterySwellingMode = 0 mBatterySwellingMode = 0 mBatteryStatus = 2
03-03 20:41:57.073  5763  5763 I PowerUI : mBatteryMiscEvent = 131072
03-03 20:41:57.075  5763  5763 I PowerUI : checkShouldTurnOffProtectBattery : -1, Scheduling start ? : false
03-03 20:41:57.075  5763  5763 I PowerUI : Clear time
03-03 20:41:57.076  5405  7610 D SettingsProvider: isChangeAllowed() : name = charger_connected_time
03-03 20:41:57.076  5405  7610 D SettingsProvider: edmUri: content://com.sec.knox.provider/RestrictionPolicy3
03-03 20:41:57.076  5405  7610 D SettingsProvider: projectionArgs: isSettingsChangesAllowed
03-03 20:41:57.076  5405  7610 D SettingsProvider: selectionArgs: false
03-03 20:41:57.076  5405  7610 D SettingsProvider: selectionArgs: 10052
03-03 20:41:57.076  5405  7610 D SecContentProvider: query(), uri = 17 selection = isSettingsChangesAllowed
03-03 20:41:57.077  5405  7610 D SecContentProvider: called from android.uid.systemui:10052
03-03 20:41:57.077  5405  7610 D RestrictionPolicy: isSettingsChangesAllowedAsUser, userId 0 : true
03-03 20:41:57.077  5405  7610 D SettingsProvider: ret = 1
03-03 20:41:57.080  5763  5763 D KeyguardUpdateMonitor: handleBatteryUpdate
03-03 20:41:57.087  5763  5763 D KeyguardSecIndicationController: addIndicationTimeout() returned - unlocking
03-03 20:41:57.087  5763  5763 D KeyguardSecIndicationController: addIndication() returned - unlocking
03-03 20:41:57.087  5763  5763 D KeyguardSecIndicationController: addIndication() returned - unlocking
03-03 20:41:57.087  5763  5763 D KeyguardSecIndicationController: addBatteryAndOwnerInfoIndication() battery status = BatteryStatus{status=2,level=60,plugged=2,health=2,maxChargingWattage=-1,remaining=3908000ultraFastCharger=0}
03-03 20:41:57.088  5763  5763 I AODBatteryManager: updateBatteryData: ACTION_BATTERY_CHANGED
03-03 20:41:57.090  5763  5763 I AODBatteryManager: saveBatteryData : AOD BatteryData [mBatteryLevel=60, mBatteryStatus=CHARGING, mBatteryPlugType=USB, mBatteryPlugged=true, mRemainingChargeTime=3908000, mBatteryChargingType=1, mBatteryChargerType=NORMAL, mBatteryOnline=NOT_DEFINED, mBatterySwellingMode=NONE, mBatteryProtectMode=false]
03-03 20:41:57.090  5763  5763 I ChargingInfoManager: updateChargingInfo: newState = AOD ChargingInfo [mState=BATTERY_AND_REMAIN_TIME, mIsCharging=true, mIsFullyCharged=false, mIsBatteryProtectMode=false], oldState = AOD ChargingInfo [mState=BATTERY_AND_REMAIN_TIME, mIsCharging=true, mIsFullyCharged=false, mIsBatteryProtectMode=false]
03-03 20:41:57.281  5405  5405 I Telecom:SamsungTelecomServiceImpl: isInManagedCall - callingPackage : android
03-03 20:41:57.298  6173  6173 I Launcher.NotificationListener: onNotificationPosted : com.android.systemui number : 0
03-03 20:41:57.500  5763  5763 D BubblesManager: onEntryUpdated : shouldBubbleUp=false ,key=-1|com.android.systemui|2131428972|charging_state|10052
03-03 20:41:57.557  5763  5763 I FaceWidgetPositionAlgorithm: getClockContainerHeight() supplier = 270, bottom margin = 0, real height = 333
03-03 20:41:57.559  5763  5763 I FaceWidgetPositionAlgorithm: getClockContainerHeight() supplier = 270, bottom margin = 63, real height = 333
03-03 20:41:57.559  5763  5763 I FaceWidgetPositionAlgorithm: getMediaContainerHeight() height = 0 container Visibility = 8, isValid = false, mIsDozing = false, fraction = 1.0, source = 0, target = 0
03-03 20:41:57.559  5763  5763 I FaceWidgetPositionAlgorithm: getMediaContainerHeight() supplier = 0
03-03 20:41:57.618  5763  5763 I FaceWidgetPositionAlgorithm: getClockContainerHeight() supplier = 270, bottom margin = 0, real height = 333
03-03 20:41:57.619  5763  5763 I FaceWidgetPositionAlgorithm: getClockContainerHeight() supplier = 270, bottom margin = 63, real height = 333
03-03 20:41:57.619  5763  5763 I FaceWidgetPositionAlgorithm: getMediaContainerHeight() height = 0 container Visibility = 8, isValid = false, mIsDozing = false, fraction = 1.0, source = 0, target = 0
03-03 20:41:57.619  5763  5763 I FaceWidgetPositionAlgorithm: getMediaContainerHeight() supplier = 0
03-03 20:41:57.663  5763  5763 I FaceWidgetPositionAlgorithm: getClockContainerHeight() supplier = 270, bottom margin = 0, real height = 333
03-03 20:41:57.663  5763  5763 I FaceWidgetPositionAlgorithm: getClockContainerHeight() supplier = 270, bottom margin = 63, real height = 333
03-03 20:41:57.664  5763  5763 I FaceWidgetPositionAlgorithm: getMediaContainerHeight() height = 0 container Visibility = 8, isValid = false, mIsDozing = false, fraction = 1.0, source = 0, target = 0
03-03 20:41:57.664  5763  5763 I FaceWidgetPositionAlgorithm: getMediaContainerHeight() supplier = 0
03-03 20:41:59.541  5405  5454 E Watchdog: !@Sync: 138 heap: 102 / 103 FD: 920 [2026-03-03 20:41:59.540]
03-03 20:42:00.006  5763  5763 D KeyguardUpdateMonitor: received broadcast android.intent.action.TIME_TICK
03-03 20:42:00.007  5763  5763 D KeyguardUpdateMonitor: handleTimeUpdate
03-03 20:42:00.008  5763  6242 D QSClockBellTower: onReceive(android.intent.action.TIME_TICK) mTimeZoneString:null
03-03 20:42:00.010  5763  5763 D FaceWidgetPagesController: onTimeChanged()
03-03 20:42:00.013  5763  5763 D QSClockBellTower: He is ready to ring the bell. (((QSClockBellSound - TimeText:20:42, TimeContentDescription:20:42, DateText:Tue, 3 March, ShortDateText:Tue, 3 Mar, Demo:false, QuickStar-Second(false|12:34:56))))
03-03 20:42:00.015  5763  5763 D QSClockIndicatorView: Home Indicator status_bar_clock 20:42 notifyTimeChanged(QSClockBellSound - TimeText:20:42, TimeContentDescription:20:42, DateText:Tue, 3 March, ShortDateText:Tue, 3 Mar, Demo:false, QuickStar-Second(false|12:34:56)) ClockVisibleByPolicy:true, ClockVisibleByUser:true, visible?true, parent:android.widget.LinearLayout{6e0da4a V.E...... ......ID 0,0-97,55 #7f0b04f0 app:id/left_clock_container}
03-03 20:42:00.015  5763  5763 D QSClockBellTower: Everyone heard the bell. run(currentTime:1772545320011,   getTime():Tue Mar 03 20:42:00 GMT+07:00 2026,   getTimeZone():libcore.util.ZoneInfo[mDstSavings=0,mUseDst=false,mDelegate=[id="Asia/Bangkok",mRawOffset=25200000,mEarliestRawOffset=24124000,transitions=3]])
03-03 20:42:00.033  5763  5763 I FaceWidgetPositionAlgorithm: getClockContainerHeight() supplier = 270, bottom margin = 0, real height = 333
03-03 20:42:00.034  5763  5763 I FaceWidgetPositionAlgorithm: getClockContainerHeight() supplier = 270, bottom margin = 63, real height = 333
03-03 20:42:00.034  5763  5763 I FaceWidgetPositionAlgorithm: getMediaContainerHeight() height = 0 container Visibility = 8, isValid = false, mIsDozing = false, fraction = 1.0, source = 0, target = 0
03-03 20:42:00.034  5763  5763 I FaceWidgetPositionAlgorithm: getMediaContainerHeight() supplier = 0
03-03 20:42:00.038  5763  5763 V QsExpandAnimator: setQsExpansionPosition 0.0
03-03 20:42:00.047  5763  5763 V QsExpandAnimator: updateAnimators
03-03 20:42:00.047  5763  5763 V QsExpandAnimator: clearAnimationState 
03-03 20:42:00.047  5763  5763 V QsExpandAnimator: updateViews
03-03 20:42:00.052  5763  5763 V QsExpandAnimator: updateTileAnimator
03-03 20:42:00.055  5763  5763 V QsExpandAnimator: updateHeaderAnimator
03-03 20:42:00.056  5763  5763 V QsExpandAnimator: updateBarAnimator
03-03 20:42:00.056  5763  5763 V QsExpandAnimator: setQsExpansionPosition 0.0
03-03 20:42:00.056  5763  5763 V QsExpandAnimator: onAnimationAtStart
03-03 20:42:01.894  7525  8838 I SDHMS:D : SIOP:: AP:374 BAT:389 USB:0 CHG:395 WIFI:371 SKIN:373 SKINF:372 SKINB:373 LRP:373 LRF:372 LRB:373 
03-03 20:42:02.078  5763  5763 D SecPowerUI.Notification: showChargingNotice oldChargingType : 11 / currentChargingType : 11, oldChargingTime : 3908000 / mChargingTime : 3908000
03-03 20:42:02.078  5763  5763 D SecPowerUI.Notification: There is no change about charging status, so return!
03-03 20:42:05.564  4564  4564 D io_stats: !@   8,0 r 256709 9710196 w 405517 189187244 d 0 0 f 0 0 iot 319180 0 th 0 0 0 pt 0 inp 0 0 4133.379
03-03 20:42:07.093  5405  6726 D BatteryService: Sending ACTION_BATTERY_CHANGED: level:60, status:2, health:2, ac:false, usb:true, wireless:false, pogo:false, misc:0x20000, charge_type:1, charger_type:0, voltage:3967, temperature:389, online:19, current_avg:558, ps:false, hvc:false, capacity:280000, current_event:0x18000, current_now:554, mcc:0, mcv:0, cc:2288202, present:true, scale:100, technology:Li-ion
03-03 20:42:07.093  5000  5000 E sehhealth-service: Could not open /sys/class/power_supply/battery/lrp
03-03 20:42:07.099  5405  5569 D MotionRecognitionService: [SAR]  onReceive : ACTION_BATTERY_CHANGED, Plugged: 2
03-03 20:42:07.100  5405  5405 D PhoneWindowManagerExt: ACTION_BATTERY_CHANGED - Level=60, status=2
03-03 20:42:07.103  5405  5712 I DeviceBatteryInfoService: action: android.intent.action.BATTERY_CHANGED
03-03 20:42:07.103  5405  5712 I DeviceBatteryInfoService: phone battery level: 60
03-03 20:42:07.103  5405  5712 I DeviceBatteryInfoService: phone battery status: 2
03-03 20:42:07.103  5405  5405 D AdaptiveBrightnessLongtermModelBuilder: Received android.intent.action.BATTERY_CHANGED
03-03 20:42:07.104  5405  5405 D SemWifiApBroadcastReceiver: Received : android.intent.action.BATTERY_CHANGED
03-03 20:42:07.106  5740  5740 D SemBigDataInfoController: Intent: android.intent.action.BATTERY_CHANGED
03-03 20:42:07.108  5740  5740 D SemBigDataInfoController: Intent: android.intent.action.BATTERY_CHANGED
03-03 20:42:07.110  5763  5763 D KeyguardUpdateMonitor: received broadcast android.intent.action.BATTERY_CHANGED
03-03 20:42:07.111  5763  5763 D SamsungBatteryMeterDrawable: onBatteryLevelChanged isSomethingChanged: false
03-03 20:42:07.112  5763  5763 D SamsungBatteryMeterDrawable: onBatteryLevelChanged isSomethingChanged: false
03-03 20:42:07.113  5763  5763 D SamsungBatteryMeterDrawable: onBatteryLevelChanged isSomethingChanged: false
03-03 20:42:07.114  5763  5763 D SamsungBatteryMeterDrawable: onBatteryLevelChanged isSomethingChanged: false
03-03 20:42:07.115  5763  5763 I PowerUI : mBootCompleted = true |  mFullyConnected = true
03-03 20:42:07.115  5763  5763 I PowerUI : BATTERY_HEALTH_CHECK extraHealth=2 mBatteryMiscEvent=131072
03-03 20:42:07.115  5763  5763 W PowerUI : Plug reason
03-03 20:42:07.115  5763  5763 W PowerUI : Skip charging animation - by plug status
03-03 20:42:07.115  5763  5763 D PowerUI : priorPlugType = 2 mPlugType = 2 priorBatteryStatus = 2 mBatteryStatus = 2
03-03 20:42:07.116  5763  5763 W PowerUI : Plug reason
03-03 20:42:07.116  5763  5763 W PowerUI : Skip charging sound - by plug status
03-03 20:42:07.116  5763 12026 D SecPowerUI.Notification: dismissing low battery warning: level=60
03-03 20:42:07.116  5763 12026 D SecPowerUI.Notification: updateNotification mWarning=false mPlaySound=false
03-03 20:42:07.116  5763 12026 D SecPowerUI.Notification: SecBatteryStatsSnapshot{batteryLevel=60, currentBatteryMode=0, chargingTime=3908000, chargingType=11, batteryHealth=2, automaticTestMode=false, isHiccupState=false}
03-03 20:42:07.117  5763  5763 I PowerUI : oldMisalign : false, curMisalign : false
03-03 20:42:07.118  5763 12026 D SecPowerUI.Notification: 1. restoreScreenTimeOut - saved_value : :
03-03 20:42:07.118  5763 12026 E SecPowerUI.Notification: no saved value, so we do nothing !!
03-03 20:42:07.119  5763  5763 D SecPowerUI.Notification: showChargingNotice oldChargingType : 11 / currentChargingType : 11, oldChargingTime : 3908000 / mChargingTime : 3908000
03-03 20:42:07.119  5763  5763 D SecPowerUI.Notification: There is no change about charging status, so return!
03-03 20:42:07.119  5763  5763 D PowerUI : Battery swelling mode - priorBatterySwellingMode = 0 mBatterySwellingMode = 0 mBatteryStatus = 2
03-03 20:42:07.119  5763  5763 I PowerUI : mBatteryMiscEvent = 131072
03-03 20:42:07.122  5763  5763 I PowerUI : checkShouldTurnOffProtectBattery : -1, Scheduling start ? : false
03-03 20:42:07.122  5763  5763 I PowerUI : Clear time
03-03 20:42:07.123  5405  7590 D SettingsProvider: isChangeAllowed() : name = charger_connected_time
03-03 20:42:07.123  5405  7590 D SettingsProvider: edmUri: content://com.sec.knox.provider/RestrictionPolicy3
03-03 20:42:07.123  5405  7590 D SettingsProvider: projectionArgs: isSettingsChangesAllowed
03-03 20:42:07.123  5405  7590 D SettingsProvider: selectionArgs: false
03-03 20:42:07.123  5405  7590 D SettingsProvider: selectionArgs: 10052
03-03 20:42:07.124  5405  7590 D SecContentProvider: query(), uri = 17 selection = isSettingsChangesAllowed
03-03 20:42:07.124  5405  7590 D SecContentProvider: called from android.uid.systemui:10052
03-03 20:42:07.124  5405  7590 D RestrictionPolicy: isSettingsChangesAllowedAsUser, userId 0 : true
03-03 20:42:07.125  5405  7590 D SettingsProvider: ret = 1
03-03 20:42:07.127  5763  5763 D KeyguardUpdateMonitor: handleBatteryUpdate
03-03 20:42:07.129  5763  5763 I AODBatteryManager: updateBatteryData: ACTION_BATTERY_CHANGED
03-03 20:42:07.131  5763  5763 I AODBatteryManager: saveBatteryData : AOD BatteryData [mBatteryLevel=60, mBatteryStatus=CHARGING, mBatteryPlugType=USB, mBatteryPlugged=true, mRemainingChargeTime=3908000, mBatteryChargingType=1, mBatteryChargerType=NORMAL, mBatteryOnline=NOT_DEFINED, mBatterySwellingMode=NONE, mBatteryProtectMode=false]
03-03 20:42:11.894  7525  8838 I SDHMS:D : SIOP:: AP:374 BAT:389 USB:0 CHG:395 WIFI:371 SKIN:373 SKINF:372 SKINB:373 LRP:373 LRF:372 LRB:373 
03-03 20:42:12.129  5763  5763 D SecPowerUI.Notification: showChargingNotice oldChargingType : 11 / currentChargingType : 11, oldChargingTime : 3908000 / mChargingTime : 3908000
03-03 20:42:12.129  5763  5763 D SecPowerUI.Notification: There is no change about charging status, so return!
03-03 20:42:15.571  4564  4564 D io_stats: !@   8,0 r 256709 9710196 w 405518 189187248 d 0 0 f 0 0 iot 319180 0 th 0 0 0 pt 0 inp 0 0 4143.386
03-03 20:42:16.862  5405  5468 D BatteryExternalStatsWorker: update stats : procstate-change (10)
03-03 20:42:16.864  5405  5468 D BatteryExternalStatsWorker: Fetch WiFi data
03-03 20:42:16.864  5405  5468 D BatteryExternalStatsWorker: Update Rail Energy data
03-03 20:42:16.865  5405  5468 D BatteryExternalStatsWorker: Fetch Bluetooth data
03-03 20:42:16.871  5405  6726 W BatteryExternalStatsWorker: error reading Bluetooth stats: 11
03-03 20:42:16.872  5405  5468 D BatteryExternalStatsWorker: mStats lock released
03-03 20:42:16.873  5405  5468 D BatteryExternalStatsWorker: done updateExternalStatsLocked
03-03 20:42:17.162  5405  6726 D BatteryService: Sending ACTION_BATTERY_CHANGED: level:60, status:2, health:2, ac:false, usb:true, wireless:false, pogo:false, misc:0x20000, charge_type:1, charger_type:0, voltage:3968, temperature:389, online:19, current_avg:578, ps:false, hvc:false, capacity:280000, current_event:0x18000, current_now:583, mcc:0, mcv:0, cc:2288202, present:true, scale:100, technology:Li-ion
03-03 20:42:17.162  5000  5000 E sehhealth-service: Could not open /sys/class/power_supply/battery/lrp
03-03 20:42:17.168  5405  5569 D MotionRecognitionService: [SAR]  onReceive : ACTION_BATTERY_CHANGED, Plugged: 2
03-03 20:42:17.171  5405  5405 D PhoneWindowManagerExt: ACTION_BATTERY_CHANGED - Level=60, status=2
03-03 20:42:17.174  5405  5712 I DeviceBatteryInfoService: action: android.intent.action.BATTERY_CHANGED
03-03 20:42:17.175  5405  5712 I DeviceBatteryInfoService: phone battery level: 60
03-03 20:42:17.175  5405  5712 I DeviceBatteryInfoService: phone battery status: 2
03-03 20:42:17.176  5405  5405 D AdaptiveBrightnessLongtermModelBuilder: Received android.intent.action.BATTERY_CHANGED
03-03 20:42:17.178  5405  5405 D SemWifiApBroadcastReceiver: Received : android.intent.action.BATTERY_CHANGED
03-03 20:42:17.179  5740  5740 D SemBigDataInfoController: Intent: android.intent.action.BATTERY_CHANGED
03-03 20:42:17.186  5740  5740 D SemBigDataInfoController: Intent: android.intent.action.BATTERY_CHANGED
03-03 20:42:17.188  5763  5763 D KeyguardUpdateMonitor: received broadcast android.intent.action.BATTERY_CHANGED
03-03 20:42:17.189  5763  5763 D SamsungBatteryMeterDrawable: onBatteryLevelChanged isSomethingChanged: false
03-03 20:42:17.190  5763  5763 D SamsungBatteryMeterDrawable: onBatteryLevelChanged isSomethingChanged: false
03-03 20:42:17.191  5763  5763 D SamsungBatteryMeterDrawable: onBatteryLevelChanged isSomethingChanged: false
03-03 20:42:17.191  5763  5763 D SamsungBatteryMeterDrawable: onBatteryLevelChanged isSomethingChanged: false
03-03 20:42:17.192  5763  5763 I PowerUI : mBootCompleted = true |  mFullyConnected = true
03-03 20:42:17.193  5763  5763 I PowerUI : BATTERY_HEALTH_CHECK extraHealth=2 mBatteryMiscEvent=131072
03-03 20:42:17.193  5763  6585 D SecPowerUI.Notification: dismissing low battery warning: level=60
03-03 20:42:17.193  5763  6585 D SecPowerUI.Notification: updateNotification mWarning=false mPlaySound=false
03-03 20:42:17.193  5763  6585 D SecPowerUI.Notification: SecBatteryStatsSnapshot{batteryLevel=60, currentBatteryMode=0, chargingTime=3908000, chargingType=11, batteryHealth=2, automaticTestMode=false, isHiccupState=false}
03-03 20:42:17.195  5763  6585 D SecPowerUI.Notification: 1. restoreScreenTimeOut - saved_value : :
03-03 20:42:17.195  5763  6585 E SecPowerUI.Notification: no saved value, so we do nothing !!
03-03 20:42:17.197  5763  5763 W PowerUI : Plug reason
03-03 20:42:17.197  5763  5763 W PowerUI : Skip charging animation - by plug status
03-03 20:42:17.197  5763  5763 D PowerUI : priorPlugType = 2 mPlugType = 2 priorBatteryStatus = 2 mBatteryStatus = 2
03-03 20:42:17.197  5763  5763 W PowerUI : Plug reason
03-03 20:42:17.197  5763  5763 W PowerUI : Skip charging sound - by plug status
03-03 20:42:17.197  5763  5763 I PowerUI : oldMisalign : false, curMisalign : false
03-03 20:42:17.200  5763  5763 D SecPowerUI.Notification: showChargingNotice oldChargingType : 11 / currentChargingType : 11, oldChargingTime : 3908000 / mChargingTime : 3894000
03-03 20:42:17.200  5763  5763 D SecPowerUI.Notification: showChargingNotification()
03-03 20:42:17.200  5763  5763 D SecPowerUI.Notification: SecBatteryStatsSnapshot{batteryLevel=60, currentBatteryMode=0, chargingTime=3894000, chargingType=11, batteryHealth=2, automaticTestMode=false, isHiccupState=false}
03-03 20:42:17.206  5405  6726 D ApplicationPolicy: isStatusBarNotificationAllowedAsUser: packageName = com.android.systemui,userId = 0
03-03 20:42:17.207  5405  6726 D ApplicationPolicy: isStatusBarNotificationAllowedAsUser: packageName = com.android.systemui,userId = -1
03-03 20:42:17.207  5405  6726 D ApplicationPolicy: isStatusBarNotificationAllowedAsUser: converting userId from USER_ALLto 0
03-03 20:42:17.210  5763  5763 D PowerUI : Battery swelling mode - priorBatterySwellingMode = 0 mBatterySwellingMode = 0 mBatteryStatus = 2
03-03 20:42:17.210  5763  5763 I PowerUI : mBatteryMiscEvent = 131072
03-03 20:42:17.212  5763  5763 I PowerUI : checkShouldTurnOffProtectBattery : -1, Scheduling start ? : false
03-03 20:42:17.212  5763  5763 I PowerUI : Clear time
03-03 20:42:17.213  5405  6726 D SettingsProvider: isChangeAllowed() : name = charger_connected_time
03-03 20:42:17.213  5405  6726 D SettingsProvider: edmUri: content://com.sec.knox.provider/RestrictionPolicy3
03-03 20:42:17.213  5405  6726 D SettingsProvider: projectionArgs: isSettingsChangesAllowed
03-03 20:42:17.213  5405  6726 D SettingsProvider: selectionArgs: false
03-03 20:42:17.213  5405  6726 D SettingsProvider: selectionArgs: 10052
03-03 20:42:17.214  5405  6726 D SecContentProvider: query(), uri = 17 selection = isSettingsChangesAllowed
03-03 20:42:17.214  5405  6726 D SecContentProvider: called from android.uid.systemui:10052
03-03 20:42:17.214  5405  6726 D RestrictionPolicy: isSettingsChangesAllowedAsUser, userId 0 : true
03-03 20:42:17.214  5405  6726 D SettingsProvider: ret = 1
03-03 20:42:17.217  5763  5763 D KeyguardUpdateMonitor: handleBatteryUpdate
03-03 20:42:17.223  5763  5763 D KeyguardSecIndicationController: addIndicationTimeout() returned - unlocking
03-03 20:42:17.223  5763  5763 D KeyguardSecIndicationController: addIndication() returned - unlocking
03-03 20:42:17.224  5763  5763 D KeyguardSecIndicationController: addIndication() returned - unlocking
03-03 20:42:17.224  5763  5763 D KeyguardSecIndicationController: addBatteryAndOwnerInfoIndication() battery status = BatteryStatus{status=2,level=60,plugged=2,health=2,maxChargingWattage=-1,remaining=3894000ultraFastCharger=0}
03-03 20:42:17.224  5763  5763 I AODBatteryManager: updateBatteryData: ACTION_BATTERY_CHANGED
03-03 20:42:17.226  5763  5763 I AODBatteryManager: saveBatteryData : AOD BatteryData [mBatteryLevel=60, mBatteryStatus=CHARGING, mBatteryPlugType=USB, mBatteryPlugged=true, mRemainingChargeTime=3894000, mBatteryChargingType=1, mBatteryChargerType=NORMAL, mBatteryOnline=NOT_DEFINED, mBatterySwellingMode=NONE, mBatteryProtectMode=false]
03-03 20:42:17.226  5763  5763 I ChargingInfoManager: updateChargingInfo: newState = AOD ChargingInfo [mState=BATTERY_AND_REMAIN_TIME, mIsCharging=true, mIsFullyCharged=false, mIsBatteryProtectMode=false], oldState = AOD ChargingInfo [mState=BATTERY_AND_REMAIN_TIME, mIsCharging=true, mIsFullyCharged=false, mIsBatteryProtectMode=false]
03-03 20:42:17.417  5405  5405 I Telecom:SamsungTelecomServiceImpl: isInManagedCall - callingPackage : android
03-03 20:42:17.431  6173  6173 I Launcher.NotificationListener: onNotificationPosted : com.android.systemui number : 0
03-03 20:42:17.573  4564  4564 D io_stats: !@   8,0 r 256709 9710196 w 405519 189187252 d 0 0 f 0 0 iot 319184 0 th 0 0 0 pt 0 inp 0 0 4145.388
03-03 20:42:17.633  5763  5763 D BubblesManager: onEntryUpdated : shouldBubbleUp=false ,key=-1|com.android.systemui|2131428972|charging_state|10052
03-03 20:42:17.684  5763  5763 I FaceWidgetPositionAlgorithm: getClockContainerHeight() supplier = 270, bottom margin = 0, real height = 333
03-03 20:42:17.685  5763  5763 I FaceWidgetPositionAlgorithm: getClockContainerHeight() supplier = 270, bottom margin = 63, real height = 333
03-03 20:42:17.686  5763  5763 I FaceWidgetPositionAlgorithm: getMediaContainerHeight() height = 0 container Visibility = 8, isValid = false, mIsDozing = false, fraction = 1.0, source = 0, target = 0
03-03 20:42:17.686  5763  5763 I FaceWidgetPositionAlgorithm: getMediaContainerHeight() supplier = 0
03-03 20:42:17.745  5763  5763 I FaceWidgetPositionAlgorithm: getClockContainerHeight() supplier = 270, bottom margin = 0, real height = 333
03-03 20:42:17.746  5763  5763 I FaceWidgetPositionAlgorithm: getClockContainerHeight() supplier = 270, bottom margin = 63, real height = 333
03-03 20:42:17.747  5763  5763 I FaceWidgetPositionAlgorithm: getMediaContainerHeight() height = 0 container Visibility = 8, isValid = false, mIsDozing = false, fraction = 1.0, source = 0, target = 0
03-03 20:42:17.747  5763  5763 I FaceWidgetPositionAlgorithm: getMediaContainerHeight() supplier = 0
03-03 20:42:17.801  5763  5763 I FaceWidgetPositionAlgorithm: getClockContainerHeight() supplier = 270, bottom margin = 0, real height = 333
03-03 20:42:17.802  5763  5763 I FaceWidgetPositionAlgorithm: getClockContainerHeight() supplier = 270, bottom margin = 63, real height = 333
03-03 20:42:17.802  5763  5763 I FaceWidgetPositionAlgorithm: getMediaContainerHeight() height = 0 container Visibility = 8, isValid = false, mIsDozing = false, fraction = 1.0, source = 0, target = 0
03-03 20:42:17.802  5763  5763 I FaceWidgetPositionAlgorithm: getMediaContainerHeight() supplier = 0
03-03 20:42:18.087  7385  8179 I bbhc    : (REDACTED) getHotwordActive::active query: %s, watch: %s, devices connected: %s
03-03 20:42:21.576  4564  4564 D io_stats: !@   8,0 r 256709 9710196 w 405520 189187256 d 0 0 f 0 0 iot 319188 0 th 0 0 0 pt 0 inp 0 0 4149.392
03-03 20:42:21.899  7525  8838 I SDHMS:D : SIOP:: AP:374 BAT:389 USB:0 CHG:395 WIFI:371 SKIN:373 SKINF:372 SKINB:373 LRP:373 LRF:372 LRB:373 
03-03 20:42:22.218  5763  5763 D SecPowerUI.Notification: showChargingNotice oldChargingType : 11 / currentChargingType : 11, oldChargingTime : 3894000 / mChargingTime : 3894000
03-03 20:42:22.218  5763  5763 D SecPowerUI.Notification: There is no change about charging status, so return!
03-03 20:42:24.110  6509  7903 I ContactsProvider_EventLog: cp_s: [CONTACT con(623) dat(3473) acc({sec(6)=5, google(7)=2, google(2)=628}) calls([logtype:100 cnt:1804, logtype:300 cnt:500, logtype:500 cnt:1, logtype:1000 cnt:195]) Iso(GB) uId(0) ]
03-03 20:42:24.110  6509  7903 I ContactsProvider_EventLog: cp_s: [ agr({[2 ,6]=1, [6 ,2]=1, [6]=2, [2 ,2]=6, [2]=610, [2 ,2 ,6]=1, [7 ,2]=2}) ]
03-03 20:42:24.110  6509  7903 I ContactsProvider_EventLog: cp_s: [ cnt({acore(6509)=1}) ]
03-03 20:42:24.110  6509  7903 I ContactsProvider_EventLog: cp_s: [PROFILE ] [SAPROFILE ]
03-03 20:42:24.110  6509  7903 I ContactsProvider_EventLog: cp_s: [STATE R(F) ]
03-03 20:42:25.579  4564  4564 D io_stats: !@   8,0 r 256709 9710196 w 405522 189187264 d 0 0 f 0 0 iot 319192 0 th 0 0 0 pt 0 inp 0 0 4153.395
03-03 20:42:27.228  5000  5000 E sehhealth-service: Could not open /sys/class/power_supply/battery/lrp
03-03 20:42:29.554  5405  7590 D CustomizedBinderCallsStatsInternal: reportCpuUsage() : 0%
03-03 20:42:29.554  5405  5459 I BinderCallsStats: Collected cpu time : 0us, collected call count : 0 for 300515 ms
03-03 20:42:29.562  5405  5542 I UMR     : B|Compact com.google.process.gapps(23115)
03-03 20:42:29.567  5405  5454 E Watchdog: !@Sync: 139 heap: 102 / 103 FD: 920 [2026-03-03 20:42:29.566]
03-03 20:42:29.601  5405  5542 I UMR     : E|Compact d_rss=-6744KB
03-03 20:42:31.584  4564  4564 D io_stats: !@   8,0 r 256709 9710196 w 405524 189187272 d 0 0 f 0 0 iot 319196 0 th 0 0 0 pt 0 inp 0 0 4159.400
03-03 20:42:31.899  7525  8838 I SDHMS:D : SIOP:: AP:374 BAT:389 USB:0 CHG:395 WIFI:371 SKIN:373 SKINF:372 SKINB:373 LRP:373 LRF:372 LRB:373 
03-03 20:42:37.286  5000  5000 E sehhealth-service: Could not open /sys/class/power_supply/battery/lrp
03-03 20:42:37.285  5405  7590 D BatteryService: Sending ACTION_BATTERY_CHANGED: level:60, status:2, health:2, ac:false, usb:true, wireless:false, pogo:false, misc:0x20000, charge_type:1, charger_type:0, voltage:3968, temperature:389, online:19, current_avg:574, ps:false, hvc:false, capacity:280000, current_event:0x18000, current_now:563, mcc:0, mcv:0, cc:2292003, present:true, scale:100, technology:Li-ion
03-03 20:42:37.294  5405  5569 D MotionRecognitionService: [SAR]  onReceive : ACTION_BATTERY_CHANGED, Plugged: 2
03-03 20:42:37.296  5405  5405 D PhoneWindowManagerExt: ACTION_BATTERY_CHANGED - Level=60, status=2
03-03 20:42:37.297  5405  5712 I DeviceBatteryInfoService: action: android.intent.action.BATTERY_CHANGED
03-03 20:42:37.297  5405  5712 I DeviceBatteryInfoService: phone battery level: 60
03-03 20:42:37.298  5405  5712 I DeviceBatteryInfoService: phone battery status: 2
03-03 20:42:37.299  5405  5405 D AdaptiveBrightnessLongtermModelBuilder: Received android.intent.action.BATTERY_CHANGED
03-03 20:42:37.300  5405  5405 D SemWifiApBroadcastReceiver: Received : android.intent.action.BATTERY_CHANGED
03-03 20:42:37.302  5740  5740 D SemBigDataInfoController: Intent: android.intent.action.BATTERY_CHANGED
03-03 20:42:37.309  5740  5740 D SemBigDataInfoController: Intent: android.intent.action.BATTERY_CHANGED
03-03 20:42:37.311  5763  5763 D KeyguardUpdateMonitor: received broadcast android.intent.action.BATTERY_CHANGED
03-03 20:42:37.312  5763  5763 D SamsungBatteryMeterDrawable: onBatteryLevelChanged isSomethingChanged: false
03-03 20:42:37.312  5763  5763 D SamsungBatteryMeterDrawable: onBatteryLevelChanged isSomethingChanged: false
03-03 20:42:37.313  5763  5763 D SamsungBatteryMeterDrawable: onBatteryLevelChanged isSomethingChanged: false
03-03 20:42:37.313  5763  5763 D SamsungBatteryMeterDrawable: onBatteryLevelChanged isSomethingChanged: false
03-03 20:42:37.313  5763  5763 I PowerUI : mBootCompleted = true |  mFullyConnected = true
03-03 20:42:37.313  5763  5763 I PowerUI : BATTERY_HEALTH_CHECK extraHealth=2 mBatteryMiscEvent=131072
03-03 20:42:37.313  5763  5763 W PowerUI : Plug reason
03-03 20:42:37.313  5763  5763 W PowerUI : Skip charging animation - by plug status
03-03 20:42:37.314  5763  5763 D PowerUI : priorPlugType = 2 mPlugType = 2 priorBatteryStatus = 2 mBatteryStatus = 2
03-03 20:42:37.314  5763  5763 W PowerUI : Plug reason
03-03 20:42:37.314  5763  5763 W PowerUI : Skip charging sound - by plug status
03-03 20:42:37.314  5763  5763 I PowerUI : oldMisalign : false, curMisalign : false
03-03 20:42:37.314  5763  9282 D SecPowerUI.Notification: dismissing low battery warning: level=60
03-03 20:42:37.314  5763  9282 D SecPowerUI.Notification: updateNotification mWarning=false mPlaySound=false
03-03 20:42:37.314  5763  9282 D SecPowerUI.Notification: SecBatteryStatsSnapshot{batteryLevel=60, currentBatteryMode=0, chargingTime=3894000, chargingType=11, batteryHealth=2, automaticTestMode=false, isHiccupState=false}
03-03 20:42:37.316  5763  5763 D SecPowerUI.Notification: showChargingNotice oldChargingType : 11 / currentChargingType : 11, oldChargingTime : 3894000 / mChargingTime : 3879000
03-03 20:42:37.316  5763  5763 D SecPowerUI.Notification: showChargingNotification()
03-03 20:42:37.316  5763  5763 D SecPowerUI.Notification: SecBatteryStatsSnapshot{batteryLevel=60, currentBatteryMode=0, chargingTime=3879000, chargingType=11, batteryHealth=2, automaticTestMode=false, isHiccupState=false}
03-03 20:42:37.316  5763  9282 D SecPowerUI.Notification: 1. restoreScreenTimeOut - saved_value : :
03-03 20:42:37.317  5763  9282 E SecPowerUI.Notification: no saved value, so we do nothing !!
03-03 20:42:37.319  5405  6726 D ApplicationPolicy: isStatusBarNotificationAllowedAsUser: packageName = com.android.systemui,userId = 0
03-03 20:42:37.320  5405  6726 D ApplicationPolicy: isStatusBarNotificationAllowedAsUser: packageName = com.android.systemui,userId = -1
03-03 20:42:37.320  5405  6726 D ApplicationPolicy: isStatusBarNotificationAllowedAsUser: converting userId from USER_ALLto 0
03-03 20:42:37.321  5763  5763 D PowerUI : Battery swelling mode - priorBatterySwellingMode = 0 mBatterySwellingMode = 0 mBatteryStatus = 2
03-03 20:42:37.321  5763  5763 I PowerUI : mBatteryMiscEvent = 131072
03-03 20:42:37.322  5763  5763 I PowerUI : checkShouldTurnOffProtectBattery : -1, Scheduling start ? : false
03-03 20:42:37.322  5763  5763 I PowerUI : Clear time
03-03 20:42:37.323  5405  6726 D SettingsProvider: isChangeAllowed() : name = charger_connected_time
03-03 20:42:37.323  5405  6726 D SettingsProvider: edmUri: content://com.sec.knox.provider/RestrictionPolicy3
03-03 20:42:37.323  5405  6726 D SettingsProvider: projectionArgs: isSettingsChangesAllowed
03-03 20:42:37.323  5405  6726 D SettingsProvider: selectionArgs: false
03-03 20:42:37.323  5405  6726 D SettingsProvider: selectionArgs: 10052
03-03 20:42:37.323  5405  6726 D SecContentProvider: query(), uri = 17 selection = isSettingsChangesAllowed
03-03 20:42:37.323  5405  6726 D SecContentProvider: called from android.uid.systemui:10052
03-03 20:42:37.323  5405  6726 D RestrictionPolicy: isSettingsChangesAllowedAsUser, userId 0 : true
03-03 20:42:37.323  5405  6726 D SettingsProvider: ret = 1
03-03 20:42:37.325  5763  5763 I AODBatteryManager: updateBatteryData: ACTION_BATTERY_CHANGED
03-03 20:42:37.326  5763  5763 I AODBatteryManager: saveBatteryData : AOD BatteryData [mBatteryLevel=60, mBatteryStatus=CHARGING, mBatteryPlugType=USB, mBatteryPlugged=true, mRemainingChargeTime=3879000, mBatteryChargingType=1, mBatteryChargerType=NORMAL, mBatteryOnline=NOT_DEFINED, mBatterySwellingMode=NONE, mBatteryProtectMode=false]
03-03 20:42:37.327  5763  5763 I ChargingInfoManager: updateChargingInfo: newState = AOD ChargingInfo [mState=BATTERY_AND_REMAIN_TIME, mIsCharging=true, mIsFullyCharged=false, mIsBatteryProtectMode=false], oldState = AOD ChargingInfo [mState=BATTERY_AND_REMAIN_TIME, mIsCharging=true, mIsFullyCharged=false, mIsBatteryProtectMode=false]
03-03 20:42:37.327  5763  5763 D KeyguardUpdateMonitor: handleBatteryUpdate
03-03 20:42:37.330  5763  5763 D KeyguardSecIndicationController: addIndicationTimeout() returned - unlocking
03-03 20:42:37.330  5763  5763 D KeyguardSecIndicationController: addIndication() returned - unlocking
03-03 20:42:37.330  5763  5763 D KeyguardSecIndicationController: addIndication() returned - unlocking
03-03 20:42:37.330  5763  5763 D KeyguardSecIndicationController: addBatteryAndOwnerInfoIndication() battery status = BatteryStatus{status=2,level=60,plugged=2,health=2,maxChargingWattage=-1,remaining=3879000ultraFastCharger=0}
03-03 20:42:37.527  5405  5405 I Telecom:SamsungTelecomServiceImpl: isInManagedCall - callingPackage : android
03-03 20:42:37.545  6173  6173 I Launcher.NotificationListener: onNotificationPosted : com.android.systemui number : 0
03-03 20:42:37.589  4564  4564 D io_stats: !@   8,0 r 256709 9710196 w 405526 189187280 d 0 0 f 0 0 iot 319200 0 th 0 0 0 pt 0 inp 0 0 4165.404
03-03 20:42:37.746  5763  5763 D BubblesManager: onEntryUpdated : shouldBubbleUp=false ,key=-1|com.android.systemui|2131428972|charging_state|10052
03-03 20:42:37.797  5763  5763 I FaceWidgetPositionAlgorithm: getClockContainerHeight() supplier = 270, bottom margin = 0, real height = 333
03-03 20:42:37.798  5763  5763 I FaceWidgetPositionAlgorithm: getClockContainerHeight() supplier = 270, bottom margin = 63, real height = 333
03-03 20:42:37.799  5763  5763 I FaceWidgetPositionAlgorithm: getMediaContainerHeight() height = 0 container Visibility = 8, isValid = false, mIsDozing = false, fraction = 1.0, source = 0, target = 0
03-03 20:42:37.799  5763  5763 I FaceWidgetPositionAlgorithm: getMediaContainerHeight() supplier = 0
03-03 20:42:37.855  5763  5763 I FaceWidgetPositionAlgorithm: getClockContainerHeight() supplier = 270, bottom margin = 0, real height = 333
03-03 20:42:37.856  5763  5763 I FaceWidgetPositionAlgorithm: getClockContainerHeight() supplier = 270, bottom margin = 63, real height = 333
03-03 20:42:37.856  5763  5763 I FaceWidgetPositionAlgorithm: getMediaContainerHeight() height = 0 container Visibility = 8, isValid = false, mIsDozing = false, fraction = 1.0, source = 0, target = 0
03-03 20:42:37.857  5763  5763 I FaceWidgetPositionAlgorithm: getMediaContainerHeight() supplier = 0
03-03 20:42:37.907  5763  5763 I FaceWidgetPositionAlgorithm: getClockContainerHeight() supplier = 270, bottom margin = 0, real height = 333
03-03 20:42:37.907  5763  5763 I FaceWidgetPositionAlgorithm: getClockContainerHeight() supplier = 270, bottom margin = 63, real height = 333
03-03 20:42:37.907  5763  5763 I FaceWidgetPositionAlgorithm: getMediaContainerHeight() height = 0 container Visibility = 8, isValid = false, mIsDozing = false, fraction = 1.0, source = 0, target = 0
03-03 20:42:37.907  5763  5763 I FaceWidgetPositionAlgorithm: getMediaContainerHeight() supplier = 0
03-03 20:42:41.592  4564  4564 D io_stats: !@   8,0 r 256709 9710196 w 405527 189187284 d 0 0 f 0 0 iot 319204 0 th 0 0 0 pt 0 inp 0 0 4169.407
03-03 20:42:41.899  7525  8838 I SDHMS:D : SIOP:: AP:374 BAT:389 USB:0 CHG:395 WIFI:371 SKIN:373 SKINF:372 SKINB:373 LRP:373 LRF:372 LRB:373 
03-03 20:42:42.330  5763  5763 D SecPowerUI.Notification: showChargingNotice oldChargingType : 11 / currentChargingType : 11, oldChargingTime : 3879000 / mChargingTime : 3879000
03-03 20:42:42.330  5763  5763 D SecPowerUI.Notification: There is no change about charging status, so return!
03-03 20:42:47.338  5405  6726 D BatteryService: Sending ACTION_BATTERY_CHANGED: level:60, status:2, health:2, ac:false, usb:true, wireless:false, pogo:false, misc:0x20000, charge_type:1, charger_type:0, voltage:3968, temperature:389, online:19, current_avg:580, ps:false, hvc:false, capacity:280000, current_event:0x18000, current_now:581, mcc:0, mcv:0, cc:2295804, present:true, scale:100, technology:Li-ion
03-03 20:42:47.338  5000  5000 E sehhealth-service: Could not open /sys/class/power_supply/battery/lrp
