03-04 10:00:38.981  4884  4884 E audit   : type=1400 audit(1772593238.974:2210): avc:  denied  { write } for  pid=13007 comm="ThreadPoolForeg" name="traced_producer" dev="tmpfs" ino=24980 scontext=u:r:gmscore_app:s0:c512,c768 tcontext=u:object_r:traced_producer_socket:s0 tclass=sock_file permissive=0 SEPF_SM-A515F_13_0001 audit_filtered
03-04 10:00:38.981  4884  4884 E audit   : type=1300 audit(1772593238.974:2210): arch=c00000b7 syscall=203 success=no exit=-13 a0=65 a1=74f21b4d00 a2=1e a3=4fb5bfef3 items=0 ppid=4905 pid=13007 auid=4294967295 uid=10224 gid=10224 euid=10224 suid=10224 fsuid=10224 egid=10224 sgid=10224 fsgid=10224 tty=(none) ses=4294967295 comm="ThreadPoolForeg" exe="/system/bin/app_process64" subj=u:r:gmscore_app:s0:c512,c768 key=(null)
03-04 10:00:38.981  4884  4884 E audit   : type=1327 audit(1772593238.974:2210): proctitle="com.google.android.gms"
03-04 10:00:39.138  5405 27231 D SemWifiUsabilityStatsMonitor: onWifiUsabilityStats - seqNum 2407, isSameBssidAndFreq true
03-04 10:00:39.140  5405  5679 I SemWifiLinkQualityMonitor: Link Qos Query: 0.041 ms / 195.000 Mbps (390 / 0.000 / 2.000)
03-04 10:00:39.827 26409 26409 I wpa_supplicant: Heartbeat 1293
03-04 10:00:41.189 24133 24151 I Finsky  : [64] Stats for Executor: BlockingExecutor uyh@9063e54[Running, pool size = 0, active threads = 0, queued tasks = 0, completed tasks = 60]
03-04 10:00:41.189 24133 24151 I Finsky  : [64] Stats for Executor: LightweightExecutor uyh@79e51fd[Running, pool size = 4, active threads = 0, queued tasks = 0, completed tasks = 247]
03-04 10:00:41.214 24133 24151 I Finsky  : [64] Stats for Executor: bgExecutor uyh@2122ef2[Running, pool size = 4, active threads = 0, queued tasks = 0, completed tasks = 1518]
03-04 10:00:41.813 24133 24151 I Finsky  : [64] Stats for Executor: GrpcBackgroundExecutor uyh@d37e943[Running, pool size = 1, active threads = 0, queued tasks = 0, completed tasks = 1]
03-04 10:00:42.196  5405 27231 D SemWifiUsabilityStatsMonitor: onWifiUsabilityStats - seqNum 2408, isSameBssidAndFreq true
03-04 10:00:42.199  5405  5679 I SemWifiLinkQualityMonitor: Link Qos Query: 0.041 ms / 195.000 Mbps (390 / 0.000 / 2.000)
03-04 10:00:43.579  4884  4884 E audit   : type=1400 audit(1772593243.574:2211): avc:  denied  { write } for  pid=13009 comm="ThreadPoolForeg" name="traced_producer" dev="tmpfs" ino=24980 scontext=u:r:gmscore_app:s0:c512,c768 tcontext=u:object_r:traced_producer_socket:s0 tclass=sock_file permissive=0 SEPF_SM-A515F_13_0001 audit_filtered
03-04 10:00:43.579  4884  4884 E audit   : type=1300 audit(1772593243.574:2211): arch=c00000b7 syscall=203 success=no exit=-13 a0=6 a1=74faf1de00 a2=1e a3=4fba229bf items=0 ppid=4905 pid=13009 auid=4294967295 uid=10224 gid=10224 euid=10224 suid=10224 fsuid=10224 egid=10224 sgid=10224 fsgid=10224 tty=(none) ses=4294967295 comm="ThreadPoolForeg" exe="/system/bin/app_process64" subj=u:r:gmscore_app:s0:c512,c768 key=(null)
03-04 10:00:43.580  4884  4884 E audit   : type=1327 audit(1772593243.574:2211): proctitle="com.google.android.gms.persistent"
03-04 10:00:44.162  4564  4564 D io_stats: !@   8,0 r 443449 13217384 w 845926 200574800 d 0 0 f 0 0 iot 499968 0 th 0 0 0 pt 0 inp 0 0 21402.161
03-04 10:00:44.527  5000  5000 E sehhealth-service: Could not open /sys/class/power_supply/battery/lrp
03-04 10:00:45.256  5405 27231 D SemWifiUsabilityStatsMonitor: onWifiUsabilityStats - seqNum 2409, isSameBssidAndFreq true
03-04 10:00:45.258  5405  5679 I SemWifiLinkQualityMonitor: Link Qos Query: 0.041 ms / 195.000 Mbps (390 / 0.000 / 2.000)
03-04 10:00:47.919  7525  8838 I SDHMS:D : SIOP:: AP:364 BAT:372 USB:0 CHG:369 WIFI:362 SKIN:362 SKINF:360 SKINB:362 LRP:362 LRF:360 LRB:362 
03-04 10:00:48.314  5405 27231 D SemWifiUsabilityStatsMonitor: onWifiUsabilityStats - seqNum 2410, isSameBssidAndFreq true
03-04 10:00:48.316  5405  5679 I SemWifiLinkQualityMonitor: Link Qos Query: 0.041 ms / 195.000 Mbps (390 / 0.000 / 2.000)
03-04 10:00:49.838 26409 26409 I wpa_supplicant: Heartbeat 1294
03-04 10:00:50.711  5405  5626 D ConnectivityService: reportNetworkActive, notify 1 listeners
03-04 10:00:50.713  5405  5468 D BatteryExternalStatsWorker: update stats : wifi-data: active (2)
03-04 10:00:50.723  5405  5468 D BatteryExternalStatsWorker: Fetch WiFi data
03-04 10:00:50.723  5405  5468 D BatteryExternalStatsWorker: Update Rail Energy data
03-04 10:00:50.724  5405  5468 D BatteryExternalStatsWorker: mStats lock released
03-04 10:00:50.757  5405  5468 D BatteryExternalStatsWorker: Update wifi state
03-04 10:00:50.757  5405  5468 D BatteryExternalStatsWorker: done updateExternalStatsLocked
03-04 10:00:51.366  5405 27231 D SemWifiUsabilityStatsMonitor: onWifiUsabilityStats - seqNum 2411, isSameBssidAndFreq true
03-04 10:00:51.369  5763  5763 D NetworkController.WifiSignalController: notifyListener: visible=true, connected=true, inetCondition=1, isDefault=true, wifiTestReported=true, receivedInetCondition=-1, hideDuringMobileSwitching=false
03-04 10:00:51.369  5405  5679 I SemWifiLinkQualityMonitor: Link Qos Query: 0.041 ms / 195.000 Mbps (390 / 0.000 / 2.000)
03-04 10:00:51.371  5763  5865 D Tile.WifiTile: handleUpdateState isTransient=false transientEnabling =false cb.isTransient=false state.state = 2 mStateBeforeClick.value =false enabled =true
03-04 10:00:51.402  5052  5052 I SurfaceFlinger: SFWD update time=21409402153033
03-04 10:00:54.169  4564  4564 D io_stats: !@   8,0 r 443449 13217384 w 845926 200574800 d 0 0 f 0 0 iot 499968 0 th 0 0 0 pt 0 inp 0 0 21412.169
03-04 10:00:54.403  5405 27231 D SemWifiUsabilityStatsMonitor: onWifiUsabilityStats - seqNum 2412, isSameBssidAndFreq true
03-04 10:00:54.405  5763  5763 D NetworkController.WifiSignalController: notifyListener: visible=true, connected=true, inetCondition=1, isDefault=true, wifiTestReported=true, receivedInetCondition=-1, hideDuringMobileSwitching=false
03-04 10:00:54.405  5405  5679 I SemWifiLinkQualityMonitor: Link Qos Query: 0.041 ms / 195.000 Mbps (390 / 0.000 / 2.000)
03-04 10:00:54.408  5763  5865 D Tile.WifiTile: handleUpdateState isTransient=false transientEnabling =false cb.isTransient=false state.state = 2 mStateBeforeClick.value =false enabled =true
03-04 10:00:57.278  5405  5652 D UsbStatsMonitor: 0 0 0 0 4 0 0 0 1 0 0 0 3 0 1 0 0 0 0 0 0 0 0 0 0 0 0 0 0 0 0 0 0 0 0 0 0 0 0 0 0 0 0 0 0 0 0 0 0
03-04 10:00:57.454  5405 27231 D SemWifiUsabilityStatsMonitor: onWifiUsabilityStats - seqNum 2413, isSameBssidAndFreq true
03-04 10:00:57.457  5405  5679 I SemWifiLinkQualityMonitor: Link Qos Query: 0.041 ms / 195.000 Mbps (390 / 0.000 / 2.000)
03-04 10:00:57.919  7525  8838 I SDHMS:D : SIOP:: AP:364 BAT:372 USB:0 CHG:369 WIFI:362 SKIN:362 SKINF:360 SKINB:362 LRP:362 LRF:360 LRB:362 
03-04 10:00:59.848 26409 26409 I wpa_supplicant: Heartbeat 1295
03-04 10:01:00.007  5763  6242 D QSClockBellTower: onReceive(android.intent.action.TIME_TICK) mTimeZoneString:null
03-04 10:01:00.008  5763  5763 D KeyguardUpdateMonitor: received broadcast android.intent.action.TIME_TICK
03-04 10:01:00.022  5763  5763 D QSClockBellTower: He is ready to ring the bell. (((QSClockBellSound - TimeText:10:01, TimeContentDescription:10:01, DateText:Wed, 4 March, ShortDateText:Wed, 4 Mar, Demo:false, QuickStar-Second(false|12:34:56))))
03-04 10:01:00.023  5763  5763 D QSClockIndicatorView: Home Indicator status_bar_clock 10:01 notifyTimeChanged(QSClockBellSound - TimeText:10:01, TimeContentDescription:10:01, DateText:Wed, 4 March, ShortDateText:Wed, 4 Mar, Demo:false, QuickStar-Second(false|12:34:56)) ClockVisibleByPolicy:true, ClockVisibleByUser:true, visible?true, parent:android.widget.LinearLayout{6e0da4a V.E...... ......ID 0,0-97,55 #7f0b04f0 app:id/left_clock_container}
03-04 10:01:00.024  5763  5763 D QSClockBellTower: Everyone heard the bell. run(currentTime:1772593260019,   getTime():Wed Mar 04 10:01:00 GMT+07:00 2026,   getTimeZone():libcore.util.ZoneInfo[mDstSavings=0,mUseDst=false,mDelegate=[id="Asia/Bangkok",mRawOffset=25200000,mEarliestRawOffset=24124000,transitions=3]])
03-04 10:01:00.026  5763  5763 D KeyguardUpdateMonitor: handleTimeUpdate
03-04 10:01:00.028  5763  5763 D FaceWidgetPagesController: onTimeChanged()
03-04 10:01:00.047  5763  5763 I FaceWidgetPositionAlgorithm: getClockContainerHeight() supplier = 270, bottom margin = 0, real height = 333
03-04 10:01:00.048  5763  5763 I FaceWidgetPositionAlgorithm: getClockContainerHeight() supplier = 270, bottom margin = 63, real height = 333
03-04 10:01:00.049  5763  5763 I FaceWidgetPositionAlgorithm: getMediaContainerHeight() height = 0 container Visibility = 8, isValid = false, mIsDozing = false, fraction = 1.0, source = 0, target = 0
03-04 10:01:00.049  5763  5763 I FaceWidgetPositionAlgorithm: getMediaContainerHeight() supplier = 0
03-04 10:01:00.053  5763  5763 V QsExpandAnimator: setQsExpansionPosition 0.0
03-04 10:01:00.062  5763  5763 V QsExpandAnimator: updateAnimators
03-04 10:01:00.062  5763  5763 V QsExpandAnimator: clearAnimationState 
03-04 10:01:00.063  5763  5763 V QsExpandAnimator: updateViews
03-04 10:01:00.067  5763  5763 V QsExpandAnimator: updateTileAnimator
03-04 10:01:00.070  5763  5763 V QsExpandAnimator: updateHeaderAnimator
03-04 10:01:00.071  5763  5763 V QsExpandAnimator: updateBarAnimator
03-04 10:01:00.072  5763  5763 V QsExpandAnimator: setQsExpansionPosition 0.0
03-04 10:01:00.072  5763  5763 V QsExpandAnimator: onAnimationAtStart
03-04 10:01:00.500  5405 27231 D SemWifiUsabilityStatsMonitor: onWifiUsabilityStats - seqNum 2414, isSameBssidAndFreq true
03-04 10:01:00.501  5405  5679 I SemWifiLinkQualityMonitor: Link Qos Query: 0.041 ms / 195.000 Mbps (390 / 0.000 / 2.000)
03-04 10:01:00.913  5405  5636 W DeviceStorageMonitorService: updateBroadcasts(/data) oldLevel:0, newLevel:0, seq:1
03-04 10:01:00.916  5405  5636 D DeviceStorageMonitorService: Available File Node Number is [12603930]
03-04 10:01:00.916  5405  5636 W DeviceStorageMonitorService: updateBroadcasts_filenode(/data) fn_oldLevel:0, fn_newLevel:0, seq:1
03-04 10:01:03.545  5405 27231 D SemWifiUsabilityStatsMonitor: onWifiUsabilityStats - seqNum 2415, isSameBssidAndFreq true
03-04 10:01:03.547  5405  5679 I SemWifiLinkQualityMonitor: Link Qos Query: 0.041 ms / 195.000 Mbps (390 / 0.000 / 2.000)
03-04 10:01:03.955  5405  5454 E Watchdog: !@Sync: 714 heap: 99 / 109 FD: 934 [2026-03-04 10:01:03.954]
03-04 10:01:04.176  4564  4564 D io_stats: !@   8,0 r 443452 13217400 w 845927 200574812 d 0 0 f 0 0 iot 499976 0 th 0 0 0 pt 0 inp 0 0 21422.176
03-04 10:01:04.725 11605 11736 I earchbox:search: Explicit concurrent copying GC freed 1284KB AllocSpace bytes, 0(0B) LOS objects, 24% free, 12MB/17MB, paused 391us,259us total 328.821ms
03-04 10:01:04.725 11605 11736 W earchbox:search: Reducing the number of considered missed Gc histogram windows from 369 to 100
03-04 10:01:05.044 11605 11736 I earchbox:search: Explicit concurrent copying GC freed 217KB AllocSpace bytes, 0(0B) LOS objects, 25% free, 12MB/17MB, paused 280us,113us total 306.602ms
03-04 10:01:05.055 11605 11736 D nativeloader: Load /data/app/~~XlEYH4oiLT0HqKsSwisycA==/com.google.android.googlequicksearchbox-RCECuAoQY6i38llZXDMAQA==/base.apk!/lib/arm64-v8a/libnative_gc_jni.so using ns clns-5 from class loader (caller=/data/app/~~XlEYH4oiLT0HqKsSwisycA==/com.google.android.googlequicksearchbox-RCECuAoQY6i38llZXDMAQA==/base.apk!classes2.dex): ok
03-04 10:01:05.057 11605 11736 I A       : Successfully loaded native gc jni library
03-04 10:01:05.059 11605 11736 I app_process64: Native memory cannot be purged, Android API level < 28.
03-04 10:01:05.729 20458 20553 W bt_stack: pause_registered_clients()
03-04 10:01:05.729 20458 20553 W bt_stack: le_impl :: OnPause()
03-04 10:01:05.729 20458 20553 W bt_stack: le_impl :: ConnectabilityState is DISARMED. Call AckPause()
03-04 10:01:05.729 20458 20553 W bt_stack: le_scanning_manager :: OnPause()
03-04 10:01:05.730 20458 20553 W bt_stack: Stop LeSetScanEnable
03-04 10:01:05.730 20458 20553 W bt_stack: le_scanning_manager :: OnPause() - call AckPause
03-04 10:01:05.730 20458 20553 W bt_stack: le_address_manager :: ack_pause()
03-04 10:01:05.730 20458 20553 W bt_stack: le_address_manager :: ack_pause() - make sure all client paused. Return
03-04 10:01:05.734 20458 20553 W bt_stack: le_address_manager :: ack_pause()
03-04 10:01:05.734 20458 20553 W bt_stack: le_address_manager :: ack_pause() - handle_next_command
03-04 10:01:05.734 20458 20553 W bt_stack: handle_next_command()
03-04 10:01:05.746 20458 20553 W bt_stack: Received command complete with op_code LE_SET_RANDOM_ADDRESS
03-04 10:01:05.747 20458 20553 W bt_stack: le_impl :: OnResume()
03-04 10:01:05.747 20458 20553 W bt_stack: le_impl :: check_for_unregister()
03-04 10:01:05.747 20458 20553 W bt_stack: le_scanning_manager :: OnResume()
03-04 10:01:05.747 20458 20553 W bt_stack: Start LeSetScan
03-04 10:01:05.747 20458 20553 W bt_stack: le_scanning_manager :: OnResume() - call AckResume
03-04 10:01:05.748 20458 20553 W bt_stack: le_address_manager :: ack_resume()
03-04 10:01:05.750 20458 20553 W bt_stack: le_address_manager :: ack_resume()
03-04 10:01:05.845  5405  5468 D BatteryExternalStatsWorker: update stats : wifi-data: inactive (2)
03-04 10:01:05.854  5405  5468 D BatteryExternalStatsWorker: Fetch WiFi data
03-04 10:01:05.855  5405  5468 D BatteryExternalStatsWorker: Update Rail Energy data
03-04 10:01:05.855  5405  5468 D BatteryExternalStatsWorker: mStats lock released
03-04 10:01:05.886  5405  5468 D BatteryExternalStatsWorker: Update wifi state
03-04 10:01:05.887  5405  5468 D BatteryExternalStatsWorker: done updateExternalStatsLocked
03-04 10:01:06.610  5405 27231 D SemWifiUsabilityStatsMonitor: onWifiUsabilityStats - seqNum 2416, isSameBssidAndFreq true
03-04 10:01:06.613  5405  5679 I SemWifiLinkQualityMonitor: Link Qos Query: 0.041 ms / 195.000 Mbps (390 / 0.000 / 2.000)
03-04 10:01:07.912  7525  8838 I SDHMS:D : SIOP:: AP:365 BAT:372 USB:0 CHG:369 WIFI:363 SKIN:363 SKINF:361 SKINB:363 LRP:363 LRF:361 LRB:363 
03-04 10:01:08.179  4564  4564 D io_stats: !@   8,0 r 443453 13217408 w 846005 200581908 d 0 0 f 0 0 iot 500000 0 th 0 0 0 pt 0 inp 0 0 21426.178
03-04 10:01:08.632  5405  5468 D BatteryExternalStatsWorker: update stats : wifi-data: active (2)
03-04 10:01:08.633  5405  5626 D ConnectivityService: reportNetworkActive, notify 1 listeners
03-04 10:01:08.642  5405  5468 D BatteryExternalStatsWorker: Fetch WiFi data
03-04 10:01:08.643  5405  5468 D BatteryExternalStatsWorker: Update Rail Energy data
03-04 10:01:08.644  5405  5468 D BatteryExternalStatsWorker: mStats lock released
03-04 10:01:08.679  5405  5468 D BatteryExternalStatsWorker: Update wifi state
03-04 10:01:08.679  5405  5468 D BatteryExternalStatsWorker: done updateExternalStatsLocked
03-04 10:01:08.985  4884  4884 E audit   : type=1400 audit(1772593268.978:2212): avc:  denied  { write } for  pid=13007 comm="ThreadPoolForeg" name="traced_producer" dev="tmpfs" ino=24980 scontext=u:r:gmscore_app:s0:c512,c768 tcontext=u:object_r:traced_producer_socket:s0 tclass=sock_file permissive=0 SEPF_SM-A515F_13_0001 audit_filtered
03-04 10:01:08.986  4884  4884 E audit   : type=1300 audit(1772593268.978:2212): arch=c00000b7 syscall=203 success=no exit=-13 a0=65 a1=74f21b4d20 a2=1e a3=4fd25d3fc items=0 ppid=4905 pid=13007 auid=4294967295 uid=10224 gid=10224 euid=10224 suid=10224 fsuid=10224 egid=10224 sgid=10224 fsgid=10224 tty=(none) ses=4294967295 comm="ThreadPoolForeg" exe="/system/bin/app_process64" subj=u:r:gmscore_app:s0:c512,c768 key=(null)
03-04 10:01:08.986  4884  4884 E audit   : type=1327 audit(1772593268.978:2212): proctitle="com.google.android.gms"
03-04 10:01:09.665  5405 27231 D SemWifiUsabilityStatsMonitor: onWifiUsabilityStats - seqNum 2417, isSameBssidAndFreq true
03-04 10:01:09.668  5405  5679 I SemWifiLinkQualityMonitor: Link Qos Query: 0.037 ms / 216.500 Mbps (433 / 0.000 / 2.000)
03-04 10:01:09.669  5763  5763 D NetworkController.WifiSignalController: notifyListener: visible=true, connected=true, inetCondition=1, isDefault=true, wifiTestReported=true, receivedInetCondition=-1, hideDuringMobileSwitching=false
03-04 10:01:09.673  5763  5865 D Tile.WifiTile: handleUpdateState isTransient=false transientEnabling =false cb.isTransient=false state.state = 2 mStateBeforeClick.value =false enabled =true
03-04 10:01:09.853 26409 26409 I wpa_supplicant: Heartbeat 1296
03-04 10:01:12.721  5405 27231 D SemWifiUsabilityStatsMonitor: onWifiUsabilityStats - seqNum 2418, isSameBssidAndFreq true
03-04 10:01:12.725  5763  5763 D NetworkController.WifiSignalController: notifyListener: visible=true, connected=true, inetCondition=1, isDefault=true, wifiTestReported=true, receivedInetCondition=-1, hideDuringMobileSwitching=false
03-04 10:01:12.725  5405  5679 I SemWifiLinkQualityMonitor: Link Qos Query: 0.037 ms / 216.500 Mbps (433 / 0.000 / 2.000)
03-04 10:01:12.729  5763  5865 D Tile.WifiTile: handleUpdateState isTransient=false transientEnabling =false cb.isTransient=false state.state = 2 mStateBeforeClick.value =false enabled =true
03-04 10:01:13.585  4884  4884 E audit   : type=1400 audit(1772593273.578:2213): avc:  denied  { write } for  pid=13009 comm="ThreadPoolForeg" name="traced_producer" dev="tmpfs" ino=24980 scontext=u:r:gmscore_app:s0:c512,c768 tcontext=u:object_r:traced_producer_socket:s0 tclass=sock_file permissive=0 SEPF_SM-A515F_13_0001 audit_filtered
03-04 10:01:13.586  4884  4884 E audit   : type=1300 audit(1772593273.578:2213): arch=c00000b7 syscall=203 success=no exit=-13 a0=6 a1=74faf1dd40 a2=1e a3=4fd6c03df items=0 ppid=4905 pid=13009 auid=4294967295 uid=10224 gid=10224 euid=10224 suid=10224 fsuid=10224 egid=10224 sgid=10224 fsgid=10224 tty=(none) ses=4294967295 comm="ThreadPoolForeg" exe="/system/bin/app_process64" subj=u:r:gmscore_app:s0:c512,c768 key=(null)
03-04 10:01:13.586  4884  4884 E audit   : type=1327 audit(1772593273.578:2213): proctitle="com.google.android.gms.persistent"
03-04 10:01:14.553  5405  7613 D BatteryService: Sending ACTION_BATTERY_CHANGED: level:71, status:3, health:2, ac:false, usb:false, wireless:false, pogo:false, misc:0x20000, charge_type:0, charger_type:0, voltage:3862, temperature:372, online:21, current_avg:-290, ps:false, hvc:false, capacity:280000, current_event:0x10000, current_now:-290, mcc:0, mcv:0, cc:2736720, present:true, scale:100, technology:Li-ion
03-04 10:01:14.557  5405  5468 D BatteryExternalStatsWorker: update stats : wakelock-change (1)
03-04 10:01:14.560  5405  5569 D MotionRecognitionService: [SAR]  onReceive : ACTION_BATTERY_CHANGED, Plugged: 0
03-04 10:01:14.561  5000  5000 E sehhealth-service: Could not open /sys/class/power_supply/battery/lrp
03-04 10:01:14.563  5405  5712 I DeviceBatteryInfoService: action: android.intent.action.BATTERY_CHANGED
03-04 10:01:14.563  5405  5712 I DeviceBatteryInfoService: phone battery level: 71
03-04 10:01:14.563  5405  5712 I DeviceBatteryInfoService: phone battery status: 3
03-04 10:01:14.563  5405  5712 D DeviceBatteryInfoService: setBatteryStatus : 3
03-04 10:01:14.570  5740  5740 D SemBigDataInfoController: Intent: android.intent.action.BATTERY_CHANGED
03-04 10:01:14.578  5763  5763 D KeyguardUpdateMonitor: received broadcast android.intent.action.BATTERY_CHANGED
03-04 10:01:14.579  5763  5763 D SamsungBatteryMeterDrawable: onBatteryLevelChanged isSomethingChanged: true
03-04 10:01:14.580  7525  7525 E SDHMS:SDHMS_UTIL_IO: e = /sys/class/power_supply/battery/chg_type: open failed: ENOENT (No such file or directory)
03-04 10:01:14.582  5740  5740 D SemBigDataInfoController: Intent: android.intent.action.BATTERY_CHANGED
03-04 10:01:14.582  5763  5763 D SamsungBatteryMeterDrawable: onBatteryLevelChanged isSomethingChanged: true
03-04 10:01:14.584  5763  5763 D SamsungBatteryMeterDrawable: onBatteryLevelChanged isSomethingChanged: true
03-04 10:01:14.585  5763  5763 D SamsungBatteryMeterDrawable: onBatteryLevelChanged isSomethingChanged: true
03-04 10:01:14.586  5763  5763 I PowerUI : mBootCompleted = true |  mFullyConnected = true
03-04 10:01:14.586  5763  5763 I PowerUI : BATTERY_HEALTH_CHECK extraHealth=2 mBatteryMiscEvent=131072
03-04 10:01:14.586  5763  5763 W PowerUI : Plug reason
03-04 10:01:14.586  5763  5763 W PowerUI : Skip charging animation - by plug status
03-04 10:01:14.586  5763  5763 D PowerUI : priorPlugType = 0 mPlugType = 0 priorBatteryStatus = 3 mBatteryStatus = 3
03-04 10:01:14.586  5763  5763 W PowerUI : Plug reason
03-04 10:01:14.586  5763  5763 W PowerUI : Skip charging sound - by plug status
03-04 10:01:14.586  5763  5763 I PowerUI : oldMisalign : false, curMisalign : false
03-04 10:01:14.587  5763  5763 D SecPowerUI.Notification: dismissSlowByChargerConnectionInfoPopUp()
03-04 10:01:14.587  5763  5763 D SecPowerUI.Notification: dismissChargingNotification()
03-04 10:01:14.587  5763  5763 D SecPowerUI.Notification: SecBatteryStatsSnapshot{batteryLevel=71, currentBatteryMode=0, chargingTime=0, chargingType=0, batteryHealth=2, automaticTestMode=false, isHiccupState=false}
03-04 10:01:14.589  5405  5405 D PhoneWindowManagerExt: ACTION_BATTERY_CHANGED - Level=71, status=3
03-04 10:01:14.589  5763  5763 D PowerUI : Battery swelling mode - priorBatterySwellingMode = 0 mBatterySwellingMode = 0 mBatteryStatus = 3
03-04 10:01:14.589  5763  5763 I PowerUI : mBatteryMiscEvent = 131072
03-04 10:01:14.589  5405  5405 D AdaptiveBrightnessLongtermModelBuilder: Received android.intent.action.BATTERY_CHANGED
03-04 10:01:14.590  5405  5405 D SemWifiApBroadcastReceiver: Received : android.intent.action.BATTERY_CHANGED
03-04 10:01:14.591  5763  5763 I PowerUI : checkShouldTurnOffProtectBattery : -1, Scheduling start ? : false
03-04 10:01:14.591  5763  5763 I PowerUI : Clear time
03-04 10:01:14.591  5405  7613 D SettingsProvider: isChangeAllowed() : name = charger_connected_time
03-04 10:01:14.592  5405  7613 D SettingsProvider: edmUri: content://com.sec.knox.provider/RestrictionPolicy3
03-04 10:01:14.592  5405  7613 D SettingsProvider: projectionArgs: isSettingsChangesAllowed
03-04 10:01:14.592  5405  7613 D SettingsProvider: selectionArgs: false
03-04 10:01:14.592  5405  7613 D SettingsProvider: selectionArgs: 10052
03-04 10:01:14.592  5405  7613 D SecContentProvider: query(), uri = 17 selection = isSettingsChangesAllowed
03-04 10:01:14.593  5405  7613 D SecContentProvider: called from android.uid.systemui:10052
03-04 10:01:14.593  5405  7613 D RestrictionPolicy: isSettingsChangesAllowedAsUser, userId 0 : true
03-04 10:01:14.593  5405  7613 D SettingsProvider: ret = 1
03-04 10:01:14.597  5763  5763 D KeyguardUpdateMonitor: handleBatteryUpdate
03-04 10:01:14.598  5763  5763 D KeyguardSecIndicationPolicy:  remove Item pos = DEFAULT, type =              BATTERY
03-04 10:01:14.599  5763  5763 D KeyguardSecIndicationPolicy:  remove Item pos = DEFAULT, type =      BATTERY_RESTING
03-04 10:01:14.599  5763  5763 D KeyguardSecIndicationController: addIndication() returned - unlocking
03-04 10:01:14.599  5763  5763 D KeyguardSecIndicationController: addBatteryAndOwnerInfoIndication() battery status = BatteryStatus{status=3,level=71,plugged=0,health=2,maxChargingWattage=-1,remaining=-1ultraFastCharger=0}
03-04 10:01:14.599  5763  5763 I AODBatteryManager: updateBatteryData: ACTION_BATTERY_CHANGED
03-04 10:01:14.600  5763  5763 I AODBatteryManager: getChargeEstimateTime: not charging
03-04 10:01:14.600  5763  5763 I AODBatteryManager: saveBatteryData : AOD BatteryData [mBatteryLevel=71, mBatteryStatus=DISCHARGING, mBatteryPlugType=NOT_DEFINED, mBatteryPlugged=false, mRemainingChargeTime=0, mBatteryChargingType=0, mBatteryChargerType=NORMAL, mBatteryOnline=NOT_DEFINED, mBatterySwellingMode=NONE, mBatteryProtectMode=false]
03-04 10:01:14.602  5763  5763 I ChargingInfoManager: removeMessages: 
03-04 10:01:14.602  5763  5763 W AODAlarmTimer_HIDE_CHARGING_INFO_TIMER: stop : not yet started 
03-04 10:01:14.603  5763  5763 I ChargingInfoManager: updateChargingInfo: newState = AOD ChargingInfo [mState=NONE, mIsCharging=false, mIsFullyCharged=false, mIsBatteryProtectMode=false], oldState = AOD ChargingInfo [mState=NONE, mIsCharging=false, mIsFullyCharged=false, mIsBatteryProtectMode=false]
03-04 10:01:14.613  5763  5763 I FaceWidgetPositionAlgorithm: getClockContainerHeight() supplier = 270, bottom margin = 0, real height = 333
03-04 10:01:14.613  5763  5763 I FaceWidgetPositionAlgorithm: getClockContainerHeight() supplier = 270, bottom margin = 63, real height = 333
03-04 10:01:14.613  5763  5763 I FaceWidgetPositionAlgorithm: getMediaContainerHeight() height = 0 container Visibility = 8, isValid = false, mIsDozing = false, fraction = 1.0, source = 0, target = 0
03-04 10:01:14.614  5763  5763 I FaceWidgetPositionAlgorithm: getMediaContainerHeight() supplier = 0
03-04 10:01:14.615  5763  5763 V QsExpandAnimator: setQsExpansionPosition 0.0
03-04 10:01:14.669  5405  5468 D BatteryExternalStatsWorker: Update CPU state
03-04 10:01:14.669  5405  5468 D BatteryExternalStatsWorker: mStats lock released
03-04 10:01:14.669  5405  5468 D BatteryExternalStatsWorker: done updateExternalStatsLocked
03-04 10:01:15.764  5405 27231 D SemWifiUsabilityStatsMonitor: onWifiUsabilityStats - seqNum 2419, isSameBssidAndFreq true
03-04 10:01:15.767  5405  5679 I SemWifiLinkQualityMonitor: Link Qos Query: 0.037 ms / 216.500 Mbps (433 / 0.000 / 2.000)
03-04 10:01:15.767  5763  5763 D NetworkController.WifiSignalController: notifyListener: visible=true, connected=true, inetCondition=1, isDefault=true, wifiTestReported=true, receivedInetCondition=-1, hideDuringMobileSwitching=false
03-04 10:01:15.770  5763  5865 D Tile.WifiTile: handleUpdateState isTransient=false transientEnabling =false cb.isTransient=false state.state = 2 mStateBeforeClick.value =false enabled =true
03-04 10:01:16.185  4564  4564 D io_stats: !@   8,0 r 443453 13217408 w 846019 200581984 d 0 0 f 0 0 iot 500004 0 th 0 0 0 pt 0 inp 0 0 21434.185
03-04 10:01:16.802 20909 21056 I ContactsProvider_EventLog: cp_s: [CONTACT con(763) dat(6602) acc({sec(6)=5, google(7)=1, google(2)=774}) trash_acc([.google:167])  trash(167) calls([logtype:100 cnt:1804, logtype:300 cnt:500, logtype:500 cnt:1, logtype:1000 cnt:195]) Iso(GB) uId(0) ]
03-04 10:01:16.802 20909 21056 I ContactsProvider_EventLog: cp_s: [ agr({[2 ,6]=1, [6 ,2]=3, [2 ,2]=8, [2]=748, [2 ,6 ,2]=1, [2 ,2 ,2]=1, [7 ,2]=1}) ]
03-04 10:01:16.802 20909 21056 I ContactsProvider_EventLog: cp_s: [ cnt({acore(20909)=1}) ]
03-04 10:01:16.802 20909 21056 I ContactsProvider_EventLog: cp_s: [PROFILE ] [SAPROFILE ]
03-04 10:01:16.802 20909 21056 I ContactsProvider_EventLog: cp_s: [STATE R(F) ]
03-04 10:01:17.920  7525  8838 I SDHMS:D : SIOP:: AP:366 BAT:372 USB:0 CHG:370 WIFI:362 SKIN:363 SKINF:361 SKINB:363 LRP:363 LRF:361 LRB:363 
03-04 10:01:18.086  7385  8179 I bbhc    : (REDACTED) getHotwordActive::active query: %s, watch: %s, devices connected: %s
03-04 10:01:18.807  5405 27231 D SemWifiUsabilityStatsMonitor: onWifiUsabilityStats - seqNum 2420, isSameBssidAndFreq true
03-04 10:01:18.809  5405  5679 I SemWifiLinkQualityMonitor: Link Qos Query: 0.037 ms / 216.500 Mbps (433 / 0.000 / 2.000)
03-04 10:01:19.860 26409 26409 I wpa_supplicant: Heartbeat 1297
03-04 10:01:20.188  4564  4564 D io_stats: !@   8,0 r 443453 13217408 w 846025 200582032 d 0 0 f 0 0 iot 500008 0 th 0 0 0 pt 0 inp 0 0 21438.188
03-04 10:01:21.863  5405 27231 D SemWifiUsabilityStatsMonitor: onWifiUsabilityStats - seqNum 2421, isSameBssidAndFreq true
03-04 10:01:21.866  5405  5679 I SemWifiLinkQualityMonitor: Link Qos Query: 0.037 ms / 216.500 Mbps (433 / 0.000 / 2.000)
03-04 10:01:24.910  5405 27231 D SemWifiUsabilityStatsMonitor: onWifiUsabilityStats - seqNum 2422, isSameBssidAndFreq true
03-04 10:01:24.912  5405  5679 I SemWifiLinkQualityMonitor: Link Qos Query: 0.037 ms / 216.500 Mbps (433 / 0.000 / 2.000)
03-04 10:01:25.301  5405  5468 D BatteryExternalStatsWorker: update stats : wifi-data: inactive (2)
03-04 10:01:25.312  5405  5468 D BatteryExternalStatsWorker: Fetch WiFi data
03-04 10:01:25.312  5405  5468 D BatteryExternalStatsWorker: Update Rail Energy data
03-04 10:01:25.312  5405  5468 D BatteryExternalStatsWorker: mStats lock released
03-04 10:01:25.339  5405  5468 D BatteryExternalStatsWorker: Update wifi state
03-04 10:01:25.340  5405  5468 D BatteryExternalStatsWorker: done updateExternalStatsLocked
03-04 10:01:27.921  7525  8838 I SDHMS:D : SIOP:: AP:365 BAT:372 USB:0 CHG:370 WIFI:362 SKIN:362 SKINF:360 SKINB:362 LRP:362 LRF:360 LRB:362 
03-04 10:01:27.970  5405 27231 D SemWifiUsabilityStatsMonitor: onWifiUsabilityStats - seqNum 2423, isSameBssidAndFreq true
03-04 10:01:27.973  5405  5679 I SemWifiLinkQualityMonitor: Link Qos Query: 0.037 ms / 216.500 Mbps (433 / 0.000 / 2.000)
03-04 10:01:29.871 26409 26409 I wpa_supplicant: Heartbeat 1298
03-04 10:01:30.195  4564  4564 D io_stats: !@   8,0 r 443453 13217408 w 846040 200582092 d 0 0 f 0 0 iot 500008 0 th 0 0 0 pt 0 inp 0 0 21448.195
03-04 10:01:31.037  5405 27231 D SemWifiUsabilityStatsMonitor: onWifiUsabilityStats - seqNum 2424, isSameBssidAndFreq true
03-04 10:01:31.039  5405  5679 I SemWifiLinkQualityMonitor: Link Qos Query: 0.037 ms / 216.500 Mbps (433 / 0.000 / 2.000)
03-04 10:01:33.106  5405  5626 D ConnectivityService: reportNetworkActive, notify 1 listeners
03-04 10:01:33.106  5405  5468 D BatteryExternalStatsWorker: update stats : wifi-data: active (2)
03-04 10:01:33.113  5405  5468 D BatteryExternalStatsWorker: Fetch WiFi data
03-04 10:01:33.114  5405  5468 D BatteryExternalStatsWorker: Update Rail Energy data
03-04 10:01:33.114  5405  5468 D BatteryExternalStatsWorker: mStats lock released
03-04 10:01:33.131  5405  5468 D BatteryExternalStatsWorker: Update wifi state
03-04 10:01:33.131  5405  5468 D BatteryExternalStatsWorker: done updateExternalStatsLocked
03-04 10:01:33.979  5405  5454 E Watchdog: !@Sync: 715 heap: 101 / 109 FD: 934 [2026-03-04 10:01:33.978]
03-04 10:01:34.104  5405 27231 D SemWifiUsabilityStatsMonitor: onWifiUsabilityStats - seqNum 2425, isSameBssidAndFreq true
03-04 10:01:34.107  5405  5679 I SemWifiLinkQualityMonitor: Link Qos Query: 0.037 ms / 216.500 Mbps (433 / 0.000 / 2.000)
03-04 10:01:34.108  5763  5763 D NetworkController.WifiSignalController: notifyListener: visible=true, connected=true, inetCondition=1, isDefault=true, wifiTestReported=true, receivedInetCondition=-1, hideDuringMobileSwitching=false
03-04 10:01:34.112  5763  5865 D Tile.WifiTile: handleUpdateState isTransient=false transientEnabling =false cb.isTransient=false state.state = 2 mStateBeforeClick.value =false enabled =true
03-04 10:01:34.135  5052  5052 I SurfaceFlinger: SFWD update time=21452135580810
03-04 10:01:34.198  4564  4564 D io_stats: !@   8,0 r 443453 13217408 w 846054 200582156 d 0 0 f 0 0 iot 500012 0 th 0 0 0 pt 0 inp 0 0 21452.198
03-04 10:01:37.171  5405 27231 D SemWifiUsabilityStatsMonitor: onWifiUsabilityStats - seqNum 2426, isSameBssidAndFreq true
03-04 10:01:37.174  5405  5679 I SemWifiLinkQualityMonitor: Link Qos query: inf. ms / 0 Mbps
03-04 10:01:37.176  5763  5763 D NetworkController.WifiSignalController: notifyListener: visible=true, connected=true, inetCondition=1, isDefault=true, wifiTestReported=true, receivedInetCondition=-1, hideDuringMobileSwitching=false
03-04 10:01:37.179  5763  5865 D Tile.WifiTile: handleUpdateState isTransient=false transientEnabling =false cb.isTransient=false state.state = 2 mStateBeforeClick.value =false enabled =true
03-04 10:01:37.921  7525  8838 I SDHMS:D : SIOP:: AP:365 BAT:372 USB:0 CHG:370 WIFI:362 SKIN:362 SKINF:360 SKINB:362 LRP:362 LRF:360 LRB:362 
03-04 10:01:39.014  4884  4884 E audit   : type=1400 audit(1772593299.010:2214): avc:  denied  { write } for  pid=13007 comm="ThreadPoolForeg" name="traced_producer" dev="tmpfs" ino=24980 scontext=u:r:gmscore_app:s0:c512,c768 tcontext=u:object_r:traced_producer_socket:s0 tclass=sock_file permissive=0 SEPF_SM-A515F_13_0001 audit_filtered
03-04 10:01:39.014  4884  4884 E audit   : type=1300 audit(1772593299.010:2214): arch=c00000b7 syscall=203 success=no exit=-13 a0=65 a1=74f21b4d80 a2=1e a3=4fef00a87 items=0 ppid=4905 pid=13007 auid=4294967295 uid=10224 gid=10224 euid=10224 suid=10224 fsuid=10224 egid=10224 sgid=10224 fsgid=10224 tty=(none) ses=4294967295 comm="ThreadPoolForeg" exe="/system/bin/app_process64" subj=u:r:gmscore_app:s0:c512,c768 key=(null)
03-04 10:01:39.014  4884  4884 E audit   : type=1327 audit(1772593299.010:2214): proctitle="com.google.android.gms"
03-04 10:01:39.877 26409 26409 I wpa_supplicant: Heartbeat 1299
03-04 10:01:40.217  5405 27231 D SemWifiUsabilityStatsMonitor: onWifiUsabilityStats - seqNum 2427, isSameBssidAndFreq true
03-04 10:01:40.219  5405  5679 I SemWifiLinkQualityMonitor: Link Qos query: inf. ms / 0 Mbps
03-04 10:01:43.275  5405 27231 D SemWifiUsabilityStatsMonitor: onWifiUsabilityStats - seqNum 2428, isSameBssidAndFreq true
03-04 10:01:43.277  5405  5679 I SemWifiLinkQualityMonitor: Link Qos query: inf. ms / 0 Mbps
03-04 10:01:43.603  4884  4884 E audit   : type=1400 audit(1772593303.598:2215): avc:  denied  { write } for  pid=13009 comm="ThreadPoolForeg" name="traced_producer" dev="tmpfs" ino=24980 scontext=u:r:gmscore_app:s0:c512,c768 tcontext=u:object_r:traced_producer_socket:s0 tclass=sock_file permissive=0 SEPF_SM-A515F_13_0001 audit_filtered
03-04 10:01:43.604  4884  4884 E audit   : type=1300 audit(1772593303.598:2215): arch=c00000b7 syscall=203 success=no exit=-13 a0=6 a1=74faf1dd60 a2=1e a3=4ff360fa0 items=0 ppid=4905 pid=13009 auid=4294967295 uid=10224 gid=10224 euid=10224 suid=10224 fsuid=10224 egid=10224 sgid=10224 fsgid=10224 tty=(none) ses=4294967295 comm="ThreadPoolForeg" exe="/system/bin/app_process64" subj=u:r:gmscore_app:s0:c512,c768 key=(null)
03-04 10:01:43.604  4884  4884 E audit   : type=1327 audit(1772593303.598:2215): proctitle="com.google.android.gms.persistent"
03-04 10:01:44.205  4564  4564 D io_stats: !@   8,0 r 443453 13217408 w 846054 200582156 d 0 0 f 0 0 iot 500012 0 th 0 0 0 pt 0 inp 0 0 21462.204
03-04 10:01:44.617  5000  5000 E sehhealth-service: Could not open /sys/class/power_supply/battery/lrp
03-04 10:01:46.309  5405 27231 D SemWifiUsabilityStatsMonitor: onWifiUsabilityStats - seqNum 2429, isSameBssidAndFreq true
03-04 10:01:46.311  5405  5679 I SemWifiLinkQualityMonitor: Link Qos query: inf. ms / 0 Mbps
03-04 10:01:47.920  7525  8838 I SDHMS:D : SIOP:: AP:365 BAT:372 USB:0 CHG:370 WIFI:362 SKIN:362 SKINF:360 SKINB:362 LRP:362 LRF:360 LRB:362 
03-04 10:01:49.366  5405 27231 D SemWifiUsabilityStatsMonitor: onWifiUsabilityStats - seqNum 2430, isSameBssidAndFreq true
03-04 10:01:49.370  5405  5679 I SemWifiLinkQualityMonitor: Link Qos Query: 0.103 ms / 78.000 Mbps (390 / 0.000 / 5.000)
03-04 10:01:49.371  5763  5763 D NetworkController.WifiSignalController: notifyListener: visible=true, connected=true, inetCondition=1, isDefault=true, wifiTestReported=true, receivedInetCondition=-1, hideDuringMobileSwitching=false
03-04 10:01:49.374  5763  5865 D Tile.WifiTile: handleUpdateState isTransient=false transientEnabling =false cb.isTransient=false state.state = 2 mStateBeforeClick.value =false enabled =true
03-04 10:01:49.881 26409 26409 I wpa_supplicant: Heartbeat 1300
03-04 10:01:52.425  5405 27231 D SemWifiUsabilityStatsMonitor: onWifiUsabilityStats - seqNum 2431, isSameBssidAndFreq true
03-04 10:01:52.427  5405  5679 I SemWifiLinkQualityMonitor: Link Qos Query: 0.103 ms / 78.000 Mbps (390 / 0.000 / 5.000)
03-04 10:01:52.427  5763  5763 D NetworkController.WifiSignalController: notifyListener: visible=true, connected=true, inetCondition=1, isDefault=true, wifiTestReported=true, receivedInetCondition=-1, hideDuringMobileSwitching=false
03-04 10:01:52.431  5763  5865 D Tile.WifiTile: handleUpdateState isTransient=false transientEnabling =false cb.isTransient=false state.state = 2 mStateBeforeClick.value =false enabled =true
03-04 10:01:54.212  4564  4564 D io_stats: !@   8,0 r 443453 13217408 w 846054 200582156 d 0 0 f 0 0 iot 500012 0 th 0 0 0 pt 0 inp 0 0 21472.211
03-04 10:01:55.480  5405 27231 D SemWifiUsabilityStatsMonitor: onWifiUsabilityStats - seqNum 2432, isSameBssidAndFreq true
03-04 10:01:55.481  5405  5679 I SemWifiLinkQualityMonitor: Link Qos Query: 0.103 ms / 78.000 Mbps (390 / 0.000 / 5.000)
03-04 10:01:57.315  5405  5652 D UsbStatsMonitor: 0 0 0 0 4 0 0 0 1 0 0 0 3 0 1 0 0 0 0 0 0 0 0 0 0 0 0 0 0 0 0 0 0 0 0 0 0 0 0 0 0 0 0 0 0 0 0 0 0
03-04 10:01:57.919  7525  8838 I SDHMS:D : SIOP:: AP:365 BAT:372 USB:0 CHG:370 WIFI:363 SKIN:363 SKINF:361 SKINB:363 LRP:363 LRF:361 LRB:363 
03-04 10:01:58.520  5405 27231 D SemWifiUsabilityStatsMonitor: onWifiUsabilityStats - seqNum 2433, isSameBssidAndFreq true
03-04 10:01:58.523  5405  5679 I SemWifiLinkQualityMonitor: Link Qos Query: 0.103 ms / 78.000 Mbps (390 / 0.000 / 5.000)
03-04 10:01:59.892 26409 26409 I wpa_supplicant: Heartbeat 1301
03-04 10:02:00.006  5763  5763 D KeyguardUpdateMonitor: received broadcast android.intent.action.TIME_TICK
03-04 10:02:00.006  5763  5763 D KeyguardUpdateMonitor: handleTimeUpdate
03-04 10:02:00.009  5763  5763 D FaceWidgetPagesController: onTimeChanged()
03-04 10:02:00.009  5763  6242 D QSClockBellTower: onReceive(android.intent.action.TIME_TICK) mTimeZoneString:null
03-04 10:02:00.028  5763  5763 D QSClockBellTower: He is ready to ring the bell. (((QSClockBellSound - TimeText:10:02, TimeContentDescription:10:02, DateText:Wed, 4 March, ShortDateText:Wed, 4 Mar, Demo:false, QuickStar-Second(false|12:34:56))))
03-04 10:02:00.030  5763  5763 D QSClockIndicatorView: Home Indicator status_bar_clock 10:02 notifyTimeChanged(QSClockBellSound - TimeText:10:02, TimeContentDescription:10:02, DateText:Wed, 4 March, ShortDateText:Wed, 4 Mar, Demo:false, QuickStar-Second(false|12:34:56)) ClockVisibleByPolicy:true, ClockVisibleByUser:true, visible?true, parent:android.widget.LinearLayout{6e0da4a V.E...... ......ID 0,0-97,55 #7f0b04f0 app:id/left_clock_container}
03-04 10:02:00.030  5763  5763 D QSClockBellTower: Everyone heard the bell. run(currentTime:1772593320025,   getTime():Wed Mar 04 10:02:00 GMT+07:00 2026,   getTimeZone():libcore.util.ZoneInfo[mDstSavings=0,mUseDst=false,mDelegate=[id="Asia/Bangkok",mRawOffset=25200000,mEarliestRawOffset=24124000,transitions=3]])
03-04 10:02:00.051  5763  5763 I FaceWidgetPositionAlgorithm: getClockContainerHeight() supplier = 270, bottom margin = 0, real height = 333
03-04 10:02:00.053  5763  5763 I FaceWidgetPositionAlgorithm: getClockContainerHeight() supplier = 270, bottom margin = 63, real height = 333
03-04 10:02:00.053  5763  5763 I FaceWidgetPositionAlgorithm: getMediaContainerHeight() height = 0 container Visibility = 8, isValid = false, mIsDozing = false, fraction = 1.0, source = 0, target = 0
03-04 10:02:00.053  5763  5763 I FaceWidgetPositionAlgorithm: getMediaContainerHeight() supplier = 0
03-04 10:02:00.057  5763  5763 V QsExpandAnimator: setQsExpansionPosition 0.0
03-04 10:02:00.068  5763  5763 V QsExpandAnimator: updateAnimators
03-04 10:02:00.068  5763  5763 V QsExpandAnimator: clearAnimationState 
03-04 10:02:00.069  5763  5763 V QsExpandAnimator: updateViews
03-04 10:02:00.073  5763  5763 V QsExpandAnimator: updateTileAnimator
03-04 10:02:00.077  5763  5763 V QsExpandAnimator: updateHeaderAnimator
03-04 10:02:00.078  5763  5763 V QsExpandAnimator: updateBarAnimator
03-04 10:02:00.078  5763  5763 V QsExpandAnimator: setQsExpansionPosition 0.0
03-04 10:02:00.078  5763  5763 V QsExpandAnimator: onAnimationAtStart
03-04 10:02:00.983  5405  5636 W DeviceStorageMonitorService: updateBroadcasts(/data) oldLevel:0, newLevel:0, seq:1
03-04 10:02:00.986  5405  5636 D DeviceStorageMonitorService: Available File Node Number is [12603930]
03-04 10:02:00.987  5405  5636 W DeviceStorageMonitorService: updateBroadcasts_filenode(/data) fn_oldLevel:0, fn_newLevel:0, seq:1
03-04 10:02:01.565  5405 27231 D SemWifiUsabilityStatsMonitor: onWifiUsabilityStats - seqNum 2434, isSameBssidAndFreq true
03-04 10:02:01.567  5405  5679 I SemWifiLinkQualityMonitor: Link Qos Query: 0.103 ms / 78.000 Mbps (390 / 0.000 / 5.000)
03-04 10:02:04.006  5405  5454 E Watchdog: !@Sync: 716 heap: 101 / 109 FD: 934 [2026-03-04 10:02:04.004]
03-04 10:02:04.219  4564  4564 D io_stats: !@   8,0 r 443453 13217408 w 846054 200582156 d 0 0 f 0 0 iot 500012 0 th 0 0 0 pt 0 inp 0 0 21482.218
03-04 10:02:04.619  5405 27231 D SemWifiUsabilityStatsMonitor: onWifiUsabilityStats - seqNum 2435, isSameBssidAndFreq true
03-04 10:02:04.622  5405  5679 I SemWifiLinkQualityMonitor: Link Qos Query: 0.103 ms / 78.000 Mbps (390 / 0.000 / 5.000)
03-04 10:02:06.221  4564  4564 D io_stats: !@   8,0 r 443455 13217424 w 846055 200582168 d 0 0 f 0 0 iot 500016 0 th 0 0 0 pt 0 inp 0 0 21484.220
03-04 10:02:07.677  5405 27231 D SemWifiUsabilityStatsMonitor: onWifiUsabilityStats - seqNum 2436, isSameBssidAndFreq true
03-04 10:02:07.681  5405  5679 I SemWifiLinkQualityMonitor: Link Qos Query: 0.103 ms / 78.000 Mbps (390 / 0.000 / 5.000)
03-04 10:02:07.681  5763  5763 D NetworkController.WifiSignalController: notifyListener: visible=true, connected=true, inetCondition=1, isDefault=true, wifiTestReported=true, receivedInetCondition=-1, hideDuringMobileSwitching=false
03-04 10:02:07.685  5763  5865 D Tile.WifiTile: handleUpdateState isTransient=false transientEnabling =false cb.isTransient=false state.state = 2 mStateBeforeClick.value =false enabled =true
03-04 10:02:07.705  5052  5052 I SurfaceFlinger: SFWD update time=21485705007017
03-04 10:02:07.921  7525  8838 I SDHMS:D : SIOP:: AP:365 BAT:372 USB:0 CHG:370 WIFI:363 SKIN:363 SKINF:361 SKINB:363 LRP:363 LRF:361 LRB:363 
03-04 10:02:09.019  4884  4884 E audit   : type=1400 audit(1772593329.014:2216): avc:  denied  { write } for  pid=13007 comm="ThreadPoolForeg" name="traced_producer" dev="tmpfs" ino=24980 scontext=u:r:gmscore_app:s0:c512,c768 tcontext=u:object_r:traced_producer_socket:s0 tclass=sock_file permissive=0 SEPF_SM-A515F_13_0001 audit_filtered
03-04 10:02:09.019  4884  4884 E audit   : type=1300 audit(1772593329.014:2216): arch=c00000b7 syscall=203 success=no exit=-13 a0=65 a1=74f21b4cc0 a2=1e a3=500b9dc1f items=0 ppid=4905 pid=13007 auid=4294967295 uid=10224 gid=10224 euid=10224 suid=10224 fsuid=10224 egid=10224 sgid=10224 fsgid=10224 tty=(none) ses=4294967295 comm="ThreadPoolForeg" exe="/system/bin/app_process64" subj=u:r:gmscore_app:s0:c512,c768 key=(null)
03-04 10:02:09.019  4884  4884 E audit   : type=1327 audit(1772593329.014:2216): proctitle="com.google.android.gms"
03-04 10:02:09.896 26409 26409 I wpa_supplicant: Heartbeat 1302
03-04 10:02:10.744  5405 27231 D SemWifiUsabilityStatsMonitor: onWifiUsabilityStats - seqNum 2437, isSameBssidAndFreq true
03-04 10:02:10.747  5405  5679 I SemWifiLinkQualityMonitor: Link Qos Query: 0.103 ms / 78.000 Mbps (390 / 0.000 / 5.000)
03-04 10:02:10.748  5763  5763 D NetworkController.WifiSignalController: notifyListener: visible=true, connected=true, inetCondition=1, isDefault=true, wifiTestReported=true, receivedInetCondition=-1, hideDuringMobileSwitching=false
03-04 10:02:10.751  5763  5865 D Tile.WifiTile: handleUpdateState isTransient=false transientEnabling =false cb.isTransient=false state.state = 2 mStateBeforeClick.value =false enabled =true
03-04 10:02:13.608  4884  4884 E audit   : type=1400 audit(1772593333.602:2217): avc:  denied  { write } for  pid=13009 comm="ThreadPoolForeg" name="traced_producer" dev="tmpfs" ino=24980 scontext=u:r:gmscore_app:s0:c512,c768 tcontext=u:object_r:traced_producer_socket:s0 tclass=sock_file permissive=0 SEPF_SM-A515F_13_0001 audit_filtered
03-04 10:02:13.608  4884  4884 E audit   : type=1300 audit(1772593333.602:2217): arch=c00000b7 syscall=203 success=no exit=-13 a0=6 a1=74fae27f20 a2=1e a3=500ffe516 items=0 ppid=4905 pid=13009 auid=4294967295 uid=10224 gid=10224 euid=10224 suid=10224 fsuid=10224 egid=10224 sgid=10224 fsgid=10224 tty=(none) ses=4294967295 comm="ThreadPoolForeg" exe="/system/bin/app_process64" subj=u:r:gmscore_app:s0:c512,c768 key=(null)
03-04 10:02:13.609  4884  4884 E audit   : type=1327 audit(1772593333.602:2217): proctitle="com.google.android.gms.persistent"
03-04 10:02:13.802  5405 27231 D SemWifiUsabilityStatsMonitor: onWifiUsabilityStats - seqNum 2438, isSameBssidAndFreq true
03-04 10:02:13.805  5405  5679 I SemWifiLinkQualityMonitor: Link Qos Query: 0.103 ms / 78.000 Mbps (390 / 0.000 / 5.000)
03-04 10:02:13.806  5763  5763 D NetworkController.WifiSignalController: notifyListener: visible=true, connected=true, inetCondition=1, isDefault=true, wifiTestReported=true, receivedInetCondition=-1, hideDuringMobileSwitching=false
03-04 10:02:13.810  5763  5865 D Tile.WifiTile: handleUpdateState isTransient=false transientEnabling =false cb.isTransient=false state.state = 2 mStateBeforeClick.value =false enabled =true
03-04 10:02:14.658  5000  5000 E sehhealth-service: Could not open /sys/class/power_supply/battery/lrp
03-04 10:02:16.228  4564  4564 D io_stats: !@   8,0 r 443455 13217424 w 846055 200582168 d 0 0 f 0 0 iot 500016 0 th 0 0 0 pt 0 inp 0 0 21494.227
03-04 10:02:16.855  5405 27231 D SemWifiUsabilityStatsMonitor: onWifiUsabilityStats - seqNum 2439, isSameBssidAndFreq true
03-04 10:02:16.859  5405  5679 I SemWifiLinkQualityMonitor: Link Qos Query: 0.103 ms / 78.000 Mbps (390 / 0.000 / 5.000)
03-04 10:02:16.884 20909 21056 I ContactsProvider_EventLog: cp_s: [CONTACT con(763) dat(6602) acc({sec(6)=5, google(7)=1, google(2)=774}) trash_acc([.google:167])  trash(167) calls([logtype:100 cnt:1804, logtype:300 cnt:500, logtype:500 cnt:1, logtype:1000 cnt:195]) Iso(GB) uId(0) ]
03-04 10:02:16.884 20909 21056 I ContactsProvider_EventLog: cp_s: [ agr({[2 ,6]=1, [6 ,2]=3, [2 ,2]=8, [2]=748, [2 ,6 ,2]=1, [2 ,2 ,2]=1, [7 ,2]=1}) ]
03-04 10:02:16.884 20909 21056 I ContactsProvider_EventLog: cp_s: [ cnt({acore(20909)=1}) ]
03-04 10:02:16.884 20909 21056 I ContactsProvider_EventLog: cp_s: [PROFILE ] [SAPROFILE ]
03-04 10:02:16.884 20909 21056 I ContactsProvider_EventLog: cp_s: [STATE R(F) ]
03-04 10:02:17.923  7525  8838 I SDHMS:D : SIOP:: AP:366 BAT:372 USB:0 CHG:370 WIFI:362 SKIN:363 SKINF:361 SKINB:363 LRP:363 LRF:361 LRB:363 
03-04 10:02:18.087  7385  8219 I bbhc    : (REDACTED) getHotwordActive::active query: %s, watch: %s, devices connected: %s
03-04 10:02:18.230  4564  4564 D io_stats: !@   8,0 r 443455 13217424 w 846057 200582176 d 0 0 f 0 0 iot 500020 0 th 0 0 0 pt 0 inp 0 0 21496.229
03-04 10:02:19.902 26409 26409 I wpa_supplicant: Heartbeat 1303
03-04 10:02:19.909  5405 27231 D SemWifiUsabilityStatsMonitor: onWifiUsabilityStats - seqNum 2440, isSameBssidAndFreq true
03-04 10:02:19.913  5405  5679 I SemWifiLinkQualityMonitor: Link Qos Query: 0.103 ms / 78.000 Mbps (390 / 0.000 / 5.000)
03-04 10:02:20.231  4564  4564 D io_stats: !@   8,0 r 443455 13217424 w 846058 200582180 d 0 0 f 0 0 iot 500024 0 th 0 0 0 pt 0 inp 0 0 21498.231
03-04 10:02:22.970  5405 27231 D SemWifiUsabilityStatsMonitor: onWifiUsabilityStats - seqNum 2441, isSameBssidAndFreq true
03-04 10:02:22.973  5405  5679 I SemWifiLinkQualityMonitor: Link Qos Query: 0.103 ms / 78.000 Mbps (390 / 0.000 / 5.000)
03-04 10:02:25.461  5405  5468 D BatteryExternalStatsWorker: update stats : wifi-data: inactive (2)
03-04 10:02:25.482  5405  5468 D BatteryExternalStatsWorker: Fetch WiFi data
03-04 10:02:25.482  5405  5468 D BatteryExternalStatsWorker: Update Rail Energy data
03-04 10:02:25.483  5405  5468 D BatteryExternalStatsWorker: mStats lock released
03-04 10:02:25.519  5405  5468 D BatteryExternalStatsWorker: Update wifi state
03-04 10:02:25.519  5405  5468 D BatteryExternalStatsWorker: done updateExternalStatsLocked
03-04 10:02:26.038  5405 27231 D SemWifiUsabilityStatsMonitor: onWifiUsabilityStats - seqNum 2442, isSameBssidAndFreq true
03-04 10:02:26.040  5405  5679 I SemWifiLinkQualityMonitor: Link Qos Query: 0.103 ms / 78.000 Mbps (390 / 0.000 / 5.000)
03-04 10:02:26.237  4564  4564 D io_stats: !@   8,0 r 443455 13217424 w 846072 200582236 d 0 0 f 0 0 iot 500028 0 th 0 0 0 pt 0 inp 0 0 21504.236
03-04 10:02:27.924  7525  8838 I SDHMS:D : SIOP:: AP:365 BAT:372 USB:0 CHG:370 WIFI:363 SKIN:363 SKINF:361 SKINB:363 LRP:363 LRF:361 LRB:363 
03-04 10:02:29.105  5405 27231 D SemWifiUsabilityStatsMonitor: onWifiUsabilityStats - seqNum 2443, isSameBssidAndFreq true
03-04 10:02:29.107  5405  5679 I SemWifiLinkQualityMonitor: Link Qos Query: 0.103 ms / 78.000 Mbps (390 / 0.000 / 5.000)
03-04 10:02:29.913 26409 26409 I wpa_supplicant: Heartbeat 1304
03-04 10:02:30.240  4564  4564 D io_stats: !@   8,0 r 443455 13217424 w 846089 200582304 d 0 0 f 0 0 iot 500032 0 th 0 0 0 pt 0 inp 0 0 21508.239
03-04 10:02:32.152  5405 27231 D SemWifiUsabilityStatsMonitor: onWifiUsabilityStats - seqNum 2444, isSameBssidAndFreq true
03-04 10:02:32.154  5405  5679 I SemWifiLinkQualityMonitor: Link Qos Query: 0.103 ms / 78.000 Mbps (390 / 0.000 / 5.000)
03-04 10:02:34.031  5405  5454 E Watchdog: !@Sync: 717 heap: 102 / 109 FD: 934 [2026-03-04 10:02:34.030]
03-04 10:02:35.197  5405 27231 D SemWifiUsabilityStatsMonitor: onWifiUsabilityStats - seqNum 2445, isSameBssidAndFreq true
03-04 10:02:35.199  5405  5679 I SemWifiLinkQualityMonitor: Link Qos Query: 0.103 ms / 78.000 Mbps (390 / 0.000 / 5.000)
03-04 10:02:37.923  7525  8838 I SDHMS:D : SIOP:: AP:365 BAT:372 USB:0 CHG:370 WIFI:363 SKIN:363 SKINF:361 SKINB:363 LRP:363 LRF:361 LRB:363 
03-04 10:02:38.225  5405 27231 D SemWifiUsabilityStatsMonitor: onWifiUsabilityStats - seqNum 2446, isSameBssidAndFreq true
03-04 10:02:38.227  5405  5679 I SemWifiLinkQualityMonitor: Link Qos Query: 0.103 ms / 78.000 Mbps (390 / 0.000 / 5.000)
03-04 10:02:39.046  4884  4884 E audit   : type=1400 audit(1772593359.042:2218): avc:  denied  { write } for  pid=13007 comm="ThreadPoolForeg" name="traced_producer" dev="tmpfs" ino=24980 scontext=u:r:gmscore_app:s0:c512,c768 tcontext=u:object_r:traced_producer_socket:s0 tclass=sock_file permissive=0 SEPF_SM-A515F_13_0001 audit_filtered
