03-04 10:02:39.046  4884  4884 E audit   : type=1300 audit(1772593359.042:2218): arch=c00000b7 syscall=203 success=no exit=-13 a0=65 a1=74f21b4ce0 a2=1e a3=502840e8f items=0 ppid=4905 pid=13007 auid=4294967295 uid=10224 gid=10224 euid=10224 suid=10224 fsuid=10224 egid=10224 sgid=10224 fsgid=10224 tty=(none) ses=4294967295 comm="ThreadPoolForeg" exe="/system/bin/app_process64" subj=u:r:gmscore_app:s0:c512,c768 key=(null)
03-04 10:02:39.046  4884  4884 E audit   : type=1327 audit(1772593359.042:2218): proctitle="com.google.android.gms"
03-04 10:02:39.920 26409 26409 I wpa_supplicant: Heartbeat 1305
03-04 10:02:40.247  4564  4564 D io_stats: !@   8,0 r 443455 13217424 w 846089 200582304 d 0 0 f 0 0 iot 500032 0 th 0 0 0 pt 0 inp 0 0 21518.247
03-04 10:02:41.277  5405 27231 D SemWifiUsabilityStatsMonitor: onWifiUsabilityStats - seqNum 2447, isSameBssidAndFreq true
03-04 10:02:41.280  5405  5679 I SemWifiLinkQualityMonitor: Link Qos Query: 0.103 ms / 78.000 Mbps (390 / 0.000 / 5.000)
03-04 10:02:43.619  4884  4884 E audit   : type=1400 audit(1772593363.614:2219): avc:  denied  { write } for  pid=13009 comm="ThreadPoolForeg" name="traced_producer" dev="tmpfs" ino=24980 scontext=u:r:gmscore_app:s0:c512,c768 tcontext=u:object_r:traced_producer_socket:s0 tclass=sock_file permissive=0 SEPF_SM-A515F_13_0001 audit_filtered
03-04 10:02:43.620  4884  4884 E audit   : type=1300 audit(1772593363.614:2219): arch=c00000b7 syscall=203 success=no exit=-13 a0=6 a1=74faf1dd80 a2=1e a3=502c9d5c1 items=0 ppid=4905 pid=13009 auid=4294967295 uid=10224 gid=10224 euid=10224 suid=10224 fsuid=10224 egid=10224 sgid=10224 fsgid=10224 tty=(none) ses=4294967295 comm="ThreadPoolForeg" exe="/system/bin/app_process64" subj=u:r:gmscore_app:s0:c512,c768 key=(null)
03-04 10:02:43.620  4884  4884 E audit   : type=1327 audit(1772593363.614:2219): proctitle="com.google.android.gms.persistent"
03-04 10:02:44.165  5405  5468 D BatteryExternalStatsWorker: update stats : battery-level (63)
03-04 10:02:44.185  5405  5468 D BatteryExternalStatsWorker: Fetch WiFi data
03-04 10:02:44.185  5405  5468 D BatteryExternalStatsWorker: Update Rail Energy data
03-04 10:02:44.187  5405  5468 D BatteryExternalStatsWorker: Fetch Bluetooth data
03-04 10:02:44.188  5405  5468 D BatteryExternalStatsWorker: Fetch modem data
03-04 10:02:44.192  5405  7443 W BatteryExternalStatsWorker: error reading Bluetooth stats: 11
03-04 10:02:44.212  5405  7613 W TelephonyManager: requestModemActivityInfo: Received an invalid ModemActivityInfo
03-04 10:02:44.213  5405  7613 W BatteryExternalStatsWorker: error reading modem stats:ERROR_INVALID_INFO_RECEIVED
03-04 10:02:44.324  5405 27231 D SemWifiUsabilityStatsMonitor: onWifiUsabilityStats - seqNum 2448, isSameBssidAndFreq true
03-04 10:02:44.327  5405  5679 I SemWifiLinkQualityMonitor: Link Qos Query: 0.103 ms / 78.000 Mbps (390 / 0.000 / 5.000)
03-04 10:02:44.366  5405  5468 D BatteryExternalStatsWorker: Update CPU state
03-04 10:02:44.367  5405  5468 I KernelWakelockReader: readKernelWakelockStats(false)
03-04 10:02:44.371  4603  6396 W android.system.suspend@1.0-service: getWakeLockStats +
03-04 10:02:44.371  4603  6396 I android.system.suspend@1.0-service: name: PowerManagerService.Display, isActive: 1, LC: 21522371, AC: 675, AT: 1782913, TT: 14714203
03-04 10:02:44.371  4603  6396 I android.system.suspend@1.0-service: name: PowerManager.SuspendLockout, isActive: 1, LC: 21522371, AC: 677, AT: 1782914, TT: 14714808
03-04 10:02:44.372  4603  6396 W android.system.suspend@1.0-service: getWakeLockStats -
03-04 10:02:44.372  5405  5468 D KernelWakelockReader: name=PowerManagerService.WakeLocks	 isActive=false	 lastChange=21522217	 activeCount=1398	 activeTime=0	 totalTime=3822680	 version=81	 time_delta=59000
03-04 10:02:44.373  5405  5468 D KernelWakelockReader: name=PowerManagerService.Broadcasts	 isActive=false	 lastChange=19739760	 activeCount=18	 activeTime=0	 totalTime=9711	 version=81	 time_delta=0
03-04 10:02:44.373  5405  5468 D KernelWakelockReader: name=PowerManagerService.Display	 isActive=true	 lastChange=21522371	 activeCount=675	 activeTime=1782913	 totalTime=14714203	 version=81	 time_delta=360583000
03-04 10:02:44.373  5405  5468 D KernelWakelockReader: name=PowerManager.SuspendLockout	 isActive=true	 lastChange=21522371	 activeCount=677	 activeTime=1782914	 totalTime=14714808	 version=81	 time_delta=360583000
03-04 10:02:44.373  5405  5468 D KernelWakelockReader: name=PowerManagerService.Booting	 isActive=false	 lastChange=46117	 activeCount=1	 activeTime=0	 totalTime=31069	 version=81	 time_delta=0
03-04 10:02:44.373  5405  5468 I BatteryStatsImpl: updateKernelWakelocksLocked:: name=PowerManager.SuspendLockout / totalTime=14714808000 / mCount=677 / version=81
03-04 10:02:44.373  5405  5468 I BatteryStatsImpl: updateKernelWakelocksLocked:: name=PowerManagerService.Display / totalTime=14714203000 / mCount=675 / version=81
03-04 10:02:44.373  5405  5468 I BatteryStatsImpl: updateKernelWakelocksLocked:: name=PowerManagerService.WakeLocks / totalTime=3822680000 / mCount=1398 / version=81
03-04 10:02:44.373  5405  5468 I BatteryStatsImpl: updateKernelWakelocksLocked:: name=PowerManagerService.Broadcasts / totalTime=9711000 / mCount=18 / version=81
03-04 10:02:44.373  5405  5468 I BatteryStatsImpl: updateKernelWakelocksLocked:: name=PowerManagerService.Booting / totalTime=31069000 / mCount=1 / version=81
03-04 10:02:44.374  5405  5468 D BatteryExternalStatsWorker: Update Kernel wakelock & memory state
03-04 10:02:44.374  5405  5468 D BatteryExternalStatsWorker: Update RPM state
03-04 10:02:44.374  5405  5468 D BatteryExternalStatsWorker: mStats lock released
03-04 10:02:44.375  5405  5467 W system_server: Long monitor contention with owner batterystats-worker (5468) at void com.android.server.am.BatteryExternalStatsWorker.updateExternalStatsLocked(java.lang.String, int, boolean, boolean, int, int[], boolean)(BatteryExternalStatsWorker.java:747) waiters=0 in void com.android.server.am.BatteryStatsService.lambda$noteStartWakelock$22(int, int, java.lang.String, java.lang.String, int, boolean, long, long) for 159ms
03-04 10:02:44.398  5405  5468 D BatteryExternalStatsWorker: Update wifi state
03-04 10:02:44.398  5405  5468 D BatteryExternalStatsWorker: done updateExternalStatsLocked
03-04 10:02:44.876  5000  5000 E sehhealth-service: Could not open /sys/class/power_supply/battery/lrp
03-04 10:02:47.380  5405 27231 D SemWifiUsabilityStatsMonitor: onWifiUsabilityStats - seqNum 2449, isSameBssidAndFreq true
03-04 10:02:47.382  5405  5679 I SemWifiLinkQualityMonitor: Link Qos Query: 0.103 ms / 78.000 Mbps (390 / 0.000 / 5.000)
03-04 10:02:47.924  7525  8838 I SDHMS:D : SIOP:: AP:366 BAT:372 USB:0 CHG:370 WIFI:362 SKIN:363 SKINF:361 SKINB:363 LRP:363 LRF:361 LRB:363 
03-04 10:02:49.931 26409 26409 I wpa_supplicant: Heartbeat 1306
03-04 10:02:50.254  4564  4564 D io_stats: !@   8,0 r 443455 13217424 w 846089 200582304 d 0 0 f 0 0 iot 500032 0 th 0 0 0 pt 0 inp 0 0 21528.254
03-04 10:02:50.446  5405 27231 D SemWifiUsabilityStatsMonitor: onWifiUsabilityStats - seqNum 2450, isSameBssidAndFreq true
03-04 10:02:50.448  5405  5679 I SemWifiLinkQualityMonitor: Link Qos Query: 0.103 ms / 78.000 Mbps (390 / 0.000 / 5.000)
03-04 10:02:53.476  5405 27231 D SemWifiUsabilityStatsMonitor: onWifiUsabilityStats - seqNum 2451, isSameBssidAndFreq true
03-04 10:02:53.478  5405  5679 I SemWifiLinkQualityMonitor: Link Qos Query: 0.103 ms / 78.000 Mbps (390 / 0.000 / 5.000)
03-04 10:02:55.027  5405  5468 D BatteryExternalStatsWorker: update stats : wifi-data: active (2)
03-04 10:02:55.028  5405  5626 D ConnectivityService: reportNetworkActive, notify 1 listeners
03-04 10:02:55.037  5405  5468 D BatteryExternalStatsWorker: Fetch WiFi data
03-04 10:02:55.038  5405  5468 D BatteryExternalStatsWorker: Update Rail Energy data
03-04 10:02:55.038  5405  5468 D BatteryExternalStatsWorker: mStats lock released
03-04 10:02:55.067  5405  5468 D BatteryExternalStatsWorker: Update wifi state
03-04 10:02:55.067  5405  5468 D BatteryExternalStatsWorker: done updateExternalStatsLocked
03-04 10:02:56.535  5405 27231 D SemWifiUsabilityStatsMonitor: onWifiUsabilityStats - seqNum 2452, isSameBssidAndFreq true
03-04 10:02:56.537  5405  5679 I SemWifiLinkQualityMonitor: Link Qos Query: 0.103 ms / 78.000 Mbps (390 / 0.000 / 5.000)
03-04 10:02:56.537  5763  5763 D NetworkController.WifiSignalController: notifyListener: visible=true, connected=true, inetCondition=1, isDefault=true, wifiTestReported=true, receivedInetCondition=-1, hideDuringMobileSwitching=false
03-04 10:02:56.541  5763  5865 D Tile.WifiTile: handleUpdateState isTransient=false transientEnabling =false cb.isTransient=false state.state = 2 mStateBeforeClick.value =false enabled =true
03-04 10:02:56.558  5052  5052 I SurfaceFlinger: SFWD update time=21534557924520
03-04 10:02:57.380  5405  5652 D UsbStatsMonitor: 0 0 0 0 4 0 0 0 1 0 0 0 3 0 1 0 0 0 0 0 0 0 0 0 0 0 0 0 0 0 0 0 0 0 0 0 0 0 0 0 0 0 0 0 0 0 0 0 0
03-04 10:02:57.925  7525  8838 I SDHMS:D : SIOP:: AP:365 BAT:372 USB:0 CHG:370 WIFI:363 SKIN:363 SKINF:361 SKINB:363 LRP:363 LRF:361 LRB:363 
03-04 10:02:59.589  5405 27231 D SemWifiUsabilityStatsMonitor: onWifiUsabilityStats - seqNum 2453, isSameBssidAndFreq true
03-04 10:02:59.591  5405  5679 I SemWifiLinkQualityMonitor: Link Qos Query: 0.103 ms / 78.000 Mbps (390 / 0.000 / 5.000)
03-04 10:02:59.591  5763  5763 D NetworkController.WifiSignalController: notifyListener: visible=true, connected=true, inetCondition=1, isDefault=true, wifiTestReported=true, receivedInetCondition=-1, hideDuringMobileSwitching=false
03-04 10:02:59.594  5763  5865 D Tile.WifiTile: handleUpdateState isTransient=false transientEnabling =false cb.isTransient=false state.state = 2 mStateBeforeClick.value =false enabled =true
03-04 10:02:59.942 26409 26409 I wpa_supplicant: Heartbeat 1307
03-04 10:03:00.007  5763  5763 D KeyguardUpdateMonitor: received broadcast android.intent.action.TIME_TICK
03-04 10:03:00.008  5763  5763 D KeyguardUpdateMonitor: handleTimeUpdate
03-04 10:03:00.012  5763  5763 D FaceWidgetPagesController: onTimeChanged()
03-04 10:03:00.012  5763  6242 D QSClockBellTower: onReceive(android.intent.action.TIME_TICK) mTimeZoneString:null
03-04 10:03:00.033  5763  5763 D QSClockBellTower: He is ready to ring the bell. (((QSClockBellSound - TimeText:10:03, TimeContentDescription:10:03, DateText:Wed, 4 March, ShortDateText:Wed, 4 Mar, Demo:false, QuickStar-Second(false|12:34:56))))
03-04 10:03:00.035  5763  5763 D QSClockIndicatorView: Home Indicator status_bar_clock 10:03 notifyTimeChanged(QSClockBellSound - TimeText:10:03, TimeContentDescription:10:03, DateText:Wed, 4 March, ShortDateText:Wed, 4 Mar, Demo:false, QuickStar-Second(false|12:34:56)) ClockVisibleByPolicy:true, ClockVisibleByUser:true, visible?true, parent:android.widget.LinearLayout{6e0da4a V.E...... ......ID 0,0-97,55 #7f0b04f0 app:id/left_clock_container}
03-04 10:03:00.035  5763  5763 D QSClockBellTower: Everyone heard the bell. run(currentTime:1772593380028,   getTime():Wed Mar 04 10:03:00 GMT+07:00 2026,   getTimeZone():libcore.util.ZoneInfo[mDstSavings=0,mUseDst=false,mDelegate=[id="Asia/Bangkok",mRawOffset=25200000,mEarliestRawOffset=24124000,transitions=3]])
03-04 10:03:00.065  5763  5763 I FaceWidgetPositionAlgorithm: getClockContainerHeight() supplier = 270, bottom margin = 0, real height = 333
03-04 10:03:00.066  5763  5763 I FaceWidgetPositionAlgorithm: getClockContainerHeight() supplier = 270, bottom margin = 63, real height = 333
03-04 10:03:00.066  5763  5763 I FaceWidgetPositionAlgorithm: getMediaContainerHeight() height = 0 container Visibility = 8, isValid = false, mIsDozing = false, fraction = 1.0, source = 0, target = 0
03-04 10:03:00.066  5763  5763 I FaceWidgetPositionAlgorithm: getMediaContainerHeight() supplier = 0
03-04 10:03:00.070  5763  5763 V QsExpandAnimator: setQsExpansionPosition 0.0
03-04 10:03:00.081  5763  5763 V QsExpandAnimator: updateAnimators
03-04 10:03:00.081  5763  5763 V QsExpandAnimator: clearAnimationState 
03-04 10:03:00.082  5763  5763 V QsExpandAnimator: updateViews
03-04 10:03:00.087  5763  5763 V QsExpandAnimator: updateTileAnimator
03-04 10:03:00.090  5763  5763 V QsExpandAnimator: updateHeaderAnimator
03-04 10:03:00.092  5763  5763 V QsExpandAnimator: updateBarAnimator
03-04 10:03:00.092  5763  5763 V QsExpandAnimator: setQsExpansionPosition 0.0
03-04 10:03:00.092  5763  5763 V QsExpandAnimator: onAnimationAtStart
03-04 10:03:00.262  4564  4564 D io_stats: !@   8,0 r 443455 13217424 w 846089 200582304 d 0 0 f 0 0 iot 500032 0 th 0 0 0 pt 0 inp 0 0 21538.261
03-04 10:03:01.054  5405  5636 W DeviceStorageMonitorService: updateBroadcasts(/data) oldLevel:0, newLevel:0, seq:1
03-04 10:03:01.057  5405  5636 D DeviceStorageMonitorService: Available File Node Number is [12603930]
03-04 10:03:01.058  5405  5636 W DeviceStorageMonitorService: updateBroadcasts_filenode(/data) fn_oldLevel:0, fn_newLevel:0, seq:1
03-04 10:03:02.626  5405 27231 D SemWifiUsabilityStatsMonitor: onWifiUsabilityStats - seqNum 2454, isSameBssidAndFreq true
03-04 10:03:02.628  5405  5679 I SemWifiLinkQualityMonitor: Link Qos Query: 0.103 ms / 78.000 Mbps (390 / 0.000 / 5.000)
03-04 10:03:04.055  5405  5454 E Watchdog: !@Sync: 718 heap: 103 / 109 FD: 934 [2026-03-04 10:03:04.054]
03-04 10:03:05.038  5763  5865 I Tile.HotspotTile: handleUpdateState
03-04 10:03:05.042  5763  5763 I Tile.HotspotTile: onDataSaverChanged: false
03-04 10:03:05.043  5763  5763 I Tile.HotspotTile: onHotspotChanged: false
03-04 10:03:05.045  5405  5670 I SemWifiApTetheredClientInfo: getWifiApStaListDetail
03-04 10:03:05.046  5763  5865 D NetworkController: IsPowerOffServiceState is true
03-04 10:03:05.046  5763  5763 D Tile.HotspotTile: updateItems
03-04 10:03:05.046  5763  5865 D Tile.AirplaneModeTile:  handleUpdateState: airplane mode is enabled : enter mSetting.getValue() == 1 mIsWiFiOnlyDevice false isNoSimState true isPowerOffServiceState true
03-04 10:03:05.046  5763  5763 D Tile.HotspotTile:  updateConnectedDeviceList mConnectedDevices = []
03-04 10:03:05.046  5763  5865 D Tile.AirplaneModeTile:  handleUpdateState:  value = true, state = 2
03-04 10:03:05.047  5763  5865 I Tile.HotspotTile: handleUpdateState
03-04 10:03:05.049  5763  5865 I Tile.HotspotTile: handleUpdateState
03-04 10:03:05.052  5763  5865 I Tile.HotspotTile: handleUpdateState
03-04 10:03:05.104  5405  7443 D SyncManager: userId - 0 auto - true
03-04 10:03:05.106  5763  5865 D Tile.SyncTile: hasUserRestriction: false
03-04 10:03:05.107  5763  5865 D Tile.DndTile: handleUpdateState zen 0  state = BooleanState[spec=Dnd,icon=ResourceIcon[resId=0x7f0809c1],iconSupplier=null,label=Do not
03-04 10:03:05.107  5763  5865 D Tile.DndTile: disturb,secondaryLabel=null,contentDescription=null,stateDescription=null,dualLabelContentDescription=null,expandedAccessibilityClassName=null,disabledByPolicy=false,dualTarget=true,isTransient=false,state=1,slash="null",sideViewCustomDrawable=null,tileClassName=null,value=false,forceExpandIcon=false]
03-04 10:03:05.145  5763  5865 W Settings: Setting all_sound_off has moved from android.provider.Settings.System to android.provider.Settings.Global, returning read-only value.
03-04 10:03:05.158  5763  5865 D Tile.MobileDataTile: handleUpdateState : state false
03-04 10:03:05.172  5763  5865 D Tile.RotationLockTile:  handleUpdateState: true orientation = true
03-04 10:03:05.174  5763  5865 D Tile.BluetoothTile:  handleUpdateState enabled = false connected = false connecting = false changedState =false bluetoothState = 10 enabledChanging = false state = BooleanState[spec=Bluetooth,icon=ResourceIcon[resId=0x7f0809bd],iconSupplier=null,label=Bluetooth,secondaryLabel=null,contentDescription=Bluetooth,Off,stateDescription=null,dualLabelContentDescription=null,expandedAccessibilityClassName=null,disabledByPolicy=false,dualTarget=true,isTransient=false,state=1,slash="null",sideViewCustomDrawable=null,tileClassName=null,value=false,forceExpandIcon=false]
03-04 10:03:05.674  5405 27231 D SemWifiUsabilityStatsMonitor: onWifiUsabilityStats - seqNum 2455, isSameBssidAndFreq true
03-04 10:03:05.677  5405  5679 I SemWifiLinkQualityMonitor: Link Qos Query: 0.103 ms / 78.000 Mbps (390 / 0.000 / 5.000)
03-04 10:03:06.266  4564  4564 D io_stats: !@   8,0 r 443459 13217452 w 846090 200582324 d 0 0 f 0 0 iot 500040 0 th 0 0 0 pt 0 inp 0 0 21544.266
03-04 10:03:07.921  7525  8838 I SDHMS:D : SIOP:: AP:365 BAT:372 USB:0 CHG:370 WIFI:363 SKIN:363 SKINF:361 SKINB:363 LRP:363 LRF:361 LRB:363 
03-04 10:03:08.709  5405 27231 D SemWifiUsabilityStatsMonitor: onWifiUsabilityStats - seqNum 2456, isSameBssidAndFreq true
03-04 10:03:08.711  5405  5679 I SemWifiLinkQualityMonitor: Link Qos Query: 0.103 ms / 78.000 Mbps (390 / 0.000 / 5.000)
03-04 10:03:08.712  5763  5763 D NetworkController.WifiSignalController: notifyListener: visible=true, connected=true, inetCondition=1, isDefault=true, wifiTestReported=true, receivedInetCondition=-1, hideDuringMobileSwitching=false
03-04 10:03:08.714  5763  5865 D Tile.WifiTile: handleUpdateState isTransient=false transientEnabling =false cb.isTransient=false state.state = 2 mStateBeforeClick.value =false enabled =true
03-04 10:03:09.051  4884  4884 E audit   : type=1400 audit(1772593389.046:2220): avc:  denied  { write } for  pid=13007 comm="ThreadPoolForeg" name="traced_producer" dev="tmpfs" ino=24980 scontext=u:r:gmscore_app:s0:c512,c768 tcontext=u:object_r:traced_producer_socket:s0 tclass=sock_file permissive=0 SEPF_SM-A515F_13_0001 audit_filtered
03-04 10:03:09.052  4884  4884 E audit   : type=1300 audit(1772593389.046:2220): arch=c00000b7 syscall=203 success=no exit=-13 a0=65 a1=7564e86840 a2=1e a3=5044de4c8 items=0 ppid=4905 pid=13007 auid=4294967295 uid=10224 gid=10224 euid=10224 suid=10224 fsuid=10224 egid=10224 sgid=10224 fsgid=10224 tty=(none) ses=4294967295 comm="ThreadPoolForeg" exe="/system/bin/app_process64" subj=u:r:gmscore_app:s0:c512,c768 key=(null)
03-04 10:03:09.052  4884  4884 E audit   : type=1327 audit(1772593389.046:2220): proctitle="com.google.android.gms"
03-04 10:03:09.723 13009 25619 I .gms.persistent: Explicit concurrent copying GC freed 236KB AllocSpace bytes, 0(0B) LOS objects, 49% free, 18MB/37MB, paused 288us,67us total 254.480ms
03-04 10:03:09.953 26409 26409 I wpa_supplicant: Heartbeat 1308
03-04 10:03:11.751 13007 23097 I gle.android.gms: Explicit concurrent copying GC freed 82KB AllocSpace bytes, 0(0B) LOS objects, 24% free, 23MB/31MB, paused 719us,256us total 389.174ms
03-04 10:03:11.751  5405 27231 D SemWifiUsabilityStatsMonitor: onWifiUsabilityStats - seqNum 2457, isSameBssidAndFreq true
03-04 10:03:11.753  5405  5679 I SemWifiLinkQualityMonitor: Link Qos Query: 0.041 ms / 195.000 Mbps (390 / 0.000 / 2.000)
03-04 10:03:11.754  5763  5763 D NetworkController.WifiSignalController: notifyListener: visible=true, connected=true, inetCondition=1, isDefault=true, wifiTestReported=true, receivedInetCondition=-1, hideDuringMobileSwitching=false
03-04 10:03:11.756  5763  5865 D Tile.WifiTile: handleUpdateState isTransient=false transientEnabling =false cb.isTransient=false state.state = 2 mStateBeforeClick.value =false enabled =true
03-04 10:03:13.624  4884  4884 E audit   : type=1400 audit(1772593393.618:2221): avc:  denied  { write } for  pid=13009 comm="ThreadPoolForeg" name="traced_producer" dev="tmpfs" ino=24980 scontext=u:r:gmscore_app:s0:c512,c768 tcontext=u:object_r:traced_producer_socket:s0 tclass=sock_file permissive=0 SEPF_SM-A515F_13_0001 audit_filtered
03-04 10:03:13.624  4884  4884 E audit   : type=1300 audit(1772593393.618:2221): arch=c00000b7 syscall=203 success=no exit=-13 a0=6 a1=74faf1dda0 a2=1e a3=50493aa1e items=0 ppid=4905 pid=13009 auid=4294967295 uid=10224 gid=10224 euid=10224 suid=10224 fsuid=10224 egid=10224 sgid=10224 fsgid=10224 tty=(none) ses=4294967295 comm="ThreadPoolForeg" exe="/system/bin/app_process64" subj=u:r:gmscore_app:s0:c512,c768 key=(null)
03-04 10:03:13.624  4884  4884 E audit   : type=1327 audit(1772593393.618:2221): proctitle="com.google.android.gms.persistent"
03-04 10:03:14.798  5405 27231 D SemWifiUsabilityStatsMonitor: onWifiUsabilityStats - seqNum 2458, isSameBssidAndFreq true
03-04 10:03:14.802  5405  5679 I SemWifiLinkQualityMonitor: Link Qos Query: 0.041 ms / 195.000 Mbps (390 / 0.000 / 2.000)
03-04 10:03:14.803  5763  5763 D NetworkController.WifiSignalController: notifyListener: visible=true, connected=true, inetCondition=1, isDefault=true, wifiTestReported=true, receivedInetCondition=-1, hideDuringMobileSwitching=false
03-04 10:03:14.806  5763  5865 D Tile.WifiTile: handleUpdateState isTransient=false transientEnabling =false cb.isTransient=false state.state = 2 mStateBeforeClick.value =false enabled =true
03-04 10:03:14.898  5000  5000 E sehhealth-service: Could not open /sys/class/power_supply/battery/lrp
03-04 10:03:16.273  4564  4564 D io_stats: !@   8,0 r 443459 13217452 w 846090 200582324 d 0 0 f 0 0 iot 500040 0 th 0 0 0 pt 0 inp 0 0 21554.272
03-04 10:03:17.050 20909 21056 I ContactsProvider_EventLog: cp_s: [CONTACT con(763) dat(6602) acc({sec(6)=5, google(7)=1, google(2)=774}) trash_acc([.google:167])  trash(167) calls([logtype:100 cnt:1804, logtype:300 cnt:500, logtype:500 cnt:1, logtype:1000 cnt:195]) Iso(GB) uId(0) ]
03-04 10:03:17.050 20909 21056 I ContactsProvider_EventLog: cp_s: [ agr({[2 ,6]=1, [6 ,2]=3, [2 ,2]=8, [2]=748, [2 ,6 ,2]=1, [2 ,2 ,2]=1, [7 ,2]=1}) ]
03-04 10:03:17.050 20909 21056 I ContactsProvider_EventLog: cp_s: [ cnt({acore(20909)=1}) ]
03-04 10:03:17.050 20909 21056 I ContactsProvider_EventLog: cp_s: [PROFILE ] [SAPROFILE ]
03-04 10:03:17.050 20909 21056 I ContactsProvider_EventLog: cp_s: [STATE R(F) ]
03-04 10:03:17.841  5405 27231 D SemWifiUsabilityStatsMonitor: onWifiUsabilityStats - seqNum 2459, isSameBssidAndFreq true
03-04 10:03:17.843  5405  5679 I SemWifiLinkQualityMonitor: Link Qos Query: 0.041 ms / 195.000 Mbps (390 / 0.000 / 2.000)
03-04 10:03:17.918  7525  8838 I SDHMS:D : SIOP:: AP:366 BAT:373 USB:0 CHG:370 WIFI:364 SKIN:364 SKINF:362 SKINB:364 LRP:364 LRF:362 LRB:364 
03-04 10:03:18.085  7385  8179 I bbhc    : (REDACTED) getHotwordActive::active query: %s, watch: %s, devices connected: %s
03-04 10:03:18.274  4564  4564 D io_stats: !@   8,0 r 443459 13217452 w 846092 200582332 d 0 0 f 0 0 iot 500044 0 th 0 0 0 pt 0 inp 0 0 21556.274
03-04 10:03:19.963 26409 26409 I wpa_supplicant: Heartbeat 1309
03-04 10:03:20.899  5405 27231 D SemWifiUsabilityStatsMonitor: onWifiUsabilityStats - seqNum 2460, isSameBssidAndFreq true
03-04 10:03:20.903  5405  5679 I SemWifiLinkQualityMonitor: Link Qos Query: 0.041 ms / 195.000 Mbps (390 / 0.000 / 2.000)
03-04 10:03:22.277  4564  4564 D io_stats: !@   8,0 r 443459 13217452 w 846095 200582344 d 0 0 f 0 0 iot 500048 0 th 0 0 0 pt 0 inp 0 0 21560.277
03-04 10:03:23.954  5405 27231 D SemWifiUsabilityStatsMonitor: onWifiUsabilityStats - seqNum 2461, isSameBssidAndFreq true
03-04 10:03:23.956  5405  5679 I SemWifiLinkQualityMonitor: Link Qos Query: 0.041 ms / 195.000 Mbps (390 / 0.000 / 2.000)
03-04 10:03:25.365  5405  5468 D BatteryExternalStatsWorker: update stats : wifi-data: inactive (2)
03-04 10:03:25.373  5405  5468 D BatteryExternalStatsWorker: Fetch WiFi data
03-04 10:03:25.373  5405  5468 D BatteryExternalStatsWorker: Update Rail Energy data
03-04 10:03:25.374  5405  5468 D BatteryExternalStatsWorker: mStats lock released
03-04 10:03:25.391  5405  5468 D BatteryExternalStatsWorker: Update wifi state
03-04 10:03:25.391  5405  5468 D BatteryExternalStatsWorker: done updateExternalStatsLocked
03-04 10:03:27.021  5405 27231 D SemWifiUsabilityStatsMonitor: onWifiUsabilityStats - seqNum 2462, isSameBssidAndFreq true
03-04 10:03:27.023  5405  5679 I SemWifiLinkQualityMonitor: Link Qos Query: 0.041 ms / 195.000 Mbps (390 / 0.000 / 2.000)
03-04 10:03:27.926  7525  8838 I SDHMS:D : SIOP:: AP:366 BAT:373 USB:0 CHG:371 WIFI:363 SKIN:363 SKINF:361 SKINB:363 LRP:363 LRF:361 LRB:363 
03-04 10:03:28.281  4564  4564 D io_stats: !@   8,0 r 443459 13217452 w 846107 200582392 d 0 0 f 0 0 iot 500052 0 th 0 0 0 pt 0 inp 0 0 21566.281
03-04 10:03:29.972 26409 26409 I wpa_supplicant: Heartbeat 1310
03-04 10:03:30.090  5405 27231 D SemWifiUsabilityStatsMonitor: onWifiUsabilityStats - seqNum 2463, isSameBssidAndFreq true
03-04 10:03:30.094  5405  5679 I SemWifiLinkQualityMonitor: Link Qos Query: 0.041 ms / 195.000 Mbps (390 / 0.000 / 2.000)
03-04 10:03:32.284  4564  4564 D io_stats: !@   8,0 r 443459 13217452 w 846122 200582460 d 0 0 f 0 0 iot 500056 0 th 0 0 0 pt 0 inp 0 0 21570.283
03-04 10:03:33.126  5405 27231 D SemWifiUsabilityStatsMonitor: onWifiUsabilityStats - seqNum 2464, isSameBssidAndFreq true
03-04 10:03:33.127  5405  5679 I SemWifiLinkQualityMonitor: Link Qos Query: 0.041 ms / 195.000 Mbps (390 / 0.000 / 2.000)
03-04 10:03:34.075  5405  5454 E Watchdog: !@Sync: 719 heap: 104 / 109 FD: 934 [2026-03-04 10:03:34.074]
03-04 10:03:36.181  5405 27231 D SemWifiUsabilityStatsMonitor: onWifiUsabilityStats - seqNum 2465, isSameBssidAndFreq true
03-04 10:03:36.183  5405  5679 I SemWifiLinkQualityMonitor: Link Qos query: inf. ms / 0 Mbps
03-04 10:03:37.927  7525  8838 I SDHMS:D : SIOP:: AP:366 BAT:373 USB:0 CHG:371 WIFI:363 SKIN:363 SKINF:361 SKINB:363 LRP:363 LRF:361 LRB:363 
03-04 10:03:38.037  5405  5626 D ConnectivityService: reportNetworkActive, notify 1 listeners
03-04 10:03:38.037  5405  5468 D BatteryExternalStatsWorker: update stats : wifi-data: active (2)
03-04 10:03:38.044  5405  5468 D BatteryExternalStatsWorker: Fetch WiFi data
03-04 10:03:38.044  5405  5468 D BatteryExternalStatsWorker: Update Rail Energy data
03-04 10:03:38.044  5405  5468 D BatteryExternalStatsWorker: mStats lock released
03-04 10:03:38.074  5405  5468 D BatteryExternalStatsWorker: Update wifi state
03-04 10:03:38.074  5405  5468 D BatteryExternalStatsWorker: done updateExternalStatsLocked
03-04 10:03:39.059  4884  4884 E audit   : type=1400 audit(1772593419.054:2222): avc:  denied  { write } for  pid=13007 comm="ThreadPoolForeg" name="traced_producer" dev="tmpfs" ino=24980 scontext=u:r:gmscore_app:s0:c512,c768 tcontext=u:object_r:traced_producer_socket:s0 tclass=sock_file permissive=0 SEPF_SM-A515F_13_0001 audit_filtered
03-04 10:03:39.060  4884  4884 E audit   : type=1300 audit(1772593419.054:2222): arch=c00000b7 syscall=203 success=no exit=-13 a0=65 a1=74f21b4d00 a2=1e a3=50617c7b3 items=0 ppid=4905 pid=13007 auid=4294967295 uid=10224 gid=10224 euid=10224 suid=10224 fsuid=10224 egid=10224 sgid=10224 fsgid=10224 tty=(none) ses=4294967295 comm="ThreadPoolForeg" exe="/system/bin/app_process64" subj=u:r:gmscore_app:s0:c512,c768 key=(null)
03-04 10:03:39.060  4884  4884 E audit   : type=1327 audit(1772593419.054:2222): proctitle="com.google.android.gms"
03-04 10:03:39.249  5405 27231 D SemWifiUsabilityStatsMonitor: onWifiUsabilityStats - seqNum 2466, isSameBssidAndFreq true
03-04 10:03:39.251  5405  5679 I SemWifiLinkQualityMonitor: Link Qos query: inf. ms / 0 Mbps
03-04 10:03:39.252  5763  5763 D NetworkController.WifiSignalController: notifyListener: visible=true, connected=true, inetCondition=1, isDefault=true, wifiTestReported=true, receivedInetCondition=-1, hideDuringMobileSwitching=false
03-04 10:03:39.256  5763  5865 D Tile.WifiTile: handleUpdateState isTransient=false transientEnabling =false cb.isTransient=false state.state = 2 mStateBeforeClick.value =false enabled =true
03-04 10:03:39.275  5052  5052 I SurfaceFlinger: SFWD update time=21577274901874
03-04 10:03:39.983 26409 26409 I wpa_supplicant: Heartbeat 1311
03-04 10:03:42.291  4564  4564 D io_stats: !@   8,0 r 443459 13217452 w 846122 200582460 d 0 0 f 0 0 iot 500056 0 th 0 0 0 pt 0 inp 0 0 21580.291
03-04 10:03:42.316  5405 27231 D SemWifiUsabilityStatsMonitor: onWifiUsabilityStats - seqNum 2467, isSameBssidAndFreq true
03-04 10:03:42.319  5405  5679 I SemWifiLinkQualityMonitor: Link Qos query: inf. ms / 0 Mbps
03-04 10:03:42.320  5763  5763 D NetworkController.WifiSignalController: notifyListener: visible=true, connected=true, inetCondition=1, isDefault=true, wifiTestReported=true, receivedInetCondition=-1, hideDuringMobileSwitching=false
03-04 10:03:42.323  5763  5865 D Tile.WifiTile: handleUpdateState isTransient=false transientEnabling =false cb.isTransient=false state.state = 2 mStateBeforeClick.value =false enabled =true
03-04 10:03:43.629  4884  4884 E audit   : type=1400 audit(1772593423.626:2223): avc:  denied  { write } for  pid=13009 comm="ThreadPoolForeg" name="traced_producer" dev="tmpfs" ino=24980 scontext=u:r:gmscore_app:s0:c512,c768 tcontext=u:object_r:traced_producer_socket:s0 tclass=sock_file permissive=0 SEPF_SM-A515F_13_0001 audit_filtered
03-04 10:03:43.630  4884  4884 E audit   : type=1300 audit(1772593423.626:2223): arch=c00000b7 syscall=203 success=no exit=-13 a0=6 a1=74faf1de00 a2=1e a3=5065d872c items=0 ppid=4905 pid=13009 auid=4294967295 uid=10224 gid=10224 euid=10224 suid=10224 fsuid=10224 egid=10224 sgid=10224 fsgid=10224 tty=(none) ses=4294967295 comm="ThreadPoolForeg" exe="/system/bin/app_process64" subj=u:r:gmscore_app:s0:c512,c768 key=(null)
03-04 10:03:43.630  4884  4884 E audit   : type=1327 audit(1772593423.626:2223): proctitle="com.google.android.gms.persistent"
03-04 10:03:44.958  5000  5000 E sehhealth-service: Could not open /sys/class/power_supply/battery/lrp
03-04 10:03:45.385  5405 27231 D SemWifiUsabilityStatsMonitor: onWifiUsabilityStats - seqNum 2468, isSameBssidAndFreq true
03-04 10:03:45.387  5405  5679 I SemWifiLinkQualityMonitor: Link Qos query: inf. ms / 0 Mbps
03-04 10:03:47.919  7525  8838 I SDHMS:D : SIOP:: AP:366 BAT:373 USB:0 CHG:371 WIFI:364 SKIN:364 SKINF:362 SKINB:364 LRP:364 LRF:362 LRB:364 
03-04 10:03:48.295  4564  4564 D io_stats: !@   8,0 r 443459 13217452 w 846123 200582472 d 0 0 f 0 0 iot 500060 0 th 0 0 0 pt 0 inp 0 0 21586.295
03-04 10:03:48.443  5405 27231 D SemWifiUsabilityStatsMonitor: onWifiUsabilityStats - seqNum 2469, isSameBssidAndFreq true
03-04 10:03:48.446  5405  5679 I SemWifiLinkQualityMonitor: Link Qos Query: 0.041 ms / 195.000 Mbps (390 / 0.000 / 2.000)
03-04 10:03:48.446  5763  5763 D NetworkController.WifiSignalController: notifyListener: visible=true, connected=true, inetCondition=1, isDefault=true, wifiTestReported=true, receivedInetCondition=-1, hideDuringMobileSwitching=false
03-04 10:03:48.449  5763  5865 D Tile.WifiTile: handleUpdateState isTransient=false transientEnabling =false cb.isTransient=false state.state = 2 mStateBeforeClick.value =false enabled =true
03-04 10:03:49.984 26409 26409 I wpa_supplicant: Heartbeat 1312
03-04 10:03:51.498  5405 27231 D SemWifiUsabilityStatsMonitor: onWifiUsabilityStats - seqNum 2470, isSameBssidAndFreq true
03-04 10:03:51.502  5405  5679 I SemWifiLinkQualityMonitor: Link Qos Query: 0.041 ms / 195.000 Mbps (390 / 0.000 / 2.000)
03-04 10:03:51.503  5763  5763 D NetworkController.WifiSignalController: notifyListener: visible=true, connected=true, inetCondition=1, isDefault=true, wifiTestReported=true, receivedInetCondition=-1, hideDuringMobileSwitching=false
03-04 10:03:51.506  5763  5865 D Tile.WifiTile: handleUpdateState isTransient=false transientEnabling =false cb.isTransient=false state.state = 2 mStateBeforeClick.value =false enabled =true
03-04 10:03:54.558  5405 27231 D SemWifiUsabilityStatsMonitor: onWifiUsabilityStats - seqNum 2471, isSameBssidAndFreq true
03-04 10:03:54.560  5405  5679 I SemWifiLinkQualityMonitor: Link Qos Query: 0.041 ms / 195.000 Mbps (390 / 0.000 / 2.000)
03-04 10:03:57.445  5405  5652 D UsbStatsMonitor: 0 0 0 0 4 0 0 0 1 0 0 0 3 0 1 0 0 0 0 0 0 0 0 0 0 0 0 0 0 0 0 0 0 0 0 0 0 0 0 0 0 0 0 0 0 0 0 0 0
03-04 10:03:57.617  5405 27231 D SemWifiUsabilityStatsMonitor: onWifiUsabilityStats - seqNum 2472, isSameBssidAndFreq true
03-04 10:03:57.621  5405  5679 I SemWifiLinkQualityMonitor: Link Qos Query: 0.041 ms / 195.000 Mbps (390 / 0.000 / 2.000)
03-04 10:03:57.925  7525  8838 I SDHMS:D : SIOP:: AP:366 BAT:373 USB:0 CHG:371 WIFI:363 SKIN:363 SKINF:361 SKINB:363 LRP:363 LRF:361 LRB:363 
03-04 10:03:58.302  4564  4564 D io_stats: !@   8,0 r 443459 13217452 w 846123 200582472 d 0 0 f 0 0 iot 500060 0 th 0 0 0 pt 0 inp 0 0 21596.302
03-04 10:03:59.995 26409 26409 I wpa_supplicant: Heartbeat 1313
03-04 10:04:00.006  5763  5763 D KeyguardUpdateMonitor: received broadcast android.intent.action.TIME_TICK
03-04 10:04:00.007  5763  6242 D QSClockBellTower: onReceive(android.intent.action.TIME_TICK) mTimeZoneString:null
03-04 10:04:00.008  5763  5763 D KeyguardUpdateMonitor: handleTimeUpdate
03-04 10:04:00.011  5763  5763 D FaceWidgetPagesController: onTimeChanged()
03-04 10:04:00.019  5763  5763 D QSClockBellTower: He is ready to ring the bell. (((QSClockBellSound - TimeText:10:04, TimeContentDescription:10:04, DateText:Wed, 4 March, ShortDateText:Wed, 4 Mar, Demo:false, QuickStar-Second(false|12:34:56))))
03-04 10:04:00.022  5763  5763 D QSClockIndicatorView: Home Indicator status_bar_clock 10:04 notifyTimeChanged(QSClockBellSound - TimeText:10:04, TimeContentDescription:10:04, DateText:Wed, 4 March, ShortDateText:Wed, 4 Mar, Demo:false, QuickStar-Second(false|12:34:56)) ClockVisibleByPolicy:true, ClockVisibleByUser:true, visible?true, parent:android.widget.LinearLayout{6e0da4a V.E...... ......ID 0,0-97,55 #7f0b04f0 app:id/left_clock_container}
03-04 10:04:00.023  5763  5763 D QSClockBellTower: Everyone heard the bell. run(currentTime:1772593440013,   getTime():Wed Mar 04 10:04:00 GMT+07:00 2026,   getTimeZone():libcore.util.ZoneInfo[mDstSavings=0,mUseDst=false,mDelegate=[id="Asia/Bangkok",mRawOffset=25200000,mEarliestRawOffset=24124000,transitions=3]])
03-04 10:04:00.049  5763  5763 I FaceWidgetPositionAlgorithm: getClockContainerHeight() supplier = 270, bottom margin = 0, real height = 333
03-04 10:04:00.050  5763  5763 I FaceWidgetPositionAlgorithm: getClockContainerHeight() supplier = 270, bottom margin = 63, real height = 333
03-04 10:04:00.050  5763  5763 I FaceWidgetPositionAlgorithm: getMediaContainerHeight() height = 0 container Visibility = 8, isValid = false, mIsDozing = false, fraction = 1.0, source = 0, target = 0
03-04 10:04:00.051  5763  5763 I FaceWidgetPositionAlgorithm: getMediaContainerHeight() supplier = 0
03-04 10:04:00.055  5763  5763 V QsExpandAnimator: setQsExpansionPosition 0.0
03-04 10:04:00.066  5763  5763 V QsExpandAnimator: updateAnimators
03-04 10:04:00.066  5763  5763 V QsExpandAnimator: clearAnimationState 
03-04 10:04:00.067  5763  5763 V QsExpandAnimator: updateViews
03-04 10:04:00.070  5763  5763 V QsExpandAnimator: updateTileAnimator
03-04 10:04:00.073  5763  5763 V QsExpandAnimator: updateHeaderAnimator
03-04 10:04:00.074  5763  5763 V QsExpandAnimator: updateBarAnimator
03-04 10:04:00.075  5763  5763 V QsExpandAnimator: setQsExpansionPosition 0.0
03-04 10:04:00.075  5763  5763 V QsExpandAnimator: onAnimationAtStart
03-04 10:04:00.667  5405 27231 D SemWifiUsabilityStatsMonitor: onWifiUsabilityStats - seqNum 2473, isSameBssidAndFreq true
03-04 10:04:00.670  5405  5679 I SemWifiLinkQualityMonitor: Link Qos Query: 0.041 ms / 195.000 Mbps (390 / 0.000 / 2.000)
03-04 10:04:01.109  5405  5636 W DeviceStorageMonitorService: updateBroadcasts(/data) oldLevel:0, newLevel:0, seq:1
03-04 10:04:01.113  5405  5636 D DeviceStorageMonitorService: Available File Node Number is [12603930]
03-04 10:04:01.113  5405  5636 W DeviceStorageMonitorService: updateBroadcasts_filenode(/data) fn_oldLevel:0, fn_newLevel:0, seq:1
03-04 10:04:02.051  5405  5468 D BatteryExternalStatsWorker: update stats : write (63)
03-04 10:04:02.068  5405  5468 D BatteryExternalStatsWorker: Fetch WiFi data
03-04 10:04:02.068  5405  5468 D BatteryExternalStatsWorker: Update Rail Energy data
03-04 10:04:02.070  5405  5468 D BatteryExternalStatsWorker: Fetch Bluetooth data
03-04 10:04:02.071  5405  5468 D BatteryExternalStatsWorker: Fetch modem data
03-04 10:04:02.073  5405  7443 W BatteryExternalStatsWorker: error reading Bluetooth stats: 11
03-04 10:04:02.089  5405  7443 W TelephonyManager: requestModemActivityInfo: Received an invalid ModemActivityInfo
03-04 10:04:02.089  5405  7443 W BatteryExternalStatsWorker: error reading modem stats:ERROR_INVALID_INFO_RECEIVED
03-04 10:04:02.227  5405  5468 D BatteryExternalStatsWorker: Update CPU state
03-04 10:04:02.227  5405  5468 I KernelWakelockReader: readKernelWakelockStats(false)
03-04 10:04:02.230  4603  4609 W android.system.suspend@1.0-service: getWakeLockStats +
03-04 10:04:02.231  4603  4609 I android.system.suspend@1.0-service: name: PowerManagerService.Display, isActive: 1, LC: 21600230, AC: 675, AT: 1860772, TT: 14792062
03-04 10:04:02.231  4603  4609 I android.system.suspend@1.0-service: name: PowerManager.SuspendLockout, isActive: 1, LC: 21600230, AC: 677, AT: 1860773, TT: 14792667
03-04 10:04:02.231  4603  4609 W android.system.suspend@1.0-service: getWakeLockStats -
03-04 10:04:02.232  5405  5468 D KernelWakelockReader: name=PowerManagerService.WakeLocks	 isActive=false	 lastChange=21600094	 activeCount=1401	 activeTime=0	 totalTime=3822719	 version=82	 time_delta=39000
03-04 10:04:02.232  5405  5468 D KernelWakelockReader: name=PowerManagerService.Broadcasts	 isActive=false	 lastChange=19739760	 activeCount=18	 activeTime=0	 totalTime=9711	 version=82	 time_delta=0
03-04 10:04:02.232  5405  5468 D KernelWakelockReader: name=PowerManagerService.Display	 isActive=true	 lastChange=21600230	 activeCount=675	 activeTime=1860772	 totalTime=14792062	 version=82	 time_delta=77859000
03-04 10:04:02.232  5405  5468 D KernelWakelockReader: name=PowerManager.SuspendLockout	 isActive=true	 lastChange=21600230	 activeCount=677	 activeTime=1860773	 totalTime=14792667	 version=82	 time_delta=77859000
03-04 10:04:02.232  5405  5468 D KernelWakelockReader: name=PowerManagerService.Booting	 isActive=false	 lastChange=46117	 activeCount=1	 activeTime=0	 totalTime=31069	 version=82	 time_delta=0
03-04 10:04:02.233  5405  5468 I BatteryStatsImpl: updateKernelWakelocksLocked:: name=PowerManager.SuspendLockout / totalTime=14792667000 / mCount=677 / version=82
03-04 10:04:02.233  5405  5468 I BatteryStatsImpl: updateKernelWakelocksLocked:: name=PowerManagerService.Display / totalTime=14792062000 / mCount=675 / version=82
03-04 10:04:02.233  5405  5468 I BatteryStatsImpl: updateKernelWakelocksLocked:: name=PowerManagerService.WakeLocks / totalTime=3822719000 / mCount=1401 / version=82
03-04 10:04:02.233  5405  5468 I BatteryStatsImpl: updateKernelWakelocksLocked:: name=PowerManagerService.Broadcasts / totalTime=9711000 / mCount=18 / version=82
03-04 10:04:02.233  5405  5468 I BatteryStatsImpl: updateKernelWakelocksLocked:: name=PowerManagerService.Booting / totalTime=31069000 / mCount=1 / version=82
03-04 10:04:02.233  5405  5468 D BatteryExternalStatsWorker: Update Kernel wakelock & memory state
03-04 10:04:02.234  5405  5468 D BatteryExternalStatsWorker: Update RPM state
03-04 10:04:02.234  5405  5468 D BatteryExternalStatsWorker: mStats lock released
03-04 10:04:02.259  5405  5468 D BatteryExternalStatsWorker: Update wifi state
03-04 10:04:02.259  5405  5468 D BatteryExternalStatsWorker: done updateExternalStatsLocked
03-04 10:04:03.254  5405  5468 D BatteryExternalStatsWorker: update stats : wifi-data: inactive (2)
03-04 10:04:03.270  5405  5468 D BatteryExternalStatsWorker: Fetch WiFi data
03-04 10:04:03.270  5405  5468 D BatteryExternalStatsWorker: Update Rail Energy data
03-04 10:04:03.270  5405  5468 D BatteryExternalStatsWorker: mStats lock released
03-04 10:04:03.284  5405  5468 D BatteryExternalStatsWorker: Update wifi state
03-04 10:04:03.285  5405  5468 D BatteryExternalStatsWorker: done updateExternalStatsLocked
03-04 10:04:03.622  5405  5581 D InputReader: Btn_touch(9): value=1 when=21601.621732
03-04 10:04:03.623  5405  5581 I InputReader: Touch event's action is 0x0 (id=3, t=0) [pCnt=1, s=0.166 ] when=21601.621732
03-04 10:04:03.625  5405  5580 I InputDispatcher: Delivering touch to (5763): action: 0x4, f=0x0, d=0, '7b7936b', t=1 
03-04 10:04:03.626  5405  5580 I InputDispatcher: Delivering touch to (6106): action: 0x0, f=0x0, d=0, 'c4c11bb', t=1 
03-04 10:04:03.626  5405  5580 D PowerManagerService: [api] userActivityFromNative :  (event: 2 flags: 0 displayId: 0) eventTime = 21601621
03-04 10:04:03.626  6106  6106 I ViewRootImpl@ecbfdb7[SubSettings]: ViewPostIme pointer 0
03-04 10:04:03.627  5405  5449 I GestureDetector: obtain mCurrentDownEvent. id: 515909446 caller: com.android.server.wm.SystemGesturesPointerEventListener.onPointerEvent:203 com.android.server.wm.PointerEventDispatcher.onInputEvent:53 android.view.InputEventReceiver.dispatchInputEvent:285 
03-04 10:04:03.628  5405  5449 I GestureDetector: obtain mCurrentDownEvent. id: 515909446 caller: com.android.server.wm.SystemPerformancePointerEventListener.onPointerEvent:89 com.android.server.wm.PointerEventDispatcher.onInputEvent:53 android.view.InputEventReceiver.dispatchInputEvent:285 
03-04 10:04:03.627  6173  6173 I TouchInteractionService: onInputEvent, inputConsumer = com.android.quickstep.l2@37e2711
03-04 10:04:03.628  5405  5580 D PowerManagerService: UserActivityStateListenerState: 1
03-04 10:04:03.700  5405 27231 D SemWifiUsabilityStatsMonitor: onWifiUsabilityStats - seqNum 2474, isSameBssidAndFreq true
03-04 10:04:03.701  5405  5679 I SemWifiLinkQualityMonitor: Link Qos Query: 0.041 ms / 195.000 Mbps (390 / 0.000 / 2.000)
03-04 10:04:03.745  5405  5449 I GestureDetector: obtain mCurrentMotionEventRaw. action: 2 id: 12080180
03-04 10:04:03.745  5405  5449 I GestureDetector: obtain mCurrentMotionEventRaw. action: 2 id: 12080180
03-04 10:04:04.092  5405  5454 E Watchdog: !@Sync: 720 heap: 106 / 109 FD: 934 objects: 1798022 WaitTime: 0.000 GCcnt: 0 FullGC: 0 [2026-03-04 10:04:04.090]
03-04 10:04:04.095  5405 28313 I Watchdog: sent SSHS info to HQM
03-04 10:04:04.122  5405  5405 I GestureDetector: handleMessage LONG_PRESS
03-04 10:04:04.122  5405  5449 I GestureDetector: handleMessage LONG_PRESS
03-04 10:04:04.306  4564  4564 D io_stats: !@   8,0 r 443459 13217452 w 846130 200583124 d 0 0 f 0 0 iot 500072 0 th 0 0 0 pt 0 inp 0 0 21602.305
03-04 10:04:04.318  5405  5581 D InputReader: Btn_touch(9): value=0 when=21602.318291
03-04 10:04:04.318  5405  5581 I InputReader: Touch event's action is 0x1 (id=3, t=0) [pCnt=1, s=] when=21602.318291
03-04 10:04:04.319  5405  5580 I InputDispatcher: Delivering touch to (6106): action: 0x1, f=0x0, d=0, 'c4c11bb', t=1 
03-04 10:04:04.319  6106  6106 I ViewRootImpl@ecbfdb7[SubSettings]: ViewPostIme pointer 1
03-04 10:04:04.320  6173  6173 I TouchInteractionService: reset
03-04 10:04:04.321  5763  8773 V Navbar.Store: handleEvent(0) ResetBottomGestureHintVI(noArguments=true) [Module] 
03-04 10:04:04.321  5763  8773 V Navbar.Store: --[Band]GESTURE_PACK_RESET_HINT_VI
03-04 10:04:04.321  5763  8773 V Navbar.Store: ----apply(0) ResetHintVI
03-04 10:04:04.396  5405  5589 I HqmInfo::HqmManagerService: MSG_TYPE:MSG_TYPE_PROCESS_LOG_BY_HQM
03-04 10:04:04.401  5405  5460 I ActivityManager: com.samsung.android.dqagent is exempt from freezer
03-04 10:04:04.402  5405  5460 D CompatibilityChangeReporter: Compat change id reported: 135634846; UID 1000; state: DISABLED
03-04 10:04:04.402  5405  5460 D CompatibilityChangeReporter: Compat change id reported: 177438394; UID 1000; state: DISABLED
03-04 10:04:04.402  5405  5460 D CompatibilityChangeReporter: Compat change id reported: 135772972; UID 1000; state: DISABLED
03-04 10:04:04.402  5405  5460 D CompatibilityChangeReporter: Compat change id reported: 135754954; UID 1000; state: ENABLED
03-04 10:04:04.421  4905  4905 D Zygote  : Forked child process 28325
03-04 10:04:04.422  5405  5461 I ActivityManager: Start proc 28325:com.samsung.android.dqagent/1000 for broadcast {com.samsung.android.dqagent/com.samsung.android.dqagent.receiver.DQADataReceiver}
03-04 10:04:04.446 28325 28325 I android.dqagent: Using CollectorTypeCC GC.
03-04 10:04:04.452 28325 28325 E android.dqagent: Not starting debugger since process cannot load the jdwp agent.
03-04 10:04:04.458 28325 28325 D nativeloader: Load libframework-connectivity-tiramisu-jni.so using APEX ns com_android_tethering for caller /apex/com.android.tethering/javalib/framework-connectivity-t.jar: ok
03-04 10:04:04.463 28325 28325 D ActivityThread: setConscryptValidator
03-04 10:04:04.463 28325 28325 D ActivityThread: setConscryptValidator - put
03-04 10:04:04.467  5405  7443 I ActivityManager: DSS OFF for com.samsung.android.dqagent
03-04 10:04:04.470  5405  7443 D CompatibilityChangeReporter: Compat change id reported: 181136395; UID 1000; state: DISABLED
03-04 10:04:04.477 28325 28325 D CompatibilityChangeReporter: Compat change id reported: 171979766; UID 1000; state: ENABLED
03-04 10:04:04.560 28325 28325 I DIAGMON_SDK[605054]: DiagMonAgent type: 2
03-04 10:04:04.561 28325 28325 I DIAGMON_SDK[605054][999-399-549750] : generated SR object
03-04 10:04:04.575  7467  7498 I DMASA[D][999-399-549750]: [DiagmonProvider]Received msg based on provider : true / anr_logging
03-04 10:04:04.576  7467  7498 I DMASA[D][999-399-549750]: [DiagmonProvider]Signature Check Success
03-04 10:04:04.578  7467  7498 I DMASA[D]: [b][999-399-549750] Failed : Service is not exist
03-04 10:04:04.581 28325 28342 I DIAGMON_SDK[605054][999-399-549750] : Results : Failed, Cause : Service is not exist
03-04 10:04:04.588  4605  4605 W keymaster_tee: [WRN]begin req PARAMS: A32 B2 P64 
03-04 10:04:04.592  4604 10226 I keystore2: keystore2::security_level: In create_operation. Success to create IKeystoreOperation. 1000, None
03-04 10:04:04.607  5405  7443 I GenerationRegistry: mBackingStore.isClosed() : false
03-04 10:04:04.674 28325 28344 I DQA     : [DQADatabaseOpenHelper]db open success
03-04 10:04:05.267  5405  5581 D InputReader: Btn_touch(9): value=1 when=21603.266120
03-04 10:04:05.267  5405  5581 I InputReader: Touch event's action is 0x0 (id=3, t=0) [pCnt=1, s=0.167 ] when=21603.266120
03-04 10:04:05.269  5405  5580 I InputDispatcher: Delivering touch to (5763): action: 0x4, f=0x0, d=0, '7b7936b', t=1 
03-04 10:04:05.269  5405  5580 I InputDispatcher: Delivering touch to (6106): action: 0x0, f=0x0, d=0, 'c4c11bb', t=1 
03-04 10:04:05.269  5405  5580 D PowerManagerService: [api] userActivityFromNative :  (event: 2 flags: 0 displayId: 0) eventTime = 21603266
03-04 10:04:05.269  6106  6106 I ViewRootImpl@ecbfdb7[SubSettings]: ViewPostIme pointer 0
03-04 10:04:05.270  5405  5449 I GestureDetector: obtain mCurrentDownEvent. id: 938393676 caller: com.android.server.wm.SystemGesturesPointerEventListener.onPointerEvent:203 com.android.server.wm.PointerEventDispatcher.onInputEvent:53 android.view.InputEventReceiver.dispatchInputEvent:285 
03-04 10:04:05.271  5405  5449 I GestureDetector: obtain mCurrentDownEvent. id: 938393676 caller: com.android.server.wm.SystemPerformancePointerEventListener.onPointerEvent:89 com.android.server.wm.PointerEventDispatcher.onInputEvent:53 android.view.InputEventReceiver.dispatchInputEvent:285 
03-04 10:04:05.272  6173  6173 I TouchInteractionService: createGestureState, gestureId : 516
03-04 10:04:05.272  6173  6173 I TopTaskTracker: getCachedTopTask : filterOnlyVisibleRecents = false
