03-04 10:04:07.795  6173  6173 I HomeStateTransitionController: workspace child count: 2
03-04 10:04:07.797  6173  6173 I FolderTransitionController: setStateWithAnimation : QuickSwitch
03-04 10:04:07.797  6173  6173 I FolderTransitionController: setFolderProperty : QuickSwitch,Normal,Normal
03-04 10:04:07.797  6173  6173 I PageEditTransitionController: setStateWithAnimation - from : Normal to : QuickSwitch
03-04 10:04:07.798  6173  6173 I CapturedBlurTransitionController: setStateWithAnimation : isLand=false, mPreviousOrientation=1, mLauncher.orientation=1
03-04 10:04:07.798  6173  6173 I CapturedBlur: shouldTakeScreenshot : needTakeScreenshot=false, mWallpaperChanged=false, mWallpaperDrawCompleted=false, mCapture=nonNull, isOrientationChanged()=false, isDisplayChanged()=false
03-04 10:04:07.798  6173  6173 I CapturedBlur: takeScreenShot() shouldTakeScreenshot: false
03-04 10:04:07.798  6173  6173 I StateManager: onAnimationStart state : QuickSwitch
03-04 10:04:07.798  6173  6173 I StateManager: onStateTransitionStart mState = QuickSwitch
03-04 10:04:07.800  6173  6173 I Launcher: onStateSetEnd for widget host, state : QuickSwitch
03-04 10:04:07.800  6173  6173 W LauncherAppWidgetHost: setShouldListenFlag, mFlags:15 flag:resume on:false isFront:false
03-04 10:04:07.800  6173  6173 I BaseActivity: addActivityFlags, flags : 64
03-04 10:04:07.800  6173  6173 I RecentsView: setOverviewStateEnabled true
03-04 10:04:07.801  6173  6173 I RecentsOrientedStateCallbacksImpl: setRotationWatcherEnabled
03-04 10:04:07.801  6173  6173 I RecentsOrientedStateCallbacksImpl: setFlag
03-04 10:04:07.801  6173  6173 I RecentsOrientedState: current RecentsOrientedState: [this=RecentsOrientedState@21055968 mOrientationHandler=PortraitPagedViewHandler@9364633 mDisplayRotation=0 mTouchRotation=0 mRecentsActivityRotation=0 mRecentsRotation=0 isRecentsActivityRotationAllowed=false mSystemRotation=true mStateId=38272 mFlags=363]
03-04 10:04:07.802  6173  6173 I WhiteBgColorNotifier: changeWhiteBgSystemUIColor type = 4 supportWhiteBg : false forced : false mStatusBarColorIsDark true mNavigationBarColorIsDark true
03-04 10:04:07.802  6173  6173 I WhiteBgColorNotifier: changeWhiteBgSystemUIColor type = 5 supportWhiteBg : false forced : false mStatusBarColorIsDark true mNavigationBarColorIsDark true
03-04 10:04:07.806  6173  6386 I RecentTasksList: loadTasksInBackground : groupTask = GroupTask{task1=[id=18 windowingMode=1 user=0 lastActiveTime=16178770] null, task2=null, task3=null, mStagedSplitBounds=null}
03-04 10:04:07.806  6173  6386 I RecentTasksList: loadTasksInBackground : groupTask = GroupTask{task1=[id=21 windowingMode=1 user=0 lastActiveTime=17035693] null, task2=null, task3=null, mStagedSplitBounds=null}
03-04 10:04:07.806  6173  6386 I RecentTasksList: loadTasksInBackground : groupTask = GroupTask{task1=[id=9 windowingMode=1 user=0 lastActiveTime=52254057] null, task2=null, task3=null, mStagedSplitBounds=null}
03-04 10:04:07.807  6173  6173 I BaseDragLayer: founded touch controller : com.android.launcher3.uioverrides.touchcontrollers.NoButtonQuickSwitchTouchController@4f37d2c
03-04 10:04:07.808  5405  7443 D InputDispatcher: Cancel for 'b3dadce': input channel stole pointer stream, m=1
03-04 10:04:07.808  5405  7443 I InputDispatcher: Delivering touch to (6173): action: 0x3, f=0x0, d=0, 'b3dadce', t=1 
03-04 10:04:07.808  5405  7443 D InputDispatcher: Cancel for '[Gestur': input channel stole pointer stream, m=1
03-04 10:04:07.808  5405  7443 D InputDispatcher: Cancel for '[Gestur': input channel stole pointer stream, m=1
03-04 10:04:07.808  5405  7443 D InputDispatcher: Cancel for 'f5d9b79': input channel stole pointer stream, m=1
03-04 10:04:07.808  5405  7443 I InputDispatcher: Channel [Gesture Monitor] swipe-up (server) is stealing touch from [b3dadce com.sec.android.app.launcher/com.sec.android.app.launcher.activities.LauncherActivity (server), [Gesture Monitor] PalmMotion (server), [Gesture Monitor] edge-swipe (server), f5d9b79 com.android.systemui.ImageWallpaper (server)]
03-04 10:04:07.809  6173  6173 I ViewRootImpl@e012360[LauncherActivity]: performTraversals params={(0,0)(fillxfill) sim={adjust=nothing} layoutInDisplayCutoutMode=shortEdges ty=BASE_APPLICATION fmt=TRANSPARENT wanim=0x10302f4
03-04 10:04:07.809  6173  6173 I ViewRootImpl@e012360[LauncherActivity]:   fl=81910100
03-04 10:04:07.809  6173  6173 I ViewRootImpl@e012360[LauncherActivity]:   pfl=1e020040
03-04 10:04:07.809  6173  6173 I ViewRootImpl@e012360[LauncherActivity]:   vsysui=1700
03-04 10:04:07.809  6173  6173 I ViewRootImpl@e012360[LauncherActivity]:   bhv=SHOW_TRANSIENT_BARS_BY_SWIPE
03-04 10:04:07.809  6173  6173 I ViewRootImpl@e012360[LauncherActivity]:   fitSides= naviIconColor=0}
03-04 10:04:07.810  6173  6173 I ViewRootImpl@e012360[LauncherActivity]: performTraversals mFirst=false windowShouldResize=false viewVisibilityChanged=false mForceNextWindowRelayout=false params={(0,0)(fillxfill) sim={adjust=nothing} layoutInDisplayCutoutMode=shortEdges ty=BASE_APPLICATION fmt=TRANSPARENT wanim=0x10302f4
03-04 10:04:07.810  6173  6173 I ViewRootImpl@e012360[LauncherActivity]:   fl=81910100
03-04 10:04:07.810  6173  6173 I ViewRootImpl@e012360[LauncherActivity]:   pfl=1e020040
03-04 10:04:07.810  6173  6173 I ViewRootImpl@e012360[LauncherActivity]:   vsysui=1700
03-04 10:04:07.810  6173  6173 I ViewRootImpl@e012360[LauncherActivity]:   bhv=SHOW_TRANSIENT_BARS_BY_SWIPE
03-04 10:04:07.810  6173  6173 I ViewRootImpl@e012360[LauncherActivity]:   fitSides= naviIconColor=0}
03-04 10:04:07.811  5405  7554 V WindowManager: Relayout Window{b3dadce u0 com.sec.android.app.launcher/com.sec.android.app.launcher.activities.LauncherActivity}: viewVisibility=0 req=1080x2400 d0
03-04 10:04:07.813  5405  7554 D WindowManager: updateSystemBarAttributes: displayId=0, win=Window{b3dadce u0 com.sec.android.app.launcher/com.sec.android.app.launcher.activities.LauncherActivity}, navColorWin=Window{b3dadce u0 com.sec.android.app.launcher/com.sec.android.app.launcher.activities.LauncherActivity}, focusedCanBeNavColorWin=false, behavior=2, appearance=0, statusBarAppearanceRegions=[AppearanceRegion{ bounds=[0,0][1080,2400]}], requestedVisibilities=, from=com.android.server.wm.DisplayPolicy.finishPostLayoutPolicyLw:2527 com.android.server.wm.DisplayContent.applySurfaceChangesTransaction:5713 com.android.server.wm.RootWindowContainer.applySurfaceChangesTransaction:1234 
03-04 10:04:07.813  5763  5763 D LocationControllerImpl: onReceive() = android.intent.action.CLOSE_SYSTEM_DIALOGS
03-04 10:04:07.813  5763  5763 V ShadeControllerImpl: NotificationShadeWindow: com.android.systemui.statusbar.phone.NotificationShadeWindowView{51575b2 I.E...... ......ID 0,0-1080,2400} canPanelBeCollapsed(): false
03-04 10:04:07.814  5763  5763 D PopupUI.PopupUI: PopupUIReceiver.onReceive() action : android.intent.action.CLOSE_SYSTEM_DIALOGS
03-04 10:04:07.814  5763  5763 D QSMoreButton: action:android.intent.action.CLOSE_SYSTEM_DIALOGS
03-04 10:04:07.814  5763  5763 D QSButtonsContainer: action:android.intent.action.CLOSE_SYSTEM_DIALOGS
03-04 10:04:07.814  5763  5763 D Tile.MobileDataTile: action:android.intent.action.CLOSE_SYSTEM_DIALOGS
03-04 10:04:07.814  5763  5763 D SecQSLayoutDetail: action:android.intent.action.CLOSE_SYSTEM_DIALOGS
03-04 10:04:07.815  5763  5763 D SecVolume.SecVolumeStore: dispatch [ACTION_DISMISS_REQUESTED] with [STATE_NO_DISPATCH]
03-04 10:04:07.815  5763  5763 D SecVolume.SecVolumeStore:   > New State : [STATE_NO_DISPATCH]
03-04 10:04:07.815  5405  7554 V WindowManager: Relayout hash=b3dadce, pid=6173, syncId=-1: mAttrs={(0,0)(fillxfill) sim={adjust=nothing} layoutInDisplayCutoutMode=shortEdges ty=BASE_APPLICATION fmt=TRANSPARENT wanim=0x10302f4
03-04 10:04:07.815  5405  7554 V WindowManager:   fl=81910100
03-04 10:04:07.815  5405  7554 V WindowManager:   pfl=1e020040
03-04 10:04:07.815  5405  7554 V WindowManager:   vsysui=1700
03-04 10:04:07.815  5405  7554 V WindowManager:   bhv=SHOW_TRANSIENT_BARS_BY_SWIPE
03-04 10:04:07.815  5405  7554 V WindowManager:   fitSides= naviIconColor=0}
03-04 10:04:07.816  5763  5763 D SamsungLightBarControlHelper: onStatusBarAppearanceChanged() -  sbModeChanged:false, statusBarMode:MODE_TRANSPARENT, barState:SHADE, isKeyguardShowing:false, navbarColorManagedByIme:false, stackAppearancesChanged:true, (AppearanceRegion{ bounds=[0,0][1080,2400]}, ), packageName:com.sec.android.app.launcher
03-04 10:04:07.816  5763  5763 D NavigationBar: onSystemBarAttributesChanged() -  displayId:0, appearance:0, packageName: com.sec.android.app.launcher, navbarColorManagedByIme:false
03-04 10:04:07.817  6173  6173 I ViewRootImpl@e012360[LauncherActivity]: updateBlastSurfaceIfNeeded mBlastBufferQueue=0x74f387f200 isSameSurfaceControl=true
03-04 10:04:07.817  6173  6173 I BLASTBufferQueue: update, w= 1080 h= 2400 mName = ViewRootImpl@e012360[LauncherActivity] mNativeObject= 0x74f387f200 sc.mNativeObject= 0x75092be4a0 format= -2 caller= android.view.ViewRootImpl.updateBlastSurfaceIfNeeded:2898 android.view.ViewRootImpl.relayoutWindow:9847 android.view.ViewRootImpl.performTraversals:3884 android.view.ViewRootImpl.doTraversal:3116 android.view.ViewRootImpl$TraversalRunnable.run:10885 android.view.Choreographer$CallbackRecord.run:1301 
03-04 10:04:07.818  6173  6173 I ViewRootImpl@e012360[LauncherActivity]: Relayout returned: old=(0,0,1080,2400) new=(0,0,1080,2400) req=(1080,2400)0 dur=7 res=0x0 s={true 0x74cebdf000} ch=false seqId=0
03-04 10:04:07.818  5763  5763 D SamsungLightBarControlHelper: updateStatus(WHITE icon) NumStacks:1, StatusBarMode:MODE_TRANSPARENT, lightBarBounds:[], StatusBarState:SHADE, packageName:com.sec.android.app.launcher, isWhiteKeyguardStatusBarBySettings:true
03-04 10:04:07.818  6173  6173 I RecentsView: pageScrollsInitialized: true
03-04 10:04:07.818  6173  6173 I RecentsViewCallbacksImpl: computeMinScroll
03-04 10:04:07.822  6173  6173 W BaseDragLayer: findActiveController return false mTouchDispatchState = 4
03-04 10:04:07.822  6173  6173 W PagedView: Touch Pos - : D-(594, 21605693)-M-(598, 21605756)-M-(606, 21605772)-M-(619, 21605789)-C-(644, 21605822)-End
03-04 10:04:07.831  6173  6173 I SuggestedItemsFacade: updateTaskList : 3
03-04 10:04:07.832  6173  6173 I ApplyLoadPlanOperationImpl: load [
03-04 10:04:07.832  6173  6173 I ApplyLoadPlanOperationImpl: taskId = 18, ComponentInfo{com.samsung.android.app.omcagent/com.samsung.android.app.omcagent.rna.ui.RnaManagerActivity}
03-04 10:04:07.832  6173  6173 I ApplyLoadPlanOperationImpl: taskId = 21, ComponentInfo{com.pocketagent.android/com.pocketagent.android.MainActivity}
03-04 10:04:07.832  6173  6173 I ApplyLoadPlanOperationImpl: taskId = 9, ComponentInfo{com.android.settings/com.android.settings.Settings} ]
03-04 10:04:07.833  6173  6173 I HsClearAllManager: alpha value: [1.0, 0.0, -2.53752, 0.0, 1.0]
03-04 10:04:07.833  6173  6389 I SPayUpdater: updateSpayHandler, show = false, defaultPage = false
03-04 10:04:07.833  6173  6173 I RecentsView: runOnPageScrollsInitialized() called with: callback = [com.android.launcher3.j5@7d7e3f5]
03-04 10:04:07.833  6173  6173 I RecentsView: pageScrollsInitialized: false
03-04 10:04:07.834  6173  6173 I RecentsView: runOnPageScrollsInitialized() called with: callback = [com.android.launcher3.j5@2dee58a]
03-04 10:04:07.834  6173  6173 I RecentsView: pageScrollsInitialized: false
03-04 10:04:07.834  6173  6173 I RecentsView: runOnPageScrollsInitialized() called with: callback = [com.android.launcher3.j5@593f7fb]
03-04 10:04:07.834  6173  6173 I RecentsView: pageScrollsInitialized: false
03-04 10:04:07.835  5763  5763 I ViewRootImpl@1b8fc88[NotificationShade]: performTraversals mFirst=false windowShouldResize=false viewVisibilityChanged=false mForceNextWindowRelayout=false params={(0,0)(fillxfill) gr=TOP CENTER_VERTICAL sim={adjust=resize} layoutInDisplayCutoutMode=always ty=NOTIFICATION_SHADE fmt=TRANSLUCENT
03-04 10:04:07.835  5763  5763 I ViewRootImpl@1b8fc88[NotificationShade]:   fl=81840048
03-04 10:04:07.835  5763  5763 I ViewRootImpl@1b8fc88[NotificationShade]:   pfl=1b000000
03-04 10:04:07.835  5763  5763 I ViewRootImpl@1b8fc88[NotificationShade]:   bhv=SHOW_TRANSIENT_BARS_BY_SWIPE naviIconColor=0
03-04 10:04:07.835  5763  5763 I ViewRootImpl@1b8fc88[NotificationShade]:   sfl=60000}
03-04 10:04:07.835  5405  7554 V WindowManager: Relayout Window{6d7ee64 u0 NotificationShade}: viewVisibility=4 req=1080x2400 d0
03-04 10:04:07.837  6173 17842 I TaskIconCache: getCacheEntry: taskId = 9, icon null
03-04 10:04:07.838  6173  6173 I RecentsViewCallbacksImpl: updateGridProperties
03-04 10:04:07.839  6173  6173 I RecentsView: resetTaskVisuals
03-04 10:04:07.841  6173  6173 I RecentsViewCallbacksImpl: onTaskStackUpdated
03-04 10:04:07.841  6173  6173 I HsClearAllManager: alpha value: [1.0, 0.0, -2.53752, 1.0, 1.0]
03-04 10:04:07.841  5405  5449 D WindowManager: requestTransientBars: swipeTarget=Window{7b7936b u0 NavigationBar0}, controlTarget=Window{b3dadce u0 com.sec.android.app.launcher/com.sec.android.app.launcher.activities.LauncherActivity}, canShowTransient=true, restorePositionTypes=0x3, from=com.android.server.wm.DisplayPolicy.-$$Nest$mrequestTransientBars:0 com.android.server.wm.DisplayPolicy$1.onSwipeFromBottom:608 
03-04 10:04:07.841  6173  6173 I RecentsView: applyLoadPlan taskGroups : 3
03-04 10:04:07.842  5405  7554 V WindowManager: Relayout hash=6d7ee64, pid=5763, syncId=-1: mAttrs={(0,0)(fillxfill) gr=TOP CENTER_VERTICAL sim={adjust=resize} layoutInDisplayCutoutMode=always ty=NOTIFICATION_SHADE fmt=TRANSLUCENT
03-04 10:04:07.842  5405  7554 V WindowManager:   fl=81840048
03-04 10:04:07.842  5405  7554 V WindowManager:   pfl=1b000000
03-04 10:04:07.842  5405  7554 V WindowManager:   bhv=SHOW_TRANSIENT_BARS_BY_SWIPE naviIconColor=0
03-04 10:04:07.842  5405  7554 V WindowManager:   sfl=60000}
03-04 10:04:07.843  5763  5763 D InsetsController: onStateChanged: InsetsState: {mDisplayFrame=Rect(0, 0 - 1080, 2400), mDisplayCutout=DisplayCutout{insets=Rect(0, 88 - 0, 0) waterfall=Insets{left=0, top=0, right=0, bottom=0} boundingRect={Bounds=[Rect(0, 0 - 0, 0), Rect(512, 0 - 568, 88), Rect(0, 0 - 0, 0), Rect(0, 0 - 0, 0)]} cutoutPathParserInfo={CutoutPathParserInfo{displayWidth=1080 displayHeight=2400 physicalDisplayWidth=1080 physicalDisplayHeight=2400 density={2.625} cutoutSpec={M 0,0 M 0,12.25101276465640 a 10.60613009248640,10.60613009248640 0 1,0 0,21.21226018497290 a 10.60613009248640,10.60613009248640 0 1,0 0,-21.21226018497290 Z @dp} rotation={0} scale={1.0} physicalPixelDisplaySizeRatio={1.0}}}}, mRoundedCorners=RoundedCorners{[RoundedCorner{position=TopLeft, radius=84, center=Point(84, 84)}, RoundedCorner{position=TopRight, radius=84, center=Point(996, 84)}, RoundedCorner{position=BottomRight, radius=84, center=Point(996, 2316)}, RoundedCorner{position=BottomLeft, radius=84, center=Point(84, 2316)}]}  mRoundedCornerFrame=Rect(0, 0 - 0, 0), mPrivacyIndicatorBounds=PrivacyIndicatorBounds {static bounds=Rect(964, 0 - 1080, 88) rotation=0}, mSources= { InsetsSource: {mType=ITYPE_NAVIGATION_BAR, mFrame=[0,2361][1080,2400], mVisible=true, mInsetsRoundedCornerFrame=false}, InsetsSource: {mType=ITYPE_LEFT_GESTURES, mFrame=[0,0][59,2400], mVisible=true, mInsetsRoundedCornerFrame=false}, InsetsSource: {mType=ITYPE_RIGHT_GESTURES, mFrame=[1002,0][1080,2400], mVisible=true, mInsetsRoundedCornerFrame=false}, InsetsSource: {mType=ITYPE_TOP_MANDATORY_GESTURES, mFrame=[0,0][1080,120], mVisible=true, mInsetsRoundedCornerFrame=false}, InsetsSource: {mType=ITYPE_BOTTOM_MANDATORY_GESTURES, mFrame=[0,2316][1080,2400], mVisible=true, mInsetsRoundedCornerFrame=false}, InsetsSource: {mType=ITYPE_LEFT_DISPLAY_CUTOUT, mFrame=[0,0][-100000,2400], mVisible=true, mInsetsRoundedCornerFrame=false}, InsetsSource: {mType=ITYPE_TOP_DISPLAY_CUTOUT, mFrame=[0,0][1080,88], mVisible=true, mInsetsRoundedCornerFrame=false}, InsetsSource: {mType=ITYPE_RIGHT_DISPLAY_CUTOUT, mFrame=[100000,0][1080,2400], mVisible=true, mInsetsRoundedCornerFrame=false}, InsetsSource: {mType=ITYPE_BOTTOM_DISPLAY_CUTOUT, mFrame=[0,100000][1080,2400], mVisible=true, mInsetsRoundedCornerFrame=false}, InsetsSource: {mType=ITYPE_BOTTOM_TAPPABLE_ELEMENT, mFrame=[0,0][0,0], mVisible=true, mInsetsRoundedCornerFrame=false} } host=NotificationShade from=android.view.ViewRootImpl.relayoutWindow:9802
03-04 10:04:07.845  5763  5763 I ViewRootImpl@1b8fc88[NotificationShade]: Relayout returned: old=(0,0,1080,2400) new=(0,0,1080,2400) req=(1080,2400)4 dur=10 res=0x0 s={false 0x0} ch=false seqId=5
03-04 10:04:07.846  6173  6173 I RecentsView: pageScrollsInitialized: true
03-04 10:04:07.846  6173  6173 I RecentsViewCallbacksImpl: computeMinScroll
03-04 10:04:07.847  6173 17842 I LauncherActivityInfo: packageName: com.android.settings, useThemeIcon: true, height: 126, width: 126, density: 420
03-04 10:04:07.848  6173 17842 I GetBitmapInfoOperationImpl: getBitmapInfo: userId = [0], primaryColor = [-6191520 -> #A18660], isInstantApp = [false], isSecureFolderApp = [false]
03-04 10:04:07.849  5763  5763 I FaceWidgetPositionAlgorithm: getClockContainerHeight() supplier = 270, bottom margin = 0, real height = 333
03-04 10:04:07.850  5763  5763 I FaceWidgetPositionAlgorithm: getClockContainerHeight() supplier = 270, bottom margin = 63, real height = 333
03-04 10:04:07.850  5763  5763 I FaceWidgetPositionAlgorithm: getMediaContainerHeight() height = 0 container Visibility = 8, isValid = false, mIsDozing = false, fraction = 1.0, source = 0, target = 0
03-04 10:04:07.850  5763  5763 I FaceWidgetPositionAlgorithm: getMediaContainerHeight() supplier = 0
03-04 10:04:07.862  6173  6173 W Choreographer: Frame time is 0.043438 ms in the future!  Check that graphics HAL is generating vsync timestamps using the correct timebase.
03-04 10:04:07.862  5405  5452 W Choreographer: Frame time is 0.043515 ms in the future!  Check that graphics HAL is generating vsync timestamps using the correct timebase.
03-04 10:04:07.917  7525  8838 I SDHMS:D : SIOP:: AP:375 BAT:373 USB:0 CHG:372 WIFI:363 SKIN:366 SKINF:363 SKINB:366 LRP:366 LRF:363 LRB:366 
03-04 10:04:07.984  5405  6729 D VibratorManagerService: vibrate - uid: 10135, opPkg: com.sec.android.app.launcher, effect: Mono{mEffect=Composed{segments=[SemHaptic{mType=50124}], repeat=-1, mMagnitudeType=TYPE_TOUCH}}, attrs: VibrationAttributes: Usage=TOUCH Audio Usage= USAGE_ASSISTANCE_SONIFICATION tags= Flags=0, reason: null, token: android.os.BinderProxy@56709b5
03-04 10:04:07.984  5405  6729 D VibratorManagerService: converted usage = TOUCH(18)
03-04 10:04:07.984  5405  6729 D VibratorManagerService: magnitude value is under 0
03-04 10:04:07.984  5405  6729 D VibratorManagerService: Canceling vibration
03-04 10:04:07.984  5405  6729 D VibratorManagerService: The vibration was not generated normally.
03-04 10:04:08.263  5405  5581 D InputReader: Btn_touch(9): value=0 when=21606.263191
03-04 10:04:08.263  5405  5581 I InputReader: Touch event's action is 0x1 (id=3, t=0) [pCnt=1, s=] when=21606.263191
03-04 10:04:08.269  6173  6173 W SGestureHintAnimationHelper: onDragEnd
03-04 10:04:08.269  5763  5790 V Navbar.Store: handleEvent(0) ResetBottomGestureHintVI(noArguments=true) [Module] 
03-04 10:04:08.270  5763  5790 V Navbar.Store: --[Band]GESTURE_PACK_RESET_HINT_VI
03-04 10:04:08.270  5763  5790 V Navbar.Store: ----apply(0) ResetHintVI
03-04 10:04:08.271  6173  6173 I AppsTransitionController: setStateWithAnimation - toState : Overview
03-04 10:04:08.272  6173  6173 I HomeStateTransitionController: workspace child count: 2
03-04 10:04:08.276  6173  6173 I SuggestedAppsManager: updateItems, filterHotseat : true
03-04 10:04:08.276  6173  6173 W SuggestedAppsManager: Disabled. Skip this request.
03-04 10:04:08.278  6173  6173 I FolderTransitionController: setStateWithAnimation : Overview
03-04 10:04:08.278  6173  6173 I FolderTransitionController: setFolderProperty : Overview,QuickSwitch,Normal
03-04 10:04:08.278  6173  6173 I PageEditTransitionController: setStateWithAnimation - from : QuickSwitch to : Overview
03-04 10:04:08.278  6173  6173 I CapturedBlurTransitionController: setStateWithAnimation : isLand=false, mPreviousOrientation=1, mLauncher.orientation=1
03-04 10:04:08.279  6173  6173 I CapturedBlur: shouldTakeScreenshot : needTakeScreenshot=false, mWallpaperChanged=false, mWallpaperDrawCompleted=false, mCapture=nonNull, isOrientationChanged()=false, isDisplayChanged()=false
03-04 10:04:08.279  6173  6173 I CapturedBlur: takeScreenShot() shouldTakeScreenshot: false
03-04 10:04:08.282  6173  6173 I SearchBarManager: alpha value: [1.0, 1.0, -1.8582983, 1.0, 1.0]
03-04 10:04:08.283  6173  6173 I HsClearAllManager: alpha value: [1.0, 1.0, -1.8582983, 1.0, 1.0]
03-04 10:04:08.283  6173  6173 I FgsManager: alpha value: [1.0, 1.0, -1.8582983, 1.0, 1.0]
03-04 10:04:08.284  6173  6173 I SearchBarManager: alpha value: [1.0, 1.0, 1.0, 1.0, 1.0]
03-04 10:04:08.284  6173  6173 I SuggestedAppsManager: alpha value: [1.0, 0.0, 1.0, 0.0, 1.0]
03-04 10:04:08.284  6173  6173 I HsClearAllManager: alpha value: [1.0, 1.0, 1.0, 1.0, 1.0]
03-04 10:04:08.284  6173  6173 I HandOffManager: alpha value: [1.0, 0.0, 1.0, 1.0, 1.0, 0.0, 1.0]
03-04 10:04:08.284  6173  6173 I SplitViewManager: alpha value: [1.0, 1.0, 1.0, 0.0, 1.0, 1.0, 1.0, 1.0]
03-04 10:04:08.284  6173  6173 I FgsManager: alpha value: [1.0, 1.0, 1.0, 1.0, 1.0]
03-04 10:04:08.285  6173  6173 I StateManager: Animation is canceled. mStateChanged is changed to False : QuickSwitch
03-04 10:04:08.285  6173  6173 I StateManager: End animation. mStateChanged is changed to False : QuickSwitch
03-04 10:04:08.286  6173  6173 I StateManager: createAnimationToNewWorkspaceInternal : Overview
03-04 10:04:08.286  6173  6173 I StateManager: onAnimationStart state : Overview
03-04 10:04:08.286  6173  6173 I StateManager: onStateTransitionStart mState = Overview
03-04 10:04:08.287  6173  6173 I Launcher: onStateSetEnd for widget host, state : Overview
03-04 10:04:08.287  6173  6173 W LauncherAppWidgetHost: setShouldListenFlag, mFlags:7 flag:resume on:false isFront:false
03-04 10:04:08.287  6173  6173 I BaseActivity: addActivityFlags, flags : 64
03-04 10:04:08.287  6173  6173 I RecentsView: setOverviewStateEnabled true
03-04 10:04:08.287  6173  6173 I RecentsOrientedStateCallbacksImpl: setRotationWatcherEnabled
03-04 10:04:08.288  6173  6173 I RecentsOrientedState: current RecentsOrientedState: [this=RecentsOrientedState@21055968 mOrientationHandler=PortraitPagedViewHandler@9364633 mDisplayRotation=0 mTouchRotation=0 mRecentsActivityRotation=0 mRecentsRotation=0 isRecentsActivityRotationAllowed=false mSystemRotation=true mStateId=46464 mFlags=363]
03-04 10:04:08.288  6173  6173 I TaskUtils: minimizePopupWindows
03-04 10:04:08.289  6173  6173 I WhiteBgColorNotifier: changeWhiteBgSystemUIColor type = 4 supportWhiteBg : false forced : false mStatusBarColorIsDark true mNavigationBarColorIsDark true
03-04 10:04:08.289  6173  6173 I WhiteBgColorNotifier: changeWhiteBgSystemUIColor type = 5 supportWhiteBg : false forced : false mStatusBarColorIsDark true mNavigationBarColorIsDark true
03-04 10:04:08.289  6173  6173 W BaseDragLayer: proxyTouchEvent, action = 1, mTouchDispatchState = 0, allowViewDispatch = false, handled = true
03-04 10:04:08.289  6173  6173 I TouchInteractionService: reset
03-04 10:04:08.290  5763  5790 V Navbar.Store: handleEvent(0) ResetBottomGestureHintVI(noArguments=true) [Module] 
03-04 10:04:08.290  5763  5790 V Navbar.Store: --[Band]GESTURE_PACK_RESET_HINT_VI
03-04 10:04:08.290  5763  5790 V Navbar.Store: ----apply(0) ResetHintVI
03-04 10:04:08.291  6173  6173 I StateManager: goToState isInState Overview
03-04 10:04:08.291  6173  6173 I DecorView: notifyKeepScreenOnChanged: keepScreenOn=false
03-04 10:04:08.292  6173  6173 I StateManager: Animation is canceled. mStateChanged is changed to False : Overview
03-04 10:04:08.292  6173  6173 I StateManager: End animation. mStateChanged is changed to False : Overview
03-04 10:04:08.292  6173  6173 I StateManager: onStateTransitionStart mState = Overview
03-04 10:04:08.292  6173  6173 I Launcher: onStateSetEnd for widget host, state : Overview
03-04 10:04:08.292  6173  6173 W LauncherAppWidgetHost: setShouldListenFlag, mFlags:7 flag:resume on:false isFront:false
03-04 10:04:08.292  6173  6173 I BaseActivity: addActivityFlags, flags : 64
03-04 10:04:08.293  6173  6173 I RecentsView: setOverviewStateEnabled true
03-04 10:04:08.293  6173  6173 I RecentsOrientedStateCallbacksImpl: setRotationWatcherEnabled
03-04 10:04:08.293  6173  6173 I RecentsOrientedState: current RecentsOrientedState: [this=RecentsOrientedState@21055968 mOrientationHandler=PortraitPagedViewHandler@9364633 mDisplayRotation=0 mTouchRotation=0 mRecentsActivityRotation=0 mRecentsRotation=0 isRecentsActivityRotationAllowed=false mSystemRotation=true mStateId=46464 mFlags=363]
03-04 10:04:08.293  6173  6173 I TaskUtils: minimizePopupWindows
03-04 10:04:08.293  6173  6173 I WhiteBgColorNotifier: changeWhiteBgSystemUIColor type = 4 supportWhiteBg : false forced : false mStatusBarColorIsDark true mNavigationBarColorIsDark true
03-04 10:04:08.294  6173  6173 I WhiteBgColorNotifier: changeWhiteBgSystemUIColor type = 5 supportWhiteBg : false forced : false mStatusBarColorIsDark true mNavigationBarColorIsDark true
03-04 10:04:08.294  6173  6173 I AppsTransitionController: setState - toState : Overview
03-04 10:04:08.295  6173  6173 I HomeStateTransitionController: workspace child count: 2
03-04 10:04:08.297  6173  6173 I RecentsView: resetTaskVisuals
03-04 10:04:08.299  6173  6173 I SuggestedAppsManager: updateItems, filterHotseat : true
03-04 10:04:08.299  6173  6173 W SuggestedAppsManager: Disabled. Skip this request.
03-04 10:04:08.300  6173  6173 I PageEditTransitionController: setState - from : Overview to : Overview
03-04 10:04:08.300  6173  6173 I CapturedBlurTransitionController: doTakeScreenShotOnPendingExecutor() getIsLauncherDrawn(): true, state: Overview, blurFactor: 1.0
03-04 10:04:08.300  6173  6173 I CapturedBlurTransitionController: needTakeScreenshot() blurFactor: 1.0, mLauncher.hasBeenResumed(): true
03-04 10:04:08.300  6173  6173 I StateManager: onStateTransitionEnd mState : Overview
03-04 10:04:08.300  6173  6173 I BaseActivity: removeActivityFlags, flags : 64
03-04 10:04:08.302  6173  6173 I HandOffManager: updateButtonVisibility, idx = 1
03-04 10:04:08.302  6173  6173 I HandOffManager: isOverviewState = true
03-04 10:04:08.302  6173  6173 I HandOffManager: needAnimateButton: idx = 1, isEnabled = true, needAnimate = true
03-04 10:04:08.302  6173  6173 I HandOffManager: animateButton, show = true, idx = 1
03-04 10:04:08.302  6173  6173 I HandOffManager: isOverviewState = true
03-04 10:04:08.303  6173  8948 I EventInserter: showedHandoffApp
03-04 10:04:08.303  6173  8948 I EventInserter: sendLoggingOfHandoffApp
03-04 10:04:08.303  6173  6173 I HandOffManager: alpha value: [1.0, 1.0, 1.0, 1.0, 1.0, 0.0, 1.0]
03-04 10:04:08.303  6173  6173 I StateManager: goToStateAnimated mStateChanged is false
03-04 10:04:08.304  6173  6173 I StateManager: goToState no animation to Overview
03-04 10:04:08.306  6173  6173 I ViewRootImpl@e012360[LauncherActivity]: performTraversals params={(0,0)(fillxfill) sim={adjust=nothing} layoutInDisplayCutoutMode=shortEdges ty=BASE_APPLICATION fmt=TRANSPARENT wanim=0x10302f4
03-04 10:04:08.306  6173  6173 I ViewRootImpl@e012360[LauncherActivity]:   fl=81910100
03-04 10:04:08.306  6173  6173 I ViewRootImpl@e012360[LauncherActivity]:   pfl=1e020040
03-04 10:04:08.306  6173  6173 I ViewRootImpl@e012360[LauncherActivity]:   vsysui=1700
03-04 10:04:08.306  6173  6173 I ViewRootImpl@e012360[LauncherActivity]:   bhv=SHOW_TRANSIENT_BARS_BY_SWIPE
03-04 10:04:08.306  6173  6173 I ViewRootImpl@e012360[LauncherActivity]:   fitSides= naviIconColor=0}
03-04 10:04:08.306  6173  6173 I ViewRootImpl@e012360[LauncherActivity]: performTraversals mFirst=false windowShouldResize=false viewVisibilityChanged=false mForceNextWindowRelayout=false params={(0,0)(fillxfill) sim={adjust=nothing} layoutInDisplayCutoutMode=shortEdges ty=BASE_APPLICATION fmt=TRANSPARENT wanim=0x10302f4
03-04 10:04:08.306  6173  6173 I ViewRootImpl@e012360[LauncherActivity]:   fl=81910100
03-04 10:04:08.306  6173  6173 I ViewRootImpl@e012360[LauncherActivity]:   pfl=1e020040
03-04 10:04:08.306  6173  6173 I ViewRootImpl@e012360[LauncherActivity]:   vsysui=1700
03-04 10:04:08.306  6173  6173 I ViewRootImpl@e012360[LauncherActivity]:   bhv=SHOW_TRANSIENT_BARS_BY_SWIPE
03-04 10:04:08.306  6173  6173 I ViewRootImpl@e012360[LauncherActivity]:   fitSides= naviIconColor=0}
03-04 10:04:08.307  5405  5460 D CompatibilityChangeReporter: Compat change id reported: 168419799; UID 10350; state: DISABLED
03-04 10:04:08.307  5405  7613 V WindowManager: Relayout Window{b3dadce u0 com.sec.android.app.launcher/com.sec.android.app.launcher.activities.LauncherActivity}: viewVisibility=0 req=1080x2400 d0
03-04 10:04:08.309  4564  4564 D io_stats: !@   8,0 r 443486 13217752 w 846143 200583172 d 0 0 f 0 0 iot 500096 0 th 0 0 0 pt 0 inp 0 0 21606.308
03-04 10:04:08.311  5405  7613 V WindowManager: Relayout hash=b3dadce, pid=6173, syncId=-1: mAttrs={(0,0)(fillxfill) sim={adjust=nothing} layoutInDisplayCutoutMode=shortEdges ty=BASE_APPLICATION fmt=TRANSPARENT wanim=0x10302f4
03-04 10:04:08.311  5405  7613 V WindowManager:   fl=81910100
03-04 10:04:08.311  5405  7613 V WindowManager:   pfl=1e020040
03-04 10:04:08.311  5405  7613 V WindowManager:   vsysui=1700
03-04 10:04:08.311  5405  7613 V WindowManager:   bhv=SHOW_TRANSIENT_BARS_BY_SWIPE
03-04 10:04:08.311  5405  7613 V WindowManager:   fitSides= naviIconColor=0}
03-04 10:04:08.313  6173  6173 I ViewRootImpl@e012360[LauncherActivity]: updateBlastSurfaceIfNeeded mBlastBufferQueue=0x74f387f200 isSameSurfaceControl=true
03-04 10:04:08.313  6173  6173 I BLASTBufferQueue: update, w= 1080 h= 2400 mName = ViewRootImpl@e012360[LauncherActivity] mNativeObject= 0x74f387f200 sc.mNativeObject= 0x74f39e07c0 format= -2 caller= android.view.ViewRootImpl.updateBlastSurfaceIfNeeded:2898 android.view.ViewRootImpl.relayoutWindow:9847 android.view.ViewRootImpl.performTraversals:3884 android.view.ViewRootImpl.doTraversal:3116 android.view.ViewRootImpl$TraversalRunnable.run:10885 android.view.Choreographer$CallbackRecord.run:1301 
03-04 10:04:08.314  6173  6173 I ViewRootImpl@e012360[LauncherActivity]: Relayout returned: old=(0,0,1080,2400) new=(0,0,1080,2400) req=(1080,2400)0 dur=7 res=0x0 s={true 0x74cebdf000} ch=false seqId=0
03-04 10:04:08.314  6173  6173 I RecentsView: pageScrollsInitialized: true
03-04 10:04:08.314  6173  6173 I RecentsViewCallbacksImpl: computeMinScroll
03-04 10:04:08.323  6173  6389 I SPayUpdater: updateSpayHandler, show = false, defaultPage = false
03-04 10:04:08.324  6173  6389 I SPayUpdater: updateSpayHandler, show = false, defaultPage = false
03-04 10:04:08.326  6173  6389 I SPayUpdater: updateSpayHandler, show = false, defaultPage = false
03-04 10:04:08.456  4953  4953 I SensorsHub: batch: handle=27 period=20000000 timeout=0
03-04 10:04:08.483  6173  6173 I HsTaskBooster: tick TASK_BOOST: 6173/800
03-04 10:04:08.651  5405  5468 D BatteryExternalStatsWorker: update stats : wifi-data: active (2)
03-04 10:04:08.651  5405  5626 D ConnectivityService: reportNetworkActive, notify 1 listeners
03-04 10:04:08.655  5405  5468 D BatteryExternalStatsWorker: Fetch WiFi data
03-04 10:04:08.655  5405  5468 D BatteryExternalStatsWorker: Update Rail Energy data
03-04 10:04:08.655  5405  5468 D BatteryExternalStatsWorker: mStats lock released
03-04 10:04:08.673  5405  5468 D BatteryExternalStatsWorker: Update wifi state
03-04 10:04:08.673  5405  5468 D BatteryExternalStatsWorker: done updateExternalStatsLocked
03-04 10:04:08.897  5405  5581 D InputReader: Btn_touch(9): value=1 when=21606.896339
03-04 10:04:08.897  5405  5581 I InputReader: Touch event's action is 0x0 (id=3, t=0) [pCnt=1, s=0.169 ] when=21606.896339
03-04 10:04:08.899  5405  5580 I InputDispatcher: Delivering touch to (5763): action: 0x4, f=0x0, d=0, '7b7936b', t=1 
03-04 10:04:08.899  5405  5580 I InputDispatcher: Delivering touch to (6173): action: 0x0, f=0x0, d=0, 'b3dadce', t=1 
03-04 10:04:08.899  5405  5580 D PowerManagerService: [api] userActivityFromNative :  (event: 2 flags: 0 displayId: 0) eventTime = 21606896
03-04 10:04:08.899  6173  6173 I ViewRootImpl@e012360[LauncherActivity]: ViewPostIme pointer 0
03-04 10:04:08.900  6173  6173 W BaseDragLayer: dispatchTouchEvent, ACTION_DOWN - mTouchDispatchState = 9
03-04 10:04:08.901  6173  6173 W StatusBarController: onControllerInterceptTouchEvent return false by setting value
03-04 10:04:08.901  5405  5449 I GestureDetector: obtain mCurrentDownEvent. id: 349512232 caller: com.android.server.wm.SystemGesturesPointerEventListener.onPointerEvent:203 com.android.server.wm.PointerEventDispatcher.onInputEvent:53 android.view.InputEventReceiver.dispatchInputEvent:285 
03-04 10:04:08.901  6173  6173 W BaseDragLayer: findActiveController return false mTouchDispatchState = 9
03-04 10:04:08.902  5405  5449 I GestureDetector: obtain mCurrentDownEvent. id: 349512232 caller: com.android.server.wm.SystemPerformancePointerEventListener.onPointerEvent:89 com.android.server.wm.PointerEventDispatcher.onInputEvent:53 android.view.InputEventReceiver.dispatchInputEvent:285 
03-04 10:04:08.903  6173  6173 I TouchInteractionService: onInputEvent, inputConsumer = com.android.quickstep.l2@37e2711
03-04 10:04:08.960  5405  5581 D InputReader: Btn_touch(9): value=0 when=21606.959744
03-04 10:04:08.960  5405  5581 I InputReader: Touch event's action is 0x1 (id=3, t=0) [pCnt=1, s=] when=21606.959744
03-04 10:04:08.960  5405  5580 I InputDispatcher: Delivering touch to (6173): action: 0x1, f=0x0, d=0, 'b3dadce', t=1 
03-04 10:04:08.960  6173  6173 I ViewRootImpl@e012360[LauncherActivity]: ViewPostIme pointer 1
03-04 10:04:08.961  6173  6173 W StatusBarController: onControllerInterceptTouchEvent return false by setting value
03-04 10:04:08.961  5405  5449 I GestureDetector: obtain mCurrentMotionEventRaw. action: 1 id: 942178210
03-04 10:04:08.961  6173  6173 W BaseDragLayer: findActiveController return false mTouchDispatchState = 0
03-04 10:04:08.961  5405  5449 I GestureDetector: obtain mCurrentMotionEventRaw. action: 1 id: 942178210
03-04 10:04:08.962  6173  6173 I TaskView: onClick : id=9 windowingMode=1 user=0 lastActiveTime=52254057
03-04 10:04:08.964  6173  6173 I RecentsView: registerExtraTaskLaunchAnimation
03-04 10:04:08.966  6173  6173 I TaskView: launchTaskAnimated, startActivityFromRecents
03-04 10:04:08.968  5405  7613 D ActivityTaskManager: SafeActivityOptions created, mOriginalCallingPid=6173, mOriginalCallingUid=10135, options=ActivityOptions(23064792), mPackageName=null, mAnimationType=13, mStartX=0, mStartY=0, mWidth=0, mHeight=0, caller=com.android.server.wm.SafeActivityOptions.fromBundle:82 com.android.server.wm.ActivityTaskManagerService.startActivityFromRecents:2462 android.app.IActivityTaskManager$Stub.onTransact:1533 com.android.server.wm.ActivityTaskManagerService.onTransact:6588 android.os.Binder.execTransactInternal:1316 android.os.Binder.execTransact:1280 <bottom of call stack> 
03-04 10:04:08.970  5405  5451 I ChimeraSystemEventListener: appLaunchIntent package name is: com.android.settings
03-04 10:04:08.970  5405  7613 I Pageboost: moveTaskToFront : 1000:com.android.settings.root
03-04 10:04:08.971  6724  6724 E pageboostd: Received HALT command code 2
03-04 10:04:08.971  5405  7613 D ActivityTaskManager: scheduleTopResumedActivityChanged, onTop=false r=ActivityRecord{f610b8d u0 com.sec.android.app.launcher/.activities.LauncherActivity} t7} caller=com.android.server.wm.ActivityTaskSupervisor.updateTopResumedActivityIfNeeded:2510 com.android.server.wm.TaskDisplayArea.positionChildTaskAt:602 com.android.server.wm.TaskDisplayArea.positionChildAt:537 com.android.server.wm.Task.moveToFrontInner:6053 com.android.server.wm.Task.moveToFront:6019 com.android.server.wm.ActivityRecord.moveFocusableActivityToTop:3871 
03-04 10:04:08.971  5405  7613 D InputDispatcher: Focused application(0): ActivityRecord{275b054 u0 com.android.settings/.SubSettings} t9}
03-04 10:04:08.972  5405  7613 V WindowManager: Changing focus from Window{b3dadce u0 com.sec.android.app.launcher/com.sec.android.app.launcher.activities.LauncherActivity} to null displayId=0 Callers=com.android.server.wm.RootWindowContainer.updateFocusedWindowLocked:595 com.android.server.wm.WindowManagerService.updateFocusedWindowLocked:6803 com.android.server.wm.ActivityTaskManagerService.setResumedActivityUncheckLocked:5755 com.android.server.wm.ActivityRecord.moveFocusableActivityToTop:3874 
03-04 10:04:08.972  5405  7613 D MARsPolicyManager: onPackageResumedFG pkgName = com.sec.android.app.launcher, userId = 0
03-04 10:04:08.972  5405  7613 D StatusBarManagerService: notifyRequestedSystemKey recent=false home=false
03-04 10:04:08.972  5405  7613 D SGM:FgCheckThread: TaskStackListener.onTaskFocusChanged(), taskId=7, focused=false
03-04 10:04:08.973  5405  7613 D SGM:FgCheckThread: TaskStackListener.onTaskFocusChanged(), taskId=9, focused=true
03-04 10:04:08.973  5405  7613 D SGM:FgCheckThread:   sendRunningComponentFocus(), pkgName: com.android.settings, userId: 0
03-04 10:04:08.973  5405  5641 D AS.MultiSoundManager: mForegroundUid = 1000
03-04 10:04:08.973  5405  5597 D SGM:FgCheckThread: onLooperPrepared(), msg: MSG_TASK_FOCUSED, pkgName: com.android.settings, userId: 0
03-04 10:04:08.973  5405  5597 D SGM:FgCheckThread: handleTaskFocused().
03-04 10:04:08.973  5405  5597 D SGM:FgCheckThread: sendFocusOutConditionally() - mPrevNotiPkg: (unknown), userId: 0
03-04 10:04:08.973  5405  5597 D SGM:FgCheckThread:   handleTaskFocused(), pkgName: com.android.settings, userID:0 mResumedPkgMap does not containsKey.
03-04 10:04:08.973  5405  7613 W WindowManager: Prepare app transition: mNextAppTransitionRequests=[TRANSIT_TO_FRONT], mNextAppTransitionFlags=, displayId: 0 Callers=com.android.server.wm.DisplayContent.prepareAppTransition:6493 com.android.server.wm.DisplayContent.prepareAppTransition:6484 com.android.server.wm.Task.updateTransitLocked:7050 com.android.server.wm.Task.moveTaskToFront:7148 com.android.server.wm.Task.moveTaskToFront:7055 
03-04 10:04:08.976  5405  7613 V WindowManager: Checking theme of starting window: 0x7f1304c8
03-04 10:04:08.977  5405  7613 V WindowManager: Translucent=false Floating=false ShowWallpaper=false Disable=false
03-04 10:04:08.977  5405  7613 V WindowManager: rotationForOrientation(orient=SCREEN_ORIENTATION_UNSPECIFIED (-1), last=ROTATION_0 (0)); user=ROTATION_0 (0) 
03-04 10:04:08.977  5405  7613 D WindowManager: rotationForOrientation, orientationSource=ActivityRecord{f610b8d u0 com.sec.android.app.launcher/.activities.LauncherActivity} t7}
03-04 10:04:08.977  5405  7613 V WindowManager: Creating SnapshotStartingData
03-04 10:04:08.977  5405  7613 D ActivityTaskManager: Add starting com.android.server.wm.ActivityRecord$AddStartingWindow@62fbfeb: typeParam=94
03-04 10:04:08.977  5405  7613 V WindowManager: Add starting com.android.server.wm.ActivityRecord$AddStartingWindow@62fbfeb: startingData=com.android.server.wm.SnapshotStartingData@4b8c31
03-04 10:04:08.978  5405  7613 V WindowManager: Added starting ActivityRecord{275b054 u0 com.android.settings/.SubSettings} t9}: startingWindow=null startingView=com.android.server.wm.StartingSurfaceController$StartingSurface@3c7cf16
03-04 10:04:08.978  5405  7613 I SemDvfsHyPerManager: acquire hyper - AMS_APP_LAUNCH/5405@15, type = -999
03-04 10:04:08.979  5405  7613 D CompatibilityChangeReporter: Compat change id reported: 194833441; UID 1000; state: ENABLED
03-04 10:04:08.983  6173  6173 I TaskView: startActivityFromRecents success : com.android.launcher3.util.RunnableList@519e5bc
03-04 10:04:08.984  5405  6729 D CompatibilityChangeReporter: Compat change id reported: 168419799; UID 1000; state: DISABLED
03-04 10:04:08.985  6173  6173 I TouchInteractionService: reset
03-04 10:04:08.986  5763  5818 V Navbar.Store: handleEvent(0) ResetBottomGestureHintVI(noArguments=true) [Module] 
03-04 10:04:08.986  5763  5818 V Navbar.Store: --[Band]GESTURE_PACK_RESET_HINT_VI
03-04 10:04:08.986  5763  5818 V Navbar.Store: ----apply(0) ResetHintVI
03-04 10:04:08.987  5052  5095 I SurfaceFlinger: id=1209 createSurf flag=80004, b4f4284 SnapshotStartingWindow for taskId=9#1209
03-04 10:04:08.987  5405  6729 V WindowManager: addWindow: ActivityRecord{275b054 u0 com.android.settings/.SubSettings} t9} startingWindow=Window{b4f4284 u0 SnapshotStartingWindow for taskId=9}
03-04 10:04:08.990  6173  6173 I BaseActivity: removeActivityFlags, flags : 16
03-04 10:04:08.991  5405  7443 V WindowManager: Relayout Window{b4f4284 u0 SnapshotStartingWindow for taskId=9}: viewVisibility=0 req=-1x-1 d0
03-04 10:04:08.991  6173  6173 I BaseActivity: removeActivityFlags, flags : 6
03-04 10:04:08.991  5405  7443 D RestrictionPolicy: isScreenCaptureEnabled : ret=true userId=0
03-04 10:04:08.991  6173  6173 I DragController: endDrag
03-04 10:04:08.991  6173  6173 W LauncherAppWidgetHost: setShouldListenFlag, mFlags:7 flag:resume on:false isFront:false
03-04 10:04:08.991  6173  6173 I SPayUpdater: updateSpayHandler launcher activity is paused false
03-04 10:04:08.991  5052  5095 I SurfaceFlinger: id=1210 createSurf flag=40004, SnapshotStartingWindow for taskId=9$_5763#1210
03-04 10:04:08.992  5405  7443 D WindowManager: makeSurface duration=0 name=SnapshotStartingWindow for taskId=9$_5763
03-04 10:04:08.995  5405  6729 D MARsPolicyManager: onPackageResumedFG pkgName = com.android.settings, userId = 0
03-04 10:04:08.995  5405  6729 I SemDvfsHyPerManager: acquire hyper - AMS_ACT_RESUME/5405@28, type = -999
03-04 10:04:08.995  5405  6729 D ActivityManagerPerformance: AMP_acquire() ACT_RESUME
03-04 10:04:08.995  5405  7443 V WindowManager: Relayout hash=b4f4284, pid=5763, syncId=-1: mAttrs={(0,0)(fillxfill) layoutInDisplayCutoutMode=shortEdges ty=APPLICATION_STARTING fmt=RGBA_8888 wanim=0x10302f4 if=INPUT_FEATURE_NO_INPUT_CHANNEL
03-04 10:04:08.995  5405  7443 V WindowManager:   fl=80010118
03-04 10:04:08.995  5405  7443 V WindowManager:   pfl=32020000
03-04 10:04:08.995  5405  7443 V WindowManager:   apr=LIGHT_STATUS_BARS LIGHT_NAVIGATION_BARS
03-04 10:04:08.995  5405  7443 V WindowManager:   bhv=DEFAULT
03-04 10:04:08.995  5405  7443 V WindowManager:   fitSides= naviIconColor=0}
03-04 10:04:08.995  5405  6729 W WindowManager: Prepare app transition: mNextAppTransitionRequests=[TRANSIT_TO_FRONT, TRANSIT_OPEN], mNextAppTransitionFlags=, displayId: 0 Callers=com.android.server.wm.DisplayContent.prepareAppTransition:6493 com.android.server.wm.TaskFragment.resumeTopActivity:1573 com.android.server.wm.TaskFragment.resumeTopActivity:1307 com.android.server.wm.Task.resumeTopActivityInnerLocked:6451 com.android.server.wm.Task.resumeTopActivityUncheckedLocked:6352 
03-04 10:04:08.996  4967  5044 I HYPER-HAL: [RequestManager.cpp]acquire(): Acquired ID : 14761489  [5405 / 28]    HINT : AMS_ACT_RESUME    list : 
03-04 10:04:08.996  5405  6729 V WindowManager: Setting visibility of Window{b4f4284 u0 SnapshotStartingWindow for taskId=9}: true, caller=com.android.server.wm.WindowContainer.sendAppVisibilityToClients:1246 com.android.server.wm.WindowToken.setClientVisible:431 com.android.server.wm.ActivityRecord.setClientVisible:7691 com.android.server.wm.ActivityRecord.setVisibility:6091 com.android.server.wm.ActivityRecord.setVisibility:5984 
03-04 10:04:08.996  5405  6729 V WindowManager: Setting visibility of Window{c4c11bb u0 com.android.settings/com.android.settings.SubSettings}: true, caller=com.android.server.wm.WindowContainer.sendAppVisibilityToClients:1246 com.android.server.wm.WindowToken.setClientVisible:431 com.android.server.wm.ActivityRecord.setClientVisible:7691 com.android.server.wm.ActivityRecord.setVisibility:6091 com.android.server.wm.ActivityRecord.setVisibility:5984 
03-04 10:04:08.997  5763  5821 D ShellStartingWindow: Relayout returned: frame=ClientWindowFrames{frame=[0,0][1080,2400] display=[0,0][1080,2400] parentFrame=[0,0][0,0] parentClippedByDisplayCutout=false} topInset=InsetsState: {mDisplayFrame=Rect(0, 0 - 1080, 2400), mDisplayCutout=DisplayCutout{insets=Rect(0, 88 - 0, 0) waterfall=Insets{left=0, top=0, right=0, bottom=0} boundingRect={Bounds=[Rect(0, 0 - 0, 0), Rect(512, 0 - 568, 88), Rect(0, 0 - 0, 0), Rect(0, 0 - 0, 0)]} cutoutPathParserInfo={CutoutPathParserInfo{displayWidth=1080 displayHeight=2400 physicalDisplayWidth=1080 physicalDisplayHeight=2400 density={2.625} cutoutSpec={M 0,0 M 0,12.25101276465640 a 10.60613009248640,10.60613009248640 0 1,0 0,21.21226018497290 a 10.60613009248640,10.60613009248640 0 1,0 0,-21.21226018497290 Z @dp} rotation={0} scale={1.0} physicalPixelDisplaySizeRatio={1.0}}}}, mRoundedCorners=RoundedCorners{[RoundedCorner{position=TopLeft, radius=84, center=Point(84, 84)}, RoundedCorner{position=TopRight, radius=84, center=Point(996, 84)}, RoundedCorner{position=BottomRight, radius=84, center=Point(996, 2316)}, RoundedCorner{position=BottomLeft, radius=84, center=Point(84, 2316)}]}  mRoundedCornerFrame=Rect(0, 0 - 1080, 2400), mPrivacyIndicatorBounds=PrivacyIndicatorBounds {static bounds=Rect(964, 0 - 1080, 88) rotation=0}, mSources= { InsetsSource: {mType=ITYPE_STATUS_BAR, mFrame=[0,0][1080,88], mVisible=true, mInsetsRoundedCornerFrame=false}, InsetsSource: {mType=ITYPE_NAVIGATION_BAR, mFrame=[0,2361][1080,2400], mVisible=true, mInsetsRoundedCornerFrame=false}, InsetsSource: {mType=ITYPE_LEFT_GESTURES, mFrame=[0,0][59,2400], mVisible=true, mInsetsRoundedCornerFrame=false}, InsetsSource: {mType=ITYPE_RIGHT_GESTURES, mFrame=[1002,0][1080,2400], mVisible=true, mInsetsRoundedCornerFrame=false}, InsetsSource: {mType=ITYPE_TOP_MANDATORY_GESTURES, mFrame=[0,0][1080,120], mVisible=true, mInsetsRoundedCornerFrame=false}, InsetsSource: {mType=ITYPE_BOTTOM_MANDATORY_GESTURES, mFrame=[0,2316][1080,2400], mVisible=true, mInsetsRoundedCornerFrame=false}, InsetsSource: {mType=ITYPE_LEFT_DISPLAY_CUTOUT, mFrame=[0,0][-100000,2400], mVisible=true, mInsetsRoundedCornerFrame=false}, InsetsSource: {mType=ITYPE_TOP_DISPLAY_CUTOUT, mFrame=[0,0][1080,88], mVisible=true, mInsetsRoundedCornerFrame=false}, InsetsSource: {mType=ITYPE_RIGHT_DISPLAY_CUTOUT, mFrame=[100000,0][1080,2400], mVisible=true, mInsetsRoundedCornerFrame=false}, InsetsSource: {mType=ITYPE_BOTTOM_DISPLAY_CUTOUT, mFrame=[0,100000][1080,2400], mVisible=true, mInsetsRoundedCornerFrame=false}, InsetsSource: {mType=ITYPE_TOP_TAPPABLE_ELEMENT, mFrame=[0,0][1080,88], mVisible=true, mInsetsRoundedCornerFrame=false}, InsetsSource: {mType=ITYPE_BOTTOM_TAPPABLE_ELEMENT, mFrame=[0,0][0,0], mVisible=true, mInsetsRoundedCornerFrame=false}, InsetsSource: {mType=ITYPE_IME, mFrame=[0,0][0,0], mVisibleFrame=[0,1409][1080,2400], mVisible=false, mInsetsRoundedCornerFrame=false} }, title=SnapshotStartingWindow for taskId=9
03-04 10:04:08.997  5405  6729 D ActivityTaskManager: scheduleTopResumedActivityChanged, onTop=true r=ActivityRecord{275b054 u0 com.android.settings/.SubSettings} t9} caller=com.android.server.wm.ActivityTaskSupervisor.scheduleTopResumedActivityStateIfNeeded:2535 com.android.server.wm.ActivityTaskSupervisor.updateTopResumedActivityIfNeeded:2527 com.android.server.wm.TaskFragment.setResumedActivity:493 com.android.server.wm.TaskFragment.onActivityStateChanged:805 com.android.server.wm.ActivityRecord.setState:6406 com.android.server.wm.TaskFragment.resumeTopActivity:1629 
03-04 10:04:08.998  5405  6729 D WindowManagerServiceExt: notifyOccludeChangeNotice: cn=ComponentInfo{com.android.settings/com.android.settings.SubSettings} occludesParent=true inMultiWindow=false styleFloating=false caller=com.android.server.wm.WindowManagerServiceExt.updateOccludeTargetIfNeeded:1402 com.android.server.wm.DisplayContent.ensureActivitiesVisible:7532 com.android.server.wm.RootWindowContainer.ensureActivitiesVisible:2248 com.android.server.wm.RootWindowContainer.ensureVisibilityAndConfig:2126 com.android.server.wm.TaskFragment.resumeTopActivity:1652 
03-04 10:04:08.999  5405  6729 V WindowManager: rotationForOrientation(orient=SCREEN_ORIENTATION_UNSPECIFIED (-1), last=ROTATION_0 (0)); user=ROTATION_0 (0) 
03-04 10:04:08.999  5405  6729 D WindowManager: rotationForOrientation, orientationSource=ActivityRecord{275b054 u0 com.android.settings/.SubSettings} t9}
03-04 10:04:08.999  5405  6729 V WindowManager: rotationForOrientation(orient=SCREEN_ORIENTATION_UNSPECIFIED (-1), last=ROTATION_0 (0)); user=ROTATION_0 (0) 
03-04 10:04:08.999  5405  6729 D WindowManager: rotationForOrientation, orientationSource=ActivityRecord{275b054 u0 com.android.settings/.SubSettings} t9}
03-04 10:04:08.999  5405  6729 V WindowManager: Computed rotation=ROTATION_0 (0) for display id=0 based on lastOrientation=SCREEN_ORIENTATION_UNSPECIFIED (-1) and oldRotation=ROTATION_0 (0), caller=com.android.server.wm.DisplayRotation.updateOrientation:414 com.android.server.wm.DisplayContent.updateOrientation:1990 com.android.server.wm.DisplayContent.updateOrientation:1891 com.android.server.wm.RootWindowContainer.ensureVisibilityAndConfig:2139 com.android.server.wm.TaskFragment.resumeTopActivity:1652 com.android.server.wm.TaskFragment.resumeTopActivity:1307 
03-04 10:04:09.001  5052  5052 D SurfaceFlinger: [input] inputWindowCommands.focusRequests size is 1
03-04 10:04:09.001  5405  6729 D TspStateManager: updateCustomValue customSetting=
03-04 10:04:09.002  6106  6106 I ViewRootImpl@ecbfdb7[SubSettings]: handleAppVisibility mAppVisible = false visible = true
03-04 10:04:09.002  5405  6729 V WindowManager: rotationForOrientation(orient=SCREEN_ORIENTATION_UNSPECIFIED (-1), last=ROTATION_0 (0)); user=ROTATION_0 (0) 
03-04 10:04:09.002  5405  6729 D WindowManager: rotationForOrientation, orientationSource=ActivityRecord{275b054 u0 com.android.settings/.SubSettings} t9}
03-04 10:04:09.003  5052  5144 D SurfaceFlinger: [input] setFocusedWindow: <null>
03-04 10:04:09.003  5405  6729 D TspStateManager: updateCustomValue customSetting=
