03-04 10:04:05.757  6173  8625 I ViewRootImpl@e012360[LauncherActivity]: mWNT: t=0x74f3b5e800 mBlastBufferQueue=0x74f387f200 fn= 19 caller= com.android.systemui.shared.launcher.ViewRootImplCompat.mergeWithNextTransaction:2 com.android.quickstep.util.SurfaceTransactionApplier.lambda$scheduleApply$0:2 com.android.quickstep.util.SurfaceTransactionApplier.b:0 
03-04 10:04:05.757  6173  8625 I ViewRootImpl@e012360[LauncherActivity]: mWNT: t=0x74f3b5ea00 mBlastBufferQueue=0x74f387f200 fn= 19 caller= com.android.systemui.shared.launcher.ViewRootImplCompat.mergeWithNextTransaction:2 com.android.quickstep.util.SurfaceTransactionApplier.lambda$scheduleApply$0:2 com.android.quickstep.util.SurfaceTransactionApplier.b:0 
03-04 10:04:05.772  6173  6173 I AbsSwipeUpHandler: updateSysUiFlags, windowProgress : 1.5504037
03-04 10:04:05.772  6173  6173 I RecentsAnimationController: setWillFinishToHome, willFinishToHome : true
03-04 10:04:05.772  6173  6173 I AbsSwipeUpHandler: updateSysUiFlags, windowProgress : 1.5504037
03-04 10:04:05.773  6173  6173 I RecentsAnimationController: setWillFinishToHome, willFinishToHome : true
03-04 10:04:05.773  6173  6173 I AbsSwipeUpHandler: updateSysUiFlags, windowProgress : 1.5504037
03-04 10:04:05.773  6173  6173 I RecentsAnimationController: setWillFinishToHome, willFinishToHome : true
03-04 10:04:05.774  6173  8626 I ViewRootImpl@e012360[LauncherActivity]: mWNT: t=0x74f3b5ec00 mBlastBufferQueue=0x74f387f200 fn= 20 caller= com.android.systemui.shared.launcher.ViewRootImplCompat.mergeWithNextTransaction:2 com.android.quickstep.util.SurfaceTransactionApplier.lambda$scheduleApply$0:2 com.android.quickstep.util.SurfaceTransactionApplier.b:0 
03-04 10:04:05.774  6173  8626 I ViewRootImpl@e012360[LauncherActivity]: mWNT: t=0x74f3b5ee00 mBlastBufferQueue=0x74f387f200 fn= 20 caller= com.android.systemui.shared.launcher.ViewRootImplCompat.mergeWithNextTransaction:2 com.android.quickstep.util.SurfaceTransactionApplier.lambda$scheduleApply$0:2 com.android.quickstep.util.SurfaceTransactionApplier.b:0 
03-04 10:04:05.774  6173  8626 I ViewRootImpl@e012360[LauncherActivity]: mWNT: t=0x74f3837000 mBlastBufferQueue=0x74f387f200 fn= 20 caller= com.android.systemui.shared.launcher.ViewRootImplCompat.mergeWithNextTransaction:2 com.android.quickstep.util.SurfaceTransactionApplier.lambda$scheduleApply$0:2 com.android.quickstep.util.SurfaceTransactionApplier.b:0 
03-04 10:04:05.778  5405  5459 I LatencyTracker: ACTION_START_RECENTS_ANIMATION latency=201
03-04 10:04:05.789  6173  6173 I AbsSwipeUpHandler: updateSysUiFlags, windowProgress : 1.5504037
03-04 10:04:05.789  6173  6173 I RecentsAnimationController: setWillFinishToHome, willFinishToHome : true
03-04 10:04:05.789  6173  6173 I AbsSwipeUpHandler: updateSysUiFlags, windowProgress : 1.5504037
03-04 10:04:05.789  6173  6173 I RecentsAnimationController: setWillFinishToHome, willFinishToHome : true
03-04 10:04:05.789  6173  6173 I AbsSwipeUpHandler: updateSysUiFlags, windowProgress : 1.5504037
03-04 10:04:05.790  6173  6173 I RecentsAnimationController: setWillFinishToHome, willFinishToHome : true
03-04 10:04:05.790  6173  8625 I ViewRootImpl@e012360[LauncherActivity]: mWNT: t=0x74f3837100 mBlastBufferQueue=0x74f387f200 fn= 21 caller= com.android.systemui.shared.launcher.ViewRootImplCompat.mergeWithNextTransaction:2 com.android.quickstep.util.SurfaceTransactionApplier.lambda$scheduleApply$0:2 com.android.quickstep.util.SurfaceTransactionApplier.b:0 
03-04 10:04:05.791  6173  8625 I ViewRootImpl@e012360[LauncherActivity]: mWNT: t=0x74f3837200 mBlastBufferQueue=0x74f387f200 fn= 21 caller= com.android.systemui.shared.launcher.ViewRootImplCompat.mergeWithNextTransaction:2 com.android.quickstep.util.SurfaceTransactionApplier.lambda$scheduleApply$0:2 com.android.quickstep.util.SurfaceTransactionApplier.b:0 
03-04 10:04:05.791  6173  8625 I ViewRootImpl@e012360[LauncherActivity]: mWNT: t=0x74f3837300 mBlastBufferQueue=0x74f387f200 fn= 21 caller= com.android.systemui.shared.launcher.ViewRootImplCompat.mergeWithNextTransaction:2 com.android.quickstep.util.SurfaceTransactionApplier.lambda$scheduleApply$0:2 com.android.quickstep.util.SurfaceTransactionApplier.b:0 
03-04 10:04:05.794  5052  5052 D SurfaceFlinger: Display 0 HWC layers:
03-04 10:04:05.794  5052  5052 D SurfaceFlinger:      CLIENT | 0x7c6c8a7f80 | 0100 | RGBx_8888    |  467.0   11.0 1213.0 1669.0 |    0    0 1080 2400 | Wallpaper BBQ wrapper#78
03-04 10:04:05.794  5052  5052 D SurfaceFlinger:      CLIENT | 0x7c6afef540 | 0100 | RGBA_8888    |    0.0    0.0 1080.0 2400.0 |    0    0 1080 2400 | com.sec.android.app.launcher/com.sec[...]tivities.LauncherActivity$_6173#1203
03-04 10:04:05.794  5052  5052 D SurfaceFlinger:      CLIENT | 0x7c6c8a8e80 | 0100 | RGBA_8888    |    0.0    0.0 1080.0   88.0 |    0    0 1080   88 | StatusBar$_5763#90
03-04 10:04:05.794  5052  5052 D SurfaceFlinger:      DEVICE | 0x7c6c8a6f40 | 0100 | RGBA_8888    |    0.0    0.0 1080.0  126.0 |    0 2274 1080 2400 | NavigationBar0$_5763#85
03-04 10:04:05.794  5052  5052 D SurfaceFlinger:      DEVICE | 0x7c39f90cc0 | 0140 | RGBA_8888    |    0.0    0.0 1080.0  100.0 |    0    0 1080  100 | ScreenDecorOverlay$_5763#95
03-04 10:04:05.794  5052  5052 D SurfaceFlinger:      DEVICE | 0x7c6c8a8480 | 0140 | RGBA_8888    |    0.0    0.0 1080.0  100.0 |    0 2300 1080 2400 | ScreenDecorOverlayBottom$_5763#96
03-04 10:04:05.794  5052  5052 D SurfaceFlinger: 
03-04 10:04:05.805  6173  6173 I AbsSwipeUpHandler: updateSysUiFlags, windowProgress : 1.5504037
03-04 10:04:05.805  6173  6173 I RecentsAnimationController: setWillFinishToHome, willFinishToHome : true
03-04 10:04:05.806  6173  6173 I AbsSwipeUpHandler: updateSysUiFlags, windowProgress : 1.5504037
03-04 10:04:05.806  6173  6173 I RecentsAnimationController: setWillFinishToHome, willFinishToHome : true
03-04 10:04:05.806  6173  6173 I AbsSwipeUpHandler: updateSysUiFlags, windowProgress : 1.5504037
03-04 10:04:05.806  6173  6173 I RecentsAnimationController: setWillFinishToHome, willFinishToHome : true
03-04 10:04:05.807  6173  8626 I ViewRootImpl@e012360[LauncherActivity]: mWNT: t=0x74f3837400 mBlastBufferQueue=0x74f387f200 fn= 22 caller= com.android.systemui.shared.launcher.ViewRootImplCompat.mergeWithNextTransaction:2 com.android.quickstep.util.SurfaceTransactionApplier.lambda$scheduleApply$0:2 com.android.quickstep.util.SurfaceTransactionApplier.b:0 
03-04 10:04:05.807  6173  8626 I ViewRootImpl@e012360[LauncherActivity]: mWNT: t=0x74f3837500 mBlastBufferQueue=0x74f387f200 fn= 22 caller= com.android.systemui.shared.launcher.ViewRootImplCompat.mergeWithNextTransaction:2 com.android.quickstep.util.SurfaceTransactionApplier.lambda$scheduleApply$0:2 com.android.quickstep.util.SurfaceTransactionApplier.b:0 
03-04 10:04:05.807  6173  8626 I ViewRootImpl@e012360[LauncherActivity]: mWNT: t=0x74f3837600 mBlastBufferQueue=0x74f387f200 fn= 22 caller= com.android.systemui.shared.launcher.ViewRootImplCompat.mergeWithNextTransaction:2 com.android.quickstep.util.SurfaceTransactionApplier.lambda$scheduleApply$0:2 com.android.quickstep.util.SurfaceTransactionApplier.b:0 
03-04 10:04:05.822  6173  6173 I AbsSwipeUpHandler: updateSysUiFlags, windowProgress : 1.5504037
03-04 10:04:05.822  6173  6173 I RecentsAnimationController: setWillFinishToHome, willFinishToHome : true
03-04 10:04:05.822  6173  6173 I AbsSwipeUpHandler: updateSysUiFlags, windowProgress : 1.5504037
03-04 10:04:05.823  6173  6173 I RecentsAnimationController: setWillFinishToHome, willFinishToHome : true
03-04 10:04:05.823  6173  6173 I AbsSwipeUpHandler: updateSysUiFlags, windowProgress : 1.5504037
03-04 10:04:05.823  6173  6173 I RecentsAnimationController: setWillFinishToHome, willFinishToHome : true
03-04 10:04:05.824  6173  8625 I ViewRootImpl@e012360[LauncherActivity]: mWNT: t=0x74f3837700 mBlastBufferQueue=0x74f387f200 fn= 23 caller= com.android.systemui.shared.launcher.ViewRootImplCompat.mergeWithNextTransaction:2 com.android.quickstep.util.SurfaceTransactionApplier.lambda$scheduleApply$0:2 com.android.quickstep.util.SurfaceTransactionApplier.b:0 
03-04 10:04:05.824  6173  8625 I ViewRootImpl@e012360[LauncherActivity]: mWNT: t=0x74f3837800 mBlastBufferQueue=0x74f387f200 fn= 23 caller= com.android.systemui.shared.launcher.ViewRootImplCompat.mergeWithNextTransaction:2 com.android.quickstep.util.SurfaceTransactionApplier.lambda$scheduleApply$0:2 com.android.quickstep.util.SurfaceTransactionApplier.b:0 
03-04 10:04:05.824  6173  8625 I ViewRootImpl@e012360[LauncherActivity]: mWNT: t=0x74f3837900 mBlastBufferQueue=0x74f387f200 fn= 23 caller= com.android.systemui.shared.launcher.ViewRootImplCompat.mergeWithNextTransaction:2 com.android.quickstep.util.SurfaceTransactionApplier.lambda$scheduleApply$0:2 com.android.quickstep.util.SurfaceTransactionApplier.b:0 
03-04 10:04:05.839  6173  6173 I AbsSwipeUpHandler: updateSysUiFlags, windowProgress : 1.5504037
03-04 10:04:05.839  6173  6173 I RecentsAnimationController: setWillFinishToHome, willFinishToHome : true
03-04 10:04:05.839  6173  6173 I AbsSwipeUpHandler: updateSysUiFlags, windowProgress : 1.5504037
03-04 10:04:05.839  6173  6173 I RecentsAnimationController: setWillFinishToHome, willFinishToHome : true
03-04 10:04:05.840  6173  6173 I AbsSwipeUpHandler: updateSysUiFlags, windowProgress : 1.5504037
03-04 10:04:05.840  6173  6173 I RecentsAnimationController: setWillFinishToHome, willFinishToHome : true
03-04 10:04:05.841  6173  8626 I ViewRootImpl@e012360[LauncherActivity]: mWNT: t=0x74f3837a00 mBlastBufferQueue=0x74f387f200 fn= 24 caller= com.android.systemui.shared.launcher.ViewRootImplCompat.mergeWithNextTransaction:2 com.android.quickstep.util.SurfaceTransactionApplier.lambda$scheduleApply$0:2 com.android.quickstep.util.SurfaceTransactionApplier.b:0 
03-04 10:04:05.841  6173  8626 I ViewRootImpl@e012360[LauncherActivity]: mWNT: t=0x74f3837b00 mBlastBufferQueue=0x74f387f200 fn= 24 caller= com.android.systemui.shared.launcher.ViewRootImplCompat.mergeWithNextTransaction:2 com.android.quickstep.util.SurfaceTransactionApplier.lambda$scheduleApply$0:2 com.android.quickstep.util.SurfaceTransactionApplier.b:0 
03-04 10:04:05.841  6173  8626 I ViewRootImpl@e012360[LauncherActivity]: mWNT: t=0x74f3837c00 mBlastBufferQueue=0x74f387f200 fn= 24 caller= com.android.systemui.shared.launcher.ViewRootImplCompat.mergeWithNextTransaction:2 com.android.quickstep.util.SurfaceTransactionApplier.lambda$scheduleApply$0:2 com.android.quickstep.util.SurfaceTransactionApplier.b:0 
03-04 10:04:05.855  5405  5452 I WindowManager: Reparenting to original parent: Surface(name=Leaf:24:25)/@0x36f9b2a, destroy=true, surface=Surface(name=WindowToken{e8b08ba type=2019 android.os.BinderProxy@29840dc})/@0x9bb45e6
03-04 10:04:05.855  6173  6173 I AbsSwipeUpHandler: updateSysUiFlags, windowProgress : 1.5504037
03-04 10:04:05.856  6173  6173 I RecentsAnimationController: setWillFinishToHome, willFinishToHome : true
03-04 10:04:05.856  6173  6173 I AbsSwipeUpHandler: updateSysUiFlags, windowProgress : 1.5504037
03-04 10:04:05.856  6173  6173 I RecentsAnimationController: setWillFinishToHome, willFinishToHome : true
03-04 10:04:05.857  6173  6173 I AbsSwipeUpHandler: updateSysUiFlags, windowProgress : 1.5504037
03-04 10:04:05.857  6173  6173 I RecentsAnimationController: setWillFinishToHome, willFinishToHome : true
03-04 10:04:05.858  6173  8625 I ViewRootImpl@e012360[LauncherActivity]: mWNT: t=0x74f3837d00 mBlastBufferQueue=0x74f387f200 fn= 25 caller= com.android.systemui.shared.launcher.ViewRootImplCompat.mergeWithNextTransaction:2 com.android.quickstep.util.SurfaceTransactionApplier.lambda$scheduleApply$0:2 com.android.quickstep.util.SurfaceTransactionApplier.b:0 
03-04 10:04:05.858  6173  8625 I ViewRootImpl@e012360[LauncherActivity]: mWNT: t=0x74f3837e00 mBlastBufferQueue=0x74f387f200 fn= 25 caller= com.android.systemui.shared.launcher.ViewRootImplCompat.mergeWithNextTransaction:2 com.android.quickstep.util.SurfaceTransactionApplier.lambda$scheduleApply$0:2 com.android.quickstep.util.SurfaceTransactionApplier.b:0 
03-04 10:04:05.858  6173  8625 I ViewRootImpl@e012360[LauncherActivity]: mWNT: t=0x74f3837f00 mBlastBufferQueue=0x74f387f200 fn= 25 caller= com.android.systemui.shared.launcher.ViewRootImplCompat.mergeWithNextTransaction:2 com.android.quickstep.util.SurfaceTransactionApplier.lambda$scheduleApply$0:2 com.android.quickstep.util.SurfaceTransactionApplier.b:0 
03-04 10:04:05.872  5052  5052 I Layer   : id=1204 removeFromCurrentState Surface(name=WindowToken{e8b08ba type=2019 android.os.BinderProxy@29840dc})/@0x9bb45e6 - animation-leash of token_transform#1204 (121)
03-04 10:04:05.872  5052  5052 I SurfaceFlinger: id=1204 Removed Surface(name=WindowToken{e8b08ba type=2019 android.os.BinderProxy@29840dc})/@0x9bb45e6 - animation-leash of token_transform#1204 (121)
03-04 10:04:05.872  5052  5052 I Layer   : id=1204 Destroyed Surface(name=WindowToken{e8b08ba type=2019 android.os.BinderProxy@29840dc})/@0x9bb45e6 - animation-leash of token_transform#1204
03-04 10:04:05.872  6173  6173 I AbsSwipeUpHandler: updateSysUiFlags, windowProgress : 1.5504037
03-04 10:04:05.873  6173  6173 I RecentsAnimationController: setWillFinishToHome, willFinishToHome : true
03-04 10:04:05.873  6173  6173 I AbsSwipeUpHandler: updateSysUiFlags, windowProgress : 1.5504037
03-04 10:04:05.873  6173  6173 I RecentsAnimationController: setWillFinishToHome, willFinishToHome : true
03-04 10:04:05.873  6173  6173 I AbsSwipeUpHandler: updateSysUiFlags, windowProgress : 1.5504037
03-04 10:04:05.873  6173  6173 I RecentsAnimationController: setWillFinishToHome, willFinishToHome : true
03-04 10:04:05.874  6173  8626 I ViewRootImpl@e012360[LauncherActivity]: mWNT: t=0x7565014000 mBlastBufferQueue=0x74f387f200 fn= 26 caller= com.android.systemui.shared.launcher.ViewRootImplCompat.mergeWithNextTransaction:2 com.android.quickstep.util.SurfaceTransactionApplier.lambda$scheduleApply$0:2 com.android.quickstep.util.SurfaceTransactionApplier.b:0 
03-04 10:04:05.874  6173  8626 I ViewRootImpl@e012360[LauncherActivity]: mWNT: t=0x7565014100 mBlastBufferQueue=0x74f387f200 fn= 26 caller= com.android.systemui.shared.launcher.ViewRootImplCompat.mergeWithNextTransaction:2 com.android.quickstep.util.SurfaceTransactionApplier.lambda$scheduleApply$0:2 com.android.quickstep.util.SurfaceTransactionApplier.b:0 
03-04 10:04:05.875  6173  8626 I ViewRootImpl@e012360[LauncherActivity]: mWNT: t=0x7565014200 mBlastBufferQueue=0x74f387f200 fn= 26 caller= com.android.systemui.shared.launcher.ViewRootImplCompat.mergeWithNextTransaction:2 com.android.quickstep.util.SurfaceTransactionApplier.lambda$scheduleApply$0:2 com.android.quickstep.util.SurfaceTransactionApplier.b:0 
03-04 10:04:05.889  6173  6173 I AbsSwipeUpHandler: updateSysUiFlags, windowProgress : 1.5504037
03-04 10:04:05.889  6173  6173 I RecentsAnimationController: setWillFinishToHome, willFinishToHome : true
03-04 10:04:05.889  6173  6173 I AbsSwipeUpHandler: updateSysUiFlags, windowProgress : 1.5504037
03-04 10:04:05.890  6173  6173 I RecentsAnimationController: setWillFinishToHome, willFinishToHome : true
03-04 10:04:05.890  6173  6173 I AbsSwipeUpHandler: updateSysUiFlags, windowProgress : 1.5504037
03-04 10:04:05.890  6173  6173 I RecentsAnimationController: setWillFinishToHome, willFinishToHome : true
03-04 10:04:05.891  6173  8625 I ViewRootImpl@e012360[LauncherActivity]: mWNT: t=0x7565014300 mBlastBufferQueue=0x74f387f200 fn= 27 caller= com.android.systemui.shared.launcher.ViewRootImplCompat.mergeWithNextTransaction:2 com.android.quickstep.util.SurfaceTransactionApplier.lambda$scheduleApply$0:2 com.android.quickstep.util.SurfaceTransactionApplier.b:0 
03-04 10:04:05.891  6173  8625 I ViewRootImpl@e012360[LauncherActivity]: mWNT: t=0x7565014400 mBlastBufferQueue=0x74f387f200 fn= 27 caller= com.android.systemui.shared.launcher.ViewRootImplCompat.mergeWithNextTransaction:2 com.android.quickstep.util.SurfaceTransactionApplier.lambda$scheduleApply$0:2 com.android.quickstep.util.SurfaceTransactionApplier.b:0 
03-04 10:04:05.891  6173  8625 I ViewRootImpl@e012360[LauncherActivity]: mWNT: t=0x7565014500 mBlastBufferQueue=0x74f387f200 fn= 27 caller= com.android.systemui.shared.launcher.ViewRootImplCompat.mergeWithNextTransaction:2 com.android.quickstep.util.SurfaceTransactionApplier.lambda$scheduleApply$0:2 com.android.quickstep.util.SurfaceTransactionApplier.b:0 
03-04 10:04:05.906  6173  6173 I AbsSwipeUpHandler: updateSysUiFlags, windowProgress : 1.5504037
03-04 10:04:05.906  6173  6173 I RecentsAnimationController: setWillFinishToHome, willFinishToHome : true
03-04 10:04:05.906  6173  6173 I AbsSwipeUpHandler: updateSysUiFlags, windowProgress : 1.5504037
03-04 10:04:05.906  6173  6173 I RecentsAnimationController: setWillFinishToHome, willFinishToHome : true
03-04 10:04:05.907  6173  8626 I ViewRootImpl@e012360[LauncherActivity]: mWNT: t=0x7565014600 mBlastBufferQueue=0x74f387f200 fn= 28 caller= com.android.systemui.shared.launcher.ViewRootImplCompat.mergeWithNextTransaction:2 com.android.quickstep.util.SurfaceTransactionApplier.lambda$scheduleApply$0:2 com.android.quickstep.util.SurfaceTransactionApplier.b:0 
03-04 10:04:05.907  6173  8626 I ViewRootImpl@e012360[LauncherActivity]: mWNT: t=0x7565014700 mBlastBufferQueue=0x74f387f200 fn= 28 caller= com.android.systemui.shared.launcher.ViewRootImplCompat.mergeWithNextTransaction:2 com.android.quickstep.util.SurfaceTransactionApplier.lambda$scheduleApply$0:2 com.android.quickstep.util.SurfaceTransactionApplier.b:0 
03-04 10:04:05.922  6173  6173 I AbsSwipeUpHandler: updateSysUiFlags, windowProgress : 1.5504037
03-04 10:04:05.923  6173  6173 I RecentsAnimationController: setWillFinishToHome, willFinishToHome : true
03-04 10:04:05.923  6173  6173 I AbsSwipeUpHandler: updateSysUiFlags, windowProgress : 1.5504037
03-04 10:04:05.923  6173  6173 I RecentsAnimationController: setWillFinishToHome, willFinishToHome : true
03-04 10:04:05.924  6173  8625 I ViewRootImpl@e012360[LauncherActivity]: mWNT: t=0x7565014800 mBlastBufferQueue=0x74f387f200 fn= 29 caller= com.android.systemui.shared.launcher.ViewRootImplCompat.mergeWithNextTransaction:2 com.android.quickstep.util.SurfaceTransactionApplier.lambda$scheduleApply$0:2 com.android.quickstep.util.SurfaceTransactionApplier.b:0 
03-04 10:04:05.924  6173  8625 I ViewRootImpl@e012360[LauncherActivity]: mWNT: t=0x7565014900 mBlastBufferQueue=0x74f387f200 fn= 29 caller= com.android.systemui.shared.launcher.ViewRootImplCompat.mergeWithNextTransaction:2 com.android.quickstep.util.SurfaceTransactionApplier.lambda$scheduleApply$0:2 com.android.quickstep.util.SurfaceTransactionApplier.b:0 
03-04 10:04:05.939  6173  6173 I AbsSwipeUpHandler: updateSysUiFlags, windowProgress : 1.5504037
03-04 10:04:05.939  6173  6173 I RecentsAnimationController: setWillFinishToHome, willFinishToHome : true
03-04 10:04:05.940  6173  6173 I AbsSwipeUpHandler: updateSysUiFlags, windowProgress : 1.5504037
03-04 10:04:05.940  6173  6173 I RecentsAnimationController: setWillFinishToHome, willFinishToHome : true
03-04 10:04:05.941  6173  8626 I ViewRootImpl@e012360[LauncherActivity]: mWNT: t=0x7565014a00 mBlastBufferQueue=0x74f387f200 fn= 30 caller= com.android.systemui.shared.launcher.ViewRootImplCompat.mergeWithNextTransaction:2 com.android.quickstep.util.SurfaceTransactionApplier.lambda$scheduleApply$0:2 com.android.quickstep.util.SurfaceTransactionApplier.b:0 
03-04 10:04:05.941  6173  8626 I ViewRootImpl@e012360[LauncherActivity]: mWNT: t=0x7565014b00 mBlastBufferQueue=0x74f387f200 fn= 30 caller= com.android.systemui.shared.launcher.ViewRootImplCompat.mergeWithNextTransaction:2 com.android.quickstep.util.SurfaceTransactionApplier.lambda$scheduleApply$0:2 com.android.quickstep.util.SurfaceTransactionApplier.b:0 
03-04 10:04:05.956  6173  6173 I AbsSwipeUpHandler: updateSysUiFlags, windowProgress : 1.5504037
03-04 10:04:05.956  6173  6173 I RecentsAnimationController: setWillFinishToHome, willFinishToHome : true
03-04 10:04:05.956  6173  6173 I AbsSwipeUpHandler: updateSysUiFlags, windowProgress : 1.5504037
03-04 10:04:05.956  6173  6173 I RecentsAnimationController: setWillFinishToHome, willFinishToHome : true
03-04 10:04:05.957  6173  8625 I ViewRootImpl@e012360[LauncherActivity]: mWNT: t=0x7565014c00 mBlastBufferQueue=0x74f387f200 fn= 31 caller= com.android.systemui.shared.launcher.ViewRootImplCompat.mergeWithNextTransaction:2 com.android.quickstep.util.SurfaceTransactionApplier.lambda$scheduleApply$0:2 com.android.quickstep.util.SurfaceTransactionApplier.b:0 
03-04 10:04:05.957  6173  8625 I ViewRootImpl@e012360[LauncherActivity]: mWNT: t=0x7565014d00 mBlastBufferQueue=0x74f387f200 fn= 31 caller= com.android.systemui.shared.launcher.ViewRootImplCompat.mergeWithNextTransaction:2 com.android.quickstep.util.SurfaceTransactionApplier.lambda$scheduleApply$0:2 com.android.quickstep.util.SurfaceTransactionApplier.b:0 
03-04 10:04:05.973  6173  6173 I AbsSwipeUpHandler: updateSysUiFlags, windowProgress : 1.5504037
03-04 10:04:05.973  6173  6173 I RecentsAnimationController: setWillFinishToHome, willFinishToHome : true
03-04 10:04:05.973  6173  6173 I AbsSwipeUpHandler: updateSysUiFlags, windowProgress : 1.5504037
03-04 10:04:05.973  6173  6173 I RecentsAnimationController: setWillFinishToHome, willFinishToHome : true
03-04 10:04:05.974  6173  8626 I ViewRootImpl@e012360[LauncherActivity]: mWNT: t=0x7565014e00 mBlastBufferQueue=0x74f387f200 fn= 32 caller= com.android.systemui.shared.launcher.ViewRootImplCompat.mergeWithNextTransaction:2 com.android.quickstep.util.SurfaceTransactionApplier.lambda$scheduleApply$0:2 com.android.quickstep.util.SurfaceTransactionApplier.b:0 
03-04 10:04:05.974  6173  8626 I ViewRootImpl@e012360[LauncherActivity]: mWNT: t=0x7565014f00 mBlastBufferQueue=0x74f387f200 fn= 32 caller= com.android.systemui.shared.launcher.ViewRootImplCompat.mergeWithNextTransaction:2 com.android.quickstep.util.SurfaceTransactionApplier.lambda$scheduleApply$0:2 com.android.quickstep.util.SurfaceTransactionApplier.b:0 
03-04 10:04:05.989  6173  6173 I AbsSwipeUpHandler: updateSysUiFlags, windowProgress : 1.5504037
03-04 10:04:05.989  6173  6173 I RecentsAnimationController: setWillFinishToHome, willFinishToHome : true
03-04 10:04:05.990  6173  6173 I AbsSwipeUpHandler: updateSysUiFlags, windowProgress : 1.5504037
03-04 10:04:05.990  6173  6173 I RecentsAnimationController: setWillFinishToHome, willFinishToHome : true
03-04 10:04:05.991  6173  8625 I ViewRootImpl@e012360[LauncherActivity]: mWNT: t=0x7509256600 mBlastBufferQueue=0x74f387f200 fn= 33 caller= com.android.systemui.shared.launcher.ViewRootImplCompat.mergeWithNextTransaction:2 com.android.quickstep.util.SurfaceTransactionApplier.lambda$scheduleApply$0:2 com.android.quickstep.util.SurfaceTransactionApplier.b:0 
03-04 10:04:05.991  6173  8625 I ViewRootImpl@e012360[LauncherActivity]: mWNT: t=0x750845e600 mBlastBufferQueue=0x74f387f200 fn= 33 caller= com.android.systemui.shared.launcher.ViewRootImplCompat.mergeWithNextTransaction:2 com.android.quickstep.util.SurfaceTransactionApplier.lambda$scheduleApply$0:2 com.android.quickstep.util.SurfaceTransactionApplier.b:0 
03-04 10:04:06.006  6173  6173 I AbsSwipeUpHandler: updateSysUiFlags, windowProgress : 1.5504037
03-04 10:04:06.006  6173  6173 I RecentsAnimationController: setWillFinishToHome, willFinishToHome : true
03-04 10:04:06.007  6173  8626 I ViewRootImpl@e012360[LauncherActivity]: mWNT: t=0x750846a200 mBlastBufferQueue=0x74f387f200 fn= 34 caller= com.android.systemui.shared.launcher.ViewRootImplCompat.mergeWithNextTransaction:2 com.android.quickstep.util.SurfaceTransactionApplier.lambda$scheduleApply$0:2 com.android.quickstep.util.SurfaceTransactionApplier.b:0 
03-04 10:04:06.023  6173  6173 I AbsSwipeUpHandler: updateSysUiFlags, windowProgress : 1.5504037
03-04 10:04:06.023  6173  6173 I RecentsAnimationController: setWillFinishToHome, willFinishToHome : true
03-04 10:04:06.024  6173  8625 I ViewRootImpl@e012360[LauncherActivity]: mWNT: t=0x7565016000 mBlastBufferQueue=0x74f387f200 fn= 35 caller= com.android.systemui.shared.launcher.ViewRootImplCompat.mergeWithNextTransaction:2 com.android.quickstep.util.SurfaceTransactionApplier.lambda$scheduleApply$0:2 com.android.quickstep.util.SurfaceTransactionApplier.b:0 
03-04 10:04:06.039  6173  6173 I AbsSwipeUpHandler: updateSysUiFlags, windowProgress : 1.5504037
03-04 10:04:06.040  6173  6173 I RecentsAnimationController: setWillFinishToHome, willFinishToHome : true
03-04 10:04:06.041  6173  8626 I ViewRootImpl@e012360[LauncherActivity]: mWNT: t=0x7565016100 mBlastBufferQueue=0x74f387f200 fn= 36 caller= com.android.systemui.shared.launcher.ViewRootImplCompat.mergeWithNextTransaction:2 com.android.quickstep.util.SurfaceTransactionApplier.lambda$scheduleApply$0:2 com.android.quickstep.util.SurfaceTransactionApplier.b:0 
03-04 10:04:06.056  6173  6173 I AbsSwipeUpHandler: updateSysUiFlags, windowProgress : 1.5504037
03-04 10:04:06.056  6173  6173 I RecentsAnimationController: setWillFinishToHome, willFinishToHome : true
03-04 10:04:06.057  6173  8625 I ViewRootImpl@e012360[LauncherActivity]: mWNT: t=0x7565016200 mBlastBufferQueue=0x74f387f200 fn= 37 caller= com.android.systemui.shared.launcher.ViewRootImplCompat.mergeWithNextTransaction:2 com.android.quickstep.util.SurfaceTransactionApplier.lambda$scheduleApply$0:2 com.android.quickstep.util.SurfaceTransactionApplier.b:0 
03-04 10:04:06.073  6173  6173 I AbsSwipeUpHandler: updateSysUiFlags, windowProgress : 1.5504037
03-04 10:04:06.073  6173  6173 I RecentsAnimationController: setWillFinishToHome, willFinishToHome : true
03-04 10:04:06.074  6173  8626 I ViewRootImpl@e012360[LauncherActivity]: mWNT: t=0x7565016300 mBlastBufferQueue=0x74f387f200 fn= 38 caller= com.android.systemui.shared.launcher.ViewRootImplCompat.mergeWithNextTransaction:2 com.android.quickstep.util.SurfaceTransactionApplier.lambda$scheduleApply$0:2 com.android.quickstep.util.SurfaceTransactionApplier.b:0 
03-04 10:04:06.090  6173  6173 I AbsSwipeUpHandler: updateSysUiFlags, windowProgress : 1.5504037
03-04 10:04:06.090  6173  6173 I RecentsAnimationController: setWillFinishToHome, willFinishToHome : true
03-04 10:04:06.091  6173  8625 I ViewRootImpl@e012360[LauncherActivity]: mWNT: t=0x7565016400 mBlastBufferQueue=0x74f387f200 fn= 39 caller= com.android.systemui.shared.launcher.ViewRootImplCompat.mergeWithNextTransaction:2 com.android.quickstep.util.SurfaceTransactionApplier.lambda$scheduleApply$0:2 com.android.quickstep.util.SurfaceTransactionApplier.b:0 
03-04 10:04:06.107  6173  6173 I AbsSwipeUpHandler: updateSysUiFlags, windowProgress : 1.5504037
03-04 10:04:06.107  6173  6173 I RecentsAnimationController: setWillFinishToHome, willFinishToHome : true
03-04 10:04:06.108  6173  8626 I ViewRootImpl@e012360[LauncherActivity]: mWNT: t=0x7565016500 mBlastBufferQueue=0x74f387f200 fn= 40 caller= com.android.systemui.shared.launcher.ViewRootImplCompat.mergeWithNextTransaction:2 com.android.quickstep.util.SurfaceTransactionApplier.lambda$scheduleApply$0:2 com.android.quickstep.util.SurfaceTransactionApplier.b:0 
03-04 10:04:06.123  6173  6173 I AbsSwipeUpHandler: updateSysUiFlags, windowProgress : 1.5504037
03-04 10:04:06.123  6173  6173 I RecentsAnimationController: setWillFinishToHome, willFinishToHome : true
03-04 10:04:06.125  6173  8625 I ViewRootImpl@e012360[LauncherActivity]: mWNT: t=0x7565016600 mBlastBufferQueue=0x74f387f200 fn= 41 caller= com.android.systemui.shared.launcher.ViewRootImplCompat.mergeWithNextTransaction:2 com.android.quickstep.util.SurfaceTransactionApplier.lambda$scheduleApply$0:2 com.android.quickstep.util.SurfaceTransactionApplier.b:0 
03-04 10:04:06.140  6173  6173 I AbsSwipeUpHandler: updateSysUiFlags, windowProgress : 1.5504037
03-04 10:04:06.140  6173  6173 I RecentsAnimationController: setWillFinishToHome, willFinishToHome : true
03-04 10:04:06.141  6173  8626 I ViewRootImpl@e012360[LauncherActivity]: mWNT: t=0x7565016700 mBlastBufferQueue=0x74f387f200 fn= 42 caller= com.android.systemui.shared.launcher.ViewRootImplCompat.mergeWithNextTransaction:2 com.android.quickstep.util.SurfaceTransactionApplier.lambda$scheduleApply$0:2 com.android.quickstep.util.SurfaceTransactionApplier.b:0 
03-04 10:04:06.157  6173  6173 I AbsSwipeUpHandler: updateSysUiFlags, windowProgress : 1.5504037
03-04 10:04:06.157  6173  6173 I RecentsAnimationController: setWillFinishToHome, willFinishToHome : true
03-04 10:04:06.158  6173  8625 I ViewRootImpl@e012360[LauncherActivity]: mWNT: t=0x7565016800 mBlastBufferQueue=0x74f387f200 fn= 43 caller= com.android.systemui.shared.launcher.ViewRootImplCompat.mergeWithNextTransaction:2 com.android.quickstep.util.SurfaceTransactionApplier.lambda$scheduleApply$0:2 com.android.quickstep.util.SurfaceTransactionApplier.b:0 
03-04 10:04:06.173  6173  6173 I AbsSwipeUpHandler: updateSysUiFlags, windowProgress : 1.5504037
03-04 10:04:06.174  6173  6173 I RecentsAnimationController: setWillFinishToHome, willFinishToHome : true
03-04 10:04:06.175  6173  8626 I ViewRootImpl@e012360[LauncherActivity]: mWNT: t=0x7565016900 mBlastBufferQueue=0x74f387f200 fn= 44 caller= com.android.systemui.shared.launcher.ViewRootImplCompat.mergeWithNextTransaction:2 com.android.quickstep.util.SurfaceTransactionApplier.lambda$scheduleApply$0:2 com.android.quickstep.util.SurfaceTransactionApplier.b:0 
03-04 10:04:06.190  6173  6173 I AbsSwipeUpHandler: updateSysUiFlags, windowProgress : 1.5504037
03-04 10:04:06.190  6173  6173 I RecentsAnimationController: setWillFinishToHome, willFinishToHome : true
03-04 10:04:06.191  6173  8625 I ViewRootImpl@e012360[LauncherActivity]: mWNT: t=0x7565016a00 mBlastBufferQueue=0x74f387f200 fn= 45 caller= com.android.systemui.shared.launcher.ViewRootImplCompat.mergeWithNextTransaction:2 com.android.quickstep.util.SurfaceTransactionApplier.lambda$scheduleApply$0:2 com.android.quickstep.util.SurfaceTransactionApplier.b:0 
03-04 10:04:06.207  6173  6173 I AbsSwipeUpHandler: updateSysUiFlags, windowProgress : 1.5504037
03-04 10:04:06.207  6173  6173 I RecentsAnimationController: setWillFinishToHome, willFinishToHome : true
03-04 10:04:06.207  6173  6173 I StateManager: onAnimationStart state : Normal
03-04 10:04:06.207  6173  6173 I StateManager: onStateTransitionStart mState = Normal
03-04 10:04:06.208  6173  6173 I Launcher: onStateSetEnd for widget host, state : Normal
03-04 10:04:06.208  6173  6173 W LauncherAppWidgetHost: setShouldListenFlag, mFlags:15 flag:resume on:true isFront:false
03-04 10:04:06.208  6173  6173 I BaseActivity: addActivityFlags, flags : 64
03-04 10:04:06.209  6173  6173 I RecentsView: setOverviewStateEnabled false
03-04 10:04:06.209  6173  6173 I RecentsOrientedState: current RecentsOrientedState: [this=RecentsOrientedState@21055968 mOrientationHandler=PortraitPagedViewHandler@9364633 mDisplayRotation=0 mTouchRotation=0 mRecentsActivityRotation=0 mRecentsRotation=0 isRecentsActivityRotationAllowed=false mSystemRotation=true mStateId=13696 mFlags=43]
03-04 10:04:06.209  6173  6173 I WhiteBgColorNotifier: changeWhiteBgSystemUIColor type = 4 supportWhiteBg : true forced : false mStatusBarColorIsDark true mNavigationBarColorIsDark true
03-04 10:04:06.209  6173  6173 I WhiteBgColorNotifier: changeWhiteBgSystemUIColor type = 5 supportWhiteBg : true forced : false mStatusBarColorIsDark true mNavigationBarColorIsDark true
03-04 10:04:06.209  6173  6173 I StateManager: onAnimationSuccess state : Normal
03-04 10:04:06.209  6173  6173 I StateManager: onStateTransitionEnd mState : Normal
03-04 10:04:06.209  6173  6173 I BaseActivity: removeActivityFlags, flags : 64
03-04 10:04:06.209  6173  6173 I InstallShortcutReceiver: flushInstallQueue 1
03-04 10:04:06.210  6173  6173 I RecentsView: reset
03-04 10:04:06.210  6173  6173 I RecentsView: setCurrentTask, runningTaskId : -1
03-04 10:04:06.210  6173  6173 I RecentsView: setRunningTaskHidden, isHidden : false
03-04 10:04:06.210  6173  6173 I RecentsOrientedState: current RecentsOrientedState: [this=RecentsOrientedState@21055968 mOrientationHandler=PortraitPagedViewHandler@9364633 mDisplayRotation=0 mTouchRotation=0 mRecentsActivityRotation=0 mRecentsRotation=0 isRecentsActivityRotationAllowed=false mSystemRotation=true mStateId=5504 mFlags=43]
03-04 10:04:06.210  6173  6173 I StateManager: goToStateAnimated mStateChanged is false
03-04 10:04:06.210  6173  6173 I StateManager: End animation. mStateChanged is changed to False : Normal
03-04 10:04:06.211  6173  6173 I AbsSwipeUpHandler: maybeUpdateRecentsAttachedState, animate : false, moveFocusedTask : false
03-04 10:04:06.211  6173  6173 I RecentsOrientedState: current RecentsOrientedState: [this=RecentsOrientedState@21055968 mOrientationHandler=PortraitPagedViewHandler@9364633 mDisplayRotation=0 mTouchRotation=0 mRecentsActivityRotation=0 mRecentsRotation=0 isRecentsActivityRotationAllowed=false mSystemRotation=true mStateId=5504 mFlags=43]
03-04 10:04:06.211  6173  6173 I AbsSwipeUpHandler: Home windowAnim, onAnimationSuccess
03-04 10:04:06.211  6173  6173 I GestureState: setState, stateFlag : 2
03-04 10:04:06.211  6173  6173 I MultiStateCallback: [15398658] Adding [STATE_END_TARGET_ANIMATION_FINISHED (2)] to [STATE_END_TARGET_SET, STATE_RECENTS_ANIMATION_INITIALIZED, STATE_RECENTS_ANIMATION_STARTED, STATE_RECENTS_SCROLLING_FINISHED (141)]
03-04 10:04:06.211  6173  6173 I AbsSwipeUpHandler: continueComputingRecentsScrollIfNecessary
03-04 10:04:06.212  6173  6173 I AbsSwipeUpHandler: onSettledOnEndTarget
03-04 10:04:06.212  6173  6173 I AbsSwipeUpHandler: maybeUpdateRecentsAttachedState, animate : false, moveFocusedTask : false
03-04 10:04:06.212  5405  5405 I Pageboost: package null
03-04 10:04:06.212  6173  6173 I AbsSwipeUpHandler: onSettledOnEndTarget, endTarget : HOME
03-04 10:04:06.212  6173  6173 I MultiStateCallback: [17441809] Adding [STATE_SCALED_CONTROLLER_HOME, STATE_CAPTURE_SCREENSHOT (2080)] to [STATE_LAUNCHER_PRESENT, STATE_LAUNCHER_STARTED, STATE_LAUNCHER_DRAWN, STATE_LAUNCHER_BIND_TO_SERVICE, STATE_APP_CONTROLLER_RECEIVED, STATE_GESTURE_STARTED, STATE_GESTURE_COMPLETED, STATE_RECENTS_VIEW_DRAWN (263455)]
03-04 10:04:06.212  6173  6173 I AbsSwipeUpHandler: switchToScreenshot, hasTarget : true, null
03-04 10:04:06.212  6724  6724 E pageboostd: Received HALT command code 2
03-04 10:04:06.212  6173  6386 I RecentsAnimationController: screenshotTask, taskId : 9
03-04 10:04:06.213  5763  5810 D PipTaskOrganizer: setOneShotAnimationType animationType=1, caller=com.android.wm.shell.pip.phone.PipController.setPinnedStackAnimationType:832
03-04 10:04:06.213  5405  7448 D WindowManager: screenshotTask(9): mCanceled=false
03-04 10:04:06.213  5405  7448 D RestrictionPolicy: isScreenCaptureEnabled : ret=true userId=0
03-04 10:04:06.213  5405  7448 D RestrictionPolicy: isScreenCaptureEnabled : ret=true userId=0
03-04 10:04:06.214  6173  8625 I ViewRootImpl@e012360[LauncherActivity]: mWNT: t=0x7565016b00 mBlastBufferQueue=0x74f387f200 fn= 46 caller= com.android.systemui.shared.launcher.ViewRootImplCompat.mergeWithNextTransaction:2 com.android.quickstep.util.SurfaceTransactionApplier.lambda$scheduleApply$0:2 com.android.quickstep.util.SurfaceTransactionApplier.b:0 
03-04 10:04:06.215  6173  6173 I RecentsView: Skip loading task enabled : false  changeId : -1
03-04 10:04:06.215  6173  6173 I RecentsOrientedState: current RecentsOrientedState: [this=RecentsOrientedState@21055968 mOrientationHandler=PortraitPagedViewHandler@9364633 mDisplayRotation=0 mTouchRotation=0 mRecentsActivityRotation=0 mRecentsRotation=0 isRecentsActivityRotationAllowed=false mSystemRotation=true mStateId=5504 mFlags=299]
03-04 10:04:06.215  6173  6173 I RecentsViewCallbacksImpl: updateOrientationHandler
03-04 10:04:06.217  5052  5052 I Layer   : id=1205 Destroyed Screenshot Parent#1205
03-04 10:04:06.217  6173  6173 I RecentsViewCallbacksImpl: updateSizeAndPadding
03-04 10:04:06.217  6173  6173 I RecentsViewCallbacksImpl: updateGridProperties
03-04 10:04:06.218  6173  6173 I RecentsView: Skip loading task enabled : false  changeId : -1
03-04 10:04:06.218  6173  6173 I SPayUpdater: updateSpayHandler launcher activity is paused true
03-04 10:04:06.218  6173  6173 I RecentsView: resetTaskVisuals
03-04 10:04:06.219  6173  6173 I RecentsView: Skip loading task enabled : false  changeId : -1
03-04 10:04:06.219  6173  6173 I AppsTransitionController: setState - toState : Normal
03-04 10:04:06.220  6173  6173 I HomeStateTransitionController: workspace child count: 2
03-04 10:04:06.220  6173  6173 I CapturePreview: notifyCaptureIfNecessary
03-04 10:04:06.222  6173  6173 I SuggestedAppsAnimationCreator: createAnimator: show = false
03-04 10:04:06.222  6173  6173 I SuggestedAppsAnimationCreator: resetAnimatorProperty: return already toAlpha
03-04 10:04:06.222  6173  6173 I SuggestedAppsAnimationCreator: cancelAnimator
03-04 10:04:06.223  6173  6173 I PageEditTransitionController: setState - from : Normal to : Normal
03-04 10:04:06.223  6173  6173 I CapturedBlurTransitionController: doTakeScreenShotOnPendingExecutor() getIsLauncherDrawn(): true, state: Normal, blurFactor: 0.0
03-04 10:04:06.223  6173  6173 I CapturedBlurTransitionController: needTakeScreenshot() blurFactor: 0.0, mLauncher.hasBeenResumed(): false
03-04 10:04:06.223  6173  6173 I StateManager: reapplyState mStateChanged is false
03-04 10:04:06.227  6173  6173 W PageOverlayMover: isMoving : false
03-04 10:04:06.227  6173  6173 I SPayUpdater: updateSpayHandler launcher activity is paused true
03-04 10:04:06.229  6173  6173 I AbsSwipeUpHandler: updateThumbnail, runningTaskId : 9 refreshView : true
03-04 10:04:06.229  6173  6173 I AbsSwipeUpHandler: setScreenshotCapturedState
03-04 10:04:06.230  6173  6173 I MultiStateCallback: [17441809] Adding [STATE_SCREENSHOT_CAPTURED (4096)] to [STATE_LAUNCHER_PRESENT, STATE_LAUNCHER_STARTED, STATE_LAUNCHER_DRAWN, STATE_LAUNCHER_BIND_TO_SERVICE, STATE_APP_CONTROLLER_RECEIVED, STATE_SCALED_CONTROLLER_HOME, STATE_GESTURE_STARTED, STATE_GESTURE_COMPLETED, STATE_CAPTURE_SCREENSHOT, STATE_RECENTS_VIEW_DRAWN (265535)]
03-04 10:04:06.230  6173  6173 I AbsSwipeUpHandler: finishCurrentTransitionToHome
03-04 10:04:06.230  6173  6173 I RecentsAnimationController: finishController
03-04 10:04:06.230  6173  6173 I RecentsAnimationCallbacks: onAnimationFinished
03-04 10:04:06.231  6173  6173 I RecentsAnimationCallbacks: onAnimationFinished, MAIN_EXECUTOR
03-04 10:04:06.231  6173  6386 I RecentsAnimationController: finishController, finish
03-04 10:04:06.231  6173  6173 I TaskAnimationManager: onRecentsAnimationFinished
03-04 10:04:06.231  6173  6173 I TaskAnimationManager: cleanUpRecentsAnimation
03-04 10:04:06.231  6173  6173 I RecentsAnimationCallbacks: removeAllListeners
03-04 10:04:06.231  6173  6173 I GestureState: onRecentsAnimationFinished
03-04 10:04:06.231  6173  6173 I MultiStateCallback: [15398658] Adding [STATE_RECENTS_ANIMATION_FINISHED (32)] to [STATE_END_TARGET_SET, STATE_END_TARGET_ANIMATION_FINISHED, STATE_RECENTS_ANIMATION_INITIALIZED, STATE_RECENTS_ANIMATION_STARTED, STATE_RECENTS_SCROLLING_FINISHED (143)]
03-04 10:04:06.231  5405  7448 D WindowManager: finish(true): mCanceled=false
03-04 10:04:06.231  6173  6173 I MultiStateCallback: [15398658] Adding [STATE_RECENTS_ANIMATION_ENDED (64)] to [STATE_END_TARGET_SET, STATE_END_TARGET_ANIMATION_FINISHED, STATE_RECENTS_ANIMATION_INITIALIZED, STATE_RECENTS_ANIMATION_STARTED, STATE_RECENTS_ANIMATION_FINISHED, STATE_RECENTS_SCROLLING_FINISHED (175)]
03-04 10:04:06.231  6173  6173 I AbsSwipeUpHandler: onRecentsAnimationFinished
03-04 10:04:06.231  5405  7448 D RecentsAnimation: finishAnimation(), caller=com.android.server.wm.RecentsAnimation.onAnimationFinished:471 com.android.server.wm.RecentsAnimationController$3.finish:325 android.view.IRecentsAnimationController$Stub.onTransact:299 android.os.Binder.execTransactInternal:1316 android.os.Binder.execTransact:1280 <bottom of call stack> <bottom of call stack> 
03-04 10:04:06.231  5405  7448 D WindowManager: onAnimationFinished(): controller=com.android.server.wm.RecentsAnimationController@dcd3315 reorderMode=1
03-04 10:04:06.232  5405  7448 D WindowManager: cleanupAnimation(): Notify animation finished mPendingAnimations=2 reorderMode=1
03-04 10:04:06.232  5405  7448 D WindowManager: removeAnimation(9)
03-04 10:04:06.232  5405  7448 D ActivityTaskManager: setCanAffectSystemUiFlags: true for Task{9904272 #9 type=standard A=1000:com.android.settings.root U=0 visible=true visibleRequested=true mode=fullscreen translucent=false sz=2} from com.android.server.wm.RecentsAnimationController$TaskAnimationAdapter.onRemove:1448 com.android.server.wm.RecentsAnimationController.removeAnimation:612 com.android.server.wm.RecentsAnimationController.cleanupAnimation:1080 com.android.server.wm.WindowManagerService.cleanupRecentsAnimation:3500 com.android.server.wm.RecentsAnimation.lambda$finishAnimation$0:354 com.android.server.wm.RecentsAnimation.$r8$lambda$I2tOJ5Vj5ug_uSlyaHOonygt-D0:0 com.android.server.wm.RecentsAnimation$$ExternalSyntheticLambda2.run:8 com.android.server.wm.WindowManagerService.inSurfaceTransaction:9606 com.android.server.wm.RecentsAnimation.finishAnimation:344 com.android.server.wm.RecentsAnimation.onAnimationFinished:471 
03-04 10:04:06.232  5405  7448 I WindowManager: Reparenting to original parent: Surface(name=DefaultTaskDisplayArea)/@0xd2ce90e, destroy=true, surface=Surface(name=Task=9)/@0x3721fcc
03-04 10:04:06.233  5405  7448 D WindowManager: removeAnimation(7)
03-04 10:04:06.233  5405  7448 D ActivityTaskManager: setCanAffectSystemUiFlags: true for Task{ef5de90 #7 type=home A=10135:com.sec.android.app.launcher.activities.LauncherActivity U=0 rootTaskId=1 visible=true visibleRequested=true mode=fullscreen translucent=false sz=1} from com.android.server.wm.RecentsAnimationController$TaskAnimationAdapter.onRemove:1448 com.android.server.wm.RecentsAnimationController.removeAnimation:612 com.android.server.wm.RecentsAnimationController.cleanupAnimation:1080 com.android.server.wm.WindowManagerService.cleanupRecentsAnimation:3500 com.android.server.wm.RecentsAnimation.lambda$finishAnimation$0:354 com.android.server.wm.RecentsAnimation.$r8$lambda$I2tOJ5Vj5ug_uSlyaHOonygt-D0:0 com.android.server.wm.RecentsAnimation$$ExternalSyntheticLambda2.run:8 com.android.server.wm.WindowManagerService.inSurfaceTransaction:9606 com.android.server.wm.RecentsAnimation.finishAnimation:344 com.android.server.wm.RecentsAnimation.onAnimationFinished:471 
03-04 10:04:06.233  5405  7448 I WindowManager: Reparenting to original parent: Surface(name=Task=1)/@0x83d7309, destroy=true, surface=Surface(name=Task=7)/@0xb24f946
03-04 10:04:06.233  5405  7448 D WindowManager: removeWallpaperAnimation()
03-04 10:04:06.233  5405  7448 I WindowManager: Reparenting to original parent: Surface(name=Leaf:0:1)/@0x852881a, destroy=true, surface=Surface(name=WallpaperWindowToken{ae637d8 token=android.os.Binder@e1d753e})/@0xec136c5
03-04 10:04:06.234  5405  7448 D WindowManager: onFinishRecentsAnimation, animatingRecents=ActivityRecord{f610b8d u0 com.sec.android.app.launcher/.activities.LauncherActivity} t7}
03-04 10:04:06.234  5405  7448 D WindowManager: onAnimationFinished(): targetRootTask=Task{4a5e2dd #1 type=home ?? U=0 visible=false visibleRequested=true mode=fullscreen translucent=false sz=1} targetActivity=ActivityRecord{f610b8d u0 com.sec.android.app.launcher/.activities.LauncherActivity} t7} mRestoreTargetBehindRootTask=Task{9904272 #9 type=standard A=1000:com.android.settings.root U=0 visible=true visibleRequested=true mode=fullscreen translucent=false sz=2}
03-04 10:04:06.234  5405  7448 I Pageboost: moveTaskToFront : 10135:com.sec.android.app.launcher.activities.LauncherActivity
03-04 10:04:06.235  6724  6724 E pageboostd: Received HALT command code 2
03-04 10:04:06.235  5405  7448 V WindowManager: Changing focus from Window{c4c11bb u0 com.android.settings/com.android.settings.SubSettings} to Window{b3dadce u0 com.sec.android.app.launcher/com.sec.android.app.launcher.activities.LauncherActivity} displayId=0 Callers=com.android.server.wm.RootWindowContainer.updateFocusedWindowLocked:595 com.android.server.wm.WindowManagerService.updateFocusedWindowLocked:6803 com.android.server.wm.DisplayContent.layoutAndAssignWindowLayersIfNeeded:4794 com.android.server.wm.TaskDisplayArea.positionChildTaskAt:587 
03-04 10:04:06.235  5405  7448 D MARsPolicyManager: onPackageResumedFG pkgName = com.sec.android.app.launcher, userId = 0
03-04 10:04:06.235  5405  7448 I WindowManager: Cancelling animation restarting=true, leash=Surface(name=Surface(name=55d54e7 StatusBar)/@0xf50212f - animation-leash of insets_animation)/@0x878a09
03-04 10:04:06.235  5405  7448 I WindowManager: Reparenting to original parent: Surface(name=WindowToken{3a025e8 type=2000 android.os.BinderProxy@2e1c2da})/@0x894a33c, destroy=false, surface=Surface(name=55d54e7 StatusBar)/@0xf50212f
03-04 10:04:06.235  5405  7448 I WindowManager: Reparenting to leash, surface=Surface(name=55d54e7 StatusBar)/@0xf50212f, leashParent=Surface(name=WindowToken{3a025e8 type=2000 android.os.BinderProxy@2e1c2da})/@0x894a33c
03-04 10:04:06.236  5052  5095 I SurfaceFlinger: id=1206 createSurf flag=24000, Surface(name=55d54e7 StatusBar)/@0xf50212f - animation-leash of insets_animation#1206
03-04 10:04:06.236  5405  7448 D WindowManager: makeSurface duration=1 leash=Surface(name=Surface(name=55d54e7 StatusBar)/@0xf50212f - animation-leash of insets_animation)/@0x522aaf6
03-04 10:04:06.236  5405  7448 I WindowManager: Cancelling animation restarting=true, leash=Surface(name=Surface(name=7b7936b NavigationBar0)/@0x3ba5c41 - animation-leash of insets_animation)/@0x2f1e2f
03-04 10:04:06.236  5405  7448 I WindowManager: Reparenting to original parent: Surface(name=WindowToken{e8b08ba type=2019 android.os.BinderProxy@29840dc})/@0x9bb45e6, destroy=false, surface=Surface(name=7b7936b NavigationBar0)/@0x3ba5c41
03-04 10:04:06.236  5405  7448 I WindowManager: Reparenting to leash, surface=Surface(name=7b7936b NavigationBar0)/@0x3ba5c41, leashParent=Surface(name=WindowToken{e8b08ba type=2019 android.os.BinderProxy@29840dc})/@0x9bb45e6
03-04 10:04:06.237  5052  5095 I SurfaceFlinger: id=1207 createSurf flag=24000, Surface(name=7b7936b NavigationBar0)/@0x3ba5c41 - animation-leash of insets_animation#1207
03-04 10:04:06.237  5405  7448 D WindowManager: makeSurface duration=1 leash=Surface(name=Surface(name=7b7936b NavigationBar0)/@0x3ba5c41 - animation-leash of insets_animation)/@0x5983164
03-04 10:04:06.238  5405  7448 D WindowManager: updateSystemBarAttributes: displayId=0, win=Window{b3dadce u0 com.sec.android.app.launcher/com.sec.android.app.launcher.activities.LauncherActivity}, navColorWin=Window{b3dadce u0 com.sec.android.app.launcher/com.sec.android.app.launcher.activities.LauncherActivity}, focusedCanBeNavColorWin=false, behavior=2, appearance=24, statusBarAppearanceRegions=[AppearanceRegion{LIGHT_STATUS_BARS bounds=[0,0][1080,2400]}], requestedVisibilities=, from=com.android.server.wm.DisplayPolicy.focusChangedLw:3247 com.android.server.wm.DisplayContent.updateFocusedWindowLocked:4632 com.android.server.wm.RootWindowContainer.updateFocusedWindowLocked:595 
03-04 10:04:06.238  5405  7448 D StatusBarManagerService: notifyRequestedSystemKey recent=false home=false
03-04 10:04:06.238  5405  7448 D ActivityTaskManager: scheduleTopResumedActivityChanged, onTop=false r=ActivityRecord{275b054 u0 com.android.settings/.SubSettings} t9} caller=com.android.server.wm.ActivityTaskSupervisor.updateTopResumedActivityIfNeeded:2510 com.android.server.wm.TaskDisplayArea.positionChildTaskAt:602 com.android.server.wm.TaskDisplayArea.positionChildAt:537 com.android.server.wm.WindowContainer.positionChildAt:970 com.android.server.wm.Task.positionChildAt:3354 com.android.server.wm.Task.moveToFrontInner:6053 
03-04 10:04:06.239  5405  7448 D InputDispatcher: Focused application(0): ActivityRecord{f610b8d u0 com.sec.android.app.launcher/.activities.LauncherActivity} t7}
03-04 10:04:06.239  6173  6740 I TouchInteractionService: onSystemUiStateChanged, stateFlags : 0 |
03-04 10:04:06.239  6173  6173 I RecentsAnimationDeviceState: setSystemUiFlags, stateFlags : 0
03-04 10:04:06.239  6173  6173 I TouchInteractionService: onSystemUiFlagsChanged, lastSysUIFlags : 131072
03-04 10:04:06.239  5405  7448 D SGM:FgCheckThread: TaskStackListener.onTaskFocusChanged(), taskId=9, focused=false
03-04 10:04:06.240  5405  7448 D SGM:FgCheckThread: TaskStackListener.onTaskFocusChanged(), taskId=7, focused=true
03-04 10:04:06.240  5405  7448 D SGM:FgCheckThread:   sendRunningComponentFocus(), pkgName: com.sec.android.app.launcher, userId: 0
03-04 10:04:06.241  5405  5597 D SGM:FgCheckThread: onLooperPrepared(), msg: MSG_TASK_FOCUSED, pkgName: com.sec.android.app.launcher, userId: 0
03-04 10:04:06.241  5405  5597 D SGM:FgCheckThread: handleTaskFocused().
03-04 10:04:06.241  5405  7448 W WindowManager: Prepare app transition: mNextAppTransitionRequests=[TRANSIT_NONE], mNextAppTransitionFlags=, displayId: 0 Callers=com.android.server.wm.DisplayContent.prepareAppTransition:6493 com.android.server.wm.DisplayContent.prepareAppTransition:6484 com.android.server.wm.Task.moveTaskToFront:7131 com.android.server.wm.Task.moveTaskToFront:7055 com.android.server.wm.RecentsAnimation.lambda$finishAnimation$0:381 
03-04 10:04:06.241  5405  5597 D SGM:FgCheckThread: sendFocusOutConditionally() - mPrevNotiPkg: (unknown), userId: 0
03-04 10:04:06.241  5405  5597 D SGM:FgCheckThread:   handleTaskFocused(), pkgName: com.sec.android.app.launcher, userID:0 mResumedPkgMap does not containsKey.
03-04 10:04:06.241  5405  5641 D AS.MultiSoundManager: mForegroundUid = 10135
