--------- beginning of main
03-03 20:07:45.194  5763  5763 I FaceWidgetPositionAlgorithm: getMediaContainerHeight() height = 0 container Visibility = 8, isValid = false, mIsDozing = false, fraction = 1.0, source = 0, target = 0
03-03 20:07:45.194  5763  5763 I FaceWidgetPositionAlgorithm: getMediaContainerHeight() supplier = 0
03-03 20:07:45.234  5763  5763 I FaceWidgetPositionAlgorithm: getMediaContainerHeight() height = 0 container Visibility = 8, isValid = false, mIsDozing = false, fraction = 1.0, source = 0, target = 0
03-03 20:07:45.234  5763  5763 I FaceWidgetPositionAlgorithm: getMediaContainerHeight() supplier = 0
--------- beginning of system
03-03 20:07:46.009  4564  4564 D io_stats: !@   8,0 r 253404 9632956 w 399848 189050832 d 0 0 f 0 0 iot 315464 0 th 0 0 0 pt 0 inp 0 0 2073.825
03-03 20:07:47.398  5405  5636 W DeviceStorageMonitorService: updateBroadcasts(/data) oldLevel:0, newLevel:0, seq:1
03-03 20:07:47.401  5405  5636 D DeviceStorageMonitorService: Available File Node Number is [12604700]
03-03 20:07:47.401  5405  5636 W DeviceStorageMonitorService: updateBroadcasts_filenode(/data) fn_oldLevel:0, fn_newLevel:0, seq:1
03-03 20:07:48.011  4564  4564 D io_stats: !@   8,0 r 253404 9632956 w 399849 189050836 d 0 0 f 0 0 iot 315468 0 th 0 0 0 pt 0 inp 0 0 2075.827
03-03 20:07:49.702  5763  5763 D SecPowerUI.Notification: showChargingNotice oldChargingType : 11 / currentChargingType : 11, oldChargingTime : 5463000 / mChargingTime : 5463000
03-03 20:07:49.702  5763  5763 D SecPowerUI.Notification: There is no change about charging status, so return!
03-03 20:07:51.780  7525  8838 I SDHMS:D : SIOP:: AP:371 BAT:384 USB:0 CHG:392 WIFI:367 SKIN:369 SKINF:368 SKINB:369 LRP:369 LRF:368 LRB:369 
03-03 20:07:51.919  5405  5652 D UsbStatsMonitor: 0 0 0 0 0 0 0 0 0 0 0 0 0 0 0 0 0 0 0 0 0 0 0 0 0 0 0 0 0 0 0 0 0 0 0 0 0 0 0 0 0 0 0 0 0 0 0 0 0
03-03 20:07:54.016  4564  4564 D io_stats: !@   8,0 r 253404 9632956 w 399999 189058044 d 0 0 f 0 0 iot 315504 0 th 0 0 0 pt 0 inp 0 0 2081.832
03-03 20:07:54.727  5405  5421 D BatteryService: Sending ACTION_BATTERY_CHANGED: level:50, status:2, health:2, ac:false, usb:true, wireless:false, pogo:false, misc:0x20000, charge_type:1, charger_type:0, voltage:3919, temperature:384, online:19, current_avg:580, ps:false, hvc:false, capacity:280000, current_event:0x18000, current_now:591, mcc:0, mcv:0, cc:1908102, present:true, scale:100, technology:Li-ion
03-03 20:07:54.728  5000  5000 E sehhealth-service: Could not open /sys/class/power_supply/battery/lrp
03-03 20:07:54.734  5405  5405 D PhoneWindowManagerExt: ACTION_BATTERY_CHANGED - Level=50, status=2
03-03 20:07:54.735  5405  5569 D MotionRecognitionService: [SAR]  onReceive : ACTION_BATTERY_CHANGED, Plugged: 2
03-03 20:07:54.739  5405  5712 I DeviceBatteryInfoService: action: android.intent.action.BATTERY_CHANGED
03-03 20:07:54.739  5405  5712 I DeviceBatteryInfoService: phone battery level: 50
03-03 20:07:54.739  5405  5712 I DeviceBatteryInfoService: phone battery status: 2
03-03 20:07:54.741  5405  5405 D AdaptiveBrightnessLongtermModelBuilder: Received android.intent.action.BATTERY_CHANGED
03-03 20:07:54.741  5740  5740 D SemBigDataInfoController: Intent: android.intent.action.BATTERY_CHANGED
03-03 20:07:54.741  5405  5405 D SemWifiApBroadcastReceiver: Received : android.intent.action.BATTERY_CHANGED
03-03 20:07:54.746  5763  5763 D KeyguardUpdateMonitor: received broadcast android.intent.action.BATTERY_CHANGED
03-03 20:07:54.746  5740  5740 D SemBigDataInfoController: Intent: android.intent.action.BATTERY_CHANGED
03-03 20:07:54.747  5763  5763 D SamsungBatteryMeterDrawable: onBatteryLevelChanged isSomethingChanged: false
03-03 20:07:54.748  5763  5763 D SamsungBatteryMeterDrawable: onBatteryLevelChanged isSomethingChanged: false
03-03 20:07:54.749 13984 13984 I [SCPMV2][SystemMonitorReceiver]: onReceive: android.intent.action.BATTERY_CHANGED
03-03 20:07:54.749  5763  5763 D SamsungBatteryMeterDrawable: onBatteryLevelChanged isSomethingChanged: false
03-03 20:07:54.750  5763  5763 D SamsungBatteryMeterDrawable: onBatteryLevelChanged isSomethingChanged: false
03-03 20:07:54.751  5763  5763 I PowerUI : mBootCompleted = true |  mFullyConnected = true
03-03 20:07:54.751  5763  5763 I PowerUI : BATTERY_HEALTH_CHECK extraHealth=2 mBatteryMiscEvent=131072
03-03 20:07:54.752  5763  5763 W PowerUI : Plug reason
03-03 20:07:54.752  5763  5763 W PowerUI : Skip charging animation - by plug status
03-03 20:07:54.752  5763  5763 D PowerUI : priorPlugType = 2 mPlugType = 2 priorBatteryStatus = 2 mBatteryStatus = 2
03-03 20:07:54.752  5763  5763 W PowerUI : Plug reason
03-03 20:07:54.752  5763  5763 W PowerUI : Skip charging sound - by plug status
03-03 20:07:54.752  5763  5763 I PowerUI : oldMisalign : false, curMisalign : false
03-03 20:07:54.753  5763 11872 D SecPowerUI.Notification: dismissing low battery warning: level=50
03-03 20:07:54.754  5763 11872 D SecPowerUI.Notification: updateNotification mWarning=false mPlaySound=false
03-03 20:07:54.755  5763 11872 D SecPowerUI.Notification: SecBatteryStatsSnapshot{batteryLevel=50, currentBatteryMode=0, chargingTime=5463000, chargingType=11, batteryHealth=2, automaticTestMode=false, isHiccupState=false}
03-03 20:07:54.755  5763  5763 D SecPowerUI.Notification: showChargingNotice oldChargingType : 11 / currentChargingType : 11, oldChargingTime : 5463000 / mChargingTime : 5463000
03-03 20:07:54.755  5763  5763 D SecPowerUI.Notification: There is no change about charging status, so return!
03-03 20:07:54.755  5763  5763 D PowerUI : Battery swelling mode - priorBatterySwellingMode = 0 mBatterySwellingMode = 0 mBatteryStatus = 2
03-03 20:07:54.755  5763  5763 I PowerUI : mBatteryMiscEvent = 131072
03-03 20:07:54.757  5763 11872 D SecPowerUI.Notification: 1. restoreScreenTimeOut - saved_value : :
03-03 20:07:54.757  5763 11872 E SecPowerUI.Notification: no saved value, so we do nothing !!
03-03 20:07:54.758  5763  5763 I PowerUI : checkShouldTurnOffProtectBattery : -1, Scheduling start ? : false
03-03 20:07:54.758  5763  5763 I PowerUI : Clear time
03-03 20:07:54.759  5405  5421 D SettingsProvider: isChangeAllowed() : name = charger_connected_time
03-03 20:07:54.759  5405  5421 D SettingsProvider: edmUri: content://com.sec.knox.provider/RestrictionPolicy3
03-03 20:07:54.759  5405  5421 D SettingsProvider: projectionArgs: isSettingsChangesAllowed
03-03 20:07:54.759  5405  5421 D SettingsProvider: selectionArgs: false
03-03 20:07:54.759  5405  5421 D SettingsProvider: selectionArgs: 10052
03-03 20:07:54.760  5405  5421 D SecContentProvider: query(), uri = 17 selection = isSettingsChangesAllowed
03-03 20:07:54.760  5405  5421 D SecContentProvider: called from android.uid.systemui:10052
03-03 20:07:54.760  5405  5421 D RestrictionPolicy: isSettingsChangesAllowedAsUser, userId 0 : true
03-03 20:07:54.761  5405  5421 D SettingsProvider: ret = 1
03-03 20:07:54.763  5763  5763 D KeyguardUpdateMonitor: handleBatteryUpdate
03-03 20:07:54.765  5763  5763 I AODBatteryManager: updateBatteryData: ACTION_BATTERY_CHANGED
03-03 20:07:54.767  5763  5763 I AODBatteryManager: saveBatteryData : AOD BatteryData [mBatteryLevel=50, mBatteryStatus=CHARGING, mBatteryPlugType=USB, mBatteryPlugged=true, mRemainingChargeTime=5463000, mBatteryChargingType=1, mBatteryChargerType=NORMAL, mBatteryOnline=NOT_DEFINED, mBatterySwellingMode=NONE, mBatteryProtectMode=false]
03-03 20:07:56.068  5405  6722 D FreecessController: com.sec.android.app.myfiles(10119) is important[!isUidIdle]
