--------- beginning of system
03-03 20:08:44.388  5405  6722 D FreecessController: com.sec.android.app.camera(10107) is important[!isUidIdle]
03-03 20:08:45.008  5405  5421 D BatteryService: Sending ACTION_BATTERY_CHANGED: level:50, status:2, health:2, ac:false, usb:true, wireless:false, pogo:false, misc:0x20000, charge_type:1, charger_type:0, voltage:3920, temperature:384, online:19, current_avg:593, ps:false, hvc:false, capacity:280000, current_event:0x18000, current_now:593, mcc:0, mcv:0, cc:1915704, present:true, scale:100, technology:Li-ion
--------- beginning of main
03-03 20:08:45.008  5000  5000 E sehhealth-service: Could not open /sys/class/power_supply/battery/lrp
03-03 20:08:45.014  5405  5569 D MotionRecognitionService: [SAR]  onReceive : ACTION_BATTERY_CHANGED, Plugged: 2
03-03 20:08:45.018  5405  5405 D PhoneWindowManagerExt: ACTION_BATTERY_CHANGED - Level=50, status=2
03-03 20:08:45.018  5405  5712 I DeviceBatteryInfoService: action: android.intent.action.BATTERY_CHANGED
03-03 20:08:45.019  5405  5712 I DeviceBatteryInfoService: phone battery level: 50
03-03 20:08:45.019  5405  5712 I DeviceBatteryInfoService: phone battery status: 2
03-03 20:08:45.020  5405  5405 D AdaptiveBrightnessLongtermModelBuilder: Received android.intent.action.BATTERY_CHANGED
03-03 20:08:45.022  5405  5405 D SemWifiApBroadcastReceiver: Received : android.intent.action.BATTERY_CHANGED
03-03 20:08:45.023  5740  5740 D SemBigDataInfoController: Intent: android.intent.action.BATTERY_CHANGED
03-03 20:08:45.025  5740  5740 D SemBigDataInfoController: Intent: android.intent.action.BATTERY_CHANGED
03-03 20:08:45.027  5763  5763 D KeyguardUpdateMonitor: received broadcast android.intent.action.BATTERY_CHANGED
03-03 20:08:45.030  5763  5763 D SamsungBatteryMeterDrawable: onBatteryLevelChanged isSomethingChanged: false
03-03 20:08:45.032  5763  5763 D SamsungBatteryMeterDrawable: onBatteryLevelChanged isSomethingChanged: false
03-03 20:08:45.034  5763  5763 D SamsungBatteryMeterDrawable: onBatteryLevelChanged isSomethingChanged: false
03-03 20:08:45.035  5763  5763 D SamsungBatteryMeterDrawable: onBatteryLevelChanged isSomethingChanged: false
03-03 20:08:45.036 13984 13984 I [SCPMV2][SystemMonitorReceiver]: onReceive: android.intent.action.BATTERY_CHANGED
03-03 20:08:45.037  5763  5763 I PowerUI : mBootCompleted = true |  mFullyConnected = true
03-03 20:08:45.037  5763  5763 I PowerUI : BATTERY_HEALTH_CHECK extraHealth=2 mBatteryMiscEvent=131072
03-03 20:08:45.037  5763  5763 W PowerUI : Plug reason
03-03 20:08:45.038  5763  5763 W PowerUI : Skip charging animation - by plug status
03-03 20:08:45.038  5763  5763 D PowerUI : priorPlugType = 2 mPlugType = 2 priorBatteryStatus = 2 mBatteryStatus = 2
03-03 20:08:45.038  5763  5763 W PowerUI : Plug reason
03-03 20:08:45.038  5763  5763 W PowerUI : Skip charging sound - by plug status
03-03 20:08:45.038  5763  5763 I PowerUI : oldMisalign : false, curMisalign : false
03-03 20:08:45.040  5763  6585 D SecPowerUI.Notification: dismissing low battery warning: level=50
03-03 20:08:45.040  5763  6585 D SecPowerUI.Notification: updateNotification mWarning=false mPlaySound=false
03-03 20:08:45.040  5763  6585 D SecPowerUI.Notification: SecBatteryStatsSnapshot{batteryLevel=50, currentBatteryMode=0, chargingTime=5431000, chargingType=11, batteryHealth=2, automaticTestMode=false, isHiccupState=false}
03-03 20:08:45.041  5763  5763 D SecPowerUI.Notification: showChargingNotice oldChargingType : 11 / currentChargingType : 11, oldChargingTime : 5431000 / mChargingTime : 5417000
03-03 20:08:45.041  5763  5763 D SecPowerUI.Notification: showChargingNotification()
03-03 20:08:45.041  5763  5763 D SecPowerUI.Notification: SecBatteryStatsSnapshot{batteryLevel=50, currentBatteryMode=0, chargingTime=5417000, chargingType=11, batteryHealth=2, automaticTestMode=false, isHiccupState=false}
03-03 20:08:45.042  5763  6585 D SecPowerUI.Notification: 1. restoreScreenTimeOut - saved_value : :
03-03 20:08:45.042  5763  6585 E SecPowerUI.Notification: no saved value, so we do nothing !!
03-03 20:08:45.047  5405  5421 D ApplicationPolicy: isStatusBarNotificationAllowedAsUser: packageName = com.android.systemui,userId = 0
03-03 20:08:45.048  5405  5421 D ApplicationPolicy: isStatusBarNotificationAllowedAsUser: packageName = com.android.systemui,userId = -1
03-03 20:08:45.049  5405  5421 D ApplicationPolicy: isStatusBarNotificationAllowedAsUser: converting userId from USER_ALLto 0
03-03 20:08:45.051  5763  5763 D PowerUI : Battery swelling mode - priorBatterySwellingMode = 0 mBatterySwellingMode = 0 mBatteryStatus = 2
03-03 20:08:45.051  5763  5763 I PowerUI : mBatteryMiscEvent = 131072
03-03 20:08:45.053  5763  5763 I PowerUI : checkShouldTurnOffProtectBattery : -1, Scheduling start ? : false
03-03 20:08:45.053  5763  5763 I PowerUI : Clear time
03-03 20:08:45.054  5405  7447 D SettingsProvider: isChangeAllowed() : name = charger_connected_time
03-03 20:08:45.054  5405  7447 D SettingsProvider: edmUri: content://com.sec.knox.provider/RestrictionPolicy3
03-03 20:08:45.054  5405  7447 D SettingsProvider: projectionArgs: isSettingsChangesAllowed
03-03 20:08:45.054  5405  7447 D SettingsProvider: selectionArgs: false
03-03 20:08:45.054  5405  7447 D SettingsProvider: selectionArgs: 10052
03-03 20:08:45.054  5405  7447 D SecContentProvider: query(), uri = 17 selection = isSettingsChangesAllowed
03-03 20:08:45.054  5405  7447 D SecContentProvider: called from android.uid.systemui:10052
03-03 20:08:45.055  5405  7447 D RestrictionPolicy: isSettingsChangesAllowedAsUser, userId 0 : true
03-03 20:08:45.055  5405  7447 D SettingsProvider: ret = 1
03-03 20:08:45.057  5763  5763 D KeyguardUpdateMonitor: handleBatteryUpdate
03-03 20:08:45.064  5763  5763 D KeyguardSecIndicationController: addIndicationTimeout() returned - unlocking
03-03 20:08:45.064  5763  5763 D KeyguardSecIndicationController: addIndication() returned - unlocking
03-03 20:08:45.064  5763  5763 D KeyguardSecIndicationController: addIndication() returned - unlocking
03-03 20:08:45.065  5763  5763 D KeyguardSecIndicationController: addBatteryAndOwnerInfoIndication() battery status = BatteryStatus{status=2,level=50,plugged=2,health=2,maxChargingWattage=-1,remaining=5417000ultraFastCharger=0}
03-03 20:08:45.065  5763  5763 I AODBatteryManager: updateBatteryData: ACTION_BATTERY_CHANGED
03-03 20:08:45.067  5763  5763 I AODBatteryManager: saveBatteryData : AOD BatteryData [mBatteryLevel=50, mBatteryStatus=CHARGING, mBatteryPlugType=USB, mBatteryPlugged=true, mRemainingChargeTime=5417000, mBatteryChargingType=1, mBatteryChargerType=NORMAL, mBatteryOnline=NOT_DEFINED, mBatterySwellingMode=NONE, mBatteryProtectMode=false]
03-03 20:08:45.068  5763  5763 I ChargingInfoManager: updateChargingInfo: newState = AOD ChargingInfo [mState=BATTERY_AND_REMAIN_TIME, mIsCharging=true, mIsFullyCharged=false, mIsBatteryProtectMode=false], oldState = AOD ChargingInfo [mState=BATTERY_AND_REMAIN_TIME, mIsCharging=true, mIsFullyCharged=false, mIsBatteryProtectMode=false]
03-03 20:08:45.257  5405  5405 I Telecom:SamsungTelecomServiceImpl: isInManagedCall - callingPackage : android
03-03 20:08:45.275  6173  6173 I Launcher.NotificationListener: onNotificationPosted : com.android.systemui number : 0
03-03 20:08:45.477  5763  5763 D BubblesManager: onEntryUpdated : shouldBubbleUp=false ,key=-1|com.android.systemui|2131428972|charging_state|10052
03-03 20:08:45.534  5763  5763 I FaceWidgetPositionAlgorithm: getMediaContainerHeight() height = 0 container Visibility = 8, isValid = false, mIsDozing = false, fraction = 1.0, source = 0, target = 0
03-03 20:08:45.534  5763  5763 I FaceWidgetPositionAlgorithm: getMediaContainerHeight() supplier = 0
03-03 20:08:45.591  5763  5763 I FaceWidgetPositionAlgorithm: getMediaContainerHeight() height = 0 container Visibility = 8, isValid = false, mIsDozing = false, fraction = 1.0, source = 0, target = 0
03-03 20:08:45.591  5763  5763 I FaceWidgetPositionAlgorithm: getMediaContainerHeight() supplier = 0
03-03 20:08:45.654  5763  5763 I FaceWidgetPositionAlgorithm: getMediaContainerHeight() height = 0 container Visibility = 8, isValid = false, mIsDozing = false, fraction = 1.0, source = 0, target = 0
03-03 20:08:45.654  5763  5763 I FaceWidgetPositionAlgorithm: getMediaContainerHeight() supplier = 0
03-03 20:08:47.417  5405  5636 W DeviceStorageMonitorService: updateBroadcasts(/data) oldLevel:0, newLevel:0, seq:1
03-03 20:08:47.421  5405  5636 D DeviceStorageMonitorService: Available File Node Number is [12604700]
03-03 20:08:47.421  5405  5636 W DeviceStorageMonitorService: updateBroadcasts_filenode(/data) fn_oldLevel:0, fn_newLevel:0, seq:1
03-03 20:08:50.056  4564  4564 D io_stats: !@   8,0 r 253421 9633520 w 400020 189058212 d 0 0 f 0 0 iot 315524 0 th 0 0 0 pt 0 inp 0 0 2137.871
03-03 20:08:50.061  5763  5763 D SecPowerUI.Notification: showChargingNotice oldChargingType : 11 / currentChargingType : 11, oldChargingTime : 5417000 / mChargingTime : 5417000
03-03 20:08:50.061  5763  5763 D SecPowerUI.Notification: There is no change about charging status, so return!
