--------- beginning of system
03-03 19:54:55.021  5405  5405 D NetworkPolicy: ChargingState: new(true), old(false)
--------- beginning of main
03-03 19:54:55.043  7697  7697 D WM-BatteryChrgTracker: Received android.os.action.CHARGING
03-03 19:54:55.055  5405  5805 D PowerManagerService-JNI: Excessive delay in acquiring suspend blocker to PowerManagerService.WakeLocks
03-03 19:54:55.062  7374  7567 W WM-Processor: Didn't find WorkSpec for id WorkGenerationalId(workSpecId=cdb4897b-e633-458d-b23e-2f167783b322, generation=0)
03-03 19:54:55.064  7374  7567 W WM-Processor: Didn't find WorkSpec for id WorkGenerationalId(workSpecId=b5f20a54-89fe-4d64-9145-87462951c113, generation=0)
03-03 19:54:55.066  7697  8025 D WM-GreedyScheduler: Constraints met: Scheduling work ID WorkGenerationalId(workSpecId=d0477de4-0680-4db1-bf1a-7f81d75baec3, generation=132)
03-03 19:54:55.067  7697  8025 D WM-GreedyScheduler: Constraints met: Scheduling work ID WorkGenerationalId(workSpecId=9d472bf2-3b00-42b1-8825-e2bdc7259be3, generation=0)
03-03 19:54:55.070  7697  8025 D WM-GreedyScheduler: Constraints not met: Cancelling work ID WorkGenerationalId(workSpecId=3afc9a8e-ae8e-4fd9-9535-f3959e10fd1c, generation=4)
03-03 19:54:55.072  7697  8025 D WM-GreedyScheduler: Constraints not met: Cancelling work ID WorkGenerationalId(workSpecId=4aad4b90-0a31-42a4-b07e-9dc7ba93fc5e, generation=2070)
03-03 19:54:55.073  7697  8025 D WM-GreedyScheduler: Constraints not met: Cancelling work ID WorkGenerationalId(workSpecId=61a864a7-8144-40ba-b8e5-c5f507fc0410, generation=6950)
03-03 19:54:55.074  7697  8025 D WM-GreedyScheduler: Constraints met: Scheduling work ID WorkGenerationalId(workSpecId=ab1a41a9-1257-4186-95a1-4e8104365fce, generation=4)
03-03 19:54:55.075  7697  8025 D WM-GreedyScheduler: Constraints not met: Cancelling work ID WorkGenerationalId(workSpecId=1eacf997-84c1-4305-add8-c8a362296758, generation=4)
03-03 19:54:55.076  7697  8025 D WM-GreedyScheduler: Constraints met: Scheduling work ID WorkGenerationalId(workSpecId=0afe4bf2-517a-4071-80cf-6ad3146ca050, generation=4)
03-03 19:54:55.083  8383  8969 I SCS@AiSearch user 0: (LoggingWorker) [androidx.work-1] entering in doWork():  
03-03 19:54:55.093  8383  9398 I SCS@AiSearch user 0: (UsageScoreIndexingWorker) [androidx.work-2] entering in doWork():  
03-03 19:54:55.094  8383  9398 I SCS@AiSearch user 0: (AppUsageRunnable) [androidx.work-2] entering in run():  
03-03 19:54:55.097  8865  9327 I Runestone[ODM]: ModelUpdateWatchWorker[0aed] : Enqueued!!
03-03 19:54:55.109  5405  5405 D CompatibilityChangeReporter: Compat change id reported: 135634846; UID 10230; state: DISABLED
03-03 19:54:55.109  5405  5405 D CompatibilityChangeReporter: Compat change id reported: 177438394; UID 10230; state: DISABLED
03-03 19:54:55.109  5405  5405 D CompatibilityChangeReporter: Compat change id reported: 135772972; UID 10230; state: DISABLED
03-03 19:54:55.110  5405  5405 D CompatibilityChangeReporter: Compat change id reported: 135754954; UID 10230; state: ENABLED
03-03 19:54:55.112  5405  5461 D CompatibilityChangeReporter: Compat change id reported: 143937733; UID 10230; state: ENABLED
03-03 19:54:55.120  7697  7697 D WM-GreedyScheduler: Stopping tracking for WorkGenerationalId(workSpecId=d0477de4-0680-4db1-bf1a-7f81d75baec3, generation=132)
03-03 19:54:55.130  8383  9398 I SCS@AiSearch user 0: (IndexManager) [androidx.work-2] entering in updateDocValues():  index: com.samsung.android.apps, size:17
03-03 19:54:55.130  5405  5405 D CompatibilityChangeReporter: Compat change id reported: 168419799; UID 10139; state: DISABLED
03-03 19:54:55.130  8383  9398 I SCS@AiSearch user 0: (IndexManager) getIndexWriter(): indexName com.samsung.android.apps
03-03 19:54:55.132  5405  5464 W libprocessgroup: Failed to open /dev/blkio//cgroup.procs: No such file or directory
03-03 19:54:55.139  8383  8383 I SCS@AiSearch user 0: (ObserverWorker::DOCUMENTS) [main] entering in startWork():  
03-03 19:54:55.141  4905  4905 D Zygote  : Forked child process 19704
03-03 19:54:55.144  8383  8383 I SCS@AiSearch user 0: (ObserverWorker::DOCUMENTS) Retry job, run count = 0
03-03 19:54:55.145  8865  9319 I Runestone[ODM]: ModelUpdateWatchWorker[0aed] : Running!!
03-03 19:54:55.146  5405  5461 I ActivityManager: Start proc 19704:com.google.android.apps.turbo:aab/u0a230 for service {com.google.android.apps.turbo/com.google.android.libraries.smartbattery.appusage.library.EvaluateAppBucketsJob}
03-03 19:54:55.151  7697  8007 D WM-Processor: lsi: processing WorkGenerationalId(workSpecId=9d472bf2-3b00-42b1-8825-e2bdc7259be3, generation=0)
03-03 19:54:55.155  8383  8790 I WM-WorkerWrapper: Worker result RETRY for Work [ id=1039a568-282b-4a87-85b1-d84d43d2f39a, tags={ com.samsung.android.scs.documents, com.samsung.android.scs.ai.search.data.collector.ObserverWorker } ]
03-03 19:54:55.160  5405  5405 D NetworkSecurityConfig: No Network Security Config specified, using platform default
03-03 19:54:55.179  7374 19706 I LPAutoUpdateWorker: #doWork
03-03 19:54:55.182  8865  9319 I Runestone[ODM]: ModelUpdateWatchWorker[0aed] : Succeeded -> Data {}
03-03 19:54:55.185  7374  7567 I WM-WorkerWrapper: Work [ id=ad7777bd-0baa-46d5-9ecc-196fd45e970f, tags={ com.google.android.apps.miphone.aiai.chronicle.integration.BlobStoreMaintenanceWorker,BlobStoreMaintenanceWorker } ] was cancelled
03-03 19:54:55.185  7374  7567 I WM-WorkerWrapper: java.util.concurrent.CancellationException: Task was cancelled.
03-03 19:54:55.185  7374  7567 I WM-WorkerWrapper: 	at azq.m(PG:33)
03-03 19:54:55.185  7374  7567 I WM-WorkerWrapper: 	at azq.get(PG:5)
03-03 19:54:55.185  7374  7567 I WM-WorkerWrapper: 	at ath.f(PG:5)
03-03 19:54:55.185  7374  7567 I WM-WorkerWrapper: 	at atb.run(PG:29)
03-03 19:54:55.185  7374  7567 I WM-WorkerWrapper: 	at ayt.run(PG:3)
03-03 19:54:55.185  7374  7567 I WM-WorkerWrapper: 	at java.util.concurrent.ThreadPoolExecutor.runWorker(ThreadPoolExecutor.java:1145)
03-03 19:54:55.185  7374  7567 I WM-WorkerWrapper: 	at java.util.concurrent.ThreadPoolExecutor$Worker.run(ThreadPoolExecutor.java:644)
03-03 19:54:55.185  7374  7567 I WM-WorkerWrapper: 	at java.lang.Thread.run(Thread.java:1012)
03-03 19:54:55.190  7374  7567 I WM-WorkerWrapper: Worker result SUCCESS for Work [ id=5c277204-f12c-4641-be3e-2405eeca58a0, tags={ com.google.android.libraries.speech.modeldownload.languagepacks.backgroundtask.workmanager.LanguagePackAutoUpdateWorker } ]
03-03 19:54:55.196 19704 19704 I .apps.turbo:aab: Using CollectorTypeCC GC.
03-03 19:54:55.197  7374  7522 I LPDownloadSettingsState: Defaulting LP download condition to 2 as user has not edited settings.
03-03 19:54:55.197  7374  7522 I DefaultLPManager: #getAvailablePackages
03-03 19:54:55.199  7374  7522 I iuq     : #getDownloadableLanguagePacks
03-03 19:54:55.199  7374  7522 W SystemLPSourceImpl: #getAvailablePackages: Note there is not reason to call this method, as getInstalledPackages() returns the same LanguagePacks for this impl.
03-03 19:54:55.200  7374  7522 I DefaultLPManager: #getInstalledPackages
03-03 19:54:55.200 19704 19704 E .apps.turbo:aab: Not starting debugger since process cannot load the jdwp agent.
03-03 19:54:55.201  7374  7522 I iuq     : #getInstalledPackages
03-03 19:54:55.202  7374  7629 I SystemLPSourceImpl: Parsed system partition LanguagePack metadata file: /product/usr/srec/en-US/metadata
03-03 19:54:55.203  7374  7522 I DefaultLPManager: #getInstalledPackages
03-03 19:54:55.203  7697  8007 D WM-Processor: lsi: processing WorkGenerationalId(workSpecId=ab1a41a9-1257-4186-95a1-4e8104365fce, generation=4)
03-03 19:54:55.204  7374  7522 I iuq     : #getInstalledPackages
03-03 19:54:55.206  7374  7522 I DefaultLPManager: #getRequestedPackages
03-03 19:54:55.206  8865  9217 I WM-WorkerWrapper: Worker result SUCCESS for Work [ id=0aeddd11-f842-4309-8800-a713703842e4, tags={ com.samsung.android.rubin.odm.worker.ModelUpdateWatchWorker, 1749448436808, TAG_RUNESTONE_ODM_WORKER, ModelUpdateWatchWorker } ]
03-03 19:54:55.207  7374  7522 I ZipLPPopulator: #addNewFileGroups
03-03 19:54:55.207  7374  7522 I iuq     : #getDownloadableLanguagePacks
03-03 19:54:55.207  7374  7629 I SystemLPSourceImpl: Parsed system partition LanguagePack metadata file: /product/usr/srec/en-US/metadata
03-03 19:54:55.207  7374  7522 W SystemLPSourceImpl: #getRequestedPackages: There is not reason to call this method, as the result is always empty.
03-03 19:54:55.208  7374  7522 I DefaultLPManager: #getAvailablePackages
03-03 19:54:55.209  7374  7522 I iuq     : #getDownloadableLanguagePacks
03-03 19:54:55.209  7374  7522 W SystemLPSourceImpl: #getAvailablePackages: Note there is not reason to call this method, as getInstalledPackages() returns the same LanguagePacks for this impl.
03-03 19:54:55.209  7374  7629 I SystemLPSourceImpl: Parsed system partition LanguagePack metadata file: /product/usr/srec/en-US/metadata
03-03 19:54:55.209 19704 19704 D nativeloader: Load libframework-connectivity-tiramisu-jni.so using APEX ns com_android_tethering for caller /apex/com.android.tethering/javalib/framework-connectivity-t.jar: ok
03-03 19:54:55.211  7374  7629 I SystemLPSourceImpl: Parsed system partition LanguagePack metadata file: /product/usr/srec/en-US/metadata
03-03 19:54:55.213 19704 19704 D ActivityThread: setConscryptValidator
03-03 19:54:55.213 19704 19704 D ActivityThread: setConscryptValidator - put
03-03 19:54:55.215  7697  8007 D WM-Processor: lsi: processing WorkGenerationalId(workSpecId=0afe4bf2-517a-4071-80cf-6ad3146ca050, generation=4)
03-03 19:54:55.220  5405  7448 I ActivityManager: DSS OFF for com.google.android.apps.turbo
03-03 19:54:55.230  7374  7567 I WM-WorkerWrapper: Worker result SUCCESS for Work [ id=f7e2f527-99f4-4333-bf46-4e6baf8eba27, tags={ com.google.android.apps.miphone.aiai.chronicle.data.storage.datacache.workmanager.UpdateDataCacheStorageWorker,UpdateDataCacheStorageWorker } ]
03-03 19:54:55.234  5763  5763 D SecPowerUI.Notification: showChargingNotice oldChargingType : 11 / currentChargingType : 11, oldChargingTime : 6068000 / mChargingTime : 6068000
03-03 19:54:55.234  5763  5763 D SecPowerUI.Notification: There is no change about charging status, so return!
03-03 19:54:55.237  7374  7522 E VoiceSearchConfigProtoU: Unrecognized recognizer for [ja-JP, 3054]: 23. Ignoring it and its associated features.
03-03 19:54:55.238  7374  7522 E VoiceSearchConfigProtoU: Unrecognized recognizer for [ja-JP, 3054]: 22. Ignoring it and its associated features.
03-03 19:54:55.238  7374  7522 E VoiceSearchConfigProtoU: Unrecognized recognizer for [ja-JP, 3054]: 23. Ignoring it and its associated features.
03-03 19:54:55.238  7374  7522 E VoiceSearchConfigProtoU: Unrecognized recognizer for [ja-JP, 3054]: 22. Ignoring it and its associated features.
03-03 19:54:55.239  7374  7522 E VoiceSearchConfigProtoU: Unrecognized recognizer for [ja-JP, 3054]: 23. Ignoring it and its associated features.
03-03 19:54:55.239  7374  7522 E VoiceSearchConfigProtoU: Unrecognized recognizer for [ja-JP, 3054]: 22. Ignoring it and its associated features.
03-03 19:54:55.239  7374  7522 E VoiceSearchConfigProtoU: Unrecognized recognizer for [ja-JP, 3054]: 22. Ignoring it and its associated features.
03-03 19:54:55.239  7374  7522 E VoiceSearchConfigProtoU: Unrecognized recognizer for [ja-JP, 3054]: 22. Ignoring it and its associated features.
03-03 19:54:55.244 19704 19704 D CompatibilityChangeReporter: Compat change id reported: 171979766; UID 10230; state: ENABLED
03-03 19:54:55.251  5405  5464 W libprocessgroup: Failed to open /dev/blkio//cgroup.procs: No such file or directory
03-03 19:54:55.255 19704 19704 D nativeloader: Configuring clns-4 for other apk /system/framework/org.apache.http.legacy.jar. target_sdk_version=33, uses_libraries=ALL, library_path=/data/app/~~1ErEgdDa_tk7pM8cHFMb-g==/com.google.android.apps.turbo-HeWLE3BDf0Wfc0VO5-DCKw==/lib/arm64:/data/app/~~1ErEgdDa_tk7pM8cHFMb-g==/com.google.android.apps.turbo-HeWLE3BDf0Wfc0VO5-DCKw==/base.apk!/lib/arm64-v8a, permitted_path=/data:/mnt/expand:/data/user/0/com.google.android.apps.turbo
03-03 19:54:55.255 19704 19704 D nativeloader: Extending system_exposed_libraries: libhumantracking.arcsoft.so:libPortraitDistortionCorrection.arcsoft.so:libPortraitDistortionCorrectionCali.arcsoft.so:libface_landmark.arcsoft.so:libFacialStickerEngine.arcsoft.so:libveengine.arcsoft.so:liblow_light_hdr.arcsoft.so:libhigh_dynamic_range.arcsoft.so:libFacialAttributeDetection.arcsoft.so:libBeauty_v4.camera.samsung.so:libexifa.camera.samsung.so:libjpega.camera.samsung.so:libOpenCv.camera.samsung.so:libImageScreener.camera.samsung.so:libMyFilter.camera.samsung.so:libtensorflowLite.myfilter.camera.samsung.so:libtensorflowlite_inference_api.myfilter.camera.samsung.so:libEventFinder.camera.samsung.so:libHIDTSnapJNI.camera.samsung.so:libSmartScan.camera.samsung.so:libRectify.camera.samsung.so:libDocRectifyWrapper.camera.samsung.so:libUltraWideDistortionCorrection.camera.samsung.so:libWideDistortionCorrection.camera.samsung.so:libHpr_RecGAE_cvFeature_v1.0.camera.samsung.so:libHprFace_GAE_api.camera.samsung.so:libFace_Landmark_API.camera.samsung.so:libHprFace_GAE_jn
03-03 19:54:55.255  7374  7522 E VoiceSearchConfigProtoU: Unrecognized recognizer for [ja-JP, 3056]: 23. Ignoring it and its associated features.
03-03 19:54:55.255  7374  7522 E VoiceSearchConfigProtoU: Unrecognized recognizer for [ja-JP, 3056]: 22. Ignoring it and its associated features.
03-03 19:54:55.256  7374  7522 E VoiceSearchConfigProtoU: Unrecognized recognizer for [ja-JP, 3056]: 23. Ignoring it and its associated features.
03-03 19:54:55.256  7374  7522 E VoiceSearchConfigProtoU: Unrecognized recognizer for [ja-JP, 3056]: 22. Ignoring it and its associated features.
03-03 19:54:55.256  7374  7522 E VoiceSearchConfigProtoU: Unrecognized recognizer for [ja-JP, 3056]: 23. Ignoring it and its associated features.
03-03 19:54:55.256  7374  7522 E VoiceSearchConfigProtoU: Unrecognized recognizer for [ja-JP, 3056]: 22. Ignoring it and its associated features.
03-03 19:54:55.256  7374  7522 E VoiceSearchConfigProtoU: Unrecognized recognizer for [ja-JP, 3056]: 22. Ignoring it and its associated features.
03-03 19:54:55.256  7374  7522 E VoiceSearchConfigProtoU: Unrecognized recognizer for [ja-JP, 3056]: 22. Ignoring it and its associated features.
03-03 19:54:55.268  7697  7697 D WM-SystemJobService: onStartJob for WorkGenerationalId(workSpecId=9d472bf2-3b00-42b1-8825-e2bdc7259be3, generation=0)
03-03 19:54:55.274 19704 19704 D nativeloader: Configuring clns-5 for other apk /data/app/~~1ErEgdDa_tk7pM8cHFMb-g==/com.google.android.apps.turbo-HeWLE3BDf0Wfc0VO5-DCKw==/base.apk. target_sdk_version=33, uses_libraries=, library_path=/data/app/~~1ErEgdDa_tk7pM8cHFMb-g==/com.google.android.apps.turbo-HeWLE3BDf0Wfc0VO5-DCKw==/lib/arm64:/data/app/~~1ErEgdDa_tk7pM8cHFMb-g==/com.google.android.apps.turbo-HeWLE3BDf0Wfc0VO5-DCKw==/base.apk!/lib/arm64-v8a, permitted_path=/data:/mnt/expand:/data/user/0/com.google.android.apps.turbo
03-03 19:54:55.284 19704 19704 D nativeloader: Load libframework-connectivity-jni.so using APEX ns com_android_tethering for caller /apex/com.android.tethering/javalib/framework-connectivity.jar: ok
03-03 19:54:55.291  7374  7522 E VoiceSearchConfigProtoU: Unrecognized recognizer for [ja-JP, 3054]: 23. Ignoring it and its associated features.
03-03 19:54:55.291  7374  7522 E VoiceSearchConfigProtoU: Unrecognized recognizer for [ja-JP, 3054]: 22. Ignoring it and its associated features.
03-03 19:54:55.291  7374  7522 E VoiceSearchConfigProtoU: Unrecognized recognizer for [ja-JP, 3054]: 23. Ignoring it and its associated features.
03-03 19:54:55.291 19704 19704 V GraphicsEnvironment: ANGLE Developer option for 'com.google.android.apps.turbo' set to: 'default'
03-03 19:54:55.292  7374  7522 E VoiceSearchConfigProtoU: Unrecognized recognizer for [ja-JP, 3054]: 22. Ignoring it and its associated features.
03-03 19:54:55.292  7374  7522 E VoiceSearchConfigProtoU: Unrecognized recognizer for [ja-JP, 3054]: 23. Ignoring it and its associated features.
03-03 19:54:55.292  7374  7522 E VoiceSearchConfigProtoU: Unrecognized recognizer for [ja-JP, 3054]: 22. Ignoring it and its associated features.
03-03 19:54:55.292  7374  7522 E VoiceSearchConfigProtoU: Unrecognized recognizer for [ja-JP, 3054]: 22. Ignoring it and its associated features.
03-03 19:54:55.292 19704 19704 V GraphicsEnvironment: ANGLE GameManagerService for com.google.android.apps.turbo: false
03-03 19:54:55.292  7374  7522 E VoiceSearchConfigProtoU: Unrecognized recognizer for [ja-JP, 3054]: 22. Ignoring it and its associated features.
03-03 19:54:55.292 19704 19704 V GraphicsEnvironment: Neither updatable production driver nor prerelease driver is supported.
03-03 19:54:55.292  7697  8007 D WM-GreedyScheduler: Cancelling work ID d0477de4-0680-4db1-bf1a-7f81d75baec3
03-03 19:54:55.297 19704 19704 D NetworkSecurityConfig: No Network Security Config specified, using platform default
03-03 19:54:55.299 19704 19704 D NetworkSecurityConfig: No Network Security Config specified, using platform default
03-03 19:54:55.303  7374  7631 I WM-WorkerWrapper: Worker result SUCCESS for Work [ id=ad7777bd-0baa-46d5-9ecc-196fd45e970f, tags={ com.google.android.apps.miphone.aiai.chronicle.integration.BlobStoreMaintenanceWorker,BlobStoreMaintenanceWorker } ]
03-03 19:54:55.305  7374  7522 E VoiceSearchConfigProtoU: Unrecognized recognizer for [ja-JP, 3056]: 23. Ignoring it and its associated features.
03-03 19:54:55.305  7374  7522 E VoiceSearchConfigProtoU: Unrecognized recognizer for [ja-JP, 3056]: 22. Ignoring it and its associated features.
03-03 19:54:55.305  7374  7522 E VoiceSearchConfigProtoU: Unrecognized recognizer for [ja-JP, 3056]: 23. Ignoring it and its associated features.
03-03 19:54:55.305  7374  7522 E VoiceSearchConfigProtoU: Unrecognized recognizer for [ja-JP, 3056]: 22. Ignoring it and its associated features.
03-03 19:54:55.305  7374  7522 E VoiceSearchConfigProtoU: Unrecognized recognizer for [ja-JP, 3056]: 23. Ignoring it and its associated features.
03-03 19:54:55.305  7374  7522 E VoiceSearchConfigProtoU: Unrecognized recognizer for [ja-JP, 3056]: 22. Ignoring it and its associated features.
03-03 19:54:55.305  7374  7522 E VoiceSearchConfigProtoU: Unrecognized recognizer for [ja-JP, 3056]: 22. Ignoring it and its associated features.
03-03 19:54:55.306  7374  7522 E VoiceSearchConfigProtoU: Unrecognized recognizer for [ja-JP, 3056]: 22. Ignoring it and its associated features.
03-03 19:54:55.311 19704 19704 D CompatibilityChangeReporter: Compat change id reported: 183155436; UID 10230; state: ENABLED
03-03 19:54:55.316  8383  9398 I SCS@AiSearch user 0: (IndexSearcherManager) [androidx.work-2] entering in refreshSearcherManager():  refreshSearcherManager for com.samsung.android.apps
03-03 19:54:55.316  8383  9398 I SCS@AiSearch user 0: (IndexSearcherManager) remove: indexName: com.samsung.android.apps
03-03 19:54:55.317  8383  9398 I SCS@AiSearch user 0: (IndexManager) getIndexWriter(): indexName com.samsung.android.apps
03-03 19:54:55.320 19704 19704 W Turbo.TurboApplication: Going to the application!
03-03 19:54:55.329  7374  7522 E VoiceSearchConfigProtoU: Unrecognized recognizer for [ja-JP, 3054]: 23. Ignoring it and its associated features.
03-03 19:54:55.329  7374  7522 E VoiceSearchConfigProtoU: Unrecognized recognizer for [ja-JP, 3054]: 22. Ignoring it and its associated features.
03-03 19:54:55.329  7374  7522 E VoiceSearchConfigProtoU: Unrecognized recognizer for [ja-JP, 3054]: 23. Ignoring it and its associated features.
03-03 19:54:55.329  7374  7522 E VoiceSearchConfigProtoU: Unrecognized recognizer for [ja-JP, 3054]: 22. Ignoring it and its associated features.
03-03 19:54:55.329  7374  7522 E VoiceSearchConfigProtoU: Unrecognized recognizer for [ja-JP, 3054]: 23. Ignoring it and its associated features.
03-03 19:54:55.330  7374  7522 E VoiceSearchConfigProtoU: Unrecognized recognizer for [ja-JP, 3054]: 22. Ignoring it and its associated features.
03-03 19:54:55.330  7374  7522 E VoiceSearchConfigProtoU: Unrecognized recognizer for [ja-JP, 3054]: 22. Ignoring it and its associated features.
03-03 19:54:55.330  7374  7522 E VoiceSearchConfigProtoU: Unrecognized recognizer for [ja-JP, 3054]: 22. Ignoring it and its associated features.
03-03 19:54:55.330  5405  7621 D CompatibilityChangeReporter: Compat change id reported: 161145287; UID 10230; state: DISABLED
03-03 19:54:55.340  7374  7522 E VoiceSearchConfigProtoU: Unrecognized recognizer for [ja-JP, 3056]: 23. Ignoring it and its associated features.
03-03 19:54:55.340  7374  7522 E VoiceSearchConfigProtoU: Unrecognized recognizer for [ja-JP, 3056]: 22. Ignoring it and its associated features.
03-03 19:54:55.340  7374  7522 E VoiceSearchConfigProtoU: Unrecognized recognizer for [ja-JP, 3056]: 23. Ignoring it and its associated features.
03-03 19:54:55.340  7374  7522 E VoiceSearchConfigProtoU: Unrecognized recognizer for [ja-JP, 3056]: 22. Ignoring it and its associated features.
03-03 19:54:55.341  7374  7522 E VoiceSearchConfigProtoU: Unrecognized recognizer for [ja-JP, 3056]: 23. Ignoring it and its associated features.
03-03 19:54:55.341  7374  7522 E VoiceSearchConfigProtoU: Unrecognized recognizer for [ja-JP, 3056]: 22. Ignoring it and its associated features.
03-03 19:54:55.341  7374  7522 E VoiceSearchConfigProtoU: Unrecognized recognizer for [ja-JP, 3056]: 22. Ignoring it and its associated features.
03-03 19:54:55.341  7374  7522 E VoiceSearchConfigProtoU: Unrecognized recognizer for [ja-JP, 3056]: 22. Ignoring it and its associated features.
03-03 19:54:55.346 15451 15550 W .adservices.api: Verification of com.google.android.libraries.mobiledatadownload.populator.ManifestFileGroupPopulator com.android.adservices.download.MobileDataDownloadFactory.getCobaltRegistryManifestPopulator(com.android.adservices.service.Flags, com.google.android.libraries.mobiledatadownload.file.SynchronousFileStorage, com.google.android.libraries.mobiledatadownload.downloader.FileDownloader) took 114.111ms (1156.77 bytecodes/s) (7280B approximate peak alloc)
03-03 19:54:55.353  7374  7522 I LPRequestState: [ZipfileRequests] #resolveDesiredLanguagePacks
03-03 19:54:55.356  7374  7522 I LPRequestState: [ManagerRequests] #resolveDesiredLanguagePacks
03-03 19:54:55.361  7697  8007 D WM-GreedyScheduler: Ignoring {WorkSpec: 43f6117a-9d41-42f4-80d7-699b50f40b57}. Requires device idle.
03-03 19:54:55.361  7697  8007 D WM-GreedyScheduler: Ignoring {WorkSpec: e2493752-ff25-4728-8843-71bc0751f199}. Requires device idle.
03-03 19:54:55.367  7374  7522 I LPDownloadSettingsState: Defaulting LP download condition to 2 as user has not edited settings.
03-03 19:54:55.376  7374  7522 I LanguagePackMaintenance: Background downloading 0 packs, for an ideal set of 1 total packs
03-03 19:54:55.377  7374  7522 I LanguagePackMaintenance: Background downloading packs []
03-03 19:54:55.377  7374  7522 I LanguagePackMaintenance: Ideal set: [en-GB_v3054]
03-03 19:54:55.379  7374  7522 I LPRequestState: [ManagerRequests] #resolveUnusedLanguagePacks
03-03 19:54:55.379  7374  7522 I LPRequestState: [ManagerRequests] #resolveDesiredLanguagePacks
03-03 19:54:55.384  7374  7522 I ZipLPPopulator: Updated file group for group 'langpack-domain_en-GB_3054_zipfile' from location: https://dl.google.com/android/voice/soda/en-GB/v3054/soda-en-GB-v3054.zip
03-03 19:54:55.384  7374  7522 I iuq     : #getPendingPackages
03-03 19:54:55.400  7697  8007 D WM-GreedyScheduler: Starting tracking for 6184d78f-8ac8-4fb8-9a5b-b72a2df86eb9,ddda17f9-015f-4287-86d4-5392af8f9886,1eacf997-84c1-4305-add8-c8a362296758,3afc9a8e-ae8e-4fd9-9535-f3959e10fd1c,679f0b15-885c-426d-8473-750fe30d6ddf
03-03 19:54:55.400  7374  7522 I LPRequestState: [ManagerRequests] #resolveUnusedLanguagePacks
03-03 19:54:55.401  7374  7522 I LPRequestState: [ManagerRequests] #resolveDesiredLanguagePacks
03-03 19:54:55.401  7374  7522 I DefaultLPManager: #calculateRolledBackPacks
03-03 19:54:55.407  7374  7522 I LanguagePackMaintenance: Background deleting 0 stale packs: 
03-03 19:54:55.408  7374  7522 I LanguagePackMaintenance: Background LanguagePack updates finished successfully
03-03 19:54:55.410  4564  4564 D io_stats: !@   8,0 r 250646 9540008 w 397704 188981056 d 0 0 f 0 0 iot 313348 0 th 0 0 0 pt 0 inp 0 0 1303.226
03-03 19:54:55.430  7374  7522 I FakeAppFlowTransport: (TEST) Generic AppFlow event: # ncs@fb09cc31
03-03 19:54:55.434  7374  7391 W ogle.android.as: Reducing the number of considered missed Gc histogram windows from 123 to 100
03-03 19:54:55.447  5405  5450 W NotifHistoryProto: notification package name (android) not found in string cache
03-03 19:54:55.447  5405  5450 W NotifHistoryProto: notification channel name (USB connection) not found in string cache
03-03 19:54:55.447  5405  5450 W NotifHistoryProto: notification channel id (USB) not found in string cache
03-03 19:54:55.447  5405  5450 W NotifHistoryProto: notification package name (android) not found in string cache
03-03 19:54:55.447  5405  5450 W NotifHistoryProto: notification channel name (USB connection) not found in string cache
03-03 19:54:55.447  5405  5450 W NotifHistoryProto: notification channel id (USB) not found in string cache
03-03 19:54:55.447  5405  5450 W NotifHistoryProto: notification package name (android) not found in string cache
03-03 19:54:55.447  5405  5450 W NotifHistoryProto: notification channel name (USB connection) not found in string cache
03-03 19:54:55.447  5405  5450 W NotifHistoryProto: notification channel id (USB) not found in string cache
03-03 19:54:55.447  5405  5450 W NotifHistoryProto: notification package name (com.android.systemui) not found in string cache
03-03 19:54:55.447  5405  5450 W NotifHistoryProto: notification channel name (Battery) not found in string cache
03-03 19:54:55.447  5405  5450 W NotifHistoryProto: notification channel id (CHR) not found in string cache
03-03 19:54:55.447  5405  5450 W NotifHistoryProto: notification package name (com.android.systemui) not found in string cache
03-03 19:54:55.447  5405  5450 W NotifHistoryProto: notification channel name (Battery) not found in string cache
03-03 19:54:55.447  5405  5450 W NotifHistoryProto: notification channel id (CHR) not found in string cache
03-03 19:54:55.447  5405  5450 W NotifHistoryProto: notification package name (com.android.systemui) not found in string cache
03-03 19:54:55.447  5405  5450 W NotifHistoryProto: notification channel name (Battery) not found in string cache
03-03 19:54:55.447  5405  5450 W NotifHistoryProto: notification channel id (CHR) not found in string cache
03-03 19:54:55.447  5405  5450 W NotifHistoryProto: notification package name (android) not found in string cache
03-03 19:54:55.447  5405  5450 W NotifHistoryProto: notification channel name (USB connection) not found in string cache
03-03 19:54:55.447  5405  5450 W NotifHistoryProto: notification channel id (USB) not found in string cache
03-03 19:54:55.450  5405  5450 D CompatibilityChangeReporter: Compat change id reported: 171306433; UID 1000; state: ENABLED
03-03 19:54:55.450  5405  5450 D CompatibilityChangeReporter: Compat change id reported: 218533173; UID 1000; state: ENABLED
03-03 19:54:55.486  7697  7697 D WM-WorkerWrapper: Starting work for com.google.apps.tiktok.contrib.work.TikTokListenableWorker
03-03 19:54:55.554  8383  9398 I SCS@AiSearch user 0: (IndexSearcherManager) Searcher created successfully for com.samsung.android.apps
03-03 19:54:55.554  8383  9398 I SCS@AiSearch user 0: (IndexSearcherManager) [androidx.work-2] leaving from refreshSearcherManager():  
03-03 19:54:55.555  8383  9398 I SCS@AiSearch user 0: (IndexManager) [androidx.work-2] leaving from updateDocValues():  
03-03 19:54:55.555  8383  9398 I SCS@AiSearch user 0: (AppUsageRunnable) [androidx.work-2] leaving from run():  
03-03 19:54:55.555  8383  9398 I SCS@AiSearch user 0: (UsageScoreIndexingWorker) [androidx.work-2] leaving from doWork():  
03-03 19:54:55.558  8383  8755 I WM-WorkerWrapper: Worker result SUCCESS for Work [ id=ea94ca3b-33f1-4961-9c53-3c0952deb170, tags={ com.samsung.android.scs.ai.search.scheduling.workers.UsageScoreIndexingWorker, UsageScoreIndexingWorker } ]
03-03 19:54:55.561  7697  7697 D WM-WorkerWrapper: Starting work for com.google.apps.tiktok.contrib.work.TikTokListenableWorker
03-03 19:54:55.598  7697  7697 D MddPeriodicWorker: PeriodicWorker: startWork
03-03 19:54:55.601  8383 19736 I SCS@AiSearch user 0: (IndexManager) [pool-19-thread-1] entering in commitIndexWriter():  
03-03 19:54:55.606  5405  5464 W libprocessgroup: Failed to open /dev/blkio//cgroup.procs: No such file or directory
03-03 19:54:55.610  7697 19738 E SingleDataFileGroupPop: Failed to add file group 
03-03 19:54:55.653  7697  7697 D WM-WorkerWrapper: Starting work for com.google.apps.tiktok.contrib.work.TikTokListenableWorker
03-03 19:54:55.662  7697  7697 D MddPeriodicWorker: PeriodicWorker: startWork
03-03 19:54:55.670  8383  8969 I SCS@AiSearch user 0: (LoggingWorker) getMissingPermissionDetails:  missingPermissions: 0missing AppOps: 0
03-03 19:54:55.670  8383  8969 I SCS@AiSearch user 0: (LoggingWorker) [androidx.work-1] leaving from doWork():  
03-03 19:54:55.676  8383 19736 I SCS@AiSearch user 0: (IndexManager) [pool-19-thread-1] leaving from commitIndexWriter():  
03-03 19:54:55.680  7697  8007 D WM-Processor: Work WorkGenerationalId(workSpecId=9d472bf2-3b00-42b1-8825-e2bdc7259be3, generation=0) is already enqueued for processing
03-03 19:54:55.689  8383  8755 I WM-WorkerWrapper: Worker result SUCCESS for Work [ id=5f13eb39-d4b7-4a5d-a8a1-6ee5b8efd918, tags={ LoggingWorker, com.samsung.android.scs.ai.search.scheduling.workers.LoggingWorker } ]
03-03 19:54:55.788  7697 19738 E PhFileGroupPop: Failed to add file group 
03-03 19:54:55.788  5405  6722 D FreecessController: com.sec.android.app.myfiles(10119) is important[!isUidIdle]
03-03 19:54:55.789  7697 19738 E PhFileGroupPop: Failed to add file group 
03-03 19:54:55.791  7697 19738 E PhFileGroupPop: Failed to add file group 
03-03 19:54:55.791  7697 19738 E PhFileGroupPop: Failed to add file group 
03-03 19:54:55.791  7697 19738 E PhFileGroupPop: Failed to add file group 
03-03 19:54:55.794  5405  7494 I GenerationRegistry: mBackingStore.isClosed() : false
03-03 19:54:55.798  7697 19738 E PhFileGroupPop: Failed to add file group 
03-03 19:54:55.804  7697 19738 E PhFileGroupPop: Failed to add file group 
03-03 19:54:55.804  7697 19738 E PhFileGroupPop: Failed to add file group 
03-03 19:54:55.815  7697 19738 I esir    : Scheduling next refresh
03-03 19:54:55.822  7697 19738 I esir    : Scheduling next refresh
03-03 19:54:55.824  7697 19738 I esir    : Scheduling next refresh
03-03 19:54:55.825  7697 19738 I esir    : Scheduling next refresh
03-03 19:54:55.838  7697 19738 I esir    : Scheduling next refresh
03-03 19:54:55.839  7697 19738 I esir    : Scheduling next refresh
03-03 19:54:55.849  7697 19738 I esir    : Scheduling next refresh
03-03 19:54:55.850  7697 19738 I esir    : Scheduling next refresh
03-03 19:54:55.860  7697 19738 I fatj    : MDD.MigrationProxyPopulator.refreshFileGroups
03-03 19:54:55.861  7697 19738 E SingleDataFileGroupPop: Failed to add file group 
03-03 19:54:55.881  7697 19738 I ZipLPPopulator: #scheduleLanguagePackDeletion
03-03 19:54:55.881  7697 19738 I ZipLPPopulator: fqht: MEDIUM
03-03 19:54:55.881  7697 19738 I ZipLPPopulator: 	at fayr.b(PG:22)
03-03 19:54:55.881  7697 19738 I ZipLPPopulator: 	at dyys.A(PG:24)
03-03 19:54:55.881  7697 19738 I ZipLPPopulator: 	at dyys.i(PG:90)
03-03 19:54:55.881  7697 19738 I ZipLPPopulator: 	at dyys.s(PG:1)
03-03 19:54:55.881  7697 19738 I ZipLPPopulator: 	at eskb.s(PG:16)
03-03 19:54:55.881  7697 19738 I ZipLPPopulator: 	at dzqb.a(PG:143)
03-03 19:54:55.881  7697 19738 I ZipLPPopulator: 	at fidq.a(PG:13)
03-03 19:54:55.881  7697 19738 I ZipLPPopulator: 	at fskg.a(PG:3)
03-03 19:54:55.881  7697 19738 I ZipLPPopulator: 	at fsjj.run(PG:19)
03-03 19:54:55.881  7697 19738 I ZipLPPopulator: 	at fski.run(PG:5)
03-03 19:54:55.881  7697 19738 I ZipLPPopulator: 	at dnkq.run(PG:5)
03-03 19:54:55.881  7697 19738 I ZipLPPopulator: 	at java.util.concurrent.ThreadPoolExecutor.runWorker(ThreadPoolExecutor.java:1145)
03-03 19:54:55.881  7697 19738 I ZipLPPopulator: 	at java.util.concurrent.ThreadPoolExecutor$Worker.run(ThreadPoolExecutor.java:644)
03-03 19:54:55.881  7697 19738 I ZipLPPopulator: 	at dnjz.run(PG:27)
03-03 19:54:55.881  7697 19738 I ZipLPPopulator: 	at java.lang.Thread.run(Thread.java:1012)
03-03 19:54:55.881  7697 19738 I ZipLPPopulator: 	at dnlu.run(PG:62)
03-03 19:54:55.881  7697 19738 I ZipLPPopulator: #addNewFileGroups
03-03 19:54:55.882  7697 19738 I fayg    : #getDownloadableLanguagePacks
03-03 19:54:55.883  7697 19738 I faze    : (REDACTED) Loaded languagepack (LP) flag value from latest config %s: %s
03-03 19:54:55.889  7697  8222 I LPRequestState: (REDACTED) [%s] #resolveDesiredLanguagePacks
03-03 19:54:55.891  7697  8222 I ZipLPPopulator: #addNewFileGroups complete
03-03 19:54:55.892  7697  8222 I fayg    : #getInstalledPackages from MDD
03-03 19:54:55.893  7697  8222 I fayg    : #GetLanguagePackList
03-03 19:54:55.893  7697  8222 I fayg    : MDD.getFileGroupsByFilter(langpack-domain_xx-XX_ver_zipfile)
03-03 19:54:55.898  7697 19738 I tfa     : (REDACTED) Download file group for language pack: %s
03-03 19:54:55.899  7697 19738 W tfa     : (REDACTED) Locale %s is not compatible, please check manifest exists
03-03 19:54:55.926  7697 19738 I ahnx    : getLocaleToModelSpecsMap
03-03 19:54:55.927  7697 19738 I ahnx    : Fetching latest config from MDD...
03-03 19:54:55.936  7697 19738 I ahnx    : (REDACTED) Found map of size: %d
03-03 19:54:55.939  7697 19738 I HotwordModelPopulator: (REDACTED) #updateHotwordFileGroup group name: %s, raw locale: %s, locale: %s
03-03 19:54:55.958  7697 19738 I ahnx    : getLocaleToModelSpecsMap
03-03 19:54:55.958  7697 19738 I ahnx    : Fetching latest config from MDD...
03-03 19:54:55.959  7697 19738 I ahnx    : (REDACTED) Found map of size: %d
03-03 19:54:55.963  7697 19738 I HotwordModelPopulator: (REDACTED) #updateHotwordFileGroup group name: %s, raw locale: %s, locale: %s
03-03 19:54:56.021  5405  7448 I GenerationRegistry: mBackingStore.isClosed() : false
03-03 19:54:56.140  7697  8007 I WM-WorkerWrapper: Worker result SUCCESS for Work [ id=9d472bf2-3b00-42b1-8825-e2bdc7259be3, tags={ com.google.apps.tiktok.contrib.work.TikTokListenableWorker,TikTokWorker#com.google.apps.tiktok.contrib.work.impl.WipeoutWorker } ]
03-03 19:54:56.149  7697  7697 D WM-Processor: lsi 9d472bf2-3b00-42b1-8825-e2bdc7259be3 executed; reschedule = false
03-03 19:54:56.149  7697  7697 D WM-GreedyScheduler: Stopping tracking for WorkGenerationalId(workSpecId=9d472bf2-3b00-42b1-8825-e2bdc7259be3, generation=0)
03-03 19:54:56.150  7697  7697 D WM-SystemJobService: 9d472bf2-3b00-42b1-8825-e2bdc7259be3 executed on JobScheduler
03-03 19:54:56.166  5405  5464 W libprocessgroup: Failed to open /dev/blkio//cgroup.procs: No such file or directory
03-03 19:54:56.168  6565 15792 W Auth    : [TokenResponseCallback] TokenResponse failed with exception [CONTEXT service_id=343 ]
03-03 19:54:56.168  6565 15792 W Auth    : cgnd: Failed to process request
03-03 19:54:56.168  6565 15792 W Auth    : 	at cgnj.a(:com.google.android.gms@252037029@25.20.37 (190400-766884605):23)
03-03 19:54:56.168  6565 15792 W Auth    : 	at cgrd.b(:com.google.android.gms@252037029@25.20.37 (190400-766884605):15)
03-03 19:54:56.168  6565 15792 W Auth    : 	at cgrr.onFailed(:com.google.android.gms@252037029@25.20.37 (190400-766884605):15)
03-03 19:54:56.168  6565 15792 W Auth    : 	at m1.mb.onFailed(:com.google.android.gms.dynamite_cronetdynamite@252037029@25.20.37 (190400-0):3)
03-03 19:54:56.168  6565 15792 W Auth    : 	at m1.lc.run(:com.google.android.gms.dynamite_cronetdynamite@252037029@25.20.37 (190400-0):16)
03-03 19:54:56.168  6565 15792 W Auth    : 	at aymv.c(:com.google.android.gms@252037029@25.20.37 (190400-766884605):50)
03-03 19:54:56.168  6565 15792 W Auth    : 	at aymv.run(:com.google.android.gms@252037029@25.20.37 (190400-766884605):70)
03-03 19:54:56.168  6565 15792 W Auth    : 	at java.util.concurrent.ThreadPoolExecutor.runWorker(ThreadPoolExecutor.java:1145)
03-03 19:54:56.168  6565 15792 W Auth    : 	at java.util.concurrent.ThreadPoolExecutor$Worker.run(ThreadPoolExecutor.java:644)
03-03 19:54:56.168  6565 15792 W Auth    : 	at aysk.run(:com.google.android.gms@252037029@25.20.37 (190400-766884605):8)
03-03 19:54:56.168  6565 15792 W Auth    : 	at java.lang.Thread.run(Thread.java:1012)
03-03 19:54:56.168  6565 15792 W Auth    : Caused by: m1.ll: Exception in CronetUrlRequest: net::ERR_INTERNET_DISCONNECTED, ErrorCode=2, InternalErrorCode=-106, Retryable=false
03-03 19:54:56.168  6565 15792 W Auth    : 	at org.chromium.net.impl.CronetUrlRequest.onError(:com.google.android.gms.dynamite_cronetdynamite@252037029@25.20.37 (190400-0):3)
03-03 19:54:56.173  7697  8007 D WM-GreedyScheduler: Cancelling work ID 9d472bf2-3b00-42b1-8825-e2bdc7259be3
03-03 19:54:56.177  7697  7697 D WM-SystemJobService: onStartJob for WorkGenerationalId(workSpecId=0afe4bf2-517a-4071-80cf-6ad3146ca050, generation=4)
03-03 19:54:56.177  6565  7423 E AuthPII : [RequestTokenManager] getToken() -> NETWORK_ERROR. App: com.google.android.googlequicksearchbox, Service: oauth2:https://www.googleapis.com/auth/assistant https://www.googleapis.com/auth/googlenow https://www.googleapis.com/auth/photos.image.readonly https://www.googleapis.com/auth/webhistory
03-03 19:54:56.177  6565  7423 E AuthPII : axhw: Error when calling server using GmsNetworkStack.
03-03 19:54:56.177  6565  7423 E AuthPII : 	at abjg.b(:com.google.android.gms@252037029@25.20.37 (190400-766884605):1366)
03-03 19:54:56.177  6565  7423 E AuthPII : 	at abje.a(:com.google.android.gms@252037029@25.20.37 (190400-766884605):557)
03-03 19:54:56.177  6565  7423 E AuthPII : 	at abjd.b(:com.google.android.gms@252037029@25.20.37 (190400-766884605):104)
03-03 19:54:56.177  6565  7423 E AuthPII : 	at uyv.d(:com.google.android.gms@252037029@25.20.37 (190400-766884605):529)
03-03 19:54:56.177  6565  7423 E AuthPII : 	at uyv.fO(:com.google.android.gms@252037029@25.20.37 (190400-766884605):153)
03-03 19:54:56.177  6565  7423 E AuthPII : 	at uha.onTransact(:com.google.android.gms@252037029@25.20.37 (190400-766884605):97)
03-03 19:54:56.177  6565  7423 E AuthPII : 	at android.os.Binder.transact(Binder.java:1200)
03-03 19:54:56.177  6565  7423 E AuthPII : 	at byjb.onTransact(:com.google.android.gms@252037029@25.20.37 (190400-766884605):10)
03-03 19:54:56.177  6565  7423 E AuthPII : 	at android.os.Binder.transact(Binder.java:1200)
03-03 19:54:56.177  6565  7423 E AuthPII : 	at bopm.onTransact(:com.google.android.gms@252037029@25.20.37 (190400-766884605):148)
03-03 19:54:56.177  6565  7423 E AuthPII : 	at android.os.Binder.execTransactInternal(Binder.java:1316)
03-03 19:54:56.177  6565  7423 E AuthPII : 	at android.os.Binder.execTransact(Binder.java:1280)
03-03 19:54:56.177  6565  7423 E AuthPII : Caused by: axhw: Error requesting token.
03-03 19:54:56.177  6565  7423 E AuthPII : 	at abjg.d(:com.google.android.gms@252037029@25.20.37 (190400-766884605):208)
03-03 19:54:56.177  6565  7423 E AuthPII : 	at abjg.b(:com.google.android.gms@252037029@25.20.37 (190400-766884605):51)
03-03 19:54:56.177  6565  7423 E AuthPII : 	... 11 more
03-03 19:54:56.177  6565  7423 E AuthPII : Caused by: java.util.concurrent.ExecutionException: cgnd: Failed to process request
03-03 19:54:56.177  6565  7423 E AuthPII : 	at gaqs.j(:com.google.android.gms@252037029@25.20.37 (190400-766884605):21)
03-03 19:54:56.177  6565  7423 E AuthPII : 	at garb.v(:com.google.android.gms@252037029@25.20.37 (190400-766884605):107)
03-03 19:54:56.177  6565  7423 E AuthPII : 	at abjg.d(:com.google.android.gms@252037029@25.20.37 (190400-766884605):193)
03-03 19:54:56.177  6565  7423 E AuthPII : 	... 12 more
03-03 19:54:56.177  6565  7423 E AuthPII : Caused by: cgnd: Failed to process request
03-03 19:54:56.177  6565  7423 E AuthPII : 	at cgnj.a(:com.google.android.gms@252037029@25.20.37 (190400-766884605):23)
03-03 19:54:56.177  6565  7423 E AuthPII : 	at cgrd.b(:com.google.android.gms@252037029@25.20.37 (190400-766884605):15)
03-03 19:54:56.177  6565  7423 E AuthPII : 	at cgrr.onFailed(:com.google.android.gms@252037029@25.20.37 (190400-766884605):15)
03-03 19:54:56.177  6565  7423 E AuthPII : 	at m1.mb.onFailed(:com.google.android.gms.dynamite_cronetdynamite@252037029@25.20.37 (190400-0):3)
03-03 19:54:56.177  6565  7423 E AuthPII : 	at m1.lc.run(:com.google.android.gms.dynamite_cronetdynamite@252037029@25.20.37 (190400-0):16)
03-03 19:54:56.177  6565  7423 E AuthPII : 	at aymv.c(:com.google.android.gms@252037029@25.20.37 (190400-766884605):50)
03-03 19:54:56.177  6565  7423 E AuthPII : 	at aymv.run(:com.google.android.gms@252037029@25.20.37 (190400-766884605):70)
03-03 19:54:56.177  6565  7423 E AuthPII : 	at java.util.concurrent.ThreadPoolExecutor.runWorker(ThreadPoolExecutor.java:1145)
03-03 19:54:56.177  6565  7423 E AuthPII : 	at java.util.concurrent.ThreadPoolExecutor$Worker.run(ThreadPoolExecutor.java:644)
03-03 19:54:56.177  6565  7423 E AuthPII : 	at aysk.run(:com.google.android.gms@252037029@25.20.37 (190400-766884605):8)
03-03 19:54:56.177  6565  7423 E AuthPII : 	at java.lang.Thread.run(Thread.java:1012)
03-03 19:54:56.177  6565  7423 E AuthPII : Caused by: m1.ll: Exception in CronetUrlRequest: net::ERR_INTERNET_DISCONNECTED, ErrorCode=2, InternalErrorCode=-106, Retryable=false
03-03 19:54:56.177  6565  7423 E AuthPII : 	at org.chromium.net.impl.CronetUrlRequest.onError(:com.google.android.gms.dynamite_cronetdynamite@252037029@25.20.37 (190400-0):3)
03-03 19:54:56.177  6565  7423 E AuthPII : Message is Error when calling server using GmsNetworkStack.
03-03 19:54:56.177  6565  7423 E AuthPII : axhw: Error when calling server using GmsNetworkStack.
03-03 19:54:56.177  6565  7423 E AuthPII : 	at abjg.b(:com.google.android.gms@252037029@25.20.37 (190400-766884605):1366)
03-03 19:54:56.177  6565  7423 E AuthPII : 	at abje.a(:com.google.android.gms@252037029@25.20.37 (190400-766884605):557)
03-03 19:54:56.177  6565  7423 E AuthPII : 	at abjd.b(:com.google.android.gms@252037029@25.20.37 (190400-766884605):104)
03-03 19:54:56.177  6565  7423 E AuthPII : 	at uyv.d(:com.google.android.gms@252037029@25.20.37 (190400-766884605):529)
03-03 19:54:56.177  6565  7423 E AuthPII : 	at uyv.fO(:com.google.android.gms@252037029@25.20.37 (190400-766884605):153)
03-03 19:54:56.177  6565  7423 E AuthPII : 	at uha.onTransact(:com.google.android.gms@252037029@25.20.37 (190400-766884605):97)
03-03 19:54:56.177  6565  7423 E AuthPII : 	at android.os.Binder.transact(Binder.java:1200)
03-03 19:54:56.177  6565  7423 E AuthPII : 	at byjb.onTransact(:com.google.android.gms@252037029@25.20.37 (190400-766884605):10)
03-03 19:54:56.177  6565  7423 E AuthPII : 	at android.os.Binder.transact(Binder.java:1200)
03-03 19:54:56.177  6565  7423 E AuthPII : 	at bopm.onTransact(:com.google.android.gms@252037029@25.20.37 (190400-766884605):148)
03-03 19:54:56.177  6565  7423 E AuthPII : 	at android.os.Binder.execTransactInternal(Binder.java:1316)
03-03 19:54:56.177  6565  7423 E AuthPII : 	at android.os.Binder.execTransact(Binder.java:1280)
03-03 19:54:56.177  6565  7423 E AuthPII : Caused by: axhw: Error requesting token.
03-03 19:54:56.177  6565  7423 E AuthPII : 	at abjg.d(:com.google.android.gms@252037029@25.20.37 (190400-766884605):208)
03-03 19:54:56.177  6565  7423 E AuthPII : 	at abjg.b(:com.google.android.gms@252037029@25.20.37 (190400-766884605):51)
03-03 19:54:56.177  6565  7423 E AuthPII : 	... 11 more
03-03 19:54:56.177  6565  7423 E AuthPII : Caused by: java.util.concurrent.ExecutionException: cgnd: Failed to process request
03-03 19:54:56.177  6565  7423 E AuthPII : 	at gaqs.j(:com.google.android.gms@252037029@25.20.37 (190400-766884605):21)
03-03 19:54:56.177  6565  7423 E AuthPII : 	at garb.v(:com.google.android.gms@252037029@25.20.37 (190400-766884605):107)
03-03 19:54:56.177  6565  7423 E AuthPII : 	at abjg.d(:com.google.android.gms@252037029@25.20.37 (190400-766884605):193)
03-03 19:54:56.177  6565  7423 E AuthPII : 	... 12 more
03-03 19:54:56.177  6565  7423 E AuthPII : Caused by: cgnd: Failed to process request
03-03 19:54:56.177  6565  7423 E AuthPII : 	at cgnj.a(:com.google.android.gms@252037029@25.20.37 (190400-766884605):23)
03-03 19:54:56.177  6565  7423 E AuthPII : 	at cgrd.b(:com.google.android.gms@252037029@25.20.37 (190400-766884605):15)
03-03 19:54:56.177  6565  7423 E AuthPII : 	at cgrr.onFailed(:com.google.android.gms@252037029@25.20.37 (190400-766884605):15)
03-03 19:54:56.177  6565  7423 E AuthPII : 	at m1.mb.onFailed(:com.google.android.gms.dynamite_cronetdynamite@252037029@25.20.37 (190400-0):3)
03-03 19:54:56.177  6565  7423 E AuthPII : 	at m1.lc.run(:com.google.android.gms.dynamite_cronetdynamite@252037029@25.20.37 (190400-0):16)
03-03 19:54:56.177  6565  7423 E AuthPII : 	at aymv.c(:com.google.android.gms@252037029@25.20.37 (190400-766884605):50)
03-03 19:54:56.177  6565  7423 E AuthPII : 	at aymv.run(:com.google.android.gms@252037029@25.20.37 (190400-766884605):70)
03-03 19:54:56.177  6565  7423 E AuthPII : 	at java.util.concurrent.ThreadPoolExecutor.runWorker(ThreadPoolExecutor.java:1145)
03-03 19:54:56.177  6565  7423 E AuthPII : 	at java.util.concurrent.ThreadPoolExecutor$Worker.run(ThreadPoolExecutor.java:644)
03-03 19:54:56.177  6565  7423 E AuthPII : 	at aysk.run(:com.google.android.gms@252037029@25.20.37 (190400-766884605):8)
03-03 19:54:56.177  6565  7423 E AuthPII : 	at java.lang.Thread.run(Thread.java:1012)
03-03 19:54:56.177  6565  7423 E AuthPII : Caused by: m1.ll: Exception in CronetUrlRequest: net::ERR_INTERNET_DISCONNECTED, ErrorCode=2, InternalErrorCode=-106, Retryable=false
03-03 19:54:56.177  6565  7423 E AuthPII : 	at org.chromium.net.impl.CronetUrlRequest.onError(:com.google.android.gms.dynamite_cronetdynamite@252037029@25.20.37 (190400-0):3)
03-03 19:54:56.178  6565  7423 W Auth    : [GetToken] GetToken failed with status code: NetworkError  [CONTEXT service_id=343 ]
03-03 19:54:56.180  7697 19737 W Auth    : [GoogleAuthUtil] [GoogleAuthUtil] error status:NETWORK_ERROR with method:getTokenWithDetails
03-03 19:54:56.229  7697  8007 D WM-SystemJobScheduler: Scheduling work ID 9d472bf2-3b00-42b1-8825-e2bdc7259be3Job ID 24586
03-03 19:54:56.245  7697  8007 D WM-GreedyScheduler: Ignoring {WorkSpec: 43f6117a-9d41-42f4-80d7-699b50f40b57}. Requires device idle.
03-03 19:54:56.245  7697  8007 D WM-GreedyScheduler: Ignoring {WorkSpec: e2493752-ff25-4728-8843-71bc0751f199}. Requires device idle.
03-03 19:54:56.254  7697  8077 E dzhx$a  : (REDACTED) %s: GDD Sync failed for corpus: %s, configuration: %s
03-03 19:54:56.254  7697  8077 E dzhx$a  : %s
03-03 19:54:56.256  7697  8007 D WM-GreedyScheduler: Starting tracking for 6184d78f-8ac8-4fb8-9a5b-b72a2df86eb9,ddda17f9-015f-4287-86d4-5392af8f9886,1eacf997-84c1-4305-add8-c8a362296758,3afc9a8e-ae8e-4fd9-9535-f3959e10fd1c,679f0b15-885c-426d-8473-750fe30d6ddf
03-03 19:54:56.274  7697  8025 D WM-Processor: Work WorkGenerationalId(workSpecId=0afe4bf2-517a-4071-80cf-6ad3146ca050, generation=4) is already enqueued for processing
03-03 19:54:56.324  7697  8218 I dpxz    : (REDACTED) Starting batch sync for corpora: %s
03-03 19:54:56.409 19704 19733 W Turbo.EvaluateAppBucketsJob: Nothing to log. Snapshots in eval window: 1. Models given by Phenotype: 1. Logging enabled: false
03-03 19:54:56.413 15451 15547 E adservices: Report to ignore '' skipped, contains too few parts
03-03 19:54:56.423 15451 15547 I cobalt.periodic: Start log creation and sending
03-03 19:54:56.426 19704 19733 D CompatibilityChangeReporter: Compat change id reported: 194532703; UID 10230; state: ENABLED
03-03 19:54:56.428  5405  7621 D CompatibilityChangeReporter: Compat change id reported: 194532703; UID 10230; state: ENABLED
03-03 19:54:56.437  7697  8077 I dqbi    : (REDACTED) Setting isLegacySQLite mode to %s.
03-03 19:54:56.446  7697  7697 D WM-SystemJobService: onStartJob for WorkGenerationalId(workSpecId=ab1a41a9-1257-4186-95a1-4e8104365fce, generation=4)
03-03 19:54:56.452  7697  8007 D WM-Processor: Work WorkGenerationalId(workSpecId=ab1a41a9-1257-4186-95a1-4e8104365fce, generation=4) is already enqueued for processing
03-03 19:54:56.541  7697 19752 W MendelPackageState: Shared storage file not found for com.google.android.apps.search.pronunciationlearning#com.google.android.googlequicksearchbox
03-03 19:54:56.558  7697 19753 W MendelPackageState: Shared storage file not found for com.google.ar.sceneviewer.android.user#com.google.android.googlequicksearchbox
03-03 19:54:56.649  7697 19753 I dqbi    : The GellerConfig is not present, returning null.
03-03 19:54:56.649  7697 19753 I dqbi    : (REDACTED) The GellerConfig is not present, defaulting isUploadEnabled for corpus %s to true.
03-03 19:54:56.663  7697 19752 I dpxz    : (REDACTED) No previous syncToken for corpus %s found.
03-03 19:54:56.671  7697  8109 W ghhc    : Failed to create JWT helper. This is unexpected
03-03 19:54:56.671  7697  8109 W ghhc    : java.lang.NoSuchMethodException: fpdv.getScopes []
03-03 19:54:56.671  7697  8109 W ghhc    : 	at java.lang.Class.getMethod(Class.java:2950)
03-03 19:54:56.671  7697  8109 W ghhc    : 	at java.lang.Class.getMethod(Class.java:2450)
03-03 19:54:56.671  7697  8109 W ghhc    : 	at ghha.<init>(PG:15)
03-03 19:54:56.671  7697  8109 W ghhc    : 	at ghhc.<clinit>(PG:27)
03-03 19:54:56.671  7697  8109 W ghhc    : 	at dpxz.d(PG:95)
03-03 19:54:56.671  7697  8109 W ghhc    : 	at dpxl.a(PG:32)
03-03 19:54:56.671  7697  8109 W ghhc    : 	at fidi.a(PG:18)
03-03 19:54:56.671  7697  8109 W ghhc    : 	at fshg.c(PG:8)
03-03 19:54:56.671  7697  8109 W ghhc    : 	at fshb.apply(PG:22)
03-03 19:54:56.671  7697  8109 W ghhc    : 	at fsgh.e(PG:3)
03-03 19:54:56.671  7697  8109 W ghhc    : 	at fsgj.run(PG:38)
