03-03 19:54:57.814 15451 15547 I cobalt.data: Generated 0 observations in 0 observation batches for day index 20511 for report ReportKey{customerId=200004, projectId=2, metricId=6, reportId=1}
03-03 19:54:57.814 15451 15547 I cobalt.data: Generating observations for day index 20512 for report ReportKey{customerId=200004, projectId=2, metricId=6, reportId=1}
03-03 19:54:57.821 15451 15547 I cobalt.data: Generated 0 observations in 0 observation batches for day index 20512 for report ReportKey{customerId=200004, projectId=2, metricId=6, reportId=1}
03-03 19:54:57.821 15451 15547 I cobalt.data: Generating observations for day index 20513 for report ReportKey{customerId=200004, projectId=2, metricId=6, reportId=1}
03-03 19:54:57.827 15451 15547 I cobalt.data: Generated 0 observations in 0 observation batches for day index 20513 for report ReportKey{customerId=200004, projectId=2, metricId=6, reportId=1}
03-03 19:54:57.828 15451 15547 I cobalt.data: Generating observations for day index 20514 for report ReportKey{customerId=200004, projectId=2, metricId=6, reportId=1}
03-03 19:54:57.831 15451 15547 I cobalt.data: Generated 0 observations in 0 observation batches for day index 20514 for report ReportKey{customerId=200004, projectId=2, metricId=6, reportId=1}
03-03 19:54:57.966 15451 19791 D ErrorCodeSampler: Logging error code: 17 for the sample interval 10000: false
03-03 19:54:57.967 15451 19780 D ErrorCodeSampler: Logging error code: 17 for the sample interval 10000: false
03-03 19:54:57.968 15451 15547 D nativeloader: Load libhpke_jni.so using ns clns-shared-4 from class loader (caller=/apex/com.android.adservices/priv-app/AdServicesApkGoogle@360527520/AdServicesApkGoogle.apk): ok
03-03 19:54:57.990  5405  5464 W libprocessgroup: Failed to open /dev/blkio//cgroup.procs: No such file or directory
03-03 19:54:58.011  5405  5464 W libprocessgroup: Failed to open /dev/blkio//cgroup.procs: No such file or directory
03-03 19:54:58.013  5405  5575 D CompatibilityChangeReporter: Compat change id reported: 168419799; UID 10108; state: DISABLED
03-03 19:54:58.024 18069 18069 I ContactPeriodicBgService: [C] Job is started
03-03 19:54:58.026  5405  7494 I GenerationRegistry: mBackingStore.isClosed() : false
03-03 19:54:58.073 18069 19795 I AccountTypeModel: [C] account reload start: 1
03-03 19:54:58.074 18069 19795 I DeviceSpecUtil: [C] isTablet: false, isFold: false, isFlip: false, isDeskTopMode: false, isResUi: false
03-03 19:54:58.080 18069 19796 I AccountReloadObserver: [C] request reload: 11
03-03 19:54:58.084 18069 18069 I AccountReloadObserver: [C] request reload: 1
03-03 19:54:58.092  5405  7494 D SecContentProvider: query(), uri = 30 selection = isLocalContactStorageAllowed
03-03 19:54:58.093  5405  7494 D SecContentProvider: called from com.samsung.android.app.contacts
03-03 19:54:58.093  5405  7494 D RestrictionPolicy: isLocalContactStorageAllowed
03-03 19:54:58.093  5405  7494 D RestrictionPolicy: isLocalContactStorageAllowed(0) : true
03-03 19:54:58.094 18069 19797 I ContactPeriodicBgService: [C] cleaning restored duplicate is started
03-03 19:54:58.097 18069 19795 I AccountTypeLoader: [C] add secure accounts (Knox:false, table:false)
03-03 19:54:58.122 18069 19795 I AccountTypeLoader: [C] add readonly account (readonly:false, table:false, att:false)
03-03 19:54:58.122 18069 19795 I TelephonyDataSource: [C] isMultiSimModel - getActiveModemCount() : 2
03-03 19:54:58.123 18069 19795 I TelephonyDataSource: [C] CscFeatureUtil.isSupportEsim() :false, FloatingFeatureUtil.isSupportEmbeddedSim() : false, slotSwitch : tsds2
03-03 19:54:58.123 18069 19795 I SimModel: [C] isMultiSimModel : true
03-03 19:54:58.123 18069 19795 I AccountTypeLoader: [C] add sim1 account(support:true, multi:true)
03-03 19:54:58.128 18069 19795 I TelephonyDataSource: [C] isMultiSimModel - getActiveModemCount() : 2
03-03 19:54:58.129 18069 19795 I TelephonyDataSource: [C] CscFeatureUtil.isSupportEsim() :false, FloatingFeatureUtil.isSupportEmbeddedSim() : false, slotSwitch : tsds2
03-03 19:54:58.129 18069 19795 I SimModel: [C] isMultiSimModel : true
03-03 19:54:58.134 18069 19795 I SimModel: [C] CompleteActiveSubscriptionInfoList : 0
03-03 19:54:58.135 18069 19795 I SimDataSource: [C] getSimIconIndex() iccTypeSlot : 0,0
03-03 19:54:58.135 18069 19795 I SimDataSource: [C] getSimIconIndex() [0] nIndex : 11
03-03 19:54:58.136 18069 19795 I SimDataSource: [C] getSimIcon(0) simIcon: 2131231941, iconIdx: 11
03-03 19:54:58.140  5405  7494 D SecContentProvider: query(), uri = 30 selection = isLocalContactStorageAllowed
03-03 19:54:58.141  5405  7494 D SecContentProvider: called from com.samsung.android.app.contacts
03-03 19:54:58.141  5405  7494 D RestrictionPolicy: isLocalContactStorageAllowed
03-03 19:54:58.141  5405  7494 D RestrictionPolicy: isLocalContactStorageAllowed(0) : true
03-03 19:54:58.149  5405  5575 D SecContentProvider2: query(), uri = 18 selection = isCopyContactToSimAllowed
03-03 19:54:58.150  5405  5575 D SecContentProvider2: isCopyContactToSimAllowed = true
03-03 19:54:58.151 18069 19797 I ContactPeriodicBgService: [C] cleaning restored duplicate is completed
03-03 19:54:58.173 18069 19795 I SimModel: [C] CompleteActiveSubscriptionInfoList : 0
03-03 19:54:58.173 18069 19795 I AccountTypeLoader: [C] add sim2 account(support:true, opportunistic:false)
03-03 19:54:58.174 18069 19795 I TelephonyDataSource: [C] isMultiSimModel - getActiveModemCount() : 2
03-03 19:54:58.174 18069 19795 I TelephonyDataSource: [C] CscFeatureUtil.isSupportEsim() :false, FloatingFeatureUtil.isSupportEmbeddedSim() : false, slotSwitch : tsds2
03-03 19:54:58.174 18069 19795 I SimModel: [C] isMultiSimModel : true
03-03 19:54:58.182 18069 19795 I SimModel: [C] CompleteActiveSubscriptionInfoList : 0
03-03 19:54:58.183 18069 19795 I SimDataSource: [C] getSimIconIndex() iccTypeSlot : 0,0
03-03 19:54:58.183 18069 19795 I SimDataSource: [C] getSimIconIndex() [1] nIndex : 12
03-03 19:54:58.184 18069 19795 I SimDataSource: [C] getSimIcon(1) simIcon: 2131231943, iconIdx: 12
03-03 19:54:58.187  5405  5575 D SecContentProvider: query(), uri = 30 selection = isLocalContactStorageAllowed
03-03 19:54:58.189  5405  5575 D SecContentProvider: called from com.samsung.android.app.contacts
03-03 19:54:58.190  5405  5575 D RestrictionPolicy: isLocalContactStorageAllowed
03-03 19:54:58.190  5405  5575 D RestrictionPolicy: isLocalContactStorageAllowed(0) : true
03-03 19:54:58.197  5405  5464 W libprocessgroup: Failed to open /dev/blkio//cgroup.procs: No such file or directory
03-03 19:54:58.205  5405  5575 D SecContentProvider2: query(), uri = 18 selection = isCopyContactToSimAllowed
03-03 19:54:58.206  5405  5575 D SecContentProvider2: isCopyContactToSimAllowed = true
03-03 19:54:58.215 15451 15462 W .adservices.api: Reducing the number of considered missed Gc histogram windows from 114 to 100
03-03 19:54:58.216 18069 19795 I AccountTypeLoader: [C] add syncable account types
03-03 19:54:58.225 10164 10164 I CMHJobService: [#CMH#] onStartJob Called at Mar 03,2026 19:54:58 
03-03 19:54:58.245 10164 10164 I CMHJobService: [#CMH#] Battery Percentage is:  0.46, High Temp: 98304
03-03 19:54:58.279  5405  5464 W libprocessgroup: Failed to open /dev/blkio//cgroup.procs: No such file or directory
03-03 19:54:58.396 18069 19795 I AccountTypeLoader: [C]  > added: accountType : com.google, dataSet : null
03-03 19:54:58.399 18069 19795 I AccountTypeLoader: [C]  > added: accountType : com.osp.app.signin, dataSet : null
03-03 19:54:58.402 18069 19795 I AccountTypeLoader: [C]  > added: accountType : com.samsung.android.coreapps, dataSet : null
03-03 19:54:58.403 18069 19795 I ExternalAccountType: [C] loadContactsXml : com.google.android.apps.plus
03-03 19:54:58.405 18069 19795 E ExternalAccountType: [C] Package was found, but that doesn't contain the CONTACTS_STRUCTURE metadata
03-03 19:54:58.406 18069 19795 I AccountTypeLoader: [C] add syncable accounts (restrict:false, table:false, UIM:false, Samsung:false)
03-03 19:54:58.432  5405  7494 D CompatibilityChangeReporter: Compat change id reported: 201794303; UID 10108; state: ENABLED
03-03 19:54:58.434 18069 19795 I AccountTypeLoader: [C]  > added account: com.google
03-03 19:54:58.436 18069 19795 I AccountTypeLoader: [C]  > added account: com.google
03-03 19:54:58.438 18069 19795 I AccountTypeLoader: [C]  > added account: com.google
03-03 19:54:58.440 18069 19795 I AccountTypeLoader: [C]  > added account: com.google
03-03 19:54:58.442 18069 19795 I AccountTypeLoader: [C]  > added account: com.google
03-03 19:54:58.444 18069 19795 I AccountTypeLoader: [C]  > added account: com.google
03-03 19:54:58.446 18069 19795 I AccountTypeLoader: [C]  > added account: com.google
03-03 19:54:58.448 18069 19795 I AccountTypeLoader: [C]  > added account: com.osp.app.signin
03-03 19:54:58.498  5405  5575 D SecContentProvider2: query(), uri = 18 selection = isCopyContactToSimAllowed
03-03 19:54:58.499  5405  5575 D SecContentProvider2: isCopyContactToSimAllowed = true
03-03 19:54:58.507 18069 19795 I TelephonyDataSource: [C] getSimState(0) : 1
03-03 19:54:58.509 18069 19795 I TelephonyDataSource: [C] getSimState(0) : 1
03-03 19:54:58.514  5405  5575 D SecContentProvider2: query(), uri = 18 selection = isCopyContactToSimAllowed
03-03 19:54:58.515  5405  5575 D SecContentProvider2: isCopyContactToSimAllowed = true
03-03 19:54:58.522 18069 19795 I TelephonyDataSource: [C] getSimState(1) : 1
03-03 19:54:58.526 18069 19795 I TelephonyDataSource: [C] getSimState(1) : 1
03-03 19:54:58.529 18069 19795 I AccountTypeModel: [C] exclude:true|SIM1:deactivated,unready|SIM2:deactivated,unready
03-03 19:54:58.535  5405  7494 D SecContentProvider2: query(), uri = 18 selection = isCopyContactToSimAllowed
03-03 19:54:58.537  5405  7494 D SecContentProvider2: isCopyContactToSimAllowed = true
03-03 19:54:58.541 18069 19795 I TelephonyDataSource: [C] getSimState(0) : 1
03-03 19:54:58.543 18069 19795 I TelephonyDataSource: [C] getSimState(0) : 1
03-03 19:54:58.545  5405  5575 D SecContentProvider2: query(), uri = 18 selection = isCopyContactToSimAllowed
03-03 19:54:58.546  5405  5575 D SecContentProvider2: isCopyContactToSimAllowed = true
03-03 19:54:58.551 18069 19795 I TelephonyDataSource: [C] getSimState(1) : 1
03-03 19:54:58.553 18069 19795 I TelephonyDataSource: [C] getSimState(1) : 1
03-03 19:54:58.554 18069 19795 I AccountTypeModel: [C] exclude:true|SIM1:deactivated,unready|SIM2:deactivated,unready
03-03 19:54:58.555 18069 19795 I AccountTypeModel: [C] Accounts change = true, types change = true
03-03 19:54:58.555 18069 19795 I AccountTypeModel: [C] account reload finish: 1
03-03 19:54:58.555 18069 19795 I AccountTypeModel: [C] account reload start: 11
03-03 19:54:58.561  5405  7494 D SecContentProvider: query(), uri = 30 selection = isLocalContactStorageAllowed
03-03 19:54:58.562  5405  7494 D SecContentProvider: called from com.samsung.android.app.contacts
03-03 19:54:58.562  5405  7494 D RestrictionPolicy: isLocalContactStorageAllowed
03-03 19:54:58.562  5405  7494 D RestrictionPolicy: isLocalContactStorageAllowed(0) : true
03-03 19:54:58.575 18069 19795 I AccountTypeLoader: [C] add secure accounts (Knox:false, table:false)
03-03 19:54:58.596 18069 19795 I AccountTypeLoader: [C] add readonly account (readonly:false, table:false, att:false)
03-03 19:54:58.597 18069 19795 I TelephonyDataSource: [C] isMultiSimModel - getActiveModemCount() : 2
03-03 19:54:58.597 18069 19795 I TelephonyDataSource: [C] CscFeatureUtil.isSupportEsim() :false, FloatingFeatureUtil.isSupportEmbeddedSim() : false, slotSwitch : tsds2
03-03 19:54:58.597 18069 19795 I SimModel: [C] isMultiSimModel : true
03-03 19:54:58.597 18069 19795 I AccountTypeLoader: [C] add sim1 account(support:true, multi:true)
03-03 19:54:58.598 18069 19795 I TelephonyDataSource: [C] isMultiSimModel - getActiveModemCount() : 2
03-03 19:54:58.598 18069 19795 I TelephonyDataSource: [C] CscFeatureUtil.isSupportEsim() :false, FloatingFeatureUtil.isSupportEmbeddedSim() : false, slotSwitch : tsds2
03-03 19:54:58.598 18069 19795 I SimModel: [C] isMultiSimModel : true
03-03 19:54:58.603 18069 19795 I SimModel: [C] CompleteActiveSubscriptionInfoList : 0
03-03 19:54:58.603 18069 19795 I SimDataSource: [C] getSimIconIndex() iccTypeSlot : 0,0
03-03 19:54:58.604 18069 19795 I SimDataSource: [C] getSimIconIndex() [0] nIndex : 11
03-03 19:54:58.604 18069 19795 I SimDataSource: [C] getSimIcon(0) simIcon: 2131231941, iconIdx: 11
03-03 19:54:58.609  5405  5575 D SecContentProvider: query(), uri = 30 selection = isLocalContactStorageAllowed
03-03 19:54:58.609  5405  5575 D SecContentProvider: called from com.samsung.android.app.contacts
03-03 19:54:58.609  5405  5575 D RestrictionPolicy: isLocalContactStorageAllowed
03-03 19:54:58.609  5405  5575 D RestrictionPolicy: isLocalContactStorageAllowed(0) : true
03-03 19:54:58.614  5405  5575 D SecContentProvider2: query(), uri = 18 selection = isCopyContactToSimAllowed
03-03 19:54:58.615  5405  5575 D SecContentProvider2: isCopyContactToSimAllowed = true
03-03 19:54:58.627 18069 19795 I SimModel: [C] CompleteActiveSubscriptionInfoList : 0
03-03 19:54:58.627 18069 19795 I AccountTypeLoader: [C] add sim2 account(support:true, opportunistic:false)
03-03 19:54:58.627 18069 19795 I TelephonyDataSource: [C] isMultiSimModel - getActiveModemCount() : 2
03-03 19:54:58.628 18069 19795 I TelephonyDataSource: [C] CscFeatureUtil.isSupportEsim() :false, FloatingFeatureUtil.isSupportEmbeddedSim() : false, slotSwitch : tsds2
03-03 19:54:58.628 18069 19795 I SimModel: [C] isMultiSimModel : true
03-03 19:54:58.634 18069 19795 I SimModel: [C] CompleteActiveSubscriptionInfoList : 0
03-03 19:54:58.635 18069 19795 I SimDataSource: [C] getSimIconIndex() iccTypeSlot : 0,0
03-03 19:54:58.635 18069 19795 I SimDataSource: [C] getSimIconIndex() [1] nIndex : 12
03-03 19:54:58.635 18069 19795 I SimDataSource: [C] getSimIcon(1) simIcon: 2131231943, iconIdx: 12
03-03 19:54:58.637  5405  5575 D SecContentProvider: query(), uri = 30 selection = isLocalContactStorageAllowed
03-03 19:54:58.638  5405  5575 D SecContentProvider: called from com.samsung.android.app.contacts
03-03 19:54:58.638  5405  5575 D RestrictionPolicy: isLocalContactStorageAllowed
03-03 19:54:58.638  5405  5575 D RestrictionPolicy: isLocalContactStorageAllowed(0) : true
03-03 19:54:58.644  5405  5575 D SecContentProvider2: query(), uri = 18 selection = isCopyContactToSimAllowed
03-03 19:54:58.646  5405  5575 D SecContentProvider2: isCopyContactToSimAllowed = true
03-03 19:54:58.649 18069 19795 I AccountTypeLoader: [C] add syncable account types
03-03 19:54:58.694 15451 15542 I SQLiteOpenHelper: DB version upgrading from 10 to 11
